10-28 19:54:27.587  1325  2181 I SyncActivityLog: prot:Friendfeed sync handler mediator: Starting sync
10-28 19:54:27.626  1325  1923 I SyncActivityLog: prot:Friendfeed sync handler mediator: Getting the client's last anchor
10-28 19:54:27.626  1424  1985 D FriendFeedSyncAdapter: getLastClientAnchor() for service blur
10-28 19:54:27.626  1424  1985 V 2WySncPrtclMdtr: Client is at anchor 78859031233430471
10-28 19:54:27.626  1424  1985 V ServiceBinder: bind() 0, Intent { act=com.motorola.blur.service.blur.Actions.BIND_SYNC_WSPROXY_SVC }
10-28 19:54:27.634  1424  1424 V ServiceBinder: onServiceConnected() ComponentInfo{com.motorola.blur.service.blur/com.motorola.blur.service.blur.sync.ws.impl.BlurSyncWSClient2}
10-28 19:54:27.681  1325  1358 I SyncActivityLog: prot:Friendfeed sync handler mediator: Calling Blur ws update through proxy.  Attempt 1
10-28 19:54:27.790  1325  1909 D dalvikvm: GC_FOR_MALLOC freed 11112 objects / 1115360 bytes in 104ms
10-28 19:54:27.845  1325  1909 V SyncActivityLog: prot:Cache miss for sync app id 70. Must make batching call to cloud.
10-28 19:54:27.892  1325  1909 V SyncUpdateManager: Batching app ids: [20, 60, 50, 40, 70, 31, 80, 2, 5]; is secure: false
10-28 19:54:27.923  1325  1626 D WSBase  : processing request: sync/1/updates
10-28 19:54:28.041  1325  1626 I WSBase  : doRequest(): url: http://ws-cloud216-blur.svcmot.com:80/blur-services-1.0/ws/sync/1/updates/0000019A50D8/4503599654260952?k=android&l=100000019a50d8&f=pb&p=163&h=7O.362/m7aMkMoXWje37Z7U2gou&of=0&ssl=0
10-28 19:54:28.314  3503  7209 I RecognitionController: onEndOfSpeech
10-28 19:54:28.314  1235  1240 I AudioService:  AudioFocus  abandonAudioFocus() from android.media.AudioManager@45997570
10-28 19:54:28.329  1138  7208 D AudioHardwareMot: Input 0x165d0 entering standby
10-28 19:54:28.340  1138  7208 D AudioHardwareMot: AudioStreamInMot::setParameters() routing=0
10-28 19:54:28.340  1138  7208 D AudioHardwareMot: set input routing 0
10-28 19:54:28.340  1138  7208 D AudioHardwareMot: doRouting called
10-28 19:54:28.340  1138  7208 D AudioHardwareMot: Stereo output exists; using 0x2
10-28 19:54:28.340  1138  7208 D AudioHardwareMot: Routing to speaker
10-28 19:54:28.340  1138  7208 D AudioPostProcessor: slider opened, coeffs device for handset =0
10-28 19:54:28.665  3503  7224 I RecognitionController: State change: RECOGNIZING -> RECOGNIZED
10-28 19:54:28.665  3503  7207 I RecognitionController: Final state: RECOGNIZED
10-28 19:54:28.728  3503  7207 I ServerConnectorImpl: ClientReport{session_id=fd86861f15c6147194b7a09684d35fb5,request_id=1,application_id=intent-speech-api,client_perceived_request_status=0,request_ack_latency_ms=461,total_latency_ms=2040,user_perceived_latency_ms=346,endpoint_trigger_type=3,}
10-28 19:54:28.728  1235  2089 I AudioService:  AudioFocus  abandonAudioFocus() from android.media.AudioManager@45997570
10-28 19:54:28.775  3503  7207 D dalvikvm: GC_FOR_MALLOC freed 4510 objects / 427056 bytes in 40ms
10-28 19:54:28.775  3503  3503 I RecognitionController: State change: RECOGNIZED -> PAUSED
10-28 19:54:28.775  1235  1890 I AudioService:  AudioFocus  abandonAudioFocus() from android.media.AudioManager@45997570
10-28 19:54:28.790  3503  7207 I RecognitionController: State change: PAUSED -> PAUSED
10-28 19:54:28.790  6054  6054 V SMSDelegate: onActivityResult(int, int, Intent)
10-28 19:54:28.790  6054  6054 V SMSDelegate: Received speech: hey man
10-28 19:54:28.790  6054  6054 V CommandAction: Checking against string: hey man
10-28 19:54:28.798  6054  6054 V CommandAction: Found match for user command: .*
10-28 19:54:28.798  6054  6054 V CommandAction: Found match for user command: .*
10-28 19:54:28.806  1235  1239 I AudioService:  AudioFocus  abandonAudioFocus() from android.media.AudioManager@45997570
10-28 19:54:28.822  1235  1492 W InputManagerService: Starting input on non-focused client com.android.internal.view.IInputMethodClient$Stub$Proxy@45b873e8 (uid=10060 pid=3503)
10-28 19:54:28.845  3503  5250 I ClientReportSender: Sending 1 client reports over HTTP
10-28 19:54:28.908  1325  1909 V SyncActivityLog: prot:Client sync app id 20 is already up-to-date.
10-28 19:54:28.923  1325  1626 D WSBase  : doRequest(): sync/1/updates resp length: 1914
10-28 19:54:28.931  1138  5303 V PVPlayer: reset
10-28 19:54:28.931  1138  7211 V PlayerDriver: Send player code: 19
10-28 19:54:28.931  1138  7211 V PlayerDriver: handleCancelAllCommands
10-28 19:54:28.931  1138  7211 V PlayerDriver: CommandCompleted
10-28 19:54:28.931  1138  7211 V PlayerDriver: Completed command PLAYER_CANCEL_ALL_COMMANDS status=PVMFSuccess
10-28 19:54:28.931  1138  7211 V PlayerDriver: Send player code: 12
10-28 19:54:28.931  1138  7211 V PlayerDriver: handleReset
10-28 19:54:28.931  1138  7211 V PlayerDriver: CommandCompleted
10-28 19:54:28.931  1138  7211 V PlayerDriver: Completed command PLAYER_RESET status=PVMFSuccess
10-28 19:54:28.931  1138  7211 V PlayerDriver: Send player code: 18
10-28 19:54:28.931  1138  7211 V PlayerDriver: handleRemoveDataSource
10-28 19:54:28.931  1138  7211 V PlayerDriver: CommandCompleted
10-28 19:54:28.931  1138  7211 V PlayerDriver: Completed command PLAYER_REMOVE_DATA_SOURCE status=PVMFSuccess
10-28 19:54:28.931  1138  5303 V PVPlayer: unmap file
10-28 19:54:28.931  1138  5303 V PVPlayer: PVPlayer destructor
10-28 19:54:28.931  1138  7211 V PlayerDriver: Send player code: 1
10-28 19:54:28.931  1138  7211 V PlayerDriver: DeletePlayer
10-28 19:54:28.931  1138  7211 D         : enter UnregisterAllRecognizers
10-28 19:54:28.939  1138  7211 V PlayerDriver: destructor
10-28 19:54:28.939  1138  7211 V PlayerDriver: OsclScheduler::Cleanup
10-28 19:54:28.939  1138  1281 V PVPlayer: reset
10-28 19:54:28.939  1138  7218 V PlayerDriver: Send player code: 19
10-28 19:54:28.939  1138  7218 V PlayerDriver: handleCancelAllCommands
10-28 19:54:28.939  1138  7218 V PlayerDriver: CommandCompleted
10-28 19:54:28.939  1138  7218 V PlayerDriver: Completed command PLAYER_CANCEL_ALL_COMMANDS status=PVMFSuccess
10-28 19:54:28.939  1138  7218 V PlayerDriver: Send player code: 12
10-28 19:54:28.939  1138  7218 V PlayerDriver: handleReset
10-28 19:54:28.939  1138  7218 V PlayerDriver: CommandCompleted
10-28 19:54:28.939  1138  7218 V PlayerDriver: Completed command PLAYER_RESET status=PVMFSuccess
10-28 19:54:28.939  1138  7218 V PlayerDriver: Send player code: 18
10-28 19:54:28.939  1138  7218 V PlayerDriver: handleRemoveDataSource
10-28 19:54:28.939  1138  7218 V PlayerDriver: CommandCompleted
10-28 19:54:28.939  1138  7218 V PlayerDriver: Completed command PLAYER_REMOVE_DATA_SOURCE status=PVMFSuccess
10-28 19:54:28.939  1138  1281 V PVPlayer: unmap file
10-28 19:54:28.939  1138  1281 V PVPlayer: PVPlayer destructor
10-28 19:54:28.939  1138  7218 V PlayerDriver: Send player code: 1
10-28 19:54:28.939  1138  7218 V PlayerDriver: DeletePlayer
10-28 19:54:28.939  1138  7218 D         : enter UnregisterAllRecognizers
10-28 19:54:28.947  1138  7218 V PlayerDriver: destructor
10-28 19:54:28.947  1138  7218 V PlayerDriver: OsclScheduler::Cleanup
10-28 19:54:28.947  1138  5303 V PVPlayer: reset
10-28 19:54:28.947  1138  7220 V PlayerDriver: Send player code: 19
10-28 19:54:28.947  1138  7220 V PlayerDriver: handleCancelAllCommands
10-28 19:54:28.947  1138  7220 V PlayerDriver: CommandCompleted
10-28 19:54:28.947  1138  7220 V PlayerDriver: Completed command PLAYER_CANCEL_ALL_COMMANDS status=PVMFSuccess
10-28 19:54:28.947  1138  7220 V PlayerDriver: Send player code: 12
10-28 19:54:28.947  1138  7220 V PlayerDriver: handleReset
10-28 19:54:28.947  1138  7220 V PlayerDriver: CommandCompleted
10-28 19:54:28.947  1138  7220 V PlayerDriver: Completed command PLAYER_RESET status=PVMFSuccess
10-28 19:54:28.947  1138  7220 V PlayerDriver: Send player code: 18
10-28 19:54:28.947  1138  7220 V PlayerDriver: handleRemoveDataSource
10-28 19:54:28.947  1138  7220 V PlayerDriver: CommandCompleted
10-28 19:54:28.947  1138  7220 V PlayerDriver: Completed command PLAYER_REMOVE_DATA_SOURCE status=PVMFSuccess
10-28 19:54:28.947  1138  5303 V PVPlayer: unmap file
10-28 19:54:28.947  1138  5303 V PVPlayer: PVPlayer destructor
10-28 19:54:28.947  1138  7220 V PlayerDriver: Send player code: 1
10-28 19:54:28.947  1138  7220 V PlayerDriver: DeletePlayer
10-28 19:54:28.947  1138  7220 D         : enter UnregisterAllRecognizers
10-28 19:54:28.947  1138  7220 V PlayerDriver: destructor
10-28 19:54:28.947  1138  7220 V PlayerDriver: OsclScheduler::Cleanup
10-28 19:54:28.947  1138  1281 V PVPlayer: reset
10-28 19:54:28.947  1138  7214 V PlayerDriver: Send player code: 19
10-28 19:54:28.947  1138  7214 V PlayerDriver: handleCancelAllCommands
10-28 19:54:28.954  1138  7214 V PlayerDriver: CommandCompleted
10-28 19:54:28.954  1138  7214 V PlayerDriver: Completed command PLAYER_CANCEL_ALL_COMMANDS status=PVMFSuccess
10-28 19:54:28.954  1138  7214 V PlayerDriver: Send player code: 12
10-28 19:54:28.954  1138  7214 V PlayerDriver: handleReset
10-28 19:54:28.954  1138  7214 V PlayerDriver: CommandCompleted
10-28 19:54:28.954  1138  7214 V PlayerDriver: Completed command PLAYER_RESET status=PVMFSuccess
10-28 19:54:28.954  1138  7214 V PlayerDriver: Send player code: 18
10-28 19:54:28.954  1138  7214 V PlayerDriver: handleRemoveDataSource
10-28 19:54:28.954  1138  7214 V PlayerDriver: CommandCompleted
10-28 19:54:28.954  1138  7214 V PlayerDriver: Completed command PLAYER_REMOVE_DATA_SOURCE status=PVMFSuccess
10-28 19:54:28.954  1138  1281 V PVPlayer: unmap file
10-28 19:54:28.954  1138  1281 V PVPlayer: PVPlayer destructor
10-28 19:54:28.954  1138  7214 V PlayerDriver: Send player code: 1
10-28 19:54:28.954  1138  7214 V PlayerDriver: DeletePlayer
10-28 19:54:28.954  1138  7214 D         : enter UnregisterAllRecognizers
10-28 19:54:28.954  1138  7214 V PlayerDriver: destructor
10-28 19:54:28.954  1138  7214 V PlayerDriver: OsclScheduler::Cleanup
10-28 19:54:28.962  1138  5303 V PVPlayer: reset
10-28 19:54:28.962  1138  7222 V PlayerDriver: Send player code: 19
10-28 19:54:28.962  1138  7222 V PlayerDriver: handleCancelAllCommands
10-28 19:54:28.962  1138  7222 V PlayerDriver: CommandCompleted
10-28 19:54:28.962  1138  7222 V PlayerDriver: Completed command PLAYER_CANCEL_ALL_COMMANDS status=PVMFSuccess
10-28 19:54:28.962  1138  7222 V PlayerDriver: Send player code: 12
10-28 19:54:28.962  1138  7222 V PlayerDriver: handleReset
10-28 19:54:28.962  1138  7222 V PlayerDriver: CommandCompleted
10-28 19:54:28.962  1138  7222 V PlayerDriver: Completed command PLAYER_RESET status=PVMFSuccess
10-28 19:54:28.962  1138  7222 V PlayerDriver: Send player code: 18
10-28 19:54:28.962  1138  7222 V PlayerDriver: handleRemoveDataSource
10-28 19:54:28.962  1138  7222 V PlayerDriver: CommandCompleted
10-28 19:54:28.962  1138  7222 V PlayerDriver: Completed command PLAYER_REMOVE_DATA_SOURCE status=PVMFSuccess
10-28 19:54:28.962  1138  5303 V PVPlayer: unmap file
10-28 19:54:28.962  1138  5303 V PVPlayer: PVPlayer destructor
10-28 19:54:28.962  1138  7222 V PlayerDriver: Send player code: 1
10-28 19:54:28.962  1138  7222 V PlayerDriver: DeletePlayer
10-28 19:54:28.962  1138  7222 D         : enter UnregisterAllRecognizers
10-28 19:54:28.962  1138  7222 V PlayerDriver: destructor
10-28 19:54:28.962  1138  7222 V PlayerDriver: OsclScheduler::Cleanup
10-28 19:54:28.962  1138  1281 V PVPlayer: reset
10-28 19:54:28.962  1138  7216 V PlayerDriver: Send player code: 19
10-28 19:54:28.962  1138  7216 V PlayerDriver: handleCancelAllCommands
10-28 19:54:28.962  1138  7216 V PlayerDriver: CommandCompleted
10-28 19:54:28.962  1138  7216 V PlayerDriver: Completed command PLAYER_CANCEL_ALL_COMMANDS status=PVMFSuccess
10-28 19:54:28.962  1138  7216 V PlayerDriver: Send player code: 12
10-28 19:54:28.962  1138  7216 V PlayerDriver: handleReset
10-28 19:54:28.962  1138  7216 V PlayerDriver: CommandCompleted
10-28 19:54:28.962  1138  7216 V PlayerDriver: Completed command PLAYER_RESET status=PVMFSuccess
10-28 19:54:28.962  1138  7216 V PlayerDriver: Send player code: 18
10-28 19:54:28.962  1138  7216 V PlayerDriver: handleRemoveDataSource
10-28 19:54:28.962  1138  7216 V PlayerDriver: CommandCompleted
10-28 19:54:28.962  1138  7216 V PlayerDriver: Completed command PLAYER_REMOVE_DATA_SOURCE status=PVMFSuccess
10-28 19:54:28.962  1138  1281 V PVPlayer: unmap file
10-28 19:54:28.962  1138  1281 V PVPlayer: PVPlayer destructor
10-28 19:54:28.962  1138  7216 V PlayerDriver: Send player code: 1
10-28 19:54:28.962  1138  7216 V PlayerDriver: DeletePlayer
10-28 19:54:28.970  1138  7216 D         : enter UnregisterAllRecognizers
10-28 19:54:28.970  1138  7216 V PlayerDriver: destructor
10-28 19:54:28.970  1138  7216 V PlayerDriver: OsclScheduler::Cleanup
10-28 19:54:28.970  1138  7216 D TIOMX_CORE: deinit count = 0
10-28 19:54:28.978  1325  1909 V SyncActivityLog: prot:Client sync app id 60 is already up-to-date.
10-28 19:54:29.001  1325  1909 V SyncActivityLog: prot:Caching update for sync app id 50 from anchor 78859031233430519 to 78859031233430522 and is_more false
10-28 19:54:29.095  1325  1909 I SyncActivityLog: not:Forcing sync now of sync app id 50
10-28 19:54:29.118  3503  3503 I SpeechServiceHttpClient: Closing the HTTP client.
10-28 19:54:29.142  1325  1909 I SyncActivityLog: not:Received notification for NewsRetrievalService.  Delay of 0 ms with signature 63644121.
10-28 19:54:29.158  1325  1611 V SyncActivityLog: not:Stored signature 63644121 for NewsRetrievalService matches 63644121.  Enqueueing.
10-28 19:54:29.181  1325  1909 V SyncActivityLog: prot:Caching update for sync app id 40 from anchor 78859031233430513 to 78859031233430521 and is_more false
10-28 19:54:29.267  1325  1611 I SyncActivityLog: not:There is already a pending sync task for NewsRetrievalService.  2 tasks in queue.  Ignoring this request.
10-28 19:54:29.314  1325  1909 I SyncActivityLog: not:Forcing sync now of sync app id 40
10-28 19:54:29.361  1325  1909 I SyncActivityLog: not:Received notification for BlurSNFriendsSyncHandler.  Delay of 0 ms with signature 63644338.
10-28 19:54:29.369  1325  1611 V SyncActivityLog: not:Stored signature 63644338 for BlurSNFriendsSyncHandler matches 63644338.  Enqueueing.
10-28 19:54:29.376  1325  1909 V SyncActivityLog: prot:Client sync app id 31 is already up-to-date.
10-28 19:54:29.447  1325  1611 I SyncActivityLog: not:There is already a pending sync task for BlurSNFriendsSyncHandler.  2 tasks in queue.  Ignoring this request.
10-28 19:54:29.447  1325  1909 V SyncActivityLog: prot:Client sync app id 80 is already up-to-date.
10-28 19:54:29.478  1325  1909 V SyncActivityLog: prot:Client sync app id 2 is already up-to-date.
10-28 19:54:29.517  1325  1909 V SyncActivityLog: prot:Client sync app id 5 is already up-to-date.
10-28 19:54:29.548  1424  1985 V GtUpdtFrmWSColl: No further changes on server for app id 70
10-28 19:54:29.611  1325  1926 I SyncActivityLog: prot:Friendfeed sync handler mediator: Updating adapter with server changes.  Attempt 1
10-28 19:54:29.618  1424  1985 D FriendFeedSyncAdapter: update(): for service blur, conflict strategy: SERVER_ALWAYS_WINS
10-28 19:54:30.423  1424  1985 D FeedReceiverService: Aged 13 to add 1
10-28 19:54:30.423  1424  1985 V FeedReceiverService: ProviderName: facebook
10-28 19:54:30.454  1424  1985 V FeedReceiverService: AccountsTableID:1 ExternalSourceID:775706763
10-28 19:54:30.486  1424  1985 V FeedReceiverService: RawContact ID: 567
10-28 19:54:30.556  1424  1985 D FriendFeedSyncAdapter: getLastClientAnchor() for service blur
10-28 19:54:30.626  1235  1407 D LocationMasfClient: getNetworkLocation(): Returning cache location with accuracy 2567.0
10-28 19:54:30.626  1235  1364 D libgps  : libgps_get_interface() : returning interface
10-28 19:54:30.626  1235  1364 D libgps  : GpsInterface_inject_location( 43.062362, -77.667750, 2567.000 )
10-28 19:54:30.642  1325  1800 I SyncActivityLog: prot:Friendfeed sync handler mediator: Acking change in the client's anchor
10-28 19:54:30.767  1424  1985 V 2WySncPrtclMdtr: Acknowledged that client anchor is 78859031233430520
10-28 19:54:30.853  1325  2181 I SyncActivityLog: prot:Friendfeed sync handler mediator: Checking for local changes
10-28 19:54:30.861  1424  1985 V 2WySncPrtclMdtr: No client changes.
10-28 19:54:30.939  1325  1923 I SyncActivityLog: prot:Friendfeed sync handler mediator: Success.
10-28 19:54:30.939  1424  1985 V ServiceBinder: unbind(): 1, Intent { act=com.motorola.blur.service.blur.Actions.BIND_SYNC_WSPROXY_SVC }
10-28 19:54:31.056  1325  1984 I SyncActivityLog: ctlr:Sync protocol for FeedReceiverService completed with status Ok.  Extended status: Success.
10-28 19:54:31.064  1325  1984 V SyncEngineController: Broadcasting sync completed intent with data type friend_feed/blur
10-28 19:54:31.079  1325  1984 V SyncEngineController: Resetting backoff level for FeedReceiverService
10-28 19:54:31.079  1325  1984 V ServiceBinder: unbind(): 1, Intent { act=com.motorola.blur.friendfeed.FeedReceiverServiceSyncHandler }
10-28 19:54:31.111  1424  1424 D ChipWidgetProvider: Received intent Intent { act=com.motorola.blur.service.blur.Actions.SYNC_HANDLER_COMPLETED typ=friend_feed/blur cmp=com.motorola.blur.friendfeed/.widget.SocialWidgetProvider }
10-28 19:54:31.118  1424  1424 D ChipWidgetProvider: a22417 debug in chipwidgetprovider function updatewidget the pendingUpdates is :android.util.SparseIntArray@459efd78
10-28 19:54:31.134  1424  1481 D SocialWidgetProvider: doUpdateWidget id: 2 x: 4 y: 1
10-28 19:54:31.142  1424  1481 D SocialWidgetProvider: filterType: 0
10-28 19:54:31.142  1424  1481 D SocialWidgetProvider: filter: read_state=1 AND pub_date>1288223671146 AND owner=0
10-28 19:54:31.150  1447  1447 D ChipWidgetProvider: Received intent Intent { act=com.motorola.blur.service.blur.Actions.SYNC_HANDLER_COMPLETED typ=friend_feed/blur cmp=com.motorola.blur.home.status/.StatusWidgetProvider }
10-28 19:54:31.150  1447  1447 D ChipWidgetProvider: a22417 debug in chipwidgetprovider function updatewidget the pendingUpdates is :android.util.SparseIntArray@45a2e268
10-28 19:54:31.158  1447  1986 D StatusWidgetProvider: doUpdateWidget x: 4 y: 1
10-28 19:54:31.181  1325  1984 I SyncActivityLog: ctlr:Starting sync task for BlurSNFriendsSyncHandler
10-28 19:54:31.197  1424  1481 D SocialWidgetProvider: ===== getImageDimens: width=103 height=141
10-28 19:54:31.204  1424  1481 D BlurContactsExtensions: ===== targetSize: width=103 height=141
10-28 19:54:31.236  1424  1481 D BlurContactsExtensions: ===== imageStream: imageWidth=100 imageHeight=133
10-28 19:54:31.236  1424  1481 D BlurContactsExtensions: ===== Using default android decode api...
10-28 19:54:31.236  1424  1481 D BlurContactsExtensions: ===== Android image decode:  downSample=1 downScaleX=0 downScaleY=0
10-28 19:54:31.236  1424  1481 D BlurContactsExtensions: ===== Cropping img: cropWidth=97 cropHeight=133
10-28 19:54:31.290  1325  1984 D dalvikvm: GC_FOR_MALLOC freed 10379 objects / 742048 bytes in 111ms
10-28 19:54:31.306  1447  1986 D DateUtil: now.getTimeZone(): Eastern Standard Time
10-28 19:54:31.314  1447  1986 D DateUtil: now.getTimeZone(): Eastern Standard Time
10-28 19:54:31.337  1325  1984 I SyncActivityLog: ctlr:Still enqueued: NewsRetrievalService; BlurSNFriendsSyncHandler; 
10-28 19:54:31.337  1325  1984 V ServiceBinder: bind() 0, Intent { act=com.motorola.blur.snfriends.sync.Actions.BLUR_SYNC_HANDLER }
10-28 19:54:31.361  1317  1317 V BlurSyncProtocolHandler: {}
10-28 19:54:31.361  1317  1317 V BlurSyncProtocolHandler: com.motorola.blur.sync.app.SharedPrefs.PROHIBIT_BATCHING_40:false
10-28 19:54:31.361  1317  1317 V FriendsBlurProtocolHand: onBind()
10-28 19:54:31.361  1325  1325 V ServiceBinder: onServiceConnected() ComponentInfo{com.motorola.blur.contacts.sync/com.motorola.blur.snfriends.sync.FriendsBlurProtocolHandlerService}
10-28 19:54:31.368  1325  1984 V SyncActivityLog: ctlr:Executing sync protocol for BlurSNFriendsSyncHandler. Sync is  forced.
10-28 19:54:31.368  1317  1334 V BlurSyncProtocolHandler: executeSync: handlerName: BlurSNFriendsSyncHandler, isForced: true
10-28 19:54:31.400  1340  1340 D dalvikvm: GC_EXPLICIT freed 464 objects / 21280 bytes in 69ms
10-28 19:54:31.415  1424  1481 D DateUtil: now.getTimeZone(): Eastern Standard Time
10-28 19:54:31.423  1424  1481 V SocialWidgetProvider: DisplayName: Jeremy M. Leavitt for RawContactId: 567
10-28 19:54:31.439  1424  1481 D SocialWidgetProvider: updated id 2:has a new profile picture
10-28 19:54:31.454  1317  7225 V BlurSyncProtocolHandler: Beginning sync of Blur friends sync handler.  Forced: true. Batching prohibited: false. Timeout of 600 seconds for completion.
10-28 19:54:31.478  1340  1340 D dalvikvm: GC_EXPLICIT freed 324 objects / 12344 bytes in 42ms
10-28 19:54:31.533  1325  1926 I SyncActivityLog: prot:Blur friends sync handler: Starting sync
10-28 19:54:31.884  1325  1352 I SyncActivityLog: prot:Blur friends sync handler: Getting the client's last anchor
10-28 19:54:31.892  1325  1800 V SyncActivityLog: cntx:getLastClientAnchor(): service blur
10-28 19:54:31.931  1317  7225 D AbstractSyncAdapter: getLastClientAnchor for service blurFRIENDS = 78859031233430513
10-28 19:54:31.931  1317  7225 V 2WySncPrtclMdtr: Client is at anchor 78859031233430513
10-28 19:54:31.931  1317  7225 V ServiceBinder: bind() 0, Intent { act=com.motorola.blur.service.blur.Actions.BIND_SYNC_WSPROXY_SVC }
10-28 19:54:31.939  1317  1317 V ServiceBinder: onServiceConnected() ComponentInfo{com.motorola.blur.service.blur/com.motorola.blur.service.blur.sync.ws.impl.BlurSyncWSClient2}
10-28 19:54:32.001  1325  2967 I SyncActivityLog: prot:Blur friends sync handler: Calling Blur ws update through proxy.  Attempt 1
10-28 19:54:32.126  1325  2181 I SyncActivityLog: prot:Update cache hit for sync app id 40
10-28 19:54:32.189  1317  7225 V GtUpdtFrmWSColl: No further changes on server for app id 40
10-28 19:54:32.236  1325  1923 I SyncActivityLog: prot:Blur friends sync handler: Updating adapter with server changes.  Attempt 1
10-28 19:54:32.251  1325  1358 V SyncActivityLog: cntx:updateClient(): service blur
10-28 19:54:32.267  1325  1909 V SyncActivityLog: cntx:getLastClientAnchor(): service blur
10-28 19:54:32.298  1317  7225 D AbstractSyncAdapter: getLastClientAnchor for service blurFRIENDS = 78859031233430513
10-28 19:54:32.314  1317  7225 V AbstractSyncAdapter: server changelist: friends {
10-28 19:54:32.314  1317  7225 V AbstractSyncAdapter:   mods {
10-28 19:54:32.314  1317  7225 V AbstractSyncAdapter:     sync_id: "w6HL4VmvM9mg3Na6fYiO0g=="
10-28 19:54:32.314  1317  7225 V AbstractSyncAdapter:     provider: "facebook"
10-28 19:54:32.314  1317  7225 V AbstractSyncAdapter:     friendid: "775706763"
10-28 19:54:32.314  1317  7225 V AbstractSyncAdapter:     data: "sync_id: \"\"\nname: \"Jeremy M. Leavitt\"\nsource_name: \"facebook\"\nsource_external_id: \"775706763\"\ncontact_methods {\n  kind: EMAIL\n  type: OTHER\n  data: \"flixfromthehill@yahoo.com\"\n  is_primary_email: true\n}\nphoto {\n  url: \"http://profile.ak.fbcdn.net/hprofile-ak-snc4/hs455.snc4/49920_775706763_2636487_s.jpg\"\n  url_square: \"http://profile.ak.fbcdn.net/hprofile-ak-snc4/hs455.snc4/49920_775706763_2636487_q.jpg\"\n  url_small: \"http://profile.ak.fbcdn.net/hprofile-ak-snc4/hs455.snc4/49920_775706763_2636487_t.jpg\"\n  url_big: \"http://profile.ak.fbcdn.net/hprofile-ak-snc4/hs443.snc4/48934_775706763_1617107_n.jpg\"\n}\nis_me: false\nprofile_uri: \"http://touch.facebook.com/#/profile.php?id=775706763\"\nfriend_of: \"1374669517\"\nbirthday: \"636508800000\"\n"
10-28 19:54:32.314  1317  7225 V AbstractSyncAdapter:     is_reset: false
10-28 19:54:32.314  1317  7225 V AbstractSyncAdapter:   }
10-28 19:54:32.314  1317  7225 V AbstractSyncAdapter: }
10-28 19:54:32.329  1317  7225 V UpdateHandler: [ac] ENTER UpdateHandler.handle()
10-28 19:54:32.329  1317  7225 V UpdateHandler: Handling update.  Opening contacts db.
10-28 19:54:32.329  1317  7225 V UpdateHandler: Beginning transaction.
10-28 19:54:32.337  1317  7225 V ContactOperations: Executing 0 CPO's
10-28 19:54:32.400  1317  7225 V UpdateHandler: Iterating through records to delete for content://com.android.contacts/raw_contacts?caller_is_syncadapter=true and service blur
10-28 19:54:32.439  1317  7225 V UpdateHandler: Deleting 0 record(s) in content://com.android.contacts/raw_contacts?caller_is_syncadapter=true for service blur.
10-28 19:54:32.572  1325  1926 I SyncActivityLog: cntx:0 records deleted from table content://com.android.contacts/raw_contacts?caller_is_syncadapter=true
10-28 19:54:32.579  1317  7225 V UpdateHandler: Iterating through records to add or modify for content://com.android.contacts/raw_contacts?caller_is_syncadapter=true
10-28 19:54:32.704  1325  1352 I SyncActivityLog: cntx:0 adds and 1 mods in server changelist for content://com.android.contacts/raw_contacts?caller_is_syncadapter=true
10-28 19:54:32.751  1317  7225 I UpdateHandler: Adding/modifying record with sync id w6HL4VmvM9mg3Na6fYiO0g== in content://com.android.contacts/raw_contacts?caller_is_syncadapter=true for service blur.  Modification #1
10-28 19:54:32.876  1317  7225 D dalvikvm: GC_EXPLICIT freed 7510 objects / 451128 bytes in 114ms
10-28 19:54:32.931  1317  7225 D Person  : Found name has not changed:3682
10-28 19:54:32.931  1317  7225 D Person  : Found email has not changed:3683
10-28 19:54:32.939  1317  7225 D Person  : Birthday is processed:3685
10-28 19:54:32.939  1317  7225 D Person  : Photo is changed:
10-28 19:54:32.939  1317  7225 D Person  : Photo is changed:
10-28 19:54:32.939  1317  7225 D Person  : Photo is changed:
10-28 19:54:32.939  1317  7225 D Person  : Photo is changed:
10-28 19:54:32.939  1317  7225 D Person  : Updating Photo:3686
10-28 19:54:32.939  1317  7225 D Person  : Updating Photo:3687
10-28 19:54:32.939  1317  7225 D Person  : Updating Photo:3688
10-28 19:54:32.939  1317  7225 D Person  : Updating Photo:3689
10-28 19:54:32.939  1317  7225 D Person  : Deleting data row:3681
10-28 19:54:32.947  1317  7225 V UpdateHandler: Updating client sync anchor
10-28 19:54:32.947  1317  7225 V UpdateHandler: Setting transaction to be successful.
10-28 19:54:32.947  1317  7225 V ContactOperations: Executing 18 CPO's
10-28 19:54:33.564  1512  1526 D GroupCache: Groups database table has changed. Refreshing the groups cache
10-28 19:54:33.564  1512  1526 V GroupCache: Queue group cache refresh request, delayed (ms): 3000
10-28 19:54:33.704  1512  1526 D SourceCache: Provider list changed in database. Refreshing cache.
10-28 19:54:33.704  1512  1526 V SourceCache: Queue source cache refresh request, delayed (ms): 3000
10-28 19:54:33.712  1317  7225 D AbstractSyncAdapter: setClientAnchor for service blurFRIENDS = 78859031233430521
10-28 19:54:33.712  1317  7225 V UpdateHandler: Ending transaction (may rollback or commit).
10-28 19:54:33.720  1325  1800 V SyncActivityLog: cntx:getLastKnownServerAnchor(): service blur
10-28 19:54:33.736  1325  2967 V SyncActivityLog: cntx:getLastClientAnchor(): service blur
10-28 19:54:33.790  1317  7225 D AbstractSyncAdapter: getLastClientAnchor for service blurFRIENDS = 78859031233430521
10-28 19:54:33.837  1325  2181 I SyncActivityLog: prot:Blur friends sync handler: Acking change in the client's anchor
10-28 19:54:33.954  6054  6054 V SMSDelegate: User pressed search.
10-28 19:54:33.954  1235  1243 I InputManagerService: received close system dialog event
10-28 19:54:33.962  1235  1889 I ActivityManager: Starting activity: Intent { act=android.speech.action.RECOGNIZE_SPEECH cmp=com.google.android.voicesearch/.IntentApiActivity (has extras) }
10-28 19:54:33.994  1544  1544 D ComposeMsgActivity: Power Long Key Press - BroadcastReceiver - START
10-28 19:54:34.009  1544  1544 D ComposeMsgActivity: Power Long Key Press - BroadcastReceiver - END
10-28 19:54:34.025  1544  1544 V MessageUtils: MSG-TABLE - query START, uri=content://sms, projection=(_id body priority ), selection=thread_id=14 AND type=3, args=
10-28 19:54:34.087  1384  1384 D GoogleLoginService: onBind: Intent { act=android.accounts.AccountAuthenticator cmp=com.google.android.gsf/.loginservice.GoogleLoginService }
10-28 19:54:34.118  3503  7228 I RecognitionController: startRecognition(#Intent;action=android.speech.action.RECOGNIZE_SPEECH;component=com.google.android.voicesearch/.IntentApiActivity;B.fullRecognitionResultsRequest=true;S.android.speech.extra.LANGUAGE_MODEL=free_form;S.android.speech.extra.PROMPT=State%20a%20voice%20command;S.calling_package=com.snakefish.visms;end)
10-28 19:54:34.118  3503  7228 I RecognitionController: State change: STARTING -> STARTING
10-28 19:54:34.126  1138  1138 D AudioHardwareMot: AudioHardwareMot::openInputStream enter
10-28 19:54:34.126  1138  1138 D AudioHardwareMot: AudioStreamInMot::set(0xafb0, 40000, 1, 10, 16000)
10-28 19:54:34.126  1138  1138 D AudioHardwareMot: Codec sampling rate already 16000
10-28 19:54:34.126  1138  1138 D AudioPostProcessor: Disabling beamformer due to unsupported sample rate
10-28 19:54:34.126  1138  1138 D AudioPostProcessor: Done updating beamformer library
10-28 19:54:34.126  1138  1138 D AudioHardwareMot: Input bufSize from kernel = 800
10-28 19:54:34.126  1138  1138 D AudioHardwareMot: Input 0x1c9c8 entering standby
10-28 19:54:34.142  1235  1235 I AudioService:  AudioFocus  requestAudioFocus() from android.media.AudioManager@45984480
10-28 19:54:34.142  3503  7228 I RecognitionController: State change: STARTING -> RECOGNIZING
10-28 19:54:34.142  3503  7228 I ServerConnectorImpl: Starting TCP session, url=http://www.google.com/m/voice-search
10-28 19:54:34.150  1138  7229 D AudioHardwareMot: AudioStreamInMot::setParameters() routing=262144;vr_mode=1
10-28 19:54:34.150  1138  7229 D AudioHardwareMot: set input routing 40000
10-28 19:54:34.150  1138  7229 D AudioHardwareMot: doRouting called
10-28 19:54:34.150  1138  7229 D AudioHardwareMot: Stereo output exists; using 0x2
10-28 19:54:34.158  1138  7229 D AudioHardwareMot: Routing to speaker
10-28 19:54:34.158  1138  7229 D AudioHardwareMot: Input path: DEVICE_IN_BUILTIN_MIC
10-28 19:54:34.158  1138  7229 D AudioHardwareMot: Input path: DEVICE_IN_BUILTIN_MIC single mic
10-28 19:54:34.158  1138  7229 D AudioHardwareMot: received vr_mode 1, which we don't care about yet
10-28 19:54:34.158  1138  7229 D AudioHardwareMot: Codec sampling rate already 16000
10-28 19:54:34.158  1138  7229 D AudioHardwareMot: Input 0x1c9c8 exiting standby
10-28 19:54:34.158  1138  7229 D AudioHardwareMot: doRouting called
10-28 19:54:34.158  1138  7229 D AudioHardwareMot: Stereo output exists; using 0x2
10-28 19:54:34.158  1138  7229 D AudioHardwareMot: Routing to speaker
10-28 19:54:34.158  1138  7229 D AudioHardwareMot: Input path: DEVICE_IN_BUILTIN_MIC
10-28 19:54:34.158  1138  7229 D AudioHardwareMot: Input path: DEVICE_IN_BUILTIN_MIC single mic
10-28 19:54:34.173  6054  6054 W IInputConnectionWrapper: showStatusIcon on inactive InputConnection
10-28 19:54:34.173  1235  1487 W InputManagerService: Starting input on non-focused client com.android.internal.view.IInputMethodClient$Stub$Proxy@45d1e930 (uid=10114 pid=6054)
10-28 19:54:34.204  1235  1257 I ActivityManager: Displayed activity com.google.android.voicesearch/.IntentApiActivity: 227 ms (total 227 ms)
10-28 19:54:34.228  1544  1544 V MessageUtils: MSG-TABLE - query END, counter=-23, cursor=android.content.ContentResolver$CursorWrapperInner@45922100, stack= <- log <- verbose <- query <- queryDraftSmsMessage <- deleteTemporarySmsMessage
10-28 19:54:34.228  1544  1544 V MessageUtils: MSG-TABLE - close, counter=-24, cursor=android.content.ContentResolver$CursorWrapperInner@45922100, stack= <- log <- verbose <- closeCursor <- deleteTemporarySmsMessage <- access$4800
10-28 19:54:34.236  1235  1407 D LocationMasfClient: getNetworkLocation(): Returning cache location with accuracy 2567.0
10-28 19:54:34.236  1544  7232 V MessageUtils: MSG-TABLE - query START, uri=content://mms-sms/draft, projection=(thread_id ), selection=null, args=
10-28 19:54:34.259  1544  7232 V MessageUtils: MSG-TABLE - query END, counter=-23, cursor=android.content.ContentResolver$CursorWrapperInner@458fa6b8, stack= <- log <- verbose <- query <- rebuildCache <- access$000
10-28 19:54:34.259  1544  7232 V MessageUtils: MSG-TABLE - close, counter=-24, cursor=android.content.ContentResolver$CursorWrapperInner@458fa6b8, stack= <- log <- verbose <- closeCursor <- rebuildCache <- access$000
10-28 19:54:34.267  1235  1364 D libgps  : libgps_get_interface() : returning interface
10-28 19:54:34.267  1235  1364 D libgps  : GpsInterface_inject_location( 43.062362, -77.667750, 2567.000 )
10-28 19:54:34.267  1138  5303 V PVPlayer: PVPlayer constructor
10-28 19:54:34.267  1138  5303 V PVPlayer: construct PlayerDriver
10-28 19:54:34.275  1138  5303 V PlayerDriver: constructor
10-28 19:54:34.275  1138  5303 V PlayerDriver: OpenCore hardware module loaded
10-28 19:54:34.275  1138  5303 V PlayerDriver: start player thread
10-28 19:54:34.275  1138  7233 V PlayerDriver: startPlayerThread
10-28 19:54:34.275  1138  7233 V PlayerDriver: InitializeForThread
10-28 19:54:34.275  1138  7233 V PlayerDriver: OMX_MasterInit
10-28 19:54:34.283  1138  7233 D omx_interface: TIOMXInterface: creating interface
10-28 19:54:34.283  1138  7233 D omx_interface: Calling DLOPEN on OMX_CORE_LIBRARY (libOMX_Core.so)
10-28 19:54:34.283  1138  7233 D omx_interface: DLOPEN SUCCEEDED (libOMX_Core.so)
10-28 19:54:34.283  1138  7233 D omx_interface: TIOMXInterface: library lookup success
10-28 19:54:34.290  1138  7233 D TIOMX_CORE: init count = 1
10-28 19:54:34.290  1138  7233 V PlayerDriver: OsclScheduler::Init
10-28 19:54:34.290  1138  7233 V PlayerDriver: CreatePlayer
10-28 19:54:34.298  1138  7233 D         : enter PVGetInterface
10-28 19:54:34.306  1138  7233 D         : enter Instance
10-28 19:54:34.306  1138  7233 D         : enter SharedLibraryLookup
10-28 19:54:34.306  1138  7233 D         : enter RegisterAllRecognizers
10-28 19:54:34.314  1317  7225 V 2WySncPrtclMdtr: Acknowledged that client anchor is 78859031233430521
10-28 19:54:34.314  1138  7233 V PlayerDriver: AddToScheduler
10-28 19:54:34.314  1138  7233 V PlayerDriver: PendForExec
10-28 19:54:34.314  1138  7233 V PlayerDriver: OsclActiveScheduler::Current
10-28 19:54:34.314  1138  7233 V PlayerDriver: StartScheduler
10-28 19:54:34.322  1138  5303 V PVPlayer: send PLAYER_SETUP
10-28 19:54:34.322  1138  7233 V PlayerDriver: Send player code: 2
10-28 19:54:34.322  1138  7233 V PlayerDriver: CommandCompleted
10-28 19:54:34.322  1138  7233 V PlayerDriver: Completed command PLAYER_SETUP status=PVMFSuccess
10-28 19:54:34.322  1138  5303 V PVPlayer: send PLAYER_HELPER
10-28 19:54:34.322  1138  7233 V PlayerDriver: Send player code: 3
10-28 19:54:34.322  1138  7233 V PlayerDriver: CommandCompleted
10-28 19:54:34.322  1138  7233 V PlayerDriver: Completed command PLAYER_HELPER status=PVMFSuccess
10-28 19:54:34.322  1138  5303 V PVPlayer: setDataSource(31, 827356, 4560)
10-28 19:54:34.345  1138  1281 V PVPlayer: prepareAsync
10-28 19:54:34.353  1138  1281 V PVPlayer:   data source = sharedfd://32:827356:4560
10-28 19:54:34.353  1138  7233 V PlayerDriver: Send player code: 4
10-28 19:54:34.353  1138  7233 V PlayerDriver: handleSetDataSource
10-28 19:54:34.353  1138  7233 V PlayerDriver: handleSetDataSource- scanning for extension
10-28 19:54:34.353  1138  7233 D         : enter PVOMA1MOTRecognizerPlugin::Recognize
10-28 19:54:34.353  1138  7233 D         : PVOMA1MOTRecognizerPlugin:Recognize MOT_SVC_drm_openSession failed and session =-4
10-28 19:54:34.353  1138  7233 V PlayerDriver: CommandCompleted
10-28 19:54:34.353  1138  7233 V PlayerDriver: Completed command PLAYER_SET_DATA_SOURCE status=PVMFSuccess
10-28 19:54:34.353  1138  7233 V PVPlayer: run_init s=0, cancelled=0
10-28 19:54:34.353  1138  7233 V PlayerDriver: Send player code: 7
10-28 19:54:34.353  1138  7233 V PlayerDriver: release string is 2.2 len 3
10-28 19:54:34.353  1138  7233 V PlayerDriver: CommandCompleted
10-28 19:54:34.361  1138  7233 V PlayerDriver: Completed command PLAYER_INIT status=PVMFSuccess
10-28 19:54:34.361  1138  7233 V PVPlayer: run_set_video_surface s=0, cancelled=0
10-28 19:54:34.361  1138  7233 V PVPlayer: run_set_audio_output s=0, cancelled=0
10-28 19:54:34.361  1138  7233 V PlayerDriver: Send player code: 6
10-28 19:54:34.361  1138  7233 V PlayerDriver: Create realtime output
10-28 19:54:34.361  1138  7233 V PlayerDriver: canSetA2DPDirectMode() A2DP direct disabled
10-28 19:54:34.361  1138  7233 V PlayerDriver: CommandCompleted
10-28 19:54:34.361  1138  7233 V PlayerDriver: Completed command PLAYER_SET_AUDIO_SINK status=PVMFSuccess
10-28 19:54:34.361  1138  7233 V PVPlayer: run_prepare s=0, cancelled=0
10-28 19:54:34.361  1138  7233 V PlayerDriver: Send player code: 8
10-28 19:54:34.361  1138  7233 V PlayerDriver: disable natpkt - 0
10-28 19:54:34.361  1138  7233 V PlayerDriver: HandleInformationalEvent: UNKNOWN PVMFStatus
10-28 19:54:34.361  1138  7233 V PlayerDriver: HandleInformationalEvent: type=44 UNHANDLED
10-28 19:54:34.361  3503  3508 W MediaPlayer: info/warning (1, 44)
10-28 19:54:34.368  3503  3503 I MediaPlayer: Info (1,44)
10-28 19:54:34.368  1138  7233 V PlayerDriver: CommandCompleted
10-28 19:54:34.368  1138  7233 V PlayerDriver: Completed command PLAYER_PREPARE status=PVMFSuccess
10-28 19:54:34.368  1138  7233 V PlayerDriver: PLAYER_PREPARE complete mDownloadContextData=0x0, mDataReadyReceived=0
10-28 19:54:34.368  1138  7233 V PVPlayer: check_for_live_streaming s=0, cancelled=0
10-28 19:54:34.368  1138  7233 E ProfileVideoFrameDrops: PVMediaOutputNodePort :: Early 0 frames :: OnTime 0 frames :: Late 0 frames :: Total 2 frames
10-28 19:54:34.368  1138  7233 E ProfileVideoFrameDrops: PVMediaOutputNodePort :: Early 0.000000 % :: OnTime -0.000000 % :: Late -0.000000 % 
10-28 19:54:34.368  1138  5303 V PVPlayer: PVPlayer constructor
10-28 19:54:34.368  1138  5303 V PVPlayer: construct PlayerDriver
10-28 19:54:34.368  1138  5303 V PlayerDriver: constructor
10-28 19:54:34.368  1138  5303 V PlayerDriver: OpenCore hardware module loaded
10-28 19:54:34.368  1138  5303 V PlayerDriver: start player thread
10-28 19:54:34.368  1138  7235 V PlayerDriver: startPlayerThread
10-28 19:54:34.368  1138  7235 V PlayerDriver: InitializeForThread
10-28 19:54:34.368  1138  7235 V PlayerDriver: OMX_MasterInit
10-28 19:54:34.368  1138  7235 V PlayerDriver: OsclScheduler::Init
10-28 19:54:34.368  1138  7235 V PlayerDriver: CreatePlayer
10-28 19:54:34.368  1138  7235 D         : enter PVGetInterface
10-28 19:54:34.368  1138  7235 D         : enter Instance
10-28 19:54:34.368  1138  7235 D         : enter SharedLibraryLookup
10-28 19:54:34.368  1138  7235 D         : enter RegisterAllRecognizers
10-28 19:54:34.376  1138  7235 V PlayerDriver: AddToScheduler
10-28 19:54:34.376  1138  7235 V PlayerDriver: PendForExec
10-28 19:54:34.376  1138  7235 V PlayerDriver: OsclActiveScheduler::Current
10-28 19:54:34.376  1138  7235 V PlayerDriver: StartScheduler
10-28 19:54:34.376  1138  5303 V PVPlayer: send PLAYER_SETUP
10-28 19:54:34.376  1138  7235 V PlayerDriver: Send player code: 2
10-28 19:54:34.376  1138  7235 V PlayerDriver: CommandCompleted
10-28 19:54:34.376  1138  7235 V PlayerDriver: Completed command PLAYER_SETUP status=PVMFSuccess
10-28 19:54:34.376  1138  5303 V PVPlayer: send PLAYER_HELPER
10-28 19:54:34.376  1138  7235 V PlayerDriver: Send player code: 3
10-28 19:54:34.376  1138  7235 V PlayerDriver: CommandCompleted
10-28 19:54:34.376  1138  7235 V PlayerDriver: Completed command PLAYER_HELPER status=PVMFSuccess
10-28 19:54:34.376  1138  5303 V PVPlayer: setDataSource(33, 803876, 7002)
10-28 19:54:34.376  1138  1281 V PVPlayer: prepareAsync
10-28 19:54:34.376  1138  1281 V PVPlayer:   data source = sharedfd://34:803876:7002
10-28 19:54:34.376  1138  7235 V PlayerDriver: Send player code: 4
10-28 19:54:34.376  1138  7235 V PlayerDriver: handleSetDataSource
10-28 19:54:34.376  1138  7235 V PlayerDriver: handleSetDataSource- scanning for extension
10-28 19:54:34.376  1138  7235 D         : enter PVOMA1MOTRecognizerPlugin::Recognize
10-28 19:54:34.376  1138  7235 D         : PVOMA1MOTRecognizerPlugin:Recognize MOT_SVC_drm_openSession failed and session =-4
10-28 19:54:34.384  1138  7235 V PlayerDriver: CommandCompleted
10-28 19:54:34.384  1138  7235 V PlayerDriver: Completed command PLAYER_SET_DATA_SOURCE status=PVMFSuccess
10-28 19:54:34.384  1138  7235 V PVPlayer: run_init s=0, cancelled=0
10-28 19:54:34.384  1138  7235 V PlayerDriver: Send player code: 7
10-28 19:54:34.384  1138  7235 V PlayerDriver: release string is 2.2 len 3
10-28 19:54:34.384  1138  7235 V PlayerDriver: CommandCompleted
10-28 19:54:34.384  1138  7235 V PlayerDriver: Completed command PLAYER_INIT status=PVMFSuccess
10-28 19:54:34.384  1138  7235 V PVPlayer: run_set_video_surface s=0, cancelled=0
10-28 19:54:34.384  1138  7235 V PVPlayer: run_set_audio_output s=0, cancelled=0
10-28 19:54:34.384  1138  7235 V PlayerDriver: Send player code: 6
10-28 19:54:34.384  1138  7235 V PlayerDriver: Create realtime output
10-28 19:54:34.384  1138  7235 V PlayerDriver: canSetA2DPDirectMode() A2DP direct disabled
10-28 19:54:34.384  1138  7235 V PlayerDriver: CommandCompleted
10-28 19:54:34.384  1138  7235 V PlayerDriver: Completed command PLAYER_SET_AUDIO_SINK status=PVMFSuccess
10-28 19:54:34.384  1138  7235 V PVPlayer: run_prepare s=0, cancelled=0
10-28 19:54:34.384  1138  7235 V PlayerDriver: Send player code: 8
10-28 19:54:34.384  1138  7235 V PlayerDriver: disable natpkt - 0
10-28 19:54:34.384  1138  7235 V PlayerDriver: HandleInformationalEvent: UNKNOWN PVMFStatus
10-28 19:54:34.384  1138  7235 V PlayerDriver: HandleInformationalEvent: type=44 UNHANDLED
10-28 19:54:34.384  3503  6230 W MediaPlayer: info/warning (1, 44)
10-28 19:54:34.384  3503  3503 I MediaPlayer: Info (1,44)
10-28 19:54:34.384  1138  7235 V PlayerDriver: CommandCompleted
10-28 19:54:34.392  1138  7235 V PlayerDriver: Completed command PLAYER_PREPARE status=PVMFSuccess
10-28 19:54:34.392  1138  7235 V PlayerDriver: PLAYER_PREPARE complete mDownloadContextData=0x0, mDataReadyReceived=0
10-28 19:54:34.392  1138  7235 V PVPlayer: check_for_live_streaming s=0, cancelled=0
10-28 19:54:34.392  1138  7235 E ProfileVideoFrameDrops: PVMediaOutputNodePort :: Early 0 frames :: OnTime 0 frames :: Late 0 frames :: Total 4 frames
10-28 19:54:34.392  1138  7235 E ProfileVideoFrameDrops: PVMediaOutputNodePort :: Early 0.000000 % :: OnTime -0.000000 % :: Late -0.000000 % 
10-28 19:54:34.392  1325  1923 I SyncActivityLog: prot:Blur friends sync handler: Checking for local changes
10-28 19:54:34.392  1138  5303 V PVPlayer: PVPlayer constructor
10-28 19:54:34.400  1317  7225 V 2WySncPrtclMdtr: No client changes.
10-28 19:54:34.400  1138  5303 V PVPlayer: construct PlayerDriver
10-28 19:54:34.400  1138  5303 V PlayerDriver: constructor
10-28 19:54:34.400  1138  5303 V PlayerDriver: OpenCore hardware module loaded
10-28 19:54:34.400  1138  5303 V PlayerDriver: start player thread
10-28 19:54:34.400  1138  7237 V PlayerDriver: startPlayerThread
10-28 19:54:34.400  1138  7237 V PlayerDriver: InitializeForThread
10-28 19:54:34.400  1138  7237 V PlayerDriver: OMX_MasterInit
10-28 19:54:34.400  1138  7237 V PlayerDriver: OsclScheduler::Init
10-28 19:54:34.400  1138  7237 V PlayerDriver: CreatePlayer
10-28 19:54:34.400  1138  7237 D         : enter PVGetInterface
10-28 19:54:34.400  1138  7237 D         : enter Instance
10-28 19:54:34.400  1138  7237 D         : enter SharedLibraryLookup
10-28 19:54:34.400  1138  7237 D         : enter RegisterAllRecognizers
10-28 19:54:34.408  1138  7237 V PlayerDriver: AddToScheduler
10-28 19:54:34.408  1138  7237 V PlayerDriver: PendForExec
10-28 19:54:34.408  1138  7237 V PlayerDriver: OsclActiveScheduler::Current
10-28 19:54:34.408  1138  7237 V PlayerDriver: StartScheduler
10-28 19:54:34.408  1138  5303 V PVPlayer: send PLAYER_SETUP
10-28 19:54:34.408  1138  7237 V PlayerDriver: Send player code: 2
10-28 19:54:34.408  1138  7237 V PlayerDriver: CommandCompleted
10-28 19:54:34.408  1138  7237 V PlayerDriver: Completed command PLAYER_SETUP status=PVMFSuccess
10-28 19:54:34.408  1138  5303 V PVPlayer: send PLAYER_HELPER
10-28 19:54:34.415  3503  7230 I RecognitionController: onReadyForSpeech, noise level:62.305283, snr:-5.2446613
10-28 19:54:34.415  3503  3503 I RecognitionActivity: Start-up latency 414 ms
10-28 19:54:34.439  1138  7237 V PlayerDriver: Send player code: 3
10-28 19:54:34.439  1138  7237 V PlayerDriver: CommandCompleted
10-28 19:54:34.439  1138  7237 V PlayerDriver: Completed command PLAYER_HELPER status=PVMFSuccess
10-28 19:54:34.447  1138  5303 V PVPlayer: setDataSource(33, 794068, 9758)
10-28 19:54:34.454  3503  7228 D ServerConnectorImpl: Created session 9d4fb913c9ad84287620e6940cbb18a3
10-28 19:54:34.454  3503  7228 I ServerConnectorImpl: Creating TCP connection to 74.125.47.126:19294
10-28 19:54:34.470  1325  1909 I SyncActivityLog: prot:Blur friends sync handler: Success.
10-28 19:54:34.486  1138  1281 V PVPlayer: prepareAsync
10-28 19:54:34.517  1317  7225 V ServiceBinder: unbind(): 1, Intent { act=com.motorola.blur.service.blur.Actions.BIND_SYNC_WSPROXY_SVC }
10-28 19:54:34.540  1138  1281 V PVPlayer:   data source = sharedfd://35:794068:9758
10-28 19:54:34.540  1138  7237 V PlayerDriver: Send player code: 4
10-28 19:54:34.540  1138  7237 V PlayerDriver: handleSetDataSource
10-28 19:54:34.540  1138  7237 V PlayerDriver: handleSetDataSource- scanning for extension
10-28 19:54:34.540  1138  7237 D         : enter PVOMA1MOTRecognizerPlugin::Recognize
10-28 19:54:34.540  1138  7237 D         : PVOMA1MOTRecognizerPlugin:Recognize MOT_SVC_drm_openSession failed and session =-4
10-28 19:54:34.548  1138  7237 V PlayerDriver: CommandCompleted
10-28 19:54:34.548  1138  7237 V PlayerDriver: Completed command PLAYER_SET_DATA_SOURCE status=PVMFSuccess
10-28 19:54:34.548  1138  7237 V PVPlayer: run_init s=0, cancelled=0
10-28 19:54:34.548  1138  7237 V PlayerDriver: Send player code: 7
10-28 19:54:34.548  1138  7237 V PlayerDriver: release string is 2.2 len 3
10-28 19:54:34.548  1138  7237 V PlayerDriver: CommandCompleted
10-28 19:54:34.548  1138  7237 V PlayerDriver: Completed command PLAYER_INIT status=PVMFSuccess
10-28 19:54:34.548  1138  7237 V PVPlayer: run_set_video_surface s=0, cancelled=0
10-28 19:54:34.548  1138  7237 V PVPlayer: run_set_audio_output s=0, cancelled=0
10-28 19:54:34.548  1138  7237 V PlayerDriver: Send player code: 6
10-28 19:54:34.548  1138  7237 V PlayerDriver: Create realtime output
10-28 19:54:34.548  1138  7237 V PlayerDriver: canSetA2DPDirectMode() A2DP direct disabled
10-28 19:54:34.548  1138  7237 V PlayerDriver: CommandCompleted
10-28 19:54:34.548  1138  7237 V PlayerDriver: Completed command PLAYER_SET_AUDIO_SINK status=PVMFSuccess
10-28 19:54:34.548  1138  7237 V PVPlayer: run_prepare s=0, cancelled=0
10-28 19:54:34.548  1138  7237 V PlayerDriver: Send player code: 8
10-28 19:54:34.548  1138  7237 V PlayerDriver: disable natpkt - 0
10-28 19:54:34.548  1138  7237 V PlayerDriver: HandleInformationalEvent: UNKNOWN PVMFStatus
10-28 19:54:34.548  1138  7237 V PlayerDriver: HandleInformationalEvent: type=44 UNHANDLED
10-28 19:54:34.548  3503  6230 W MediaPlayer: info/warning (1, 44)
10-28 19:54:34.548  3503  3503 I MediaPlayer: Info (1,44)
10-28 19:54:34.548  1138  7237 V PlayerDriver: CommandCompleted
10-28 19:54:34.548  1138  7237 V PlayerDriver: Completed command PLAYER_PREPARE status=PVMFSuccess
10-28 19:54:34.548  1138  7237 V PlayerDriver: PLAYER_PREPARE complete mDownloadContextData=0x0, mDataReadyReceived=0
10-28 19:54:34.556  1138  7237 V PVPlayer: check_for_live_streaming s=0, cancelled=0
10-28 19:54:34.556  1138  7237 E ProfileVideoFrameDrops: PVMediaOutputNodePort :: Early 0 frames :: OnTime 0 frames :: Late 0 frames :: Total 6 frames
10-28 19:54:34.556  1138  7237 E ProfileVideoFrameDrops: PVMediaOutputNodePort :: Early 0.000000 % :: OnTime -0.000000 % :: Late -0.000000 % 
10-28 19:54:34.556  1138  5303 V PVPlayer: PVPlayer constructor
10-28 19:54:34.556  1138  5303 V PVPlayer: construct PlayerDriver
10-28 19:54:34.556  1138  5303 V PlayerDriver: constructor
10-28 19:54:34.556  1138  5303 V PlayerDriver: OpenCore hardware module loaded
10-28 19:54:34.556  1138  5303 V PlayerDriver: start player thread
10-28 19:54:34.556  1138  7239 V PlayerDriver: startPlayerThread
10-28 19:54:34.556  1138  7239 V PlayerDriver: InitializeForThread
10-28 19:54:34.556  1138  7239 V PlayerDriver: OMX_MasterInit
10-28 19:54:34.556  1138  7239 V PlayerDriver: OsclScheduler::Init
10-28 19:54:34.556  1138  7239 V PlayerDriver: CreatePlayer
10-28 19:54:34.556  1138  7239 D         : enter PVGetInterface
10-28 19:54:34.556  1138  7239 D         : enter Instance
10-28 19:54:34.556  1138  7239 D         : enter SharedLibraryLookup
10-28 19:54:34.556  1138  7239 D         : enter RegisterAllRecognizers
10-28 19:54:34.564  1138  7239 V PlayerDriver: AddToScheduler
10-28 19:54:34.564  1138  7239 V PlayerDriver: PendForExec
10-28 19:54:34.564  1138  7239 V PlayerDriver: OsclActiveScheduler::Current
10-28 19:54:34.564  1138  7239 V PlayerDriver: StartScheduler
10-28 19:54:34.564  1138  5303 V PVPlayer: send PLAYER_SETUP
10-28 19:54:34.564  1138  7239 V PlayerDriver: Send player code: 2
10-28 19:54:34.564  1138  7239 V PlayerDriver: CommandCompleted
10-28 19:54:34.564  1138  7239 V PlayerDriver: Completed command PLAYER_SETUP status=PVMFSuccess
10-28 19:54:34.564  1138  5303 V PVPlayer: send PLAYER_HELPER
10-28 19:54:34.564  1138  7239 V PlayerDriver: Send player code: 3
10-28 19:54:34.564  1138  7239 V PlayerDriver: CommandCompleted
10-28 19:54:34.564  1138  7239 V PlayerDriver: Completed command PLAYER_HELPER status=PVMFSuccess
10-28 19:54:34.564  1138  5303 V PVPlayer: setDataSource(33, 814976, 4198)
10-28 19:54:34.564  1138  1281 V PVPlayer: prepareAsync
10-28 19:54:34.564  1138  1281 V PVPlayer:   data source = sharedfd://36:814976:4198
10-28 19:54:34.564  1138  7239 V PlayerDriver: Send player code: 4
