10-28 18:48:35.770  1235  1487 W InputManagerService: Client not active, ignoring focus gain of: com.android.internal.view.IInputMethodClient$Stub$Proxy@45defb50
10-28 18:48:35.801  1235  1492 W InputManagerService: Starting input on non-focused client com.android.internal.view.IInputMethodClient$Stub$Proxy@45d1e930 (uid=10114 pid=6054)
10-28 18:48:35.825  1235  1454 W InputManagerService: Starting input on non-focused client com.android.internal.view.IInputMethodClient$Stub$Proxy@45b873e8 (uid=10060 pid=3503)
10-28 18:48:49.528  1235  1243 I InputManagerService: received close system dialog event
10-28 18:48:49.551  1235  1260 I ActivityManager: Starting activity: Intent { act=android.intent.action.MAIN cat=[android.intent.category.HOME] flg=0x10200000 cmp=com.motorola.blur.home/.HomeActivity }
10-28 18:48:49.575  1235  1454 W InputManagerService: Ignoring hideSoftInput of: com.android.internal.view.IInputMethodClient$Stub$Proxy@45bd9e80
10-28 18:48:53.036  1235  1490 I ActivityManager: Starting activity: Intent { act=android.intent.action.MAIN cat=[android.intent.category.LAUNCHER] flg=0x10200000 cmp=com.snakefish.visms/.ConversationsActivity }
10-28 18:48:53.161  1235  2149 W InputManagerService: Starting input on non-focused client com.android.internal.view.IInputMethodClient$Stub$Proxy@45bac1d0 (uid=10005 pid=1340)
10-28 18:48:55.653  1235  1243 I InputManagerService: received close system dialog event
10-28 18:48:55.668  1235  1260 I ActivityManager: Starting activity: Intent { act=android.intent.action.MAIN cat=[android.intent.category.HOME] flg=0x10200000 cmp=com.motorola.blur.home/.HomeActivity }
10-28 18:48:58.692  1235  1490 I ActivityManager: Starting activity: Intent { act=android.intent.action.MAIN cat=[android.intent.category.LAUNCHER] flg=0x10200000 cmp=com.snakefish.visms/.ConversationsActivity }
10-28 18:48:59.090  1235  1347 W InputManagerService: Starting input on non-focused client com.android.internal.view.IInputMethodClient$Stub$Proxy@45bac1d0 (uid=10005 pid=1340)
10-28 18:49:13.133  1235  1243 V DeviceStorageMonitorService: freeMemory=6643654656
10-28 18:49:13.133  1235  1243 V DeviceStorageMonitorService: Threshold Percentage=10
10-28 18:49:13.133  1235  1243 V DeviceStorageMonitorService: mTotalMemory = 70264913
10-28 18:49:13.133  1235  1243 I DeviceStorageMonitorService: Posting Message again
10-28 18:50:13.134  1235  1243 V DeviceStorageMonitorService: freeMemory=6643654656
10-28 18:50:13.134  1235  1243 V DeviceStorageMonitorService: Threshold Percentage=10
10-28 18:50:13.134  1235  1243 V DeviceStorageMonitorService: mTotalMemory = 70264913
10-28 18:50:13.134  1235  1243 I DeviceStorageMonitorService: Posting Message again
10-28 18:50:24.145  1235  1243 I InputManagerService: received close system dialog event
10-28 18:50:24.153  1235  1454 I ActivityManager: Starting activity: Intent { act=android.speech.action.RECOGNIZE_SPEECH cmp=com.google.android.voicesearch/.IntentApiActivity (has extras) }
10-28 18:50:24.340  1235  1235 W InputManagerService: Starting input on non-focused client com.android.internal.view.IInputMethodClient$Stub$Proxy@45d1e930 (uid=10114 pid=6054)
10-28 18:50:29.372  1235  1346 W InputManagerService: Starting input on non-focused client com.android.internal.view.IInputMethodClient$Stub$Proxy@45b873e8 (uid=10060 pid=3503)
10-28 18:50:42.075  1235  1243 I InputManagerService: received close system dialog event
10-28 18:50:42.083  1235  2089 I ActivityManager: Starting activity: Intent { act=android.speech.action.RECOGNIZE_SPEECH cmp=com.google.android.voicesearch/.IntentApiActivity (has extras) }
10-28 18:50:42.325  1235  1492 W InputManagerService: Starting input on non-focused client com.android.internal.view.IInputMethodClient$Stub$Proxy@45d1e930 (uid=10114 pid=6054)
10-28 18:50:45.528  1235  1491 W InputManagerService: Starting input on non-focused client com.android.internal.view.IInputMethodClient$Stub$Proxy@45b873e8 (uid=10060 pid=3503)
10-28 18:51:13.137  1235  1243 V DeviceStorageMonitorService: freeMemory=6643654656
10-28 18:51:13.137  1235  1243 V DeviceStorageMonitorService: Threshold Percentage=10
10-28 18:51:13.137  1235  1243 V DeviceStorageMonitorService: mTotalMemory = 70264913
10-28 18:51:13.137  1235  1243 I DeviceStorageMonitorService: Posting Message again
10-28 18:51:22.887  1235  1243 D StatusBarPolicy: handleBatteryUpdate
10-28 18:52:00.989  1235  1491 I ActivityManager: Starting activity: Intent { flg=0x30000000 cmp=com.snakefish.visms/.IncomingMessage (has extras) }
10-28 18:52:04.239  1235  1243 I InputManagerService: received close system dialog event
10-28 18:52:04.239  1235  1346 I ActivityManager: Starting activity: Intent { act=android.speech.action.RECOGNIZE_SPEECH cmp=com.google.android.voicesearch/.IntentApiActivity (has extras) }
10-28 18:52:07.981  1235  1890 W InputManagerService: Starting input on non-focused client com.android.internal.view.IInputMethodClient$Stub$Proxy@45d1e930 (uid=10114 pid=6054)
10-28 18:52:07.989  1235  1239 W InputManagerService: Client not active, ignoring focus gain of: com.android.internal.view.IInputMethodClient$Stub$Proxy@45c2ed40
10-28 18:52:08.051  1235  1344 W InputManagerService: Starting input on non-focused client com.android.internal.view.IInputMethodClient$Stub$Proxy@45d1e930 (uid=10114 pid=6054)
10-28 18:52:08.075  1235  1454 W InputManagerService: Starting input on non-focused client com.android.internal.view.IInputMethodClient$Stub$Proxy@45b873e8 (uid=10060 pid=3503)
10-28 18:52:13.138  1235  1243 V DeviceStorageMonitorService: freeMemory=6643654656
10-28 18:52:13.138  1235  1243 V DeviceStorageMonitorService: Threshold Percentage=10
10-28 18:52:13.138  1235  1243 V DeviceStorageMonitorService: mTotalMemory = 70264913
10-28 18:52:13.138  1235  1243 I DeviceStorageMonitorService: Posting Message again
10-28 18:52:59.356  1235  1235 W InputManagerService: Starting input on non-focused client com.android.internal.view.IInputMethodClient$Stub$Proxy@45d1e930 (uid=10114 pid=6054)
10-28 18:53:13.140  1235  1243 V DeviceStorageMonitorService: freeMemory=6643654656
10-28 18:53:13.140  1235  1243 V DeviceStorageMonitorService: Threshold Percentage=10
10-28 18:53:13.140  1235  1243 V DeviceStorageMonitorService: mTotalMemory = 70264913
10-28 18:53:13.140  1235  1243 I DeviceStorageMonitorService: Posting Message again
10-28 18:53:33.771  1235  1344 I ActivityManager: Starting activity: Intent { flg=0x30000000 cmp=com.snakefish.visms/.IncomingMessage (has extras) }
10-28 18:54:13.764  1235  1243 V DeviceStorageMonitorService: freeMemory=6643646464
10-28 18:54:13.764  1235  1243 V DeviceStorageMonitorService: Threshold Percentage=10
10-28 18:54:13.764  1235  1243 V DeviceStorageMonitorService: mTotalMemory = 70264913
10-28 18:54:13.764  1235  1243 I DeviceStorageMonitorService: Posting Message again
10-28 18:54:53.514  1235  1890 I ActivityManager: Starting activity: Intent { act=android.intent.action.MAIN cat=[android.intent.category.LAUNCHER] flg=0x10200000 cmp=com.snakefish.visms/.ConversationsActivity }
10-28 18:54:53.912  1235  2089 W InputManagerService: Starting input on non-focused client com.android.internal.view.IInputMethodClient$Stub$Proxy@45bac1d0 (uid=10005 pid=1340)
10-28 18:55:09.623  1235  1235 I ActivityManager: Starting activity: Intent { cmp=com.snakefish.visms/.MainChatWindow (has extras) }
10-28 18:55:13.769  1235  1243 V DeviceStorageMonitorService: freeMemory=6643646464
10-28 18:55:13.769  1235  1243 V DeviceStorageMonitorService: Threshold Percentage=10
10-28 18:55:13.771  1235  1243 V DeviceStorageMonitorService: mTotalMemory = 70264913
10-28 18:55:13.771  1235  1243 I DeviceStorageMonitorService: Posting Message again
10-28 18:55:19.115  1235  1344 I ActivityManager: Starting activity: Intent { act=android.intent.action.PICK dat=content://com.android.contacts/contacts cmp=com.motorola.blur.contacts/.picker.PickIdentityActivity }
10-28 18:55:23.459  1235  1347 W InputManagerService: Starting input on non-focused client com.android.internal.view.IInputMethodClient$Stub$Proxy@45bcc318 (uid=10005 pid=1512)
10-28 18:55:32.959  1235  1347 I ActivityManager: Starting activity: Intent { cmp=com.snakefish.visms/.TextActivity (has extras) }
10-28 18:55:47.350  1235  1243 I WindowManager: Setting rotation to 1, animFlags=0
10-28 18:55:47.373  1235  1243 I ActivityManager: Config changed: { scale=1.0 imsi=310/4 loc=en_US touch=3 keys=2/1/2 nav=2/1 orien=2 layout=34 uiMode=17 seq=29}
10-28 18:55:47.467  1235  1243 I UsageStats: Unexpected resume of com.snakefish.visms while already resumed in com.snakefish.visms
10-28 18:55:48.092  1235  1239 W InputManagerService: Starting input on non-focused client com.android.internal.view.IInputMethodClient$Stub$Proxy@45d20d90 (uid=10089 pid=1865)
10-28 18:55:48.092  1235  1491 W InputManagerService: Starting input on non-focused client com.android.internal.view.IInputMethodClient$Stub$Proxy@45d20d90 (uid=10089 pid=1865)
10-28 18:55:48.100  1235  1344 W InputManagerService: Starting input on non-focused client com.android.internal.view.IInputMethodClient$Stub$Proxy@45d20d90 (uid=10089 pid=1865)
10-28 18:55:49.920  1235  1243 I WindowManager: Setting rotation to 0, animFlags=0
10-28 18:55:49.936  1235  1243 I ActivityManager: Config changed: { scale=1.0 imsi=310/4 loc=en_US touch=3 keys=2/1/2 nav=2/1 orien=1 layout=34 uiMode=17 seq=30}
10-28 18:55:49.990  1235  1243 I UsageStats: Unexpected resume of com.snakefish.visms while already resumed in com.snakefish.visms
10-28 18:55:50.232  1235  1488 W InputManagerService: Starting input on non-focused client com.android.internal.view.IInputMethodClient$Stub$Proxy@45d20d90 (uid=10089 pid=1865)
10-28 18:55:50.240  1235  1492 W InputManagerService: Starting input on non-focused client com.android.internal.view.IInputMethodClient$Stub$Proxy@45d20d90 (uid=10089 pid=1865)
10-28 18:55:51.342  1235  1243 I WindowManager: Setting rotation to 1, animFlags=0
10-28 18:55:51.357  1235  1243 I ActivityManager: Config changed: { scale=1.0 imsi=310/4 loc=en_US touch=3 keys=2/1/1 nav=2/1 orien=2 layout=34 uiMode=17 seq=31}
10-28 18:55:51.404  1235  1243 I UsageStats: Unexpected resume of com.snakefish.visms while already resumed in com.snakefish.visms
10-28 18:55:51.896  1235  1890 W InputManagerService: Starting input on non-focused client com.android.internal.view.IInputMethodClient$Stub$Proxy@45d20d90 (uid=10089 pid=1865)
10-28 18:55:51.998  1235  1240 W InputManagerService: Starting input on non-focused client com.android.internal.view.IInputMethodClient$Stub$Proxy@45d20d90 (uid=10089 pid=1865)
10-28 18:55:52.006  1235  2033 W InputManagerService: Starting input on non-focused client com.android.internal.view.IInputMethodClient$Stub$Proxy@45d20d90 (uid=10089 pid=1865)
10-28 18:56:13.772  1235  1243 V DeviceStorageMonitorService: freeMemory=6643642368
10-28 18:56:13.772  1235  1243 V DeviceStorageMonitorService: Threshold Percentage=10
10-28 18:56:13.772  1235  1243 V DeviceStorageMonitorService: mTotalMemory = 70264913
10-28 18:56:13.772  1235  1243 I DeviceStorageMonitorService: Posting Message again
10-28 18:56:19.053  1235  1258 I ActivityManager: Config changed: { scale=1.0 imsi=310/4 loc=en_US touch=3 keys=2/1/2 nav=2/1 orien=2 layout=34 uiMode=17 seq=32}
10-28 18:56:19.100  1235  1258 I UsageStats: Unexpected resume of com.snakefish.visms while already resumed in com.snakefish.visms
10-28 18:56:19.287  1235  1491 W InputManagerService: Starting input on non-focused client com.android.internal.view.IInputMethodClient$Stub$Proxy@45d20d90 (uid=10089 pid=1865)
10-28 18:56:19.342  1235  1347 W InputManagerService: Starting input on non-focused client com.android.internal.view.IInputMethodClient$Stub$Proxy@45d20d90 (uid=10089 pid=1865)
10-28 18:56:19.342  1235  2033 W InputManagerService: Starting input on non-focused client com.android.internal.view.IInputMethodClient$Stub$Proxy@45d20d90 (uid=10089 pid=1865)
10-28 18:56:22.709  1235  1243 I WindowManager: Setting rotation to 0, animFlags=0
10-28 18:56:22.725  1235  1243 I ActivityManager: Config changed: { scale=1.0 imsi=310/4 loc=en_US touch=3 keys=2/1/2 nav=2/1 orien=1 layout=34 uiMode=17 seq=33}
10-28 18:56:22.787  1235  1243 I UsageStats: Unexpected resume of com.snakefish.visms while already resumed in com.snakefish.visms
10-28 18:56:23.107  1235  2033 W InputManagerService: Starting input on non-focused client com.android.internal.view.IInputMethodClient$Stub$Proxy@45d20d90 (uid=10089 pid=1865)
10-28 18:56:23.139  1235  1347 W InputManagerService: Starting input on non-focused client com.android.internal.view.IInputMethodClient$Stub$Proxy@45d20d90 (uid=10089 pid=1865)
10-28 18:56:40.318  1235  1243 D StatusBarPolicy: handleBatteryUpdate
10-28 18:57:13.061  1235  1491 D WifiService: acquireWifiLockLocked: WifiLock{Genie type=1 binder=android.os.BinderProxy@45b158b0}
10-28 18:57:13.776  1235  1243 V DeviceStorageMonitorService: freeMemory=6643642368
10-28 18:57:13.776  1235  1243 V DeviceStorageMonitorService: Threshold Percentage=10
10-28 18:57:13.776  1235  1243 V DeviceStorageMonitorService: mTotalMemory = 70264913
10-28 18:57:13.776  1235  1243 I DeviceStorageMonitorService: Posting Message again
10-28 18:57:24.639  1235  2033 I ActivityManager: Starting activity: Intent { cmp=com.snakefish.visms/.OptionsList }
10-28 18:58:08.443  1235  1488 D WifiService: releaseWifiLockLocked: WifiLock{Genie type=1 binder=android.os.BinderProxy@45b158b0}
10-28 18:58:13.778  1235  1243 V DeviceStorageMonitorService: freeMemory=6643642368
10-28 18:58:13.778  1235  1243 V DeviceStorageMonitorService: Threshold Percentage=10
10-28 18:58:13.778  1235  1243 V DeviceStorageMonitorService: mTotalMemory = 70264913
10-28 18:58:13.778  1235  1243 I DeviceStorageMonitorService: Posting Message again
10-28 18:59:13.781  1235  1243 V DeviceStorageMonitorService: freeMemory=6643642368
10-28 18:59:13.781  1235  1243 V DeviceStorageMonitorService: Threshold Percentage=10
10-28 18:59:13.781  1235  1243 V DeviceStorageMonitorService: mTotalMemory = 70264913
10-28 18:59:13.781  1235  1243 I DeviceStorageMonitorService: Posting Message again
10-28 19:00:13.782  1235  1243 V DeviceStorageMonitorService: freeMemory=6643642368
10-28 19:00:13.782  1235  1243 V DeviceStorageMonitorService: Threshold Percentage=10
10-28 19:00:13.782  1235  1243 V DeviceStorageMonitorService: mTotalMemory = 70264913
10-28 19:00:13.782  1235  1243 I DeviceStorageMonitorService: Posting Message again
10-28 19:01:13.781  1235  1243 V DeviceStorageMonitorService: freeMemory=6643642368
10-28 19:01:13.781  1235  1243 V DeviceStorageMonitorService: Threshold Percentage=10
10-28 19:01:13.781  1235  1243 V DeviceStorageMonitorService: mTotalMemory = 70264913
10-28 19:01:13.781  1235  1243 I DeviceStorageMonitorService: Posting Message again
10-28 19:01:16.287  1235  1243 D StatusBarPolicy: handleBatteryUpdate
--------- beginning of /dev/log/main
10-28 19:01:37.873  1317  1501 D BlurSNMessagingEngine: SNMessagingProvider::getDatabase called
10-28 19:01:37.889  1466  1476 D wubo    : a22417 in getContactName the address comin is :5704000104
10-28 19:01:37.889  1466  1476 D wubo    : a22417 in getContactName the TMConversationUtils.isMultiAddress(address) :false
10-28 19:01:37.889  1466  1476 D wubo    : case 1 a22417 in resolveSingleAddressToName the name  is :null
10-28 19:01:37.889  1466  1476 D wubo    : case 2 a22417 in resolveSingleAddressToName the name  is :null
10-28 19:01:37.943  1466  1476 D TextMsgTransport: case 1 wubo a22417 in getSender the name is :Jim Dudish
10-28 19:01:37.943  1466  1476 D TextMsgTransport: case 1 wubo a22417 in getSender the address is :5704000104
10-28 19:01:37.959  1466  1476 D TextMsgTransport: case 2 wubo a22417 in getSender the name is :Jim Dudish
10-28 19:01:37.959  1466  1476 V TextMsgTransport: DataId: 4488 ContactId: 649 DisplayName >Jim Dudish< when filtering for >5704000104<
10-28 19:01:37.982  1466  1476 D BlurContactsExtensions: ===== targetSize: width=125 height=150
10-28 19:01:38.107  1466  1476 D DateUtil: now.getTimeZone(): Eastern Standard Time
10-28 19:01:38.162  1340  1340 D dalvikvm: GC_EXPLICIT freed 353 objects / 13416 bytes in 37ms
10-28 19:01:41.646  1512  1526 D GroupCache: Groups database table has changed. Refreshing the groups cache
10-28 19:01:41.646  1512  1526 V GroupCache: Queue group cache refresh request, delayed (ms): 3000
10-28 19:01:42.209  1316  1316 I AtCmdDelegate: handle message:1
10-28 19:01:42.248  1235  1240 D AlarmManagerService: Kernel timezone updated to 240 minutes west of GMT
10-28 19:01:44.701  1294  1928 D DEBUG   : Selection used is -null
10-28 19:01:44.701  1512  1526 D GroupCache: Getting user-defined groups
10-28 19:01:44.701  1512  1526 D GroupCache: Encountered group title, Family
10-28 19:01:44.709  1512  1526 D GroupCache: Encountered group title, Imported Contacts
10-28 19:01:44.717  1512  1526 D GroupCache: Encountered group title, Usability
10-28 19:01:44.717  1512  1526 D GroupCache: Encountered source name, null
10-28 19:01:44.717  1512  1526 D SourceCache: Returning stroed ICON FOR-com.motorola.android.buacontactadapter:Phone:
10-28 19:01:44.717  1512  1526 D GroupCache: Encountered source name, blur
10-28 19:01:44.717  1512  1526 D GroupCache: Encountered source name, null
10-28 19:01:44.717  1512  1526 D GroupCache: Encountered source name, facebook
10-28 19:01:44.717  1512  1526 D SourceCache: Returning stroed ICON FOR-com.motorola.blur.service.bsutils.MOTHER_USER_CREDS_TYPE:a0000022712d6a6532772297749992488@random.svcmot.com:facebook
10-28 19:01:44.717  1512  1526 D GroupCache: Encountered source name, facebook
10-28 19:01:44.717  1512  1526 D SourceCache: Returning stroed ICON FOR-com.motorola.blur.service.bsutils.MOTHER_USER_CREDS_TYPE:a0000022712d6a6532772297749992488@random.svcmot.com:facebook
10-28 19:01:44.717  1512  1526 D GroupCache: Notifying observers of the group cache that its state has changed
10-28 19:01:46.053  1316  1316 I AtCmdDelegate: handle message:1
10-28 19:01:46.084  1235  1346 D AlarmManagerService: Kernel timezone updated to 240 minutes west of GMT
10-28 19:01:51.092  1325  1325 D PollingManager: wake lock acquired
10-28 19:01:51.100  1325  1325 D PollingManager: decideWhoNeedsPolling(): polling EmailEngine
10-28 19:01:51.147  1325  1325 D PollingManager: wake lock released
10-28 19:01:51.154  1317  1924 V BlurEmailEngine: Acquired wake lock; count=1
10-28 19:01:51.162  1317  1924 V BlurEmailEngine: Total number of outstanding POLL requests: 0
10-28 19:01:51.162  1317  1924 V BlurEmailEngine: Released wake lock; count=0
10-28 19:01:53.140  1424  1424 D ChipWidgetProvider: a22417 debug in chipwidgetprovider function updatewidget the pendingUpdates is :android.util.SparseIntArray@459efd78
10-28 19:01:53.154  1424  1481 D SocialWidgetProvider: doUpdateWidget id: 2 x: 4 y: 1
10-28 19:01:53.178  1424  1481 D SocialWidgetProvider: filterType: 0
10-28 19:01:53.178  1424  1481 D SocialWidgetProvider: filter: read_state=1 AND pub_date>1288220513183 AND owner=0
10-28 19:01:53.201  1424  1481 D SocialWidgetProvider: ===== getImageDimens: width=103 height=141
10-28 19:01:53.201  1424  1481 D BlurContactsExtensions: ===== targetSize: width=103 height=141
10-28 19:01:53.217  1424  1481 D BlurContactsExtensions: ===== imageStream: imageWidth=100 imageHeight=103
10-28 19:01:53.217  1424  1481 D BlurContactsExtensions: ===== Using default android decode api...
10-28 19:01:53.217  1424  1481 D BlurContactsExtensions: ===== Android image decode:  downSample=1 downScaleX=0 downScaleY=0
10-28 19:01:53.217  1424  1481 D BlurContactsExtensions: ===== Cropping img: cropWidth=75 cropHeight=103
10-28 19:01:53.232  1424  1481 D DateUtil: now.getTimeZone(): Eastern Standard Time
10-28 19:01:53.248  1424  1481 V SocialWidgetProvider: DisplayName: Alex Turek for RawContactId: 622
10-28 19:01:53.271  1424  1481 D SocialWidgetProvider: updated id 2:i think I'll go to Boston. 
10-28 19:01:53.271  1424  1481 D SocialWidgetProvider: I think I'll start a new life! 
10-28 19:01:53.271  1424  1481 D SocialWidgetProvider: i think I'll start it over, where no one knows my name.
10-28 19:01:53.303  1340  1340 D dalvikvm: GC_EXPLICIT freed 309 objects / 12504 bytes in 37ms
10-28 19:02:00.021  1235  1243 D KeyguardUpdateMonitor: received broadcast android.intent.action.TIME_TICK
10-28 19:02:00.029  1235  1259 D KeyguardUpdateMonitor: handleTimeUpdate
10-28 19:02:09.779  1760  1760 D dalvikvm: GC_EXPLICIT freed 3777 objects / 290168 bytes in 70ms
10-28 19:02:13.780  1235  1243 V DeviceStorageMonitorService: freeMemory=6643642368
10-28 19:02:13.780  1235  1243 V DeviceStorageMonitorService: Threshold Percentage=10
10-28 19:02:13.780  1235  1243 V DeviceStorageMonitorService: mTotalMemory = 70264913
10-28 19:02:13.780  1235  1243 I DeviceStorageMonitorService: Posting Message again
10-28 19:02:21.553  3823  6556 I zomut.watchdog.monitor: init
10-28 19:02:21.553  3823  6556 I zomut.watchdog.monitor: begin
10-28 19:02:21.600  3823  6556 D dalvikvm: GC_FOR_MALLOC freed 6994 objects / 538328 bytes in 35ms
10-28 19:02:21.670  3823  6556 D dalvikvm: GC_FOR_MALLOC freed 2991 objects / 507568 bytes in 35ms
10-28 19:02:21.740  3823  6556 D dalvikvm: GC_FOR_MALLOC freed 3046 objects / 514272 bytes in 35ms
10-28 19:02:21.850  3823  6556 D dalvikvm: GC_FOR_MALLOC freed 5535 objects / 500432 bytes in 35ms
10-28 19:02:21.865  3823  6556 I zomut.watchdog.monitor: end
10-28 19:02:26.623  1466  1466 D dalvikvm: GC_EXPLICIT freed 5706 objects / 244280 bytes in 79ms
10-28 19:02:38.110  1466  1466 D ChipWidgetProvider: a22417 debug in chipwidgetprovider function updatewidget the pendingUpdates is :android.util.SparseIntArray@459eb0e8
10-28 19:02:38.193  1317  1501 D BlurSNMessagingEngine: SNMessagingProvider::getDatabase called
10-28 19:02:38.209  1466  1489 D wubo    : a22417 in getContactName the address comin is :5704000104
10-28 19:02:38.209  1466  1489 D wubo    : a22417 in getContactName the TMConversationUtils.isMultiAddress(address) :false
10-28 19:02:38.209  1466  1489 D wubo    : case 1 a22417 in resolveSingleAddressToName the name  is :null
10-28 19:02:38.209  1466  1489 D wubo    : case 2 a22417 in resolveSingleAddressToName the name  is :null
10-28 19:02:38.271  1466  1489 D TextMsgTransport: case 1 wubo a22417 in getSender the name is :Jim Dudish
10-28 19:02:38.271  1466  1489 D TextMsgTransport: case 1 wubo a22417 in getSender the address is :5704000104
10-28 19:02:38.287  1466  1489 D TextMsgTransport: case 2 wubo a22417 in getSender the name is :Jim Dudish
10-28 19:02:38.287  1466  1489 V TextMsgTransport: DataId: 4488 ContactId: 649 DisplayName >Jim Dudish< when filtering for >5704000104<
10-28 19:02:38.311  1466  1489 D BlurContactsExtensions: ===== targetSize: width=125 height=150
10-28 19:02:38.436  1466  1489 D DateUtil: now.getTimeZone(): Eastern Standard Time
10-28 19:02:38.498  1340  1340 D dalvikvm: GC_EXPLICIT freed 353 objects / 13416 bytes in 37ms
10-28 19:02:52.342  1824  1824 D dalvikvm: GC_EXPLICIT freed 3446 objects / 240320 bytes in 69ms
10-28 19:02:53.257  1424  1424 D ChipWidgetProvider: a22417 debug in chipwidgetprovider function updatewidget the pendingUpdates is :android.util.SparseIntArray@459efd78
10-28 19:02:53.271  1424  1448 D SocialWidgetProvider: doUpdateWidget id: 2 x: 4 y: 1
10-28 19:02:53.295  1424  1448 D SocialWidgetProvider: filterType: 0
10-28 19:02:53.295  1424  1448 D SocialWidgetProvider: filter: read_state=1 AND pub_date>1288220573298 AND owner=0
10-28 19:02:53.311  1424  1448 D SocialWidgetProvider: ===== getImageDimens: width=103 height=141
10-28 19:02:53.318  1424  1448 D BlurContactsExtensions: ===== targetSize: width=103 height=141
10-28 19:02:53.334  1424  1448 D BlurContactsExtensions: ===== imageStream: imageWidth=100 imageHeight=103
10-28 19:02:53.334  1424  1448 D BlurContactsExtensions: ===== Using default android decode api...
10-28 19:02:53.334  1424  1448 D BlurContactsExtensions: ===== Android image decode:  downSample=1 downScaleX=0 downScaleY=0
10-28 19:02:53.334  1424  1448 D BlurContactsExtensions: ===== Cropping img: cropWidth=75 cropHeight=103
10-28 19:02:53.350  1424  1448 D DateUtil: now.getTimeZone(): Eastern Standard Time
10-28 19:02:53.365  1424  1448 V SocialWidgetProvider: DisplayName: Alex Turek for RawContactId: 622
10-28 19:02:53.389  1424  1448 D SocialWidgetProvider: updated id 2:i think I'll go to Boston. 
10-28 19:02:53.389  1424  1448 D SocialWidgetProvider: I think I'll start a new life! 
10-28 19:02:53.389  1424  1448 D SocialWidgetProvider: i think I'll start it over, where no one knows my name.
10-28 19:02:53.412  1340  1340 D dalvikvm: GC_EXPLICIT freed 309 objects / 12504 bytes in 37ms
10-28 19:03:00.006  1235  1243 D KeyguardUpdateMonitor: received broadcast android.intent.action.TIME_TICK
10-28 19:03:00.014  1235  1259 D KeyguardUpdateMonitor: handleTimeUpdate
10-28 19:03:05.818  1535  1535 D dalvikvm: GC_EXPLICIT freed 497 objects / 22608 bytes in 100ms
10-28 19:03:13.787  1235  1243 V DeviceStorageMonitorService: freeMemory=6643642368
10-28 19:03:13.787  1235  1243 V DeviceStorageMonitorService: Threshold Percentage=10
10-28 19:03:13.787  1235  1243 V DeviceStorageMonitorService: mTotalMemory = 70264913
10-28 19:03:13.787  1235  1243 I DeviceStorageMonitorService: Posting Message again
10-28 19:03:14.764  1561  1561 D dalvikvm: GC_EXPLICIT freed 603 objects / 32392 bytes in 86ms
10-28 19:03:21.928  3823  6557 I zomut.watchdog.monitor: init
10-28 19:03:21.928  3823  6557 I zomut.watchdog.monitor: begin
10-28 19:03:22.006  3823  6557 D dalvikvm: GC_FOR_MALLOC freed 4482 objects / 561800 bytes in 35ms
10-28 19:03:22.076  3823  6557 D dalvikvm: GC_FOR_MALLOC freed 3081 objects / 516984 bytes in 34ms
10-28 19:03:22.170  3823  6557 D dalvikvm: GC_FOR_MALLOC freed 4198 objects / 503672 bytes in 34ms
10-28 19:03:22.217  3823  6557 I zomut.watchdog.monitor: end
10-28 19:03:38.443  1466  1466 D ChipWidgetProvider: a22417 debug in chipwidgetprovider function updatewidget the pendingUpdates is :android.util.SparseIntArray@459eb0e8
10-28 19:03:38.514  1317  1334 D BlurSNMessagingEngine: SNMessagingProvider::getDatabase called
10-28 19:03:38.529  1466  1476 D wubo    : a22417 in getContactName the address comin is :5704000104
10-28 19:03:38.529  1466  1476 D wubo    : a22417 in getContactName the TMConversationUtils.isMultiAddress(address) :false
10-28 19:03:38.529  1466  1476 D wubo    : case 1 a22417 in resolveSingleAddressToName the name  is :null
10-28 19:03:38.529  1466  1476 D wubo    : case 2 a22417 in resolveSingleAddressToName the name  is :null
10-28 19:03:38.584  1466  1476 D TextMsgTransport: case 1 wubo a22417 in getSender the name is :Jim Dudish
10-28 19:03:38.584  1466  1476 D TextMsgTransport: case 1 wubo a22417 in getSender the address is :5704000104
10-28 19:03:38.600  1466  1476 D TextMsgTransport: case 2 wubo a22417 in getSender the name is :Jim Dudish
10-28 19:03:38.600  1466  1476 V TextMsgTransport: DataId: 4488 ContactId: 649 DisplayName >Jim Dudish< when filtering for >5704000104<
10-28 19:03:38.623  1466  1476 D BlurContactsExtensions: ===== targetSize: width=125 height=150
10-28 19:03:38.740  1466  1476 D DateUtil: now.getTimeZone(): Eastern Standard Time
10-28 19:03:38.803  1340  1340 D dalvikvm: GC_EXPLICIT freed 353 objects / 13416 bytes in 41ms
10-28 19:04:00.006  1235  1243 D KeyguardUpdateMonitor: received broadcast android.intent.action.TIME_TICK
10-28 19:04:00.014  1235  1259 D KeyguardUpdateMonitor: handleTimeUpdate
10-28 19:04:13.788  1235  1243 V DeviceStorageMonitorService: freeMemory=6643642368
10-28 19:04:13.788  1235  1243 V DeviceStorageMonitorService: Threshold Percentage=10
10-28 19:04:13.788  1235  1243 V DeviceStorageMonitorService: mTotalMemory = 70264913
10-28 19:04:13.788  1235  1243 I DeviceStorageMonitorService: Posting Message again
10-28 19:04:20.059  1235  1243 D KeyguardUpdateMonitor: received broadcast android.intent.action.TIME_SET
10-28 19:04:20.067  1235  1259 D KeyguardUpdateMonitor: handleTimeUpdate
10-28 19:04:20.208  1235  1890 D dalvikvm: GC_EXPLICIT freed 32300 objects / 1367608 bytes in 108ms
10-28 19:04:20.262  1563  6559 D CalAppWidgetService: SERVICE RUN: widgetId: 9
10-28 19:04:20.262  1563  6559 D CalAppWidgetService: spanX: 4
10-28 19:04:20.262  1563  6559 D CalAppWidgetService: spanX: 1
10-28 19:04:20.293  1563  1563 D AlertReceiver: onReceive: a=android.intent.action.TIME_SET Intent { act=android.intent.action.TIME_SET flg=0x20000000 cmp=com.android.calendar/.AlertReceiver }
10-28 19:04:20.309  1563  6560 D AlertService: 0 Action = android.intent.action.TIME_SET
10-28 19:04:20.333  1561  1561 I FotaAutoUpdate: autoUpdateFeatureOn:falseautoUpdateAirtimeFree:falseautoUpdateInterval:1209600autoUpdateImplicitDeferInterval:86400autoUpdateAfterMDNChangeInterval:120
10-28 19:04:20.333  1561  1561 I FotaAutoUpdate: onStart Called:android.intent.action.TIME_SET
10-28 19:04:20.333  1561  1561 V FotaAutoUpdate: mServiceHandler is not null
10-28 19:04:20.334  1512  1526 D GroupCache: Groups database table has changed. Refreshing the groups cache
10-28 19:04:20.342  1512  1526 V GroupCache: Queue group cache refresh request, delayed (ms): 3000
10-28 19:04:20.348  1563  6559 D CalAppWidgetService: Widget Calendar Selection string: Calendars.SELECTED=1
10-28 19:04:20.356  1563  6560 D Calendar: missed alarms found: 0
10-28 19:04:20.364  1563  6559 D CalAppWidgetService: WVGA device
10-28 19:04:20.364  1563  6559 D CalAppWidgetService: 4x1
10-28 19:04:20.364  1561  6561 I FotaAutoUpdate: handleMessage(android.intent.action.TIME_SET)
10-28 19:04:20.372  1563  6559 D CalAppWidgetService: setHeader() - went into high density if
10-28 19:04:20.442  1340  1340 D dalvikvm: GC_EXPLICIT freed 622 objects / 22912 bytes in 50ms
10-28 19:04:20.450  1563  6559 D CalAppWidgetService: no requested update or expired wakelock, bailing
10-28 19:04:20.458  1563  6560 D AlertService: alert count:1
10-28 19:04:20.458  1563  6560 D AlertService: alarmTime:1288303200000 alertId:37 eventId:181 state: 1 minutes:120 declined:false beginTime:1288310400000 endTime:1288396800000
10-28 19:04:20.514  1316  1316 I AtCmdDelegate: handle message:1
10-28 19:04:20.545  1235  1492 D AlarmManagerService: Kernel timezone updated to 240 minutes west of GMT
10-28 19:04:20.561  1316  1316 D SystemClock: Setting time of day to sec=1288307060
10-28 19:04:20.817  1563  6560 D AlertService: ###### creating new alarm notification, numReminders: 1 QUIET
10-28 19:04:21.778  3823  6562 I zomut.watchdog.monitor: init
10-28 19:04:21.794  3823  6562 I zomut.watchdog.monitor: begin
10-28 19:04:21.856  3823  6562 D dalvikvm: GC_FOR_MALLOC freed 5776 objects / 549432 bytes in 35ms
10-28 19:04:21.926  3823  6562 D dalvikvm: GC_FOR_MALLOC freed 3068 objects / 508880 bytes in 34ms
10-28 19:04:21.997  3823  6562 D dalvikvm: GC_FOR_MALLOC freed 3034 objects / 514464 bytes in 35ms
10-28 19:04:22.067  3823  6562 I zomut.watchdog.monitor: end
10-28 19:04:22.879  1294  2032 D DEBUG   : Selection used is -null
10-28 19:04:22.879  1512  1526 D GroupCache: Getting user-defined groups
10-28 19:04:22.887  1512  1526 D GroupCache: Encountered group title, Family
10-28 19:04:22.903  1512  1526 D GroupCache: Encountered group title, Imported Contacts
10-28 19:04:22.911  1512  1526 D GroupCache: Encountered group title, Usability
10-28 19:04:22.911  1512  1526 D GroupCache: Encountered source name, null
10-28 19:04:22.911  1512  1526 D SourceCache: Returning stroed ICON FOR-com.motorola.android.buacontactadapter:Phone:
10-28 19:04:22.911  1512  1526 D GroupCache: Encountered source name, blur
10-28 19:04:22.911  1512  1526 D GroupCache: Encountered source name, null
10-28 19:04:22.911  1512  1526 D GroupCache: Encountered source name, facebook
10-28 19:04:22.911  1512  1526 D SourceCache: Returning stroed ICON FOR-com.motorola.blur.service.bsutils.MOTHER_USER_CREDS_TYPE:a0000022712d6a6532772297749992488@random.svcmot.com:facebook
10-28 19:04:22.911  1512  1526 D GroupCache: Encountered source name, facebook
10-28 19:04:22.911  1512  1526 D SourceCache: Returning stroed ICON FOR-com.motorola.blur.service.bsutils.MOTHER_USER_CREDS_TYPE:a0000022712d6a6532772297749992488@random.svcmot.com:facebook
10-28 19:04:22.918  1512  1526 D GroupCache: Notifying observers of the group cache that its state has changed
10-28 19:04:24.278  1316  1316 I AtCmdDelegate: handle message:1
10-28 19:04:24.333  1235  1492 D AlarmManagerService: Kernel timezone updated to 240 minutes west of GMT
10-28 19:05:00.012  1235  1243 D KeyguardUpdateMonitor: received broadcast android.intent.action.TIME_TICK
10-28 19:05:00.012  1235  1259 D KeyguardUpdateMonitor: handleTimeUpdate
10-28 19:05:05.161  1563  1563 D dalvikvm: GC_EXPLICIT freed 5506 objects / 325208 bytes in 102ms
10-28 19:05:13.278  1235  1243 V DeviceStorageMonitorService: freeMemory=6643642368
10-28 19:05:13.278  1235  1243 V DeviceStorageMonitorService: Threshold Percentage=10
10-28 19:05:13.278  1235  1243 V DeviceStorageMonitorService: mTotalMemory = 70264913
10-28 19:05:13.278  1235  1243 I DeviceStorageMonitorService: Posting Message again
10-28 19:05:22.122  3823  6564 I zomut.watchdog.monitor: init
10-28 19:05:22.129  3823  6564 I zomut.watchdog.monitor: begin
10-28 19:05:22.184  3823  6564 D dalvikvm: GC_FOR_MALLOC freed 7045 objects / 552712 bytes in 35ms
10-28 19:05:22.254  3823  6564 D dalvikvm: GC_FOR_MALLOC freed 2995 objects / 505544 bytes in 38ms
10-28 19:05:22.325  3823  6564 D dalvikvm: GC_FOR_MALLOC freed 3041 objects / 514048 bytes in 35ms
10-28 19:05:22.403  3823  6564 I zomut.watchdog.monitor: end
10-28 19:05:28.676  1384  1384 D dalvikvm: GC_EXPLICIT freed 5291 objects / 404768 bytes in 107ms
10-28 19:05:55.543  1544  1544 D dalvikvm: GC_EXPLICIT freed 8939 objects / 435368 bytes in 85ms
10-28 19:06:00.012  1235  1243 D KeyguardUpdateMonitor: received broadcast android.intent.action.TIME_TICK
10-28 19:06:00.012  1235  1259 D KeyguardUpdateMonitor: handleTimeUpdate
10-28 19:06:13.283  1235  1243 V DeviceStorageMonitorService: freeMemory=6643642368
10-28 19:06:13.283  1235  1243 V DeviceStorageMonitorService: Threshold Percentage=10
10-28 19:06:13.283  1235  1243 V DeviceStorageMonitorService: mTotalMemory = 70264913
10-28 19:06:13.283  1235  1243 I DeviceStorageMonitorService: Posting Message again
10-28 19:06:22.458  3823  6565 I zomut.watchdog.monitor: init
10-28 19:06:22.458  3823  6565 I zomut.watchdog.monitor: begin
10-28 19:06:22.512  3823  6565 D dalvikvm: GC_FOR_MALLOC freed 6978 objects / 539280 bytes in 35ms
10-28 19:06:22.583  3823  6565 D dalvikvm: GC_FOR_MALLOC freed 2996 objects / 515064 bytes in 35ms
10-28 19:06:22.653  3823  6565 D dalvikvm: GC_FOR_MALLOC freed 3033 objects / 505512 bytes in 35ms
10-28 19:06:22.739  3823  6565 I zomut.watchdog.monitor: end
10-28 19:06:39.926  1235  1243 I InputManagerService: received close system dialog event
10-28 19:06:39.942  1235  1260 I ActivityManager: Starting activity: Intent { act=android.intent.action.MAIN cat=[android.intent.category.HOME] flg=0x10200000 cmp=com.motorola.blur.home/.HomeActivity }
10-28 19:06:39.958  1544  1544 D ComposeMsgActivity: Power Long Key Press - BroadcastReceiver - START
10-28 19:06:39.958  1544  1544 D ComposeMsgActivity: Power Long Key Press - BroadcastReceiver - END
10-28 19:06:39.973  1544  1544 V MessageUtils: MSG-TABLE - query START, uri=content://sms, projection=(_id body priority ), selection=thread_id=14 AND type=3, args=
10-28 19:06:39.997  1235  1488 W InputManagerService: Starting input on non-focused client com.android.internal.view.IInputMethodClient$Stub$Proxy@45bac1d0 (uid=10005 pid=1340)
10-28 19:06:39.997  1235  1346 W InputManagerService: Ignoring hideSoftInput of: com.android.internal.view.IInputMethodClient$Stub$Proxy@45d77f50
10-28 19:06:40.028  1844  1844 W WidgetAidService: BroadcastReceiver onReceive called
10-28 19:06:40.028  1844  1844 D WidgetAidService: ACTION_HOME_SCREEN_CHANGED - 3
10-28 19:06:40.028  1235  2033 W InputManagerService: Starting input on non-focused client com.android.internal.view.IInputMethodClient$Stub$Proxy@45d1e930 (uid=10114 pid=6054)
10-28 19:06:40.051  1844  1844 D WidgetAidService: HomeScreen gained focus/panned
10-28 19:06:40.215  1544  1544 V MessageUtils: MSG-TABLE - query END, counter=-23, cursor=android.content.ContentResolver$CursorWrapperInner@458e5930, stack= <- log <- verbose <- query <- queryDraftSmsMessage <- deleteTemporarySmsMessage
10-28 19:06:40.215  1544  1544 V MessageUtils: MSG-TABLE - close, counter=-24, cursor=android.content.ContentResolver$CursorWrapperInner@458e5930, stack= <- log <- verbose <- closeCursor <- deleteTemporarySmsMessage <- access$4800
10-28 19:06:40.239  1844  1844 D WidgetAidService: widgetScreenIndex - 5
10-28 19:06:40.247  1544  6567 V MessageUtils: MSG-TABLE - query START, uri=content://mms-sms/draft, projection=(thread_id ), selection=null, args=
10-28 19:06:40.247  1544  6567 V MessageUtils: MSG-TABLE - query END, counter=-23, cursor=android.content.ContentResolver$CursorWrapperInner@4590d878, stack= <- log <- verbose <- query <- rebuildCache <- access$000
10-28 19:06:40.254  1544  6567 V MessageUtils: MSG-TABLE - close, counter=-24, cursor=android.content.ContentResolver$CursorWrapperInner@4590d878, stack= <- log <- verbose <- closeCursor <- rebuildCache <- access$000
10-28 19:06:41.903  1235  1490 I ActivityManager: Starting activity: Intent { act=android.intent.action.MAIN cat=[android.intent.category.LAUNCHER] flg=0x10200000 cmp=com.adobe.reader/.AdobeReader bnds=[5,446][115,564] }
10-28 19:06:42.036  1844  1844 W WidgetAidService: BroadcastReceiver onReceive called
10-28 19:06:42.036  1844  1844 D WidgetAidService: ACTION_HOME_SCREEN_CHANGED - -1
10-28 19:06:42.044  1235  1889 I ActivityManager: Start proc com.adobe.reader for activity com.adobe.reader/.AdobeReader: pid=6568 uid=10097 gids={}
10-28 19:06:42.051  6568  6568 E dalvikvm: could not disable core file generation for pid 6568, errno=1
10-28 19:06:42.051  1844  1844 D WidgetAidService: HomeScreen has lost focus, store the previous state and move to pause
10-28 19:06:42.051  1844  1844 D WidgetAidService: Ignoring the HOME_SCREEN_CHANGED notification as the player is either in paused/playing state
10-28 19:06:42.676  6568  6568 D dalvikvm: Trying to load lib /data/data/com.adobe.reader/lib/libAdobeReader.so 0x459afae8
10-28 19:06:42.809  6568  6568 D dalvikvm: Added shared lib /data/data/com.adobe.reader/lib/libAdobeReader.so 0x459afae8
10-28 19:06:42.833  1235  1346 D Sensors : using sensors (name=sensors)
10-28 19:06:42.840  1235  1346 D SensorService: android_open numFds = 1
10-28 19:06:42.840  1235  1346 D SensorService: android_open fd = 0x4d18299c pfd = 0x4d182998
10-28 19:06:42.895  6568  6568 D dalvikvm: GC_EXTERNAL_ALLOC freed 1283 objects / 84616 bytes in 43ms
10-28 19:06:42.973  1235  1490 I ActivityManager: Starting activity: Intent { cmp=com.adobe.reader/.ARFileOpen }
10-28 19:06:43.372  1235  1257 I ActivityManager: Displayed activity com.adobe.reader/.ARFileOpen: 394 ms (total 1331 ms)
10-28 19:06:51.583  6568  6568 W KeyCharacterMap: Can't open keycharmap file
10-28 19:06:51.583  6568  6568 W KeyCharacterMap: Error loading keycharmap file '/system/usr/keychars/qtouch-touchscreen.kcm.bin'. hw.keyboards.65538.devname='qtouch-touchscreen'
10-28 19:06:51.583  6568  6568 W KeyCharacterMap: Using default keymap: /system/usr/keychars/qwerty.kcm.bin
10-28 19:06:53.551  1235  1491 W InputManagerService: Window already focused, ignoring focus gain of: com.android.internal.view.IInputMethodClient$Stub$Proxy@45cfedb8
10-28 19:06:57.239  1235  1492 W InputManagerService: Window already focused, ignoring focus gain of: com.android.internal.view.IInputMethodClient$Stub$Proxy@45bc4df0
10-28 19:06:58.442  1235  1492 W InputManagerService: Starting input on non-focused client com.android.internal.view.IInputMethodClient$Stub$Proxy@45c059b0 (uid=10097 pid=6568)
10-28 19:06:58.458  1844  1844 W WidgetAidService: BroadcastReceiver onReceive called
10-28 19:06:58.458  1844  1844 D WidgetAidService: ACTION_HOME_SCREEN_CHANGED - 3
10-28 19:06:58.465  1844  1844 D WidgetAidService: HomeScreen gained focus/panned
10-28 19:06:58.512  1844  1844 D WidgetAidService: widgetScreenIndex - 5
10-28 19:06:58.559  6568  6568 D dalvikvm: GC_EXPLICIT freed 1409 objects / 74792 bytes in 33ms
10-28 19:07:00.004  1235  1243 D KeyguardUpdateMonitor: received broadcast android.intent.action.TIME_TICK
10-28 19:07:00.004  1235  1259 D KeyguardUpdateMonitor: handleTimeUpdate
10-28 19:07:05.075  1340  1340 D dalvikvm: GC_EXTERNAL_ALLOC freed 1010 objects / 70152 bytes in 50ms
10-28 19:07:06.450  1235  2033 I ActivityManager: Starting activity: Intent { act=android.intent.action.MAIN cat=[android.intent.category.LAUNCHER] flg=0x10200000 cmp=com.snakefish.visms/.IncomingMessage }
10-28 19:07:06.458  1844  1844 W WidgetAidService: BroadcastReceiver onReceive called
10-28 19:07:06.458  1844  1844 D WidgetAidService: ACTION_HOME_SCREEN_CHANGED - -1
10-28 19:07:06.497  1844  1844 D WidgetAidService: HomeScreen has lost focus, store the previous state and move to pause
10-28 19:07:06.543  1844  1844 D WidgetAidService: Ignoring the HOME_SCREEN_CHANGED notification as the player is either in paused/playing state
10-28 19:07:06.575  1235  2149 W InputManagerService: Starting input on non-focused client com.android.internal.view.IInputMethodClient$Stub$Proxy@45bac1d0 (uid=10005 pid=1340)
10-28 19:07:07.606  1844  1844 W WidgetAidService: BroadcastReceiver onReceive called
10-28 19:07:07.606  1844  1844 D WidgetAidService: ACTION_HOME_SCREEN_CHANGED - 3
10-28 19:07:07.645  1844  1844 D WidgetAidService: HomeScreen gained focus/panned
10-28 19:07:07.645  1235  1491 W InputManagerService: Starting input on non-focused client com.android.internal.view.IInputMethodClient$Stub$Proxy@45d1e930 (uid=10114 pid=6054)
10-28 19:07:07.801  1844  1844 D WidgetAidService: widgetScreenIndex - 5
10-28 19:07:10.762  1235  2089 I ActivityManager: Starting activity: Intent { act=android.intent.action.MAIN cat=[android.intent.category.LAUNCHER] flg=0x10200000 cmp=com.snakefish.visms/.ConversationsActivity }
10-28 19:07:10.809  1844  1844 W WidgetAidService: BroadcastReceiver onReceive called
10-28 19:07:10.809  1844  1844 D WidgetAidService: ACTION_HOME_SCREEN_CHANGED - -1
10-28 19:07:10.817  1844  1844 D WidgetAidService: HomeScreen has lost focus, store the previous state and move to pause
10-28 19:07:10.879  1844  1844 D WidgetAidService: Ignoring the HOME_SCREEN_CHANGED notification as the player is either in paused/playing state
10-28 19:07:10.879  6054  6054 V com.snakefish.visms.ConversationsActivity@45a0cc98: Filling inbox from database...
10-28 19:07:10.903  6054  6054 I TTS received: : Conversation List
10-28 19:07:10.903  1437  1442 V TtsService: TTS service received Conversation List
10-28 19:07:10.903  1437  1442 I TtsService: Stopping
10-28 19:07:10.918  1437  1442 I TtsService: Stopped
10-28 19:07:10.918  1437  1442 V TtsService: TTS processing: Conversation List
10-28 19:07:10.934  1437  6581 V TtsService: TtsService.setLanguage(eng, USA, )
10-28 19:07:10.934  1437  6581 I SVOX Pico Engine: Language already loaded (en-US == en-US)
10-28 19:07:10.934  1437  6581 I SynthProxy: setting speech rate to 100
10-28 19:07:10.934  1437  6581 I SynthProxy: setting pitch to 100
10-28 19:07:11.043  1138  1232 D AudioHardwareMot: AudioStreamOut::wake: disabling SRC
10-28 19:07:11.051  1138  1232 D AudioHardwareMot: Output 0xb668 exiting standby
10-28 19:07:11.145  1235  1491 W InputManagerService: Starting input on non-focused client com.android.internal.view.IInputMethodClient$Stub$Proxy@45bac1d0 (uid=10005 pid=1340)
10-28 19:07:11.239  1138  1232 W AudioFlinger: write blocked for 196 msecs, 4 delayed writes, thread 0xbaf0
10-28 19:07:11.239  1138  1232 D AudioHardwareMot: AudioStreamOutMot::setParameters() fm_attenuate=0;fm_mute=0
10-28 19:07:12.254  1235  1240 W InputManagerService: Starting input on non-focused client com.android.internal.view.IInputMethodClient$Stub$Proxy@45d1e930 (uid=10114 pid=6054)
10-28 19:07:12.411  1844  1844 W WidgetAidService: BroadcastReceiver onReceive called
10-28 19:07:12.411  1844  1844 D WidgetAidService: ACTION_HOME_SCREEN_CHANGED - 3
10-28 19:07:12.473  1844  1844 D WidgetAidService: HomeScreen gained focus/panned
10-28 19:07:12.575  1844  1844 D WidgetAidService: widgetScreenIndex - 5
10-28 19:07:12.590  1235  1491 I ActivityManager: Process com.google.android.partnersetup (pid 1638) has died.
10-28 19:07:12.692  1340  1340 W KeyCharacterMap: Can't open keycharmap file
10-28 19:07:12.692  1340  1340 W KeyCharacterMap: Error loading keycharmap file '/system/usr/keychars/qtouch-touchscreen.kcm.bin'. hw.keyboards.65538.devname='qtouch-touchscreen'
10-28 19:07:12.692  1340  1340 W KeyCharacterMap: Using default keymap: /system/usr/keychars/qwerty.kcm.bin
10-28 19:07:13.286  1235  1243 V DeviceStorageMonitorService: freeMemory=6643642368
10-28 19:07:13.286  1235  1243 V DeviceStorageMonitorService: Threshold Percentage=10
10-28 19:07:13.286  1235  1243 V DeviceStorageMonitorService: mTotalMemory = 70264913
10-28 19:07:13.286  1235  1243 I DeviceStorageMonitorService: Posting Message again
10-28 19:07:15.513  1138  1232 D AudioHardwareMot: AudioStreamOutMot::standby called
10-28 19:07:15.513  1138  1232 D AudioHardwareMot: Output 0xb668 entering standby
10-28 19:07:15.520  1138  1232 D AudioHardwareMot: Closing Output device
10-28 19:07:22.794  3823  6584 I zomut.watchdog.monitor: init
10-28 19:07:22.801  3823  6584 I zomut.watchdog.monitor: begin
10-28 19:07:22.848  3823  6584 D dalvikvm: GC_FOR_MALLOC freed 6962 objects / 536496 bytes in 40ms
10-28 19:07:22.918  3823  6584 D dalvikvm: GC_FOR_MALLOC freed 3034 objects / 517864 bytes in 34ms
10-28 19:07:22.989  3823  6584 D dalvikvm: GC_FOR_MALLOC freed 3030 objects / 513784 bytes in 35ms
10-28 19:07:23.098  3823  6584 D dalvikvm: GC_FOR_MALLOC freed 5341 objects / 491184 bytes in 34ms
10-28 19:07:23.122  3823  6584 I zomut.watchdog.monitor: end
10-28 19:07:31.348  1316  1316 D dalvikvm: GC_FOR_MALLOC freed 12667 objects / 570832 bytes in 80ms
10-28 19:07:50.481  1235  1254 D BatteryTempPolicy: updateBatteryTemp temperature = 280, Threshhold = 3
10-28 19:07:50.497  1235  1243 D KeyguardUpdateMonitor: received broadcast android.intent.action.BATTERY_CHANGED
10-28 19:07:50.497  1235  1259 D KeyguardUpdateMonitor: handleBatteryUpdate
10-28 19:07:50.543  1235  1243 D StatusBarPolicy: handleBatteryUpdate
10-28 19:07:50.551  5509  5509 E GlobalUnplugService: plugged = true,mBatteryPlugged=true
10-28 19:07:52.864  1424  1424 D ChipWidgetProvider: a22417 debug in chipwidgetprovider function updatewidget the pendingUpdates is :android.util.SparseIntArray@459efd78
10-28 19:07:52.879  1424  1481 D SocialWidgetProvider: doUpdateWidget id: 2 x: 4 y: 1
10-28 19:07:52.911  1424  1481 D SocialWidgetProvider: filterType: 0
10-28 19:07:52.911  1424  1481 D SocialWidgetProvider: filter: read_state=1 AND pub_date>1288220872916 AND owner=0
10-28 19:07:52.926  1424  1481 D SocialWidgetProvider: ===== getImageDimens: width=103 height=141
10-28 19:07:52.926  1424  1481 D BlurContactsExtensions: ===== targetSize: width=103 height=141
10-28 19:07:52.942  1424  1481 D BlurContactsExtensions: ===== imageStream: imageWidth=100 imageHeight=103
10-28 19:07:52.942  1424  1481 D BlurContactsExtensions: ===== Using default android decode api...
10-28 19:07:52.942  1424  1481 D BlurContactsExtensions: ===== Android image decode:  downSample=1 downScaleX=0 downScaleY=0
10-28 19:07:52.942  1424  1481 D BlurContactsExtensions: ===== Cropping img: cropWidth=75 cropHeight=103
10-28 19:07:52.958  1424  1481 D DateUtil: now.getTimeZone(): Eastern Standard Time
10-28 19:07:52.973  1424  1481 V SocialWidgetProvider: DisplayName: Alex Turek for RawContactId: 622
10-28 19:07:52.997  1424  1481 D SocialWidgetProvider: updated id 2:i think I'll go to Boston. 
10-28 19:07:52.997  1424  1481 D SocialWidgetProvider: I think I'll start a new life! 
10-28 19:07:52.997  1424  1481 D SocialWidgetProvider: i think I'll start it over, where no one knows my name.
10-28 19:07:53.028  1340  1340 D dalvikvm: GC_EXPLICIT freed 5361 objects / 300024 bytes in 43ms
10-28 19:08:00.012  1235  1243 D KeyguardUpdateMonitor: received broadcast android.intent.action.TIME_TICK
10-28 19:08:00.012  1235  1259 D KeyguardUpdateMonitor: handleTimeUpdate
10-28 19:08:13.287  1235  1243 V DeviceStorageMonitorService: freeMemory=6643642368
10-28 19:08:13.287  1235  1243 V DeviceStorageMonitorService: Threshold Percentage=10
10-28 19:08:13.287  1235  1243 V DeviceStorageMonitorService: mTotalMemory = 70264913
10-28 19:08:13.287  1235  1243 I DeviceStorageMonitorService: Posting Message again
10-28 19:08:23.176  3823  6586 I zomut.watchdog.monitor: init
10-28 19:08:23.176  3823  6586 I zomut.watchdog.monitor: begin
10-28 19:08:23.247  3823  6586 D dalvikvm: GC_FOR_MALLOC freed 4664 objects / 562552 bytes in 35ms
10-28 19:08:23.317  3823  6586 D dalvikvm: GC_FOR_MALLOC freed 3043 objects / 506632 bytes in 35ms
10-28 19:08:23.411  3823  6586 D dalvikvm: GC_FOR_MALLOC freed 4171 objects / 518168 bytes in 35ms
10-28 19:08:23.450  3823  6586 I zomut.watchdog.monitor: end
10-28 19:08:38.239  1466  1466 D ChipWidgetProvider: a22417 debug in chipwidgetprovider function updatewidget the pendingUpdates is :android.util.SparseIntArray@459eb0e8
10-28 19:08:38.309  1317  2828 D BlurSNMessagingEngine: SNMessagingProvider::getDatabase called
10-28 19:08:38.325  1466  1489 D wubo    : a22417 in getContactName the address comin is :5704000104
10-28 19:08:38.325  1466  1489 D wubo    : a22417 in getContactName the TMConversationUtils.isMultiAddress(address) :false
10-28 19:08:38.325  1466  1489 D wubo    : case 1 a22417 in resolveSingleAddressToName the name  is :null
10-28 19:08:38.325  1466  1489 D wubo    : case 2 a22417 in resolveSingleAddressToName the name  is :null
