10-28 19:53:28.657  1384  7155 D dalvikvm: GC_EXPLICIT freed 6479 objects / 376744 bytes in 40ms
10-28 19:53:32.650  1316  1394 I global  : Default buffer size used in BufferedOutputStream constructor. It would be better to be explicit if an 8k buffer is required.
10-28 19:53:32.650  1316  1316 D SMSDispatcher: New SMS Message Received
10-28 19:53:32.728  1651  1651 V sms     : received SMS is not '//F1' sms!
10-28 19:53:32.736  1544  1544 V SmsReceiver: beginStartingService - START
10-28 19:53:32.736  1544  1544 V SmsReceiver: beginStartingService - synchronized
10-28 19:53:32.736  1544  1544 V SmsReceiver: beginStartingService - Power waked lock acquire request
10-28 19:53:32.845  1235  2149 D dalvikvm: GC_EXPLICIT freed 36772 objects / 1647232 bytes in 110ms
10-28 19:53:32.845  1544  1544 V SmsReceiver: beginStartingService - Power waked lock acquire done
10-28 19:53:32.845  1544  1544 V MessageUtils: MSG-THREAD START - startService, intent=Intent { act=android.provider.Telephony.SMS_RECEIVED cmp=com.motorola.blur.conversations/.transaction.SmsReceiverService (has extras) }
10-28 19:53:32.853  1544  1544 V SmsReceiver: beginStartingService - END
10-28 19:53:32.915  1235  2089 I ActivityManager: Starting activity: Intent { flg=0x30000000 cmp=com.snakefish.visms/.IncomingMessage (has extras) }
10-28 19:53:32.923  1544  7156 V MessageUtils: MSG-THREAD END - startService
10-28 19:53:32.923  1544  1544 V SmsReceiverService: onCreate() - START
10-28 19:53:32.923  1544  1544 V SmsReceiverService: onCreate() - END
10-28 19:53:32.931  1544  1544 V SmsReceiverService: onStartCommand() - START, startId=1, intent=Intent { act=android.provider.Telephony.SMS_RECEIVED cmp=com.motorola.blur.conversations/.transaction.SmsReceiverService (has extras) }
10-28 19:53:32.931  1544  1544 V SmsReceiverService: onStartCommand() - END
10-28 19:53:32.962  1844  1844 W WidgetAidService: BroadcastReceiver onReceive called
10-28 19:53:33.001  1844  1844 D WidgetAidService: ACTION_HOME_SCREEN_CHANGED - -1
10-28 19:53:33.017  6054  6054 V SmsDbAdapter: Entering value with threadId = 0
10-28 19:53:33.025  1844  1844 D WidgetAidService: HomeScreen has lost focus, store the previous state and move to pause
10-28 19:53:33.025  1844  1844 D WidgetAidService: Ignoring the HOME_SCREEN_CHANGED notification as the player is either in paused/playing state
10-28 19:53:33.040  1544  7157 V SmsReceiverService: Handling incoming message - START: { what=0 when=63587954 arg1=1 obj=Intent { act=android.provider.Telephony.SMS_RECEIVED cmp=com.motorola.blur.conversations/.transaction.SmsReceiverService (has extras) } }
10-28 19:53:33.040  1544  7157 V SmsReceiverService: handleSmsReceived() - START
10-28 19:53:33.048  1544  7157 V MessageSettings: getAnonymousRecipientPrompt, result=50856042
10-28 19:53:33.048  1544  7157 V Telephony: getOrCreateThreadId uri: content://mms-sms/threadID?recipient=5704000104
10-28 19:53:33.079  6054  6054 I TTS received: : New message received
10-28 19:53:33.079  1437  1441 V TtsService: TTS service received New message received
10-28 19:53:33.079  1437  1441 I TtsService: Stopping
10-28 19:53:33.079  1437  1441 I TtsService: Stopped
10-28 19:53:33.079  1437  1441 V TtsService: TTS processing: New message received
10-28 19:53:33.095  1437  7158 V TtsService: TtsService.setLanguage(eng, USA, )
10-28 19:53:33.095  1437  7158 I SVOX Pico Engine: Language already loaded (en-US == en-US)
10-28 19:53:33.103  1437  7158 I SynthProxy: setting speech rate to 100
10-28 19:53:33.103  1437  7158 I SynthProxy: setting pitch to 100
10-28 19:53:33.197  1138  1232 D AudioHardwareMot: AudioStreamOut::wake: disabling SRC
10-28 19:53:33.204  1138  1232 D AudioHardwareMot: Output 0xb668 exiting standby
10-28 19:53:33.236  1544  7157 V Telephony: getOrCreateThreadId cursor cnt: 1
10-28 19:53:33.275  1138  1232 D AudioHardwareMot: AudioStreamOutMot::setParameters() fm_attenuate=0;fm_mute=0
10-28 19:53:33.478  1544  7157 V Recycler: deleteOldMessagesByThread this: com.motorola.blur.conversations.util.Recycler@458fb998 threadId: 9
10-28 19:53:33.486  1544  7157 V Recycler: deleteMessagesForThread
10-28 19:53:33.486  1544  7157 V MessageUtils: MSG-TABLE - query START, uri=content://mms-sms/sortedConversations/9, projection=(sort_index ), selection=null, args=
10-28 19:53:33.501  1544  7157 V MessageUtils: MSG-TABLE - query END, counter=-23, cursor=android.content.ContentResolver$CursorWrapperInner@459382f0, stack= <- log <- verbose <- query <- deleteMessagesForThread <- deleteOldMessagesByThread
10-28 19:53:33.501  1544  7157 V Recycler: deleteMessagesForThread keep: 200 count: 13 numberToDelete: -187
10-28 19:53:33.501  1544  7157 V MessageUtils: MSG-TABLE - close, counter=-24, cursor=android.content.ContentResolver$CursorWrapperInner@459382f0, stack= <- log <- verbose <- closeCursor <- deleteMessagesForThread <- deleteOldMessagesByThread
10-28 19:53:33.509  1544  7157 D SmsReceiverService: SMS-STATUS - SMS Received, messageUri: content://sms/88, errorCode: 0, address: 5704000104, body: Bingo.
10-28 19:53:33.517  1544  7157 V MessageUtils: MSG-TABLE - query START, uri=content://mms, projection=(thread_id date _id sub sub_cs ), selection=(msg_box=1 AND seen=0 AND (m_type=132)), args=
10-28 19:53:33.525  1544  7157 V MessageUtils: MSG-TABLE - query END, counter=-23, cursor=android.content.ContentResolver$CursorWrapperInner@4590bb78, stack= <- log <- verbose <- query <- getMmsNewMessageNotificationInfo <- updateNewMessageIndicator
10-28 19:53:33.525  1544  7157 V MessageUtils: MSG-TABLE - close, counter=-24, cursor=android.content.ContentResolver$CursorWrapperInner@4590bb78, stack= <- log <- verbose <- closeCursor <- getMmsNewMessageNotificationInfo <- updateNewMessageIndicator
10-28 19:53:33.533  1544  7157 V MessageUtils: MSG-TABLE - query START, uri=content://sms, projection=(thread_id date address subject body priority ), selection=(type = 1 AND seen = 0), args=
10-28 19:53:33.548  1544  7157 V MessageUtils: MSG-TABLE - query END, counter=-23, cursor=android.content.ContentResolver$CursorWrapperInner@4595fae8, stack= <- log <- verbose <- query <- getSmsNewMessageNotificationInfo <- updateNewMessageIndicator
10-28 19:53:33.548  1544  7157 D wubo    : a22417 in getContactName the address comin is :5704000104
10-28 19:53:33.548  1544  7157 D wubo    : a22417 in getContactName the TMConversationUtils.isMultiAddress(address) :false
10-28 19:53:33.556  1544  7157 D wubo    : case 1 a22417 in resolveSingleAddressToName the name  is :null
10-28 19:53:33.556  1544  7157 D wubo    : case 2 a22417 in resolveSingleAddressToName the name  is :null
10-28 19:53:33.626  1544  7157 D wubo    : a22417 in getContactName the address comin is :5704000104
10-28 19:53:33.626  1544  7157 D wubo    : a22417 in getContactName the TMConversationUtils.isMultiAddress(address) :false
10-28 19:53:33.626  1544  7157 D wubo    : case 1 a22417 in resolveSingleAddressToName the name  is :null
10-28 19:53:33.626  1544  7157 D wubo    : case 2 a22417 in resolveSingleAddressToName the name  is :null
10-28 19:53:33.689  1294  1303 D dalvikvm: GC_FOR_MALLOC freed 7566 objects / 522216 bytes in 50ms
10-28 19:53:33.759  1544  7157 V MessageUtils: MSG-TABLE - close, counter=-24, cursor=android.content.ContentResolver$CursorWrapperInner@4595fae8, stack= <- log <- verbose <- closeCursor <- getSmsNewMessageNotificationInfo <- updateNewMessageIndicator
10-28 19:53:33.814  1544  7157 V AccountStatusHelpers:  updateStatus() - updating account, account=-100 type=2 extra=10
10-28 19:53:34.009  1466  1466 D ChipWidgetProvider: Received intent Intent { act=com.motorola.blur.messaging.SMS_RECEIVED_ACTION dat=content://sms/88 cmp=com.motorola.blur.home.message/.MessageWidgetProvider (has extras) }
10-28 19:53:34.009  1466  1466 D ChipWidgetProvider: a22417 debug in chipwidgetprovider function updatewidget the pendingUpdates is :android.util.SparseIntArray@459eb0e8
10-28 19:53:34.048  1713  1713 D BlurNewMessageActionRec: received Intent { act=com.motorola.blur.messaging.SMS_RECEIVED_ACTION dat=content://sms/88 cmp=com.motorola.blur.contacts.data/.BlurNewMessageActionReceiver (has extras) }
10-28 19:53:34.072  1713  1713 D BlrMsgWatcherService: started with Intent { act=com.motorola.blur.MessageWatcher.ACTION_MESSAGES_AVAILABLE (has extras) }
10-28 19:53:34.072  1713  1713 D BlrMsgWatcherService: Going to sleep ...zzz
10-28 19:53:34.095  1544  7157 D wubo    : a22417 in getContactName the address comin is :5704000104
10-28 19:53:34.118  1544  7157 D wubo    : a22417 in getContactName the TMConversationUtils.isMultiAddress(address) :false
10-28 19:53:34.181  1544  7157 D wubo    : case 1 a22417 in resolveSingleAddressToName the name  is :null
10-28 19:53:34.189  1544  7157 D wubo    : case 2 a22417 in resolveSingleAddressToName the name  is :null
10-28 19:53:34.197  1466  7160 V ServiceThreadPool: beforeExecute():  active threads: 1, current pool size: 4, largest pool size: 8
10-28 19:53:34.251  1317  1331 D BlurSNMessagingEngine: SNMessagingProvider::getDatabase called
10-28 19:53:34.283  1466  7160 V MessageWidgetProvider: initialized CharsetUtil in0ms
10-28 19:53:34.290  1466  1489 D wubo    : a22417 in getContactName the address comin is :5704000104
10-28 19:53:34.298  1466  1489 D wubo    : a22417 in getContactName the TMConversationUtils.isMultiAddress(address) :false
10-28 19:53:34.298  1466  1489 D wubo    : case 1 a22417 in resolveSingleAddressToName the name  is :null
10-28 19:53:34.298  1466  1489 D wubo    : case 2 a22417 in resolveSingleAddressToName the name  is :null
10-28 19:53:34.400  1466  1489 D TextMsgTransport: case 1 wubo a22417 in getSender the name is :Jim Dudish
10-28 19:53:34.400  1466  1489 D TextMsgTransport: case 1 wubo a22417 in getSender the address is :5704000104
10-28 19:53:34.423  1466  1489 D TextMsgTransport: case 2 wubo a22417 in getSender the name is :Jim Dudish
10-28 19:53:34.423  1466  1489 V TextMsgTransport: DataId: 4488 ContactId: 649 DisplayName >Jim Dudish< when filtering for >5704000104<
10-28 19:53:34.439  1466  1489 D BlurContactsExtensions: ===== targetSize: width=125 height=150
10-28 19:53:34.540  1713  7161 D BlrMsgWatcherService: SmsObserver: lastUpdate=1288309357369
10-28 19:53:34.579  1466  1489 D DateUtil: now.getTimeZone(): Eastern Standard Time
10-28 19:53:34.658  1340  1340 D dalvikvm: GC_EXPLICIT freed 1609 objects / 75040 bytes in 41ms
10-28 19:53:34.689  1713  7161 D BlrMsgWatcherService: 1 new items since 1288309357369 for SmsObserver
10-28 19:53:34.689  1713  7161 D BlrMsgWatcherService: findPerson query start, uri = content://com.motorola.blur.contacts.extensions/phone_lookup/5704000104?limit=1
10-28 19:53:34.720  1294  2082 D DEBUG   : Selection used is -null
10-28 19:53:34.720  1713  7161 D BlrMsgWatcherService: findPerson cursor count =1
10-28 19:53:34.767  1713  7161 V BlrMsgWatcherService: RawContactId: 647 Communication history: 10 [Limit: 10]
10-28 19:53:34.767  1713  7161 V BlrMsgWatcherService: Earliest time: 1286128935028 Data ID: 5616
10-28 19:53:34.775  1713  7161 V BlrMsgWatcherService: Updating oldest data row... content://com.android.contacts/data/5616
10-28 19:53:34.822  1544  7157 D dalvikvm: GC_FOR_MALLOC freed 10347 objects / 492592 bytes in 48ms
10-28 19:53:34.962  1512  1526 D GroupCache: Groups database table has changed. Refreshing the groups cache
10-28 19:53:34.962  1512  1526 V GroupCache: Queue group cache refresh request, delayed (ms): 3000
10-28 19:53:34.986  1713  7161 D BlrMsgWatcherService: lastUpdate now 1288310013049
10-28 19:53:35.017  1544  7157 D MessagingUtils HDMI: isHdmiOn status : false
10-28 19:53:35.017  1544  7157 D SmsReceiverService: HDMI handleHdmiSmsReceived from address : Jim Dudish
10-28 19:53:35.017  1544  7157 V SmsReceiverService: handleSmsReceived() - END
10-28 19:53:35.017  1544  7157 V SmsReceiver: finishStartingService - START
10-28 19:53:35.025  1544  7157 V SmsReceiver: finishStartingService - release
10-28 19:53:35.025  1544  1544 V SmsReceiverService: onDestroy()
10-28 19:53:35.025  1544  7157 V SmsReceiver: finishStartingService - END
10-28 19:53:35.025  1544  7157 V SmsReceiverService: Handling incoming message - END
10-28 19:53:37.306  1316  1316 I AtCmdDelegate: handle message:1
10-28 19:53:37.353  1235  1454 D AlarmManagerService: Kernel timezone updated to 240 minutes west of GMT
10-28 19:53:37.439  1325  1325 I LittleSister: onCellLocationChanged(): got cell location that isn't gsm, ignoring...
10-28 19:53:37.549  1138  1232 D AudioHardwareMot: AudioStreamOutMot::standby called
10-28 19:53:37.549  1138  1232 D AudioHardwareMot: Output 0xb668 entering standby
10-28 19:53:37.556  1138  1232 D AudioHardwareMot: Closing Output device
10-28 19:53:38.017  1294  2077 D DEBUG   : Selection used is -null
10-28 19:53:38.017  1512  1526 D GroupCache: Getting user-defined groups
10-28 19:53:38.017  1512  1526 D GroupCache: Encountered group title, Family
10-28 19:53:38.025  1512  1526 D GroupCache: Encountered group title, Imported Contacts
10-28 19:53:38.033  1512  1526 D GroupCache: Encountered group title, Usability
10-28 19:53:38.040  1512  1526 D GroupCache: Encountered source name, null
10-28 19:53:38.040  1512  1526 D SourceCache: Returning stroed ICON FOR-com.motorola.android.buacontactadapter:Phone:
10-28 19:53:38.040  1512  1526 D GroupCache: Encountered source name, blur
10-28 19:53:38.040  1512  1526 D GroupCache: Encountered source name, null
10-28 19:53:38.040  1512  1526 D GroupCache: Encountered source name, facebook
10-28 19:53:38.040  1512  1526 D SourceCache: Returning stroed ICON FOR-com.motorola.blur.service.bsutils.MOTHER_USER_CREDS_TYPE:a0000022712d6a6532772297749992488@random.svcmot.com:facebook
10-28 19:53:38.040  1512  1526 D GroupCache: Encountered source name, facebook
10-28 19:53:38.040  1512  1526 D SourceCache: Returning stroed ICON FOR-com.motorola.blur.service.bsutils.MOTHER_USER_CREDS_TYPE:a0000022712d6a6532772297749992488@random.svcmot.com:facebook
10-28 19:53:38.040  1512  1526 D GroupCache: Notifying observers of the group cache that its state has changed
10-28 19:53:39.650  5759  5759 D dalvikvm: GC_FOR_MALLOC freed 9809 objects / 529288 bytes in 67ms
10-28 19:53:41.915  3823  7162 I zomut.watchdog.monitor: init
10-28 19:53:41.923  3823  7162 I zomut.watchdog.monitor: begin
10-28 19:53:41.970  3823  7162 D dalvikvm: GC_FOR_MALLOC freed 6877 objects / 542912 bytes in 35ms
10-28 19:53:42.048  3823  7162 D dalvikvm: GC_FOR_MALLOC freed 2991 objects / 505304 bytes in 39ms
10-28 19:53:42.118  3823  7162 D dalvikvm: GC_FOR_MALLOC freed 3047 objects / 514408 bytes in 34ms
10-28 19:53:42.197  3823  7162 I zomut.watchdog.monitor: end
10-28 19:53:46.822  1235  1243 I InputManagerService: received close system dialog event
10-28 19:53:46.829  6054  6054 V SMSDelegate: User pressed search.
10-28 19:53:46.829  1235  2149 I ActivityManager: Starting activity: Intent { act=android.speech.action.RECOGNIZE_SPEECH cmp=com.google.android.voicesearch/.IntentApiActivity (has extras) }
10-28 19:53:46.868  1544  1544 D ComposeMsgActivity: Power Long Key Press - BroadcastReceiver - START
10-28 19:53:46.876  1544  1544 D ComposeMsgActivity: Power Long Key Press - BroadcastReceiver - END
10-28 19:53:46.892  1544  1544 V MessageUtils: MSG-TABLE - query START, uri=content://sms, projection=(_id body priority ), selection=thread_id=14 AND type=3, args=
10-28 19:53:46.947  3503  7165 I RecognitionController: startRecognition(#Intent;action=android.speech.action.RECOGNIZE_SPEECH;component=com.google.android.voicesearch/.IntentApiActivity;B.fullRecognitionResultsRequest=true;S.android.speech.extra.LANGUAGE_MODEL=free_form;S.android.speech.extra.PROMPT=State%20a%20voice%20command;S.calling_package=com.snakefish.visms;end)
10-28 19:53:46.947  3503  7165 I RecognitionController: State change: STARTING -> STARTING
10-28 19:53:46.954  1138  5303 D AudioHardwareMot: AudioHardwareMot::openInputStream enter
10-28 19:53:46.954  1138  5303 D AudioHardwareMot: AudioStreamInMot::set(0xafb0, 40000, 1, 10, 16000)
10-28 19:53:46.954  1138  5303 D AudioHardwareMot: Codec sampling rate already 16000
10-28 19:53:46.954  1138  5303 D AudioPostProcessor: Disabling beamformer due to unsupported sample rate
10-28 19:53:46.954  1138  5303 D AudioPostProcessor: Done updating beamformer library
10-28 19:53:46.954  1138  5303 D AudioHardwareMot: Input bufSize from kernel = 800
10-28 19:53:46.954  1138  5303 D AudioHardwareMot: Input 0x16c70 entering standby
10-28 19:53:46.970  1235  1492 I AudioService:  AudioFocus  requestAudioFocus() from android.media.AudioManager@459a4148
10-28 19:53:46.970  3503  7165 I RecognitionController: State change: STARTING -> RECOGNIZING
10-28 19:53:46.970  3503  7165 I ServerConnectorImpl: Starting TCP session, url=http://www.google.com/m/voice-search
10-28 19:53:46.986  1138  7166 D AudioHardwareMot: AudioStreamInMot::setParameters() routing=262144;vr_mode=1
10-28 19:53:46.986  1138  7166 D AudioHardwareMot: set input routing 40000
10-28 19:53:46.986  1138  7166 D AudioHardwareMot: doRouting called
10-28 19:53:46.986  1138  7166 D AudioHardwareMot: Stereo output exists; using 0x2
10-28 19:53:46.986  1138  7166 D AudioHardwareMot: Routing to speaker
10-28 19:53:46.986  1138  7166 D AudioHardwareMot: Input path: DEVICE_IN_BUILTIN_MIC
10-28 19:53:46.986  1138  7166 D AudioHardwareMot: Input path: DEVICE_IN_BUILTIN_MIC single mic
10-28 19:53:46.986  1138  7166 D AudioHardwareMot: received vr_mode 1, which we don't care about yet
10-28 19:53:46.986  1138  7166 D AudioHardwareMot: Codec sampling rate already 16000
10-28 19:53:46.986  1138  7166 D AudioHardwareMot: Input 0x16c70 exiting standby
10-28 19:53:46.986  1138  7166 D AudioHardwareMot: doRouting called
10-28 19:53:46.986  1138  7166 D AudioHardwareMot: Stereo output exists; using 0x2
10-28 19:53:46.986  1138  7166 D AudioHardwareMot: Routing to speaker
10-28 19:53:46.986  1138  7166 D AudioHardwareMot: Input path: DEVICE_IN_BUILTIN_MIC
10-28 19:53:46.986  1138  7166 D AudioHardwareMot: Input path: DEVICE_IN_BUILTIN_MIC single mic
10-28 19:53:47.033  1235  1257 I ActivityManager: Displayed activity com.google.android.voicesearch/.IntentApiActivity: 178 ms (total 14084 ms)
10-28 19:53:47.079  1384  1384 D GoogleLoginService: onBind: Intent { act=android.accounts.AccountAuthenticator cmp=com.google.android.gsf/.loginservice.GoogleLoginService }
10-28 19:53:47.103  1544  1544 V MessageUtils: MSG-TABLE - query END, counter=-23, cursor=android.content.ContentResolver$CursorWrapperInner@4597e030, stack= <- log <- verbose <- query <- queryDraftSmsMessage <- deleteTemporarySmsMessage
10-28 19:53:47.111  1544  1544 V MessageUtils: MSG-TABLE - close, counter=-24, cursor=android.content.ContentResolver$CursorWrapperInner@4597e030, stack= <- log <- verbose <- closeCursor <- deleteTemporarySmsMessage <- access$4800
10-28 19:53:47.134  1544  7169 V MessageUtils: MSG-TABLE - query START, uri=content://mms-sms/draft, projection=(thread_id ), selection=null, args=
10-28 19:53:47.142  1544  7169 V MessageUtils: MSG-TABLE - query END, counter=-23, cursor=android.content.ContentResolver$CursorWrapperInner@459809c0, stack= <- log <- verbose <- query <- rebuildCache <- access$000
10-28 19:53:47.142  1544  7169 V MessageUtils: MSG-TABLE - close, counter=-24, cursor=android.content.ContentResolver$CursorWrapperInner@459809c0, stack= <- log <- verbose <- closeCursor <- rebuildCache <- access$000
10-28 19:53:47.173  1138  1138 V PVPlayer: PVPlayer constructor
10-28 19:53:47.181  1138  1138 V PVPlayer: construct PlayerDriver
10-28 19:53:47.181  1138  1138 V PlayerDriver: constructor
10-28 19:53:47.189  1138  1138 V PlayerDriver: OpenCore hardware module loaded
10-28 19:53:47.189  1138  1138 V PlayerDriver: start player thread
10-28 19:53:47.189  1138  7170 V PlayerDriver: startPlayerThread
10-28 19:53:47.189  1138  7170 V PlayerDriver: InitializeForThread
10-28 19:53:47.189  1138  7170 V PlayerDriver: OMX_MasterInit
10-28 19:53:47.189  1138  7170 D omx_interface: TIOMXInterface: creating interface
10-28 19:53:47.189  1138  7170 D omx_interface: Calling DLOPEN on OMX_CORE_LIBRARY (libOMX_Core.so)
10-28 19:53:47.197  1138  7170 D omx_interface: DLOPEN SUCCEEDED (libOMX_Core.so)
10-28 19:53:47.197  1138  7170 D omx_interface: TIOMXInterface: library lookup success
10-28 19:53:47.204  1138  7170 D TIOMX_CORE: init count = 1
10-28 19:53:47.204  1138  7170 V PlayerDriver: OsclScheduler::Init
10-28 19:53:47.204  1138  7170 V PlayerDriver: CreatePlayer
10-28 19:53:47.212  1138  7170 D         : enter PVGetInterface
10-28 19:53:47.212  1138  7170 D         : enter Instance
10-28 19:53:47.212  1138  7170 D         : enter SharedLibraryLookup
10-28 19:53:47.212  1138  7170 D         : enter RegisterAllRecognizers
10-28 19:53:47.220  1138  7170 V PlayerDriver: AddToScheduler
10-28 19:53:47.220  1138  7170 V PlayerDriver: PendForExec
10-28 19:53:47.220  1138  7170 V PlayerDriver: OsclActiveScheduler::Current
10-28 19:53:47.220  1138  7170 V PlayerDriver: StartScheduler
10-28 19:53:47.228  1138  1138 V PVPlayer: send PLAYER_SETUP
10-28 19:53:47.228  1138  7170 V PlayerDriver: Send player code: 2
10-28 19:53:47.228  1138  7170 V PlayerDriver: CommandCompleted
10-28 19:53:47.228  1138  7170 V PlayerDriver: Completed command PLAYER_SETUP status=PVMFSuccess
10-28 19:53:47.228  1138  1138 V PVPlayer: send PLAYER_HELPER
10-28 19:53:47.228  1138  7170 V PlayerDriver: Send player code: 3
10-28 19:53:47.228  1138  7170 V PlayerDriver: CommandCompleted
10-28 19:53:47.228  1138  7170 V PlayerDriver: Completed command PLAYER_HELPER status=PVMFSuccess
10-28 19:53:47.228  1138  1138 V PVPlayer: setDataSource(31, 827356, 4560)
10-28 19:53:47.228  1138  5303 V PVPlayer: prepareAsync
10-28 19:53:47.228  1138  5303 V PVPlayer:   data source = sharedfd://32:827356:4560
10-28 19:53:47.228  1138  7170 V PlayerDriver: Send player code: 4
10-28 19:53:47.228  1138  7170 V PlayerDriver: handleSetDataSource
10-28 19:53:47.228  1138  7170 V PlayerDriver: handleSetDataSource- scanning for extension
10-28 19:53:47.228  1138  7170 D         : enter PVOMA1MOTRecognizerPlugin::Recognize
10-28 19:53:47.228  1138  7170 D         : PVOMA1MOTRecognizerPlugin:Recognize MOT_SVC_drm_openSession failed and session =-4
10-28 19:53:47.228  1138  7170 V PlayerDriver: CommandCompleted
10-28 19:53:47.228  1138  7170 V PlayerDriver: Completed command PLAYER_SET_DATA_SOURCE status=PVMFSuccess
10-28 19:53:47.228  1138  7170 V PVPlayer: run_init s=0, cancelled=0
10-28 19:53:47.228  1138  7170 V PlayerDriver: Send player code: 7
10-28 19:53:47.228  1138  7170 V PlayerDriver: release string is 2.2 len 3
10-28 19:53:47.228  1138  7170 V PlayerDriver: CommandCompleted
10-28 19:53:47.228  1138  7170 V PlayerDriver: Completed command PLAYER_INIT status=PVMFSuccess
10-28 19:53:47.228  1138  7170 V PVPlayer: run_set_video_surface s=0, cancelled=0
10-28 19:53:47.228  1138  7170 V PVPlayer: run_set_audio_output s=0, cancelled=0
10-28 19:53:47.228  1138  7170 V PlayerDriver: Send player code: 6
10-28 19:53:47.228  1138  7170 V PlayerDriver: Create realtime output
10-28 19:53:47.228  1138  7170 V PlayerDriver: canSetA2DPDirectMode() A2DP direct disabled
10-28 19:53:47.228  1138  7170 V PlayerDriver: CommandCompleted
10-28 19:53:47.236  1138  7170 V PlayerDriver: Completed command PLAYER_SET_AUDIO_SINK status=PVMFSuccess
10-28 19:53:47.236  1138  7170 V PVPlayer: run_prepare s=0, cancelled=0
10-28 19:53:47.236  1138  7170 V PlayerDriver: Send player code: 8
10-28 19:53:47.236  1138  7170 V PlayerDriver: disable natpkt - 0
10-28 19:53:47.236  1138  7170 V PlayerDriver: HandleInformationalEvent: UNKNOWN PVMFStatus
10-28 19:53:47.236  1138  7170 V PlayerDriver: HandleInformationalEvent: type=44 UNHANDLED
10-28 19:53:47.236  3503  6230 W MediaPlayer: info/warning (1, 44)
10-28 19:53:47.236  3503  3503 I MediaPlayer: Info (1,44)
10-28 19:53:47.236  1138  7170 V PlayerDriver: CommandCompleted
10-28 19:53:47.236  1138  7170 V PlayerDriver: Completed command PLAYER_PREPARE status=PVMFSuccess
10-28 19:53:47.236  1138  7170 V PlayerDriver: PLAYER_PREPARE complete mDownloadContextData=0x0, mDataReadyReceived=0
10-28 19:53:47.236  1138  1138 V PVPlayer: PVPlayer constructor
10-28 19:53:47.236  1138  7170 V PVPlayer: check_for_live_streaming s=0, cancelled=0
10-28 19:53:47.236  1138  7170 E ProfileVideoFrameDrops: PVMediaOutputNodePort :: Early 0 frames :: OnTime 0 frames :: Late 0 frames :: Total 2 frames
10-28 19:53:47.236  1138  7170 E ProfileVideoFrameDrops: PVMediaOutputNodePort :: Early 0.000000 % :: OnTime -0.000000 % :: Late -0.000000 % 
10-28 19:53:47.236  1138  1138 V PVPlayer: construct PlayerDriver
10-28 19:53:47.236  1138  1138 V PlayerDriver: constructor
10-28 19:53:47.243  1138  1138 V PlayerDriver: OpenCore hardware module loaded
10-28 19:53:47.243  1138  1138 V PlayerDriver: start player thread
10-28 19:53:47.243  1138  7172 V PlayerDriver: startPlayerThread
10-28 19:53:47.243  1138  7172 V PlayerDriver: InitializeForThread
10-28 19:53:47.243  1138  7172 V PlayerDriver: OMX_MasterInit
10-28 19:53:47.243  1138  7172 V PlayerDriver: OsclScheduler::Init
10-28 19:53:47.243  1138  7172 V PlayerDriver: CreatePlayer
10-28 19:53:47.243  1138  7172 D         : enter PVGetInterface
10-28 19:53:47.243  1138  7172 D         : enter Instance
10-28 19:53:47.243  1138  7172 D         : enter SharedLibraryLookup
10-28 19:53:47.243  1138  7172 D         : enter RegisterAllRecognizers
10-28 19:53:47.243  3503  7167 I RecognitionController: onReadyForSpeech, noise level:24.217491, snr:-0.8190979
10-28 19:53:47.243  3503  3503 I RecognitionActivity: Start-up latency 375 ms
10-28 19:53:47.259  1138  7172 V PlayerDriver: AddToScheduler
10-28 19:53:47.259  1138  7172 V PlayerDriver: PendForExec
10-28 19:53:47.259  1138  7172 V PlayerDriver: OsclActiveScheduler::Current
10-28 19:53:47.259  1138  7172 V PlayerDriver: StartScheduler
10-28 19:53:47.267  1138  1138 V PVPlayer: send PLAYER_SETUP
10-28 19:53:47.267  1138  7172 V PlayerDriver: Send player code: 2
10-28 19:53:47.267  1138  7172 V PlayerDriver: CommandCompleted
10-28 19:53:47.267  1138  7172 V PlayerDriver: Completed command PLAYER_SETUP status=PVMFSuccess
10-28 19:53:47.267  1138  1138 V PVPlayer: send PLAYER_HELPER
10-28 19:53:47.267  1138  7172 V PlayerDriver: Send player code: 3
10-28 19:53:47.267  1138  7172 V PlayerDriver: CommandCompleted
10-28 19:53:47.267  1138  7172 V PlayerDriver: Completed command PLAYER_HELPER status=PVMFSuccess
10-28 19:53:47.267  1138  1138 V PVPlayer: setDataSource(33, 803876, 7002)
10-28 19:53:47.267  1138  1281 V PVPlayer: prepareAsync
10-28 19:53:47.267  1138  1281 V PVPlayer:   data source = sharedfd://34:803876:7002
10-28 19:53:47.267  1138  7172 V PlayerDriver: Send player code: 4
10-28 19:53:47.267  1138  7172 V PlayerDriver: handleSetDataSource
10-28 19:53:47.267  1138  7172 V PlayerDriver: handleSetDataSource- scanning for extension
10-28 19:53:47.267  1138  7172 D         : enter PVOMA1MOTRecognizerPlugin::Recognize
10-28 19:53:47.353  1138  7172 D         : PVOMA1MOTRecognizerPlugin:Recognize MOT_SVC_drm_openSession failed and session =-4
10-28 19:53:47.361  1235  1346 I ActivityManager: Process com.dropbox.android (pid 5324) has died.
10-28 19:53:47.368  1138  7172 V PlayerDriver: CommandCompleted
10-28 19:53:47.376  1138  7172 V PlayerDriver: Completed command PLAYER_SET_DATA_SOURCE status=PVMFSuccess
10-28 19:53:47.376  1138  7172 V PVPlayer: run_init s=0, cancelled=0
10-28 19:53:47.376  1138  7172 V PlayerDriver: Send player code: 7
10-28 19:53:47.376  1138  7172 V PlayerDriver: release string is 2.2 len 3
10-28 19:53:47.376  1138  7172 V PlayerDriver: CommandCompleted
10-28 19:53:47.376  1138  7172 V PlayerDriver: Completed command PLAYER_INIT status=PVMFSuccess
10-28 19:53:47.376  1138  7172 V PVPlayer: run_set_video_surface s=0, cancelled=0
10-28 19:53:47.376  1138  7172 V PVPlayer: run_set_audio_output s=0, cancelled=0
10-28 19:53:47.376  1138  7172 V PlayerDriver: Send player code: 6
10-28 19:53:47.376  1138  7172 V PlayerDriver: Create realtime output
10-28 19:53:47.376  1138  7172 V PlayerDriver: canSetA2DPDirectMode() A2DP direct disabled
10-28 19:53:47.376  1138  7172 V PlayerDriver: CommandCompleted
10-28 19:53:47.376  1138  7172 V PlayerDriver: Completed command PLAYER_SET_AUDIO_SINK status=PVMFSuccess
10-28 19:53:47.376  1138  7172 V PVPlayer: run_prepare s=0, cancelled=0
10-28 19:53:47.376  1138  7172 V PlayerDriver: Send player code: 8
10-28 19:53:47.376  1138  7172 V PlayerDriver: disable natpkt - 0
10-28 19:53:47.384  1138  7172 V PlayerDriver: HandleInformationalEvent: UNKNOWN PVMFStatus
10-28 19:53:47.384  1138  7172 V PlayerDriver: HandleInformationalEvent: type=44 UNHANDLED
10-28 19:53:47.384  3503  6230 W MediaPlayer: info/warning (1, 44)
10-28 19:53:47.384  3503  3503 I MediaPlayer: Info (1,44)
10-28 19:53:47.384  1138  7172 V PlayerDriver: CommandCompleted
10-28 19:53:47.384  1138  7172 V PlayerDriver: Completed command PLAYER_PREPARE status=PVMFSuccess
10-28 19:53:47.384  1138  7172 V PlayerDriver: PLAYER_PREPARE complete mDownloadContextData=0x0, mDataReadyReceived=0
10-28 19:53:47.384  1138  7172 V PVPlayer: check_for_live_streaming s=0, cancelled=0
10-28 19:53:47.384  1138  7172 E ProfileVideoFrameDrops: PVMediaOutputNodePort :: Early 0 frames :: OnTime 0 frames :: Late 0 frames :: Total 4 frames
10-28 19:53:47.384  1138  7172 E ProfileVideoFrameDrops: PVMediaOutputNodePort :: Early 0.000000 % :: OnTime -0.000000 % :: Late -0.000000 % 
10-28 19:53:47.384  1138  1138 V PVPlayer: PVPlayer constructor
10-28 19:53:47.384  1138  1138 V PVPlayer: construct PlayerDriver
10-28 19:53:47.384  1138  1138 V PlayerDriver: constructor
10-28 19:53:47.384  1138  1138 V PlayerDriver: OpenCore hardware module loaded
10-28 19:53:47.384  1138  1138 V PlayerDriver: start player thread
10-28 19:53:47.384  1138  7174 V PlayerDriver: startPlayerThread
10-28 19:53:47.384  1138  7174 V PlayerDriver: InitializeForThread
10-28 19:53:47.384  1138  7174 V PlayerDriver: OMX_MasterInit
10-28 19:53:47.384  1138  7174 V PlayerDriver: OsclScheduler::Init
10-28 19:53:47.384  1138  7174 V PlayerDriver: CreatePlayer
10-28 19:53:47.392  1138  7174 D         : enter PVGetInterface
10-28 19:53:47.392  1138  7174 D         : enter Instance
10-28 19:53:47.392  1138  7174 D         : enter SharedLibraryLookup
10-28 19:53:47.392  1138  7174 D         : enter RegisterAllRecognizers
10-28 19:53:47.392  1138  7174 V PlayerDriver: AddToScheduler
10-28 19:53:47.392  1138  7174 V PlayerDriver: PendForExec
10-28 19:53:47.392  1138  7174 V PlayerDriver: OsclActiveScheduler::Current
10-28 19:53:47.392  1138  7174 V PlayerDriver: StartScheduler
10-28 19:53:47.392  1138  1138 V PVPlayer: send PLAYER_SETUP
10-28 19:53:47.392  1138  7174 V PlayerDriver: Send player code: 2
10-28 19:53:47.392  1138  7174 V PlayerDriver: CommandCompleted
10-28 19:53:47.392  1138  7174 V PlayerDriver: Completed command PLAYER_SETUP status=PVMFSuccess
10-28 19:53:47.392  1138  1138 V PVPlayer: send PLAYER_HELPER
10-28 19:53:47.392  1138  7174 V PlayerDriver: Send player code: 3
10-28 19:53:47.392  1138  7174 V PlayerDriver: CommandCompleted
10-28 19:53:47.392  1138  7174 V PlayerDriver: Completed command PLAYER_HELPER status=PVMFSuccess
10-28 19:53:47.392  1138  1138 V PVPlayer: setDataSource(33, 794068, 9758)
10-28 19:53:47.392  1138  1281 V PVPlayer: prepareAsync
10-28 19:53:47.392  1138  1281 V PVPlayer:   data source = sharedfd://35:794068:9758
10-28 19:53:47.392  1138  7174 V PlayerDriver: Send player code: 4
10-28 19:53:47.392  1138  7174 V PlayerDriver: handleSetDataSource
10-28 19:53:47.392  1138  7174 V PlayerDriver: handleSetDataSource- scanning for extension
10-28 19:53:47.400  1138  7174 D         : enter PVOMA1MOTRecognizerPlugin::Recognize
10-28 19:53:47.400  1138  7174 D         : PVOMA1MOTRecognizerPlugin:Recognize MOT_SVC_drm_openSession failed and session =-4
10-28 19:53:47.400  1138  7174 V PlayerDriver: CommandCompleted
10-28 19:53:47.400  1138  7174 V PlayerDriver: Completed command PLAYER_SET_DATA_SOURCE status=PVMFSuccess
10-28 19:53:47.400  1138  7174 V PVPlayer: run_init s=0, cancelled=0
10-28 19:53:47.400  1138  7174 V PlayerDriver: Send player code: 7
10-28 19:53:47.400  1138  7174 V PlayerDriver: release string is 2.2 len 3
10-28 19:53:47.400  1138  7174 V PlayerDriver: CommandCompleted
10-28 19:53:47.400  1138  7174 V PlayerDriver: Completed command PLAYER_INIT status=PVMFSuccess
10-28 19:53:47.400  1138  7174 V PVPlayer: run_set_video_surface s=0, cancelled=0
10-28 19:53:47.400  1138  7174 V PVPlayer: run_set_audio_output s=0, cancelled=0
10-28 19:53:47.400  1138  7174 V PlayerDriver: Send player code: 6
10-28 19:53:47.400  1138  7174 V PlayerDriver: Create realtime output
10-28 19:53:47.400  1138  7174 V PlayerDriver: canSetA2DPDirectMode() A2DP direct disabled
10-28 19:53:47.400  1138  7174 V PlayerDriver: CommandCompleted
10-28 19:53:47.400  1138  7174 V PlayerDriver: Completed command PLAYER_SET_AUDIO_SINK status=PVMFSuccess
10-28 19:53:47.400  1138  7174 V PVPlayer: run_prepare s=0, cancelled=0
10-28 19:53:47.400  1138  7174 V PlayerDriver: Send player code: 8
10-28 19:53:47.400  1138  7174 V PlayerDriver: disable natpkt - 0
10-28 19:53:47.400  1138  7174 V PlayerDriver: HandleInformationalEvent: UNKNOWN PVMFStatus
10-28 19:53:47.400  1138  7174 V PlayerDriver: HandleInformationalEvent: type=44 UNHANDLED
10-28 19:53:47.400  3503  3509 W MediaPlayer: info/warning (1, 44)
10-28 19:53:47.408  3503  3503 I MediaPlayer: Info (1,44)
10-28 19:53:47.408  1138  7174 V PlayerDriver: CommandCompleted
10-28 19:53:47.408  1138  7174 V PlayerDriver: Completed command PLAYER_PREPARE status=PVMFSuccess
10-28 19:53:47.408  1138  7174 V PlayerDriver: PLAYER_PREPARE complete mDownloadContextData=0x0, mDataReadyReceived=0
10-28 19:53:47.408  1138  7174 V PVPlayer: check_for_live_streaming s=0, cancelled=0
10-28 19:53:47.408  1138  1138 V PVPlayer: PVPlayer constructor
10-28 19:53:47.408  1138  7174 E ProfileVideoFrameDrops: PVMediaOutputNodePort :: Early 0 frames :: OnTime 0 frames :: Late 0 frames :: Total 6 frames
10-28 19:53:47.408  1138  7174 E ProfileVideoFrameDrops: PVMediaOutputNodePort :: Early 0.000000 % :: OnTime -0.000000 % :: Late -0.000000 % 
10-28 19:53:47.408  1138  1138 V PVPlayer: construct PlayerDriver
10-28 19:53:47.408  1138  1138 V PlayerDriver: constructor
10-28 19:53:47.408  1138  1138 V PlayerDriver: OpenCore hardware module loaded
10-28 19:53:47.408  1138  1138 V PlayerDriver: start player thread
10-28 19:53:47.408  1138  7176 V PlayerDriver: startPlayerThread
10-28 19:53:47.408  1138  7176 V PlayerDriver: InitializeForThread
10-28 19:53:47.408  1138  7176 V PlayerDriver: OMX_MasterInit
10-28 19:53:47.408  1138  7176 V PlayerDriver: OsclScheduler::Init
10-28 19:53:47.408  1138  7176 V PlayerDriver: CreatePlayer
10-28 19:53:47.408  1138  7176 D         : enter PVGetInterface
10-28 19:53:47.408  1138  7176 D         : enter Instance
10-28 19:53:47.408  1138  7176 D         : enter SharedLibraryLookup
10-28 19:53:47.415  1138  7176 D         : enter RegisterAllRecognizers
10-28 19:53:47.415  1138  7176 V PlayerDriver: AddToScheduler
10-28 19:53:47.415  1138  7176 V PlayerDriver: PendForExec
10-28 19:53:47.415  1138  7176 V PlayerDriver: OsclActiveScheduler::Current
10-28 19:53:47.415  1138  7176 V PlayerDriver: StartScheduler
10-28 19:53:47.423  1138  1138 V PVPlayer: send PLAYER_SETUP
10-28 19:53:47.423  1138  7176 V PlayerDriver: Send player code: 2
10-28 19:53:47.423  1138  7176 V PlayerDriver: CommandCompleted
10-28 19:53:47.423  1138  7176 V PlayerDriver: Completed command PLAYER_SETUP status=PVMFSuccess
10-28 19:53:47.423  1138  1138 V PVPlayer: send PLAYER_HELPER
10-28 19:53:47.423  1138  7176 V PlayerDriver: Send player code: 3
10-28 19:53:47.423  1138  7176 V PlayerDriver: CommandCompleted
10-28 19:53:47.423  1138  7176 V PlayerDriver: Completed command PLAYER_HELPER status=PVMFSuccess
10-28 19:53:47.423  1138  1138 V PVPlayer: setDataSource(33, 814976, 4198)
10-28 19:53:47.423  1138  1233 V PVPlayer: prepareAsync
10-28 19:53:47.423  1138  1233 V PVPlayer:   data source = sharedfd://36:814976:4198
10-28 19:53:47.423  1138  7176 V PlayerDriver: Send player code: 4
10-28 19:53:47.423  1138  7176 V PlayerDriver: handleSetDataSource
10-28 19:53:47.423  1138  7176 V PlayerDriver: handleSetDataSource- scanning for extension
10-28 19:53:47.423  1138  7176 D         : enter PVOMA1MOTRecognizerPlugin::Recognize
10-28 19:53:47.423  1138  7176 D         : PVOMA1MOTRecognizerPlugin:Recognize MOT_SVC_drm_openSession failed and session =-4
10-28 19:53:47.431  1138  7176 V PlayerDriver: CommandCompleted
10-28 19:53:47.431  1138  7176 V PlayerDriver: Completed command PLAYER_SET_DATA_SOURCE status=PVMFSuccess
10-28 19:53:47.431  1138  7176 V PVPlayer: run_init s=0, cancelled=0
10-28 19:53:47.431  1138  7176 V PlayerDriver: Send player code: 7
10-28 19:53:47.431  1138  7176 V PlayerDriver: release string is 2.2 len 3
10-28 19:53:47.431  1138  7176 V PlayerDriver: CommandCompleted
10-28 19:53:47.431  1138  7176 V PlayerDriver: Completed command PLAYER_INIT status=PVMFSuccess
10-28 19:53:47.431  1138  7176 V PVPlayer: run_set_video_surface s=0, cancelled=0
10-28 19:53:47.431  1138  7176 V PVPlayer: run_set_audio_output s=0, cancelled=0
10-28 19:53:47.431  1138  7176 V PlayerDriver: Send player code: 6
10-28 19:53:47.431  1138  7176 V PlayerDriver: Create realtime output
10-28 19:53:47.431  1138  7176 V PlayerDriver: canSetA2DPDirectMode() A2DP direct disabled
10-28 19:53:47.431  1138  7176 V PlayerDriver: CommandCompleted
10-28 19:53:47.431  1138  7176 V PlayerDriver: Completed command PLAYER_SET_AUDIO_SINK status=PVMFSuccess
10-28 19:53:47.431  1138  7176 V PVPlayer: run_prepare s=0, cancelled=0
10-28 19:53:47.431  1138  7176 V PlayerDriver: Send player code: 8
10-28 19:53:47.431  1138  7176 V PlayerDriver: disable natpkt - 0
10-28 19:53:47.431  1138  7176 V PlayerDriver: HandleInformationalEvent: UNKNOWN PVMFStatus
10-28 19:53:47.431  1138  7176 V PlayerDriver: HandleInformationalEvent: type=44 UNHANDLED
10-28 19:53:47.431  3503  3508 W MediaPlayer: info/warning (1, 44)
10-28 19:53:47.431  3503  3503 I MediaPlayer: Info (1,44)
10-28 19:53:47.431  1138  7176 V PlayerDriver: CommandCompleted
10-28 19:53:47.431  1138  7176 V PlayerDriver: Completed command PLAYER_PREPARE status=PVMFSuccess
10-28 19:53:47.431  1138  7176 V PlayerDriver: PLAYER_PREPARE complete mDownloadContextData=0x0, mDataReadyReceived=0
10-28 19:53:47.431  1138  7176 V PVPlayer: check_for_live_streaming s=0, cancelled=0
10-28 19:53:47.431  1138  7176 E ProfileVideoFrameDrops: PVMediaOutputNodePort :: Early 0 frames :: OnTime 0 frames :: Late 0 frames :: Total 2 frames
10-28 19:53:47.431  1138  7176 E ProfileVideoFrameDrops: PVMediaOutputNodePort :: Early 0.000000 % :: OnTime -0.000000 % :: Late -0.000000 % 
10-28 19:53:47.439  1138  1138 V PVPlayer: PVPlayer constructor
10-28 19:53:47.439  1138  1138 V PVPlayer: construct PlayerDriver
10-28 19:53:47.439  1138  1138 V PlayerDriver: constructor
10-28 19:53:47.439  1138  1138 V PlayerDriver: OpenCore hardware module loaded
10-28 19:53:47.439  1138  1138 V PlayerDriver: start player thread
10-28 19:53:47.439  1138  7178 V PlayerDriver: startPlayerThread
10-28 19:53:47.439  1138  7178 V PlayerDriver: InitializeForThread
10-28 19:53:47.439  1138  7178 V PlayerDriver: OMX_MasterInit
10-28 19:53:47.439  1138  7178 V PlayerDriver: OsclScheduler::Init
10-28 19:53:47.439  1138  7178 V PlayerDriver: CreatePlayer
10-28 19:53:47.447  1138  7178 D         : enter PVGetInterface
10-28 19:53:47.447  1138  7178 D         : enter Instance
10-28 19:53:47.447  1138  7178 D         : enter SharedLibraryLookup
10-28 19:53:47.447  1138  7178 D         : enter RegisterAllRecognizers
10-28 19:53:47.447  1138  7178 V PlayerDriver: AddToScheduler
10-28 19:53:47.447  1138  7178 V PlayerDriver: PendForExec
10-28 19:53:47.447  1138  7178 V PlayerDriver: OsclActiveScheduler::Current
10-28 19:53:47.447  1138  7178 V PlayerDriver: StartScheduler
10-28 19:53:47.447  1138  1138 V PVPlayer: send PLAYER_SETUP
10-28 19:53:47.447  1138  7178 V PlayerDriver: Send player code: 2
10-28 19:53:47.447  1138  7178 V PlayerDriver: CommandCompleted
10-28 19:53:47.447  1138  7178 V PlayerDriver: Completed command PLAYER_SETUP status=PVMFSuccess
10-28 19:53:47.447  1138  1138 V PVPlayer: send PLAYER_HELPER
10-28 19:53:47.447  1138  7178 V PlayerDriver: Send player code: 3
10-28 19:53:47.447  1138  7178 V PlayerDriver: CommandCompleted
10-28 19:53:47.447  1138  7178 V PlayerDriver: Completed command PLAYER_HELPER status=PVMFSuccess
10-28 19:53:47.447  1138  1138 V PVPlayer: setDataSource(33, 819224, 8076)
10-28 19:53:47.454  1138  1233 V PVPlayer: prepareAsync
10-28 19:53:47.454  1138  1233 V PVPlayer:   data source = sharedfd://37:819224:8076
10-28 19:53:47.454  1138  7178 V PlayerDriver: Send player code: 4
10-28 19:53:47.454  1138  7178 V PlayerDriver: handleSetDataSource
10-28 19:53:47.454  1138  7178 V PlayerDriver: handleSetDataSource- scanning for extension
10-28 19:53:47.454  1138  7178 D         : enter PVOMA1MOTRecognizerPlugin::Recognize
10-28 19:53:47.454  1138  7178 D         : PVOMA1MOTRecognizerPlugin:Recognize MOT_SVC_drm_openSession failed and session =-4
10-28 19:53:47.454  1138  7178 V PlayerDriver: CommandCompleted
10-28 19:53:47.454  1138  7178 V PlayerDriver: Completed command PLAYER_SET_DATA_SOURCE status=PVMFSuccess
10-28 19:53:47.454  1138  7178 V PVPlayer: run_init s=0, cancelled=0
10-28 19:53:47.454  1138  7178 V PlayerDriver: Send player code: 7
10-28 19:53:47.454  1138  7178 V PlayerDriver: release string is 2.2 len 3
10-28 19:53:47.454  1138  7178 V PlayerDriver: CommandCompleted
10-28 19:53:47.454  1138  7178 V PlayerDriver: Completed command PLAYER_INIT status=PVMFSuccess
10-28 19:53:47.454  1138  7178 V PVPlayer: run_set_video_surface s=0, cancelled=0
10-28 19:53:47.454  1138  7178 V PVPlayer: run_set_audio_output s=0, cancelled=0
10-28 19:53:47.454  1138  7178 V PlayerDriver: Send player code: 6
10-28 19:53:47.454  1138  7178 V PlayerDriver: Create realtime output
10-28 19:53:47.454  1138  7178 V PlayerDriver: canSetA2DPDirectMode() A2DP direct disabled
10-28 19:53:47.454  1138  7178 V PlayerDriver: CommandCompleted
10-28 19:53:47.454  1138  7178 V PlayerDriver: Completed command PLAYER_SET_AUDIO_SINK status=PVMFSuccess
10-28 19:53:47.454  1138  7178 V PVPlayer: run_prepare s=0, cancelled=0
10-28 19:53:47.454  1138  7178 V PlayerDriver: Send player code: 8
10-28 19:53:47.454  1138  7178 V PlayerDriver: disable natpkt - 0
10-28 19:53:47.462  1138  7178 V PlayerDriver: HandleInformationalEvent: UNKNOWN PVMFStatus
10-28 19:53:47.462  1138  7178 V PlayerDriver: HandleInformationalEvent: type=44 UNHANDLED
10-28 19:53:47.462  3503  6230 W MediaPlayer: info/warning (1, 44)
10-28 19:53:47.462  3503  3503 I MediaPlayer: Info (1,44)
10-28 19:53:47.462  1138  7178 V PlayerDriver: CommandCompleted
10-28 19:53:47.470  1138  7178 V PlayerDriver: Completed command PLAYER_PREPARE status=PVMFSuccess
10-28 19:53:47.470  1138  7178 V PlayerDriver: PLAYER_PREPARE complete mDownloadContextData=0x0, mDataReadyReceived=0
10-28 19:53:47.470  1138  7178 V PVPlayer: check_for_live_streaming s=0, cancelled=0
10-28 19:53:47.470  1138  7178 E ProfileVideoFrameDrops: PVMediaOutputNodePort :: Early 0 frames :: OnTime 0 frames :: Late 0 frames :: Total 5 frames
10-28 19:53:47.470  1138  7178 E ProfileVideoFrameDrops: PVMediaOutputNodePort :: Early 0.000000 % :: OnTime -0.000000 % :: Late -0.000000 % 
10-28 19:53:47.470  1138  1138 V PVPlayer: PVPlayer constructor
10-28 19:53:47.470  1138  1138 V PVPlayer: construct PlayerDriver
10-28 19:53:47.470  1138  1138 V PlayerDriver: constructor
10-28 19:53:47.470  1138  1138 V PlayerDriver: OpenCore hardware module loaded
10-28 19:53:47.470  1138  1138 V PlayerDriver: start player thread
10-28 19:53:47.470  1138  7180 V PlayerDriver: startPlayerThread
10-28 19:53:47.470  1138  7180 V PlayerDriver: InitializeForThread
10-28 19:53:47.470  1138  7180 V PlayerDriver: OMX_MasterInit
10-28 19:53:47.470  1138  7180 V PlayerDriver: OsclScheduler::Init
10-28 19:53:47.470  1138  7180 V PlayerDriver: CreatePlayer
10-28 19:53:47.478  1138  7180 D         : enter PVGetInterface
10-28 19:53:47.478  1138  7180 D         : enter Instance
10-28 19:53:47.478  1138  7180 D         : enter SharedLibraryLookup
10-28 19:53:47.478  1138  7180 D         : enter RegisterAllRecognizers
10-28 19:53:47.478  1138  7180 V PlayerDriver: AddToScheduler
10-28 19:53:47.478  1138  7180 V PlayerDriver: PendForExec
10-28 19:53:47.478  1138  7180 V PlayerDriver: OsclActiveScheduler::Current
10-28 19:53:47.478  1138  7180 V PlayerDriver: StartScheduler
10-28 19:53:47.478  1138  1138 V PVPlayer: send PLAYER_SETUP
10-28 19:53:47.478  1138  7180 V PlayerDriver: Send player code: 2
10-28 19:53:47.478  1138  7180 V PlayerDriver: CommandCompleted
10-28 19:53:47.478  1138  7180 V PlayerDriver: Completed command PLAYER_SETUP status=PVMFSuccess
10-28 19:53:47.478  1138  1138 V PVPlayer: send PLAYER_HELPER
10-28 19:53:47.478  1138  7180 V PlayerDriver: Send player code: 3
10-28 19:53:47.478  1138  7180 V PlayerDriver: CommandCompleted
10-28 19:53:47.478  1138  7180 V PlayerDriver: Completed command PLAYER_HELPER status=PVMFSuccess
10-28 19:53:47.478  1138  1138 V PVPlayer: setDataSource(33, 788636, 5380)
10-28 19:53:47.478  1138  1233 V PVPlayer: prepareAsync
10-28 19:53:47.478  1138  1233 V PVPlayer:   data source = sharedfd://38:788636:5380
10-28 19:53:47.478  1138  7180 V PlayerDriver: Send player code: 4
10-28 19:53:47.478  1138  7180 V PlayerDriver: handleSetDataSource
10-28 19:53:47.478  1138  7180 V PlayerDriver: handleSetDataSource- scanning for extension
10-28 19:53:47.478  1138  7180 D         : enter PVOMA1MOTRecognizerPlugin::Recognize
10-28 19:53:47.486  1138  7180 D         : PVOMA1MOTRecognizerPlugin:Recognize MOT_SVC_drm_openSession failed and session =-4
10-28 19:53:47.493  1138  7180 V PlayerDriver: CommandCompleted
10-28 19:53:47.493  1138  7180 V PlayerDriver: Completed command PLAYER_SET_DATA_SOURCE status=PVMFSuccess
10-28 19:53:47.493  1138  7180 V PVPlayer: run_init s=0, cancelled=0
10-28 19:53:47.493  1138  7180 V PlayerDriver: Send player code: 7
10-28 19:53:47.493  1138  7180 V PlayerDriver: release string is 2.2 len 3
10-28 19:53:47.493  1138  7180 V PlayerDriver: CommandCompleted
10-28 19:53:47.493  1138  7180 V PlayerDriver: Completed command PLAYER_INIT status=PVMFSuccess
10-28 19:53:47.493  1138  7180 V PVPlayer: run_set_video_surface s=0, cancelled=0
10-28 19:53:47.493  1138  7180 V PVPlayer: run_set_audio_output s=0, cancelled=0
10-28 19:53:47.501  1138  7180 V PlayerDriver: Send player code: 6
10-28 19:53:47.501  1138  7180 V PlayerDriver: Create realtime output
10-28 19:53:47.501  1138  7180 V PlayerDriver: canSetA2DPDirectMode() A2DP direct disabled
10-28 19:53:47.501  1138  7180 V PlayerDriver: CommandCompleted
10-28 19:53:47.501  1138  7180 V PlayerDriver: Completed command PLAYER_SET_AUDIO_SINK status=PVMFSuccess
10-28 19:53:47.501  1138  7180 V PVPlayer: run_prepare s=0, cancelled=0
10-28 19:53:47.501  1138  7180 V PlayerDriver: Send player code: 8
10-28 19:53:47.501  1138  7180 V PlayerDriver: disable natpkt - 0
10-28 19:53:47.501  1138  7180 V PlayerDriver: HandleInformationalEvent: UNKNOWN PVMFStatus
10-28 19:53:47.501  1138  7180 V PlayerDriver: HandleInformationalEvent: type=44 UNHANDLED
10-28 19:53:47.501  3503  3509 W MediaPlayer: info/warning (1, 44)
10-28 19:53:47.501  3503  3503 I MediaPlayer: Info (1,44)
10-28 19:53:47.501  1138  7180 V PlayerDriver: CommandCompleted
10-28 19:53:47.501  1138  7180 V PlayerDriver: Completed command PLAYER_PREPARE status=PVMFSuccess
10-28 19:53:47.501  1138  7180 V PlayerDriver: PLAYER_PREPARE complete mDownloadContextData=0x0, mDataReadyReceived=0
10-28 19:53:47.501  1138  7180 V PVPlayer: check_for_live_streaming s=0, cancelled=0
10-28 19:53:47.509  1138  7180 E ProfileVideoFrameDrops: PVMediaOutputNodePort :: Early 0 frames :: OnTime 0 frames :: Late 0 frames :: Total 3 frames
10-28 19:53:47.509  1138  7180 E ProfileVideoFrameDrops: PVMediaOutputNodePort :: Early 0.000000 % :: OnTime -0.000000 % :: Late -0.000000 % 
10-28 19:53:47.603  3503  7167 D dalvikvm: GC_FOR_MALLOC freed 6128 objects / 499360 bytes in 54ms
10-28 19:53:47.759  3503  7167 I RecognitionController: onBeginningOfSpeech
10-28 19:53:48.033  3503  7165 D ServerConnectorImpl: Created session cde4c771bf92a66877526aa089b6e6e8
10-28 19:53:48.033  3503  7165 I ServerConnectorImpl: Creating TCP connection to 74.125.155.126:19294
10-28 19:53:48.345  1316  1316 I AtCmdDelegate: handle message:1
10-28 19:53:48.392  1235  2149 D AlarmManagerService: Kernel timezone updated to 240 minutes west of GMT
10-28 19:53:48.486  1316  1316 D dalvikvm: GC_FOR_MALLOC freed 11648 objects / 525632 bytes in 62ms
10-28 19:53:48.548  3503  7165 I ServerConnectorImpl: startRecognize RecognitionParameters{session=cde4c771bf92a66877526aa089b6e6e8,request=1}
10-28 19:53:50.251  3503  7167 I RecognitionController: onEndOfSpeech
10-28 19:53:50.251  1235  1492 I AudioService:  AudioFocus  abandonAudioFocus() from android.media.AudioManager@459a4148
10-28 19:53:50.267  1138  7166 D AudioHardwareMot: Input 0x16c70 entering standby
10-28 19:53:50.275  1138  7166 D AudioHardwareMot: AudioStreamInMot::setParameters() routing=0
10-28 19:53:50.275  1138  7166 D AudioHardwareMot: set input routing 0
10-28 19:53:50.275  1138  7166 D AudioHardwareMot: doRouting called
10-28 19:53:50.275  1138  7166 D AudioHardwareMot: Stereo output exists; using 0x2
10-28 19:53:50.275  1138  7166 D AudioHardwareMot: Routing to speaker
10-28 19:53:50.275  1138  7166 D AudioPostProcessor: slider opened, coeffs device for handset =0
10-28 19:53:50.775  3503  7182 I RecognitionController: State change: RECOGNIZING -> RECOGNIZED
10-28 19:53:50.775  3503  7165 I RecognitionController: Final state: RECOGNIZED
