10-28 19:40:04.506  1235  1487 I ActivityManager: Starting activity: Intent { act=android.speech.action.RECOGNIZE_SPEECH cmp=com.google.android.voicesearch/.IntentApiActivity (has extras) }
10-28 19:40:04.662  1235  1488 W InputManagerService: Starting input on non-focused client com.android.internal.view.IInputMethodClient$Stub$Proxy@45d1e930 (uid=10114 pid=6054)
10-28 19:40:07.857  1235  1491 W InputManagerService: Starting input on non-focused client com.android.internal.view.IInputMethodClient$Stub$Proxy@45b873e8 (uid=10060 pid=3503)
10-28 19:40:13.217  1235  1243 V DeviceStorageMonitorService: freeMemory=6643621888
10-28 19:40:13.217  1235  1243 V DeviceStorageMonitorService: Threshold Percentage=10
10-28 19:40:13.217  1235  1243 V DeviceStorageMonitorService: mTotalMemory = 70264913
10-28 19:40:13.217  1235  1243 I DeviceStorageMonitorService: Posting Message again
10-28 19:40:22.842  1235  1243 I InputManagerService: received close system dialog event
10-28 19:40:22.850  1235  1344 I ActivityManager: Starting activity: Intent { act=android.speech.action.RECOGNIZE_SPEECH cmp=com.google.android.voicesearch/.IntentApiActivity (has extras) }
10-28 19:40:23.045  1235  1491 W InputManagerService: Starting input on non-focused client com.android.internal.view.IInputMethodClient$Stub$Proxy@45d1e930 (uid=10114 pid=6054)
10-28 19:40:26.810  1235  1488 W InputManagerService: Starting input on non-focused client com.android.internal.view.IInputMethodClient$Stub$Proxy@45b873e8 (uid=10060 pid=3503)
10-28 19:40:28.803  1235  1243 D StatusBarPolicy: handleBatteryUpdate
10-28 19:40:34.006  1235  1243 I InputManagerService: received close system dialog event
10-28 19:40:34.014  1235  1344 I ActivityManager: Starting activity: Intent { act=android.speech.action.RECOGNIZE_SPEECH cmp=com.google.android.voicesearch/.IntentApiActivity (has extras) }
10-28 19:40:34.185  1235  2089 W InputManagerService: Starting input on non-focused client com.android.internal.view.IInputMethodClient$Stub$Proxy@45d1e930 (uid=10114 pid=6054)
10-28 19:40:38.201  1235  1239 W InputManagerService: Starting input on non-focused client com.android.internal.view.IInputMethodClient$Stub$Proxy@45d1e930 (uid=10114 pid=6054)
10-28 19:40:38.209  1235  2033 W InputManagerService: Client not active, ignoring focus gain of: com.android.internal.view.IInputMethodClient$Stub$Proxy@45e6fc18
10-28 19:40:38.279  1235  1487 W InputManagerService: Starting input on non-focused client com.android.internal.view.IInputMethodClient$Stub$Proxy@45d1e930 (uid=10114 pid=6054)
10-28 19:40:38.326  1235  1488 W InputManagerService: Starting input on non-focused client com.android.internal.view.IInputMethodClient$Stub$Proxy@45b873e8 (uid=10060 pid=3503)
10-28 19:41:13.219  1235  1243 V DeviceStorageMonitorService: freeMemory=6643621888
10-28 19:41:13.219  1235  1243 V DeviceStorageMonitorService: Threshold Percentage=10
10-28 19:41:13.219  1235  1243 V DeviceStorageMonitorService: mTotalMemory = 70264913
10-28 19:41:13.219  1235  1243 I DeviceStorageMonitorService: Posting Message again
10-28 19:41:23.326  1235  1243 I InputManagerService: received close system dialog event
10-28 19:41:23.334  1235  1890 I ActivityManager: Starting activity: Intent { act=android.speech.action.RECOGNIZE_SPEECH cmp=com.google.android.voicesearch/.IntentApiActivity (has extras) }
10-28 19:41:23.482  1235  1492 W InputManagerService: Starting input on non-focused client com.android.internal.view.IInputMethodClient$Stub$Proxy@45d1e930 (uid=10114 pid=6054)
10-28 19:41:26.412  1235  1235 W InputManagerService: Starting input on non-focused client com.android.internal.view.IInputMethodClient$Stub$Proxy@45b873e8 (uid=10060 pid=3503)
10-28 19:42:01.506  1235  1344 I ActivityManager: Starting activity: Intent { flg=0x30000000 cmp=com.snakefish.visms/.IncomingMessage (has extras) }
10-28 19:42:06.459  1235  1243 I InputManagerService: received close system dialog event
10-28 19:42:06.467  1235  2149 I ActivityManager: Starting activity: Intent { act=android.speech.action.RECOGNIZE_SPEECH cmp=com.google.android.voicesearch/.IntentApiActivity (has extras) }
10-28 19:42:09.990  1235  1491 W InputManagerService: Starting input on non-focused client com.android.internal.view.IInputMethodClient$Stub$Proxy@45d1e930 (uid=10114 pid=6054)
10-28 19:42:09.990  1235  1235 W InputManagerService: Client not active, ignoring focus gain of: com.android.internal.view.IInputMethodClient$Stub$Proxy@45edb7a0
10-28 19:42:10.076  1235  1488 W InputManagerService: Starting input on non-focused client com.android.internal.view.IInputMethodClient$Stub$Proxy@45b873e8 (uid=10060 pid=3503)
10-28 19:42:10.092  1235  1344 W InputManagerService: Starting input on non-focused client com.android.internal.view.IInputMethodClient$Stub$Proxy@45d1e930 (uid=10114 pid=6054)
10-28 19:42:13.221  1235  1243 V DeviceStorageMonitorService: freeMemory=6643621888
10-28 19:42:13.221  1235  1243 V DeviceStorageMonitorService: Threshold Percentage=10
10-28 19:42:13.221  1235  1243 V DeviceStorageMonitorService: mTotalMemory = 70264913
10-28 19:42:13.221  1235  1243 I DeviceStorageMonitorService: Posting Message again
10-28 19:42:37.357  1235  2033 I ActivityManager: Starting activity: Intent { flg=0x30000000 cmp=com.snakefish.visms/.IncomingMessage (has extras) }
10-28 19:42:43.851  1235  1890 I ActivityManager: Starting activity: Intent { cmp=com.snakefish.visms/.MainChatWindow (has extras) }
10-28 19:43:13.217  1235  1243 V DeviceStorageMonitorService: freeMemory=6643621888
10-28 19:43:13.217  1235  1243 V DeviceStorageMonitorService: Threshold Percentage=10
10-28 19:43:13.217  1235  1243 V DeviceStorageMonitorService: mTotalMemory = 70264913
10-28 19:43:13.217  1235  1243 I DeviceStorageMonitorService: Posting Message again
10-28 19:43:55.240  1235  1344 I ActivityManager: Starting activity: Intent { act=android.intent.action.MAIN cat=[android.intent.category.LAUNCHER] flg=0x10200000 cmp=com.stumbleupon.android.app/.activities.WelcomeActivity }
10-28 19:43:55.350  1235  1235 I ActivityManager: Start proc com.stumbleupon.android.app for activity com.stumbleupon.android.app/.activities.WelcomeActivity: pid=7090 uid=10109 gids={3003, 1015}
10-28 19:43:55.803  1235  2089 I ActivityManager: Start proc com.stumbleupon.android.app:remote for service com.stumbleupon.android.app/.services.SURemoteService: pid=7098 uid=10109 gids={3003, 1015}
10-28 19:43:56.045  1235  1239 W InputManagerService: Starting input on non-focused client com.android.internal.view.IInputMethodClient$Stub$Proxy@45bac1d0 (uid=10005 pid=1340)
10-28 19:43:58.217  1235  2089 I ActivityManager: Process com.qo.android.moto:remote (pid 1989) has died.
10-28 19:44:04.850  1235  1347 I ActivityManager: Starting activity: Intent { act=android.intent.action.MAIN cat=[android.intent.category.LAUNCHER] flg=0x10200000 cmp=com.snakefish.visms/.ConversationsActivity }
10-28 19:44:05.178  1235  1347 W InputManagerService: Starting input on non-focused client com.android.internal.view.IInputMethodClient$Stub$Proxy@45bac1d0 (uid=10005 pid=1340)
10-28 19:44:13.226  1235  1243 V DeviceStorageMonitorService: freeMemory=6643621888
10-28 19:44:13.226  1235  1243 V DeviceStorageMonitorService: Threshold Percentage=10
10-28 19:44:13.226  1235  1243 V DeviceStorageMonitorService: mTotalMemory = 70264913
10-28 19:44:13.226  1235  1243 I DeviceStorageMonitorService: Posting Message again
10-28 19:44:27.014  1235  1243 I InputManagerService: received close system dialog event
10-28 19:44:27.029  1235  1487 I ActivityManager: Starting activity: Intent { act=android.speech.action.RECOGNIZE_SPEECH cmp=com.google.android.voicesearch/.IntentApiActivity (has extras) }
10-28 19:44:27.217  1235  1347 W InputManagerService: Starting input on non-focused client com.android.internal.view.IInputMethodClient$Stub$Proxy@45d1e930 (uid=10114 pid=6054)
10-28 19:44:29.154  1235  2089 W InputManagerService: Starting input on non-focused client com.android.internal.view.IInputMethodClient$Stub$Proxy@45b873e8 (uid=10060 pid=3503)
10-28 19:44:39.490  1235  1492 I ActivityManager: Starting activity: Intent { cmp=com.snakefish.visms/.OptionsList }
10-28 19:44:54.701  1235  1240 I ActivityManager: Starting activity: Intent { cmp=com.snakefish.visms/.MainChatWindow (has extras) }
10-28 19:44:58.732  1235  1890 I ActivityManager: Starting activity: Intent { act=android.intent.action.PICK dat=content://com.android.contacts/contacts cmp=com.motorola.blur.contacts/.picker.PickIdentityActivity }
10-28 19:45:02.904  1235  1239 W InputManagerService: Starting input on non-focused client com.android.internal.view.IInputMethodClient$Stub$Proxy@45bcc318 (uid=10005 pid=1512)
10-28 19:45:08.506  1235  1346 I ActivityManager: Starting activity: Intent { cmp=com.snakefish.visms/.TextActivity (has extras) }
10-28 19:45:13.227  1235  1243 V DeviceStorageMonitorService: freeMemory=6643621888
10-28 19:45:13.227  1235  1243 V DeviceStorageMonitorService: Threshold Percentage=10
10-28 19:45:13.227  1235  1243 V DeviceStorageMonitorService: mTotalMemory = 70264913
10-28 19:45:13.227  1235  1243 I DeviceStorageMonitorService: Posting Message again
10-28 19:46:13.228  1235  1243 V DeviceStorageMonitorService: freeMemory=6643621888
10-28 19:46:13.228  1235  1243 V DeviceStorageMonitorService: Threshold Percentage=10
10-28 19:46:13.228  1235  1243 V DeviceStorageMonitorService: mTotalMemory = 70264913
10-28 19:46:13.228  1235  1243 I DeviceStorageMonitorService: Posting Message again
10-28 19:47:13.228  1235  1243 V DeviceStorageMonitorService: freeMemory=6643621888
10-28 19:47:13.228  1235  1243 V DeviceStorageMonitorService: Threshold Percentage=10
10-28 19:47:13.228  1235  1243 V DeviceStorageMonitorService: mTotalMemory = 70264913
10-28 19:47:13.228  1235  1243 I DeviceStorageMonitorService: Posting Message again
10-28 19:48:13.233  1235  1243 V DeviceStorageMonitorService: freeMemory=6643621888
10-28 19:48:13.233  1235  1243 V DeviceStorageMonitorService: Threshold Percentage=10
10-28 19:48:13.233  1235  1243 V DeviceStorageMonitorService: mTotalMemory = 70264913
10-28 19:48:13.233  1235  1243 I DeviceStorageMonitorService: Posting Message again
10-28 19:49:13.234  1235  1243 V DeviceStorageMonitorService: freeMemory=6643621888
10-28 19:49:13.234  1235  1243 V DeviceStorageMonitorService: Threshold Percentage=10
10-28 19:49:13.234  1235  1243 V DeviceStorageMonitorService: mTotalMemory = 70264913
10-28 19:49:13.234  1235  1243 I DeviceStorageMonitorService: Posting Message again
10-28 19:49:36.318  1235  1235 W InputManagerService: Starting input on non-focused client com.android.internal.view.IInputMethodClient$Stub$Proxy@45d1e930 (uid=10114 pid=6054)
10-28 19:50:13.236  1235  1243 V DeviceStorageMonitorService: freeMemory=6643621888
10-28 19:50:13.236  1235  1243 V DeviceStorageMonitorService: Threshold Percentage=10
10-28 19:50:13.236  1235  1243 V DeviceStorageMonitorService: mTotalMemory = 70264913
10-28 19:50:13.236  1235  1243 I DeviceStorageMonitorService: Posting Message again
10-28 19:51:13.238  1235  1243 V DeviceStorageMonitorService: freeMemory=6643621888
10-28 19:51:13.238  1235  1243 V DeviceStorageMonitorService: Threshold Percentage=10
10-28 19:51:13.238  1235  1243 V DeviceStorageMonitorService: mTotalMemory = 70264913
10-28 19:51:13.238  1235  1243 I DeviceStorageMonitorService: Posting Message again
10-28 19:52:13.232  1235  1243 V DeviceStorageMonitorService: freeMemory=6643617792
10-28 19:52:13.232  1235  1243 V DeviceStorageMonitorService: Threshold Percentage=10
10-28 19:52:13.232  1235  1243 V DeviceStorageMonitorService: mTotalMemory = 70264913
10-28 19:52:13.232  1235  1243 I DeviceStorageMonitorService: Posting Message again
10-28 19:53:13.322  1235  1243 V DeviceStorageMonitorService: freeMemory=6643617792
10-28 19:53:13.322  1235  1243 V DeviceStorageMonitorService: Threshold Percentage=10
10-28 19:53:13.322  1235  1243 V DeviceStorageMonitorService: mTotalMemory = 70264913
10-28 19:53:13.322  1235  1243 I DeviceStorageMonitorService: Posting Message again
10-28 19:53:32.915  1235  2089 I ActivityManager: Starting activity: Intent { flg=0x30000000 cmp=com.snakefish.visms/.IncomingMessage (has extras) }
10-28 19:53:46.822  1235  1243 I InputManagerService: received close system dialog event
10-28 19:53:46.829  1235  2149 I ActivityManager: Starting activity: Intent { act=android.speech.action.RECOGNIZE_SPEECH cmp=com.google.android.voicesearch/.IntentApiActivity (has extras) }
10-28 19:53:47.361  1235  1346 I ActivityManager: Process com.dropbox.android (pid 5324) has died.
10-28 19:53:50.923  1235  2149 W InputManagerService: Starting input on non-focused client com.android.internal.view.IInputMethodClient$Stub$Proxy@45b873e8 (uid=10060 pid=3503)
10-28 19:54:11.947  1235  1243 I InputManagerService: received close system dialog event
10-28 19:54:11.954  1235  1491 I ActivityManager: Starting activity: Intent { act=android.speech.action.RECOGNIZE_SPEECH cmp=com.google.android.voicesearch/.IntentApiActivity (has extras) }
10-28 19:54:13.322  1235  1243 V DeviceStorageMonitorService: freeMemory=6643621888
10-28 19:54:13.322  1235  1243 V DeviceStorageMonitorService: Threshold Percentage=10
10-28 19:54:13.322  1235  1243 V DeviceStorageMonitorService: mTotalMemory = 70264913
10-28 19:54:13.322  1235  1243 I DeviceStorageMonitorService: Posting Message again
10-28 19:54:15.337  1235  1235 I ActivityManager: Starting activity: Intent { cmp=com.snakefish.visms/.TextActivity (has extras) }
10-28 19:54:15.361  1235  2089 W InputManagerService: Starting input on non-focused client com.android.internal.view.IInputMethodClient$Stub$Proxy@45b873e8 (uid=10060 pid=3503)
10-28 19:54:25.462  1235  1243 I InputManagerService: received close system dialog event
10-28 19:54:25.470  1235  1235 I ActivityManager: Starting activity: Intent { act=android.speech.action.RECOGNIZE_SPEECH cmp=com.google.android.voicesearch/.IntentApiActivity (has extras) }
10-28 19:54:25.673  1235  1239 W InputManagerService: Starting input on non-focused client com.android.internal.view.IInputMethodClient$Stub$Proxy@45d1e930 (uid=10114 pid=6054)
10-28 19:54:28.822  1235  1492 W InputManagerService: Starting input on non-focused client com.android.internal.view.IInputMethodClient$Stub$Proxy@45b873e8 (uid=10060 pid=3503)
10-28 19:54:33.954  1235  1243 I InputManagerService: received close system dialog event
10-28 19:54:33.962  1235  1889 I ActivityManager: Starting activity: Intent { act=android.speech.action.RECOGNIZE_SPEECH cmp=com.google.android.voicesearch/.IntentApiActivity (has extras) }
10-28 19:54:34.173  1235  1487 W InputManagerService: Starting input on non-focused client com.android.internal.view.IInputMethodClient$Stub$Proxy@45d1e930 (uid=10114 pid=6054)
10-28 19:54:36.743  1235  1488 W InputManagerService: Starting input on non-focused client com.android.internal.view.IInputMethodClient$Stub$Proxy@45b873e8 (uid=10060 pid=3503)
10-28 19:54:42.079  1235  1243 I InputManagerService: received close system dialog event
10-28 19:54:42.087  1235  1346 I ActivityManager: Starting activity: Intent { act=android.speech.action.RECOGNIZE_SPEECH cmp=com.google.android.voicesearch/.IntentApiActivity (has extras) }
10-28 19:54:42.439  1235  1890 W InputManagerService: Starting input on non-focused client com.android.internal.view.IInputMethodClient$Stub$Proxy@45d1e930 (uid=10114 pid=6054)
10-28 19:54:44.478  1235  1239 W InputManagerService: Starting input on non-focused client com.android.internal.view.IInputMethodClient$Stub$Proxy@45b873e8 (uid=10060 pid=3503)
10-28 19:54:45.423  1235  1243 I InputManagerService: received close system dialog event
10-28 19:54:45.431  1235  1491 I ActivityManager: Starting activity: Intent { act=android.speech.action.RECOGNIZE_SPEECH cmp=com.google.android.voicesearch/.IntentApiActivity (has extras) }
10-28 19:54:45.611  1235  1344 W InputManagerService: Starting input on non-focused client com.android.internal.view.IInputMethodClient$Stub$Proxy@45d1e930 (uid=10114 pid=6054)
10-28 19:54:49.533  1235  1889 W InputManagerService: Starting input on non-focused client com.android.internal.view.IInputMethodClient$Stub$Proxy@45d1e930 (uid=10114 pid=6054)
10-28 19:54:49.533  1235  1487 W InputManagerService: Client not active, ignoring focus gain of: com.android.internal.view.IInputMethodClient$Stub$Proxy@45c37e60
10-28 19:54:49.556  1235  1492 W InputManagerService: Starting input on non-focused client com.android.internal.view.IInputMethodClient$Stub$Proxy@45d1e930 (uid=10114 pid=6054)
10-28 19:54:49.595  1235  1239 W InputManagerService: Starting input on non-focused client com.android.internal.view.IInputMethodClient$Stub$Proxy@45b873e8 (uid=10060 pid=3503)
10-28 19:55:13.322  1235  1243 V DeviceStorageMonitorService: freeMemory=6643601408
10-28 19:55:13.322  1235  1243 V DeviceStorageMonitorService: Threshold Percentage=10
10-28 19:55:13.322  1235  1243 V DeviceStorageMonitorService: mTotalMemory = 70264913
10-28 19:55:13.322  1235  1243 I DeviceStorageMonitorService: Posting Message again
10-28 19:55:34.767  1235  1243 I InputManagerService: received close system dialog event
10-28 19:55:34.775  1235  1490 I ActivityManager: Starting activity: Intent { act=android.speech.action.RECOGNIZE_SPEECH cmp=com.google.android.voicesearch/.IntentApiActivity (has extras) }
10-28 19:55:38.837  1235  1889 W InputManagerService: Starting input on non-focused client com.android.internal.view.IInputMethodClient$Stub$Proxy@45b873e8 (uid=10060 pid=3503)
10-28 19:56:01.150  1235  1235 I ActivityManager: Starting activity: Intent { flg=0x30000000 cmp=com.snakefish.visms/.IncomingMessage (has extras) }
10-28 19:56:04.673  1235  1243 I InputManagerService: received close system dialog event
10-28 19:56:04.681  1235  2033 I ActivityManager: Starting activity: Intent { act=android.speech.action.RECOGNIZE_SPEECH cmp=com.google.android.voicesearch/.IntentApiActivity (has extras) }
10-28 19:56:09.056  1235  1492 W InputManagerService: Starting input on non-focused client com.android.internal.view.IInputMethodClient$Stub$Proxy@45b873e8 (uid=10060 pid=3503)
10-28 19:56:13.327  1235  1243 V DeviceStorageMonitorService: freeMemory=6643625984
10-28 19:56:13.327  1235  1243 V DeviceStorageMonitorService: Threshold Percentage=10
10-28 19:56:13.327  1235  1243 V DeviceStorageMonitorService: mTotalMemory = 70264913
10-28 19:56:13.327  1235  1243 I DeviceStorageMonitorService: Posting Message again
10-28 19:56:21.493  1235  1243 I InputManagerService: received close system dialog event
10-28 19:56:21.501  1235  1490 I ActivityManager: Starting activity: Intent { act=android.speech.action.RECOGNIZE_SPEECH cmp=com.google.android.voicesearch/.IntentApiActivity (has extras) }
10-28 19:56:25.244  1235  1235 W InputManagerService: Starting input on non-focused client com.android.internal.view.IInputMethodClient$Stub$Proxy@45d1e930 (uid=10114 pid=6054)
10-28 19:56:25.244  1235  1346 W InputManagerService: Client not active, ignoring focus gain of: com.android.internal.view.IInputMethodClient$Stub$Proxy@45cd2ea8
10-28 19:56:25.314  1235  2033 W InputManagerService: Starting input on non-focused client com.android.internal.view.IInputMethodClient$Stub$Proxy@45b873e8 (uid=10060 pid=3503)
10-28 19:56:25.314  1235  1492 W InputManagerService: Starting input on non-focused client com.android.internal.view.IInputMethodClient$Stub$Proxy@45d1e930 (uid=10114 pid=6054)
10-28 19:56:42.806  1235  1454 I ActivityManager: Starting activity: Intent { act=android.intent.action.MAIN cat=[android.intent.category.LAUNCHER] flg=0x10200000 cmp=com.snakefish.visms/.ConversationsActivity }
10-28 19:56:43.251  1235  1487 W InputManagerService: Starting input on non-focused client com.android.internal.view.IInputMethodClient$Stub$Proxy@45bac1d0 (uid=10005 pid=1340)
10-28 19:57:07.540  1235  2089 I ActivityManager: Starting activity: Intent { cmp=com.snakefish.visms/.OptionsList }
--------- beginning of /dev/log/main
10-28 19:57:10.462  1512  1526 V GroupCache: Queue group cache refresh request, delayed (ms): 3000
10-28 19:57:10.915  1713  7242 D dalvikvm: GC_FOR_MALLOC freed 335 objects / 336424 bytes in 57ms
10-28 19:57:11.142  1713  7242 I global  : Default buffer size used in BufferedInputStream constructor. It would be better to be explicit if an 8k buffer is required.
10-28 19:57:11.572  1713  7242 D BlrPhotoDwnldService: Writing photo data for remote photo content://com.android.contacts/data/4170?caller_is_syncadapter=true
10-28 19:57:11.736  1512  1526 D GroupCache: Groups database table has changed. Refreshing the groups cache
10-28 19:57:11.736  1512  1526 V GroupCache: Clearing pending group cache refresh requests
10-28 19:57:11.736  1512  1526 V GroupCache: Queue group cache refresh request, delayed (ms): 3000
10-28 19:57:12.009  1713  7242 D dalvikvm: GC_FOR_MALLOC freed 343 objects / 342984 bytes in 58ms
10-28 19:57:12.259  1713  7242 I global  : Default buffer size used in BufferedInputStream constructor. It would be better to be explicit if an 8k buffer is required.
10-28 19:57:12.720  1713  7242 D BlrPhotoDwnldService: Writing photo data for remote photo content://com.android.contacts/data/4178?caller_is_syncadapter=true
10-28 19:57:12.915  1512  1526 D GroupCache: Groups database table has changed. Refreshing the groups cache
10-28 19:57:12.923  1512  1526 V GroupCache: Clearing pending group cache refresh requests
10-28 19:57:12.923  1512  1526 V GroupCache: Queue group cache refresh request, delayed (ms): 3000
10-28 19:57:13.212  1713  7242 D dalvikvm: GC_FOR_MALLOC freed 335 objects / 343256 bytes in 80ms
10-28 19:57:13.322  1235  1243 V DeviceStorageMonitorService: freeMemory=6643625984
10-28 19:57:13.329  1235  1243 V DeviceStorageMonitorService: Threshold Percentage=10
10-28 19:57:13.329  1235  1243 V DeviceStorageMonitorService: mTotalMemory = 70264913
10-28 19:57:13.329  1235  1243 I DeviceStorageMonitorService: Posting Message again
10-28 19:57:13.455  1713  7242 I global  : Default buffer size used in BufferedInputStream constructor. It would be better to be explicit if an 8k buffer is required.
10-28 19:57:13.715  1138  1232 D AudioHardwareMot: AudioStreamOutMot::standby called
10-28 19:57:13.715  1138  1232 D AudioHardwareMot: Output 0xb668 entering standby
10-28 19:57:13.723  1138  1232 D AudioHardwareMot: Closing Output device
10-28 19:57:14.080  1713  7242 D BlrPhotoDwnldService: Writing photo data for remote photo content://com.android.contacts/data/4187?caller_is_syncadapter=true
10-28 19:57:14.251  1512  1526 D GroupCache: Groups database table has changed. Refreshing the groups cache
10-28 19:57:14.251  1512  1526 V GroupCache: Clearing pending group cache refresh requests
10-28 19:57:14.251  1512  1526 V GroupCache: Queue group cache refresh request, delayed (ms): 3000
10-28 19:57:14.579  1713  7242 D dalvikvm: GC_FOR_MALLOC freed 344 objects / 381200 bytes in 79ms
10-28 19:57:14.829  1713  7242 I global  : Default buffer size used in BufferedInputStream constructor. It would be better to be explicit if an 8k buffer is required.
10-28 19:57:15.283  1713  7242 D BlrPhotoDwnldService: Writing photo data for remote photo content://com.android.contacts/data/4196?caller_is_syncadapter=true
10-28 19:57:15.439  1512  1526 D GroupCache: Groups database table has changed. Refreshing the groups cache
10-28 19:57:15.439  1512  1526 V GroupCache: Clearing pending group cache refresh requests
10-28 19:57:15.439  1512  1526 V GroupCache: Queue group cache refresh request, delayed (ms): 3000
10-28 19:57:15.728  6054  6054 W KeyCharacterMap: Can't open keycharmap file
10-28 19:57:15.728  6054  6054 W KeyCharacterMap: Error loading keycharmap file '/system/usr/keychars/qtouch-touchscreen.kcm.bin'. hw.keyboards.65538.devname='qtouch-touchscreen'
10-28 19:57:15.728  6054  6054 W KeyCharacterMap: Using default keymap: /system/usr/keychars/qwerty.kcm.bin
10-28 19:57:15.790  1713  7242 D dalvikvm: GC_FOR_MALLOC freed 341 objects / 341016 bytes in 69ms
10-28 19:57:16.040  1713  7242 I global  : Default buffer size used in BufferedInputStream constructor. It would be better to be explicit if an 8k buffer is required.
10-28 19:57:16.486  1713  7242 D BlrPhotoDwnldService: Writing photo data for remote photo content://com.android.contacts/data/4206?caller_is_syncadapter=true
10-28 19:57:16.634  1512  1526 D GroupCache: Groups database table has changed. Refreshing the groups cache
10-28 19:57:16.634  1512  1526 V GroupCache: Clearing pending group cache refresh requests
10-28 19:57:16.634  1512  1526 V GroupCache: Queue group cache refresh request, delayed (ms): 3000
10-28 19:57:16.900  1713  7242 D dalvikvm: GC_FOR_MALLOC freed 337 objects / 338504 bytes in 68ms
10-28 19:57:17.134  1713  7242 I global  : Default buffer size used in BufferedInputStream constructor. It would be better to be explicit if an 8k buffer is required.
10-28 19:57:17.705  1713  7242 D BlrPhotoDwnldService: Writing photo data for remote photo content://com.android.contacts/data/4214?caller_is_syncadapter=true
10-28 19:57:17.790  1294  2046 D dalvikvm: GC_FOR_MALLOC freed 4369 objects / 448048 bytes in 80ms
10-28 19:57:17.908  1512  1526 D GroupCache: Groups database table has changed. Refreshing the groups cache
10-28 19:57:17.915  1512  1526 V GroupCache: Clearing pending group cache refresh requests
10-28 19:57:17.915  1512  1526 V GroupCache: Queue group cache refresh request, delayed (ms): 3000
10-28 19:57:18.212  1713  7242 D dalvikvm: GC_FOR_MALLOC freed 336 objects / 340056 bytes in 78ms
10-28 19:57:18.447  1713  7242 I global  : Default buffer size used in BufferedInputStream constructor. It would be better to be explicit if an 8k buffer is required.
10-28 19:57:18.876  1713  7242 D BlrPhotoDwnldService: Writing photo data for remote photo content://com.android.contacts/data/4224?caller_is_syncadapter=true
10-28 19:57:19.048  1512  1526 D GroupCache: Groups database table has changed. Refreshing the groups cache
10-28 19:57:19.048  1512  1526 V GroupCache: Clearing pending group cache refresh requests
10-28 19:57:19.048  1512  1526 V GroupCache: Queue group cache refresh request, delayed (ms): 3000
10-28 19:57:19.345  1713  7242 D dalvikvm: GC_FOR_MALLOC freed 340 objects / 341432 bytes in 64ms
10-28 19:57:19.579  1713  7242 I global  : Default buffer size used in BufferedInputStream constructor. It would be better to be explicit if an 8k buffer is required.
10-28 19:57:20.298  1713  7242 D BlrPhotoDwnldService: Writing photo data for remote photo content://com.android.contacts/data/4232?caller_is_syncadapter=true
10-28 19:57:20.447  1512  1526 D GroupCache: Groups database table has changed. Refreshing the groups cache
10-28 19:57:20.447  1512  1526 V GroupCache: Clearing pending group cache refresh requests
10-28 19:57:20.447  1512  1526 V GroupCache: Queue group cache refresh request, delayed (ms): 3000
10-28 19:57:20.736  1713  7242 D dalvikvm: GC_FOR_MALLOC freed 336 objects / 380520 bytes in 58ms
10-28 19:57:21.158  1713  7242 I global  : Default buffer size used in BufferedInputStream constructor. It would be better to be explicit if an 8k buffer is required.
10-28 19:57:21.439  1713  7242 D BlrPhotoDwnldService: Writing photo data for remote photo content://com.android.contacts/data/4241?caller_is_syncadapter=true
10-28 19:57:21.587  1512  1526 D GroupCache: Groups database table has changed. Refreshing the groups cache
10-28 19:57:21.587  1512  1526 V GroupCache: Clearing pending group cache refresh requests
10-28 19:57:21.587  1512  1526 V GroupCache: Queue group cache refresh request, delayed (ms): 3000
10-28 19:57:21.900  1713  7242 D dalvikvm: GC_FOR_MALLOC freed 335 objects / 338624 bytes in 73ms
10-28 19:57:22.119  1713  7242 I global  : Default buffer size used in BufferedInputStream constructor. It would be better to be explicit if an 8k buffer is required.
10-28 19:57:22.837  1713  7242 D BlrPhotoDwnldService: Writing photo data for remote photo content://com.android.contacts/data/4250?caller_is_syncadapter=true
10-28 19:57:22.993  1512  1526 D GroupCache: Groups database table has changed. Refreshing the groups cache
10-28 19:57:22.993  1512  1526 V GroupCache: Clearing pending group cache refresh requests
10-28 19:57:22.993  1512  1526 V GroupCache: Queue group cache refresh request, delayed (ms): 3000
10-28 19:57:23.283  1713  7242 D dalvikvm: GC_FOR_MALLOC freed 344 objects / 380776 bytes in 59ms
10-28 19:57:23.947  1713  7242 I global  : Default buffer size used in BufferedInputStream constructor. It would be better to be explicit if an 8k buffer is required.
10-28 19:57:24.431  1713  7242 D BlrPhotoDwnldService: Writing photo data for remote photo content://com.android.contacts/data/4260?caller_is_syncadapter=true
10-28 19:57:24.587  1512  1526 D GroupCache: Groups database table has changed. Refreshing the groups cache
10-28 19:57:24.587  1512  1526 V GroupCache: Clearing pending group cache refresh requests
10-28 19:57:24.587  1512  1526 V GroupCache: Queue group cache refresh request, delayed (ms): 3000
10-28 19:57:24.892  1713  7242 D dalvikvm: GC_FOR_MALLOC freed 335 objects / 341040 bytes in 80ms
10-28 19:57:25.119  1713  7242 I global  : Default buffer size used in BufferedInputStream constructor. It would be better to be explicit if an 8k buffer is required.
10-28 19:57:25.361  1713  7242 D BlrPhotoDwnldService: Writing photo data for remote photo content://com.android.contacts/data/4269?caller_is_syncadapter=true
10-28 19:57:25.501  1512  1526 D GroupCache: Groups database table has changed. Refreshing the groups cache
10-28 19:57:25.509  1512  1526 V GroupCache: Clearing pending group cache refresh requests
10-28 19:57:25.509  1512  1526 V GroupCache: Queue group cache refresh request, delayed (ms): 3000
10-28 19:57:25.829  1713  7242 D dalvikvm: GC_FOR_MALLOC freed 334 objects / 318464 bytes in 81ms
10-28 19:57:26.189  1713  7242 I global  : Default buffer size used in BufferedInputStream constructor. It would be better to be explicit if an 8k buffer is required.
10-28 19:57:26.665  1713  7242 D BlrPhotoDwnldService: Writing photo data for remote photo content://com.android.contacts/data/4278?caller_is_syncadapter=true
10-28 19:57:26.845  1512  1526 D GroupCache: Groups database table has changed. Refreshing the groups cache
10-28 19:57:26.845  1512  1526 V GroupCache: Clearing pending group cache refresh requests
10-28 19:57:26.845  1512  1526 V GroupCache: Queue group cache refresh request, delayed (ms): 3000
10-28 19:57:27.103  1713  7242 D dalvikvm: GC_FOR_MALLOC freed 344 objects / 378944 bytes in 58ms
10-28 19:57:27.751  1713  7242 I global  : Default buffer size used in BufferedInputStream constructor. It would be better to be explicit if an 8k buffer is required.
10-28 19:57:28.189  1713  7242 D BlrPhotoDwnldService: Writing photo data for remote photo content://com.android.contacts/data/4287?caller_is_syncadapter=true
10-28 19:57:28.626  1512  1526 D GroupCache: Groups database table has changed. Refreshing the groups cache
10-28 19:57:28.634  1512  1526 V GroupCache: Clearing pending group cache refresh requests
10-28 19:57:28.634  1512  1526 V GroupCache: Queue group cache refresh request, delayed (ms): 3000
10-28 19:57:28.915  1713  7242 D dalvikvm: GC_FOR_MALLOC freed 335 objects / 340456 bytes in 58ms
10-28 19:57:29.126  1713  7242 I global  : Default buffer size used in BufferedInputStream constructor. It would be better to be explicit if an 8k buffer is required.
10-28 19:57:29.353  1713  7242 D BlrPhotoDwnldService: Writing photo data for remote photo content://com.android.contacts/data/4296?caller_is_syncadapter=true
10-28 19:57:29.783  1512  1526 D GroupCache: Groups database table has changed. Refreshing the groups cache
10-28 19:57:29.783  1512  1526 V GroupCache: Clearing pending group cache refresh requests
10-28 19:57:29.783  1512  1526 V GroupCache: Queue group cache refresh request, delayed (ms): 3000
10-28 19:57:30.087  1713  7242 D dalvikvm: GC_FOR_MALLOC freed 337 objects / 337992 bytes in 68ms
10-28 19:57:30.314  1713  7242 I global  : Default buffer size used in BufferedInputStream constructor. It would be better to be explicit if an 8k buffer is required.
10-28 19:57:30.767  1713  7242 D BlrPhotoDwnldService: Writing photo data for remote photo content://com.android.contacts/data/4307?caller_is_syncadapter=true
10-28 19:57:30.954  1512  1526 D GroupCache: Groups database table has changed. Refreshing the groups cache
10-28 19:57:30.954  1512  1526 V GroupCache: Clearing pending group cache refresh requests
10-28 19:57:30.954  1512  1526 V GroupCache: Queue group cache refresh request, delayed (ms): 3000
10-28 19:57:31.337  1713  7242 D dalvikvm: GC_FOR_MALLOC freed 335 objects / 342880 bytes in 79ms
10-28 19:57:31.572  1713  7242 I global  : Default buffer size used in BufferedInputStream constructor. It would be better to be explicit if an 8k buffer is required.
10-28 19:57:32.009  1713  7242 D BlrPhotoDwnldService: Writing photo data for remote photo content://com.android.contacts/data/4317?caller_is_syncadapter=true
10-28 19:57:32.158  1512  1526 D GroupCache: Groups database table has changed. Refreshing the groups cache
10-28 19:57:32.158  1512  1526 V GroupCache: Clearing pending group cache refresh requests
10-28 19:57:32.165  1512  1526 V GroupCache: Queue group cache refresh request, delayed (ms): 3000
10-28 19:57:32.462  1713  7242 D dalvikvm: GC_FOR_MALLOC freed 335 objects / 340944 bytes in 79ms
10-28 19:57:32.697  1713  7242 I global  : Default buffer size used in BufferedInputStream constructor. It would be better to be explicit if an 8k buffer is required.
10-28 19:57:33.150  1713  7242 D BlrPhotoDwnldService: Writing photo data for remote photo content://com.android.contacts/data/4326?caller_is_syncadapter=true
10-28 19:57:33.306  1512  1526 D GroupCache: Groups database table has changed. Refreshing the groups cache
10-28 19:57:33.306  1512  1526 V GroupCache: Clearing pending group cache refresh requests
10-28 19:57:33.306  1512  1526 V GroupCache: Queue group cache refresh request, delayed (ms): 3000
10-28 19:57:33.587  1713  7242 D dalvikvm: GC_FOR_MALLOC freed 337 objects / 343800 bytes in 73ms
10-28 19:57:33.814  1713  7242 I global  : Default buffer size used in BufferedInputStream constructor. It would be better to be explicit if an 8k buffer is required.
10-28 19:57:34.040  1713  7242 D BlrPhotoDwnldService: Writing photo data for remote photo content://com.android.contacts/data/4335?caller_is_syncadapter=true
10-28 19:57:34.173  1512  1526 D GroupCache: Groups database table has changed. Refreshing the groups cache
10-28 19:57:34.173  1512  1526 V GroupCache: Clearing pending group cache refresh requests
10-28 19:57:34.173  1512  1526 V GroupCache: Queue group cache refresh request, delayed (ms): 3000
10-28 19:57:34.462  1713  7242 D dalvikvm: GC_FOR_MALLOC freed 334 objects / 318312 bytes in 74ms
10-28 19:57:34.697  1713  7242 I global  : Default buffer size used in BufferedInputStream constructor. It would be better to be explicit if an 8k buffer is required.
10-28 19:57:34.970  1713  7242 D BlrPhotoDwnldService: Writing photo data for remote photo content://com.android.contacts/data/4345?caller_is_syncadapter=true
10-28 19:57:35.049  1235  1347 I ActivityManager: Starting activity: Intent { cmp=com.snakefish.visms/.MainChatWindow (has extras) }
10-28 19:57:35.126  6054  6054 V MainChatWindow, populateConversationList: Thread ID: -1
10-28 19:57:35.126  6054  6054 E MainChatWindow, populateConversationList: Intent missing thread id.
10-28 19:57:35.134  6054  6054 I TTS received: : Conversation screen
10-28 19:57:35.134  1437  1442 V TtsService: TTS service received Conversation screen
10-28 19:57:35.134  1437  1442 I TtsService: Stopping
10-28 19:57:35.134  1437  1442 I TtsService: Stopped
10-28 19:57:35.134  1437  1442 V TtsService: TTS processing: Conversation screen
10-28 19:57:35.142  1437  7368 V TtsService: TtsService.setLanguage(eng, USA, )
10-28 19:57:35.142  1437  7368 I SVOX Pico Engine: Language already loaded (en-US == en-US)
10-28 19:57:35.142  1437  7368 I SynthProxy: setting speech rate to 100
10-28 19:57:35.150  1437  7368 I SynthProxy: setting pitch to 100
10-28 19:57:35.220  1138  1232 D AudioHardwareMot: AudioStreamOut::wake: disabling SRC
10-28 19:57:35.228  1138  1232 D AudioHardwareMot: Output 0xb668 exiting standby
10-28 19:57:35.275  1512  1526 D GroupCache: Groups database table has changed. Refreshing the groups cache
10-28 19:57:35.275  1512  1526 V GroupCache: Clearing pending group cache refresh requests
10-28 19:57:35.275  1512  1526 V GroupCache: Queue group cache refresh request, delayed (ms): 3000
10-28 19:57:35.337  1138  1232 D AudioHardwareMot: AudioStreamOutMot::setParameters() fm_attenuate=0;fm_mute=0
10-28 19:57:35.417  1235  1257 I ActivityManager: Displayed activity com.snakefish.visms/.MainChatWindow: 347 ms (total 347 ms)
10-28 19:57:35.579  1713  7242 D dalvikvm: GC_FOR_MALLOC freed 337 objects / 337784 bytes in 82ms
10-28 19:57:35.822  1713  7242 I global  : Default buffer size used in BufferedInputStream constructor. It would be better to be explicit if an 8k buffer is required.
10-28 19:57:36.525  1713  7242 D BlrPhotoDwnldService: Writing photo data for remote photo content://com.android.contacts/data/4365?caller_is_syncadapter=true
10-28 19:57:36.587  1294  2046 D dalvikvm: GC_FOR_MALLOC freed 3766 objects / 401312 bytes in 63ms
10-28 19:57:36.720  1512  1526 D GroupCache: Groups database table has changed. Refreshing the groups cache
10-28 19:57:36.720  1512  1526 V GroupCache: Clearing pending group cache refresh requests
10-28 19:57:36.720  1512  1526 V GroupCache: Queue group cache refresh request, delayed (ms): 3000
10-28 19:57:37.033  1713  7242 D dalvikvm: GC_FOR_MALLOC freed 340 objects / 339704 bytes in 86ms
10-28 19:57:37.267  1713  7242 I global  : Default buffer size used in BufferedInputStream constructor. It would be better to be explicit if an 8k buffer is required.
10-28 19:57:37.681  1713  7242 D BlrPhotoDwnldService: Writing photo data for remote photo content://com.android.contacts/data/4375?caller_is_syncadapter=true
10-28 19:57:37.837  1512  1526 D GroupCache: Groups database table has changed. Refreshing the groups cache
10-28 19:57:37.837  1512  1526 V GroupCache: Clearing pending group cache refresh requests
10-28 19:57:37.837  1512  1526 V GroupCache: Queue group cache refresh request, delayed (ms): 3000
10-28 19:57:37.861  1713  7242 D BlrPhotoDwnldService: After 150 downloads out of 165, notifying receivers that some downloads complete
10-28 19:57:37.915  1544  1544 V ContactsUpdateReceiver: Received Intent: Intent { act=com.motorola.blur.contacts.NOTIFY_PHOTOS_DOWNLOADED cmp=com.motorola.blur.conversations/.util.ContactsUpdateReceiver (has extras) }
10-28 19:57:37.923  2004  2004 I SNMsgIntentReceiver: Received contact photo download complete notification
10-28 19:57:37.939  1424  1424 D ChipWidgetProvider: Received intent Intent { act=com.motorola.blur.contacts.NOTIFY_PHOTOS_DOWNLOADED cmp=com.motorola.blur.friendfeed/.widget.SocialWidgetProvider (has extras) }
10-28 19:57:37.939  1424  1424 D ChipWidgetProvider: a22417 debug in chipwidgetprovider function updatewidget the pendingUpdates is :android.util.SparseIntArray@459efd78
10-28 19:57:37.947  1424  1424 V SocialWidgetProvider: Received notification that photos have been downloaded. Clearing picture cache and refreshing view
10-28 19:57:37.954  1424  1448 D SocialWidgetProvider: doUpdateWidget id: 2 x: 4 y: 1
10-28 19:57:37.962  1424  1448 D SocialWidgetProvider: filterType: 0
10-28 19:57:37.962  1424  1448 D SocialWidgetProvider: filter: read_state=1 AND pub_date>1288223857968 AND owner=0
10-28 19:57:37.978  1447  1447 D ChipWidgetProvider: Received intent Intent { act=com.motorola.blur.contacts.NOTIFY_PHOTOS_DOWNLOADED cmp=com.motorola.blur.home.status/.StatusWidgetProvider (has extras) }
10-28 19:57:37.978  1235  1346 I ActivityManager: Starting activity: Intent { act=android.intent.action.PICK dat=content://com.android.contacts/contacts cmp=com.motorola.blur.contacts/.picker.PickIdentityActivity }
10-28 19:57:37.993  1447  1447 D ChipWidgetProvider: a22417 debug in chipwidgetprovider function updatewidget the pendingUpdates is :android.util.SparseIntArray@45a2e268
10-28 19:57:38.009  1447  1837 D StatusWidgetProvider: doUpdateWidget x: 4 y: 1
10-28 19:57:38.040  1512  1512 V PickIdentityActivity: INIT SPINNER GROUP: 0
10-28 19:57:38.040  1512  1512 V PickIdentityActivity: Intent Edit:false Multiple:false OneSource:false OncSourceId:-1 AccountType:null NoSource:false NoSourceId:-1
10-28 19:57:38.048  1512  1512 D PickIdentityActivity: Hardware keyboard >HIDDEN<
10-28 19:57:38.087  1512  1512 V PickIdentityActivity: Query all contacts
10-28 19:57:38.087  1512  1512 D QueryIdentitiesHandler: startQueryAll(): mContactableType==null
10-28 19:57:38.087  1512  1512 V QueryIdentitiesHandler: Adding new query to handler queue...
10-28 19:57:38.103  1512  1526 V QueryIdentitiesHandler: Dispatching query...
10-28 19:57:38.103  1512  1526 D QueryIdentitiesHandler: TOKEN_QUERYALL: sbSelect==[deleted=0 AND in_visible_group=1]
10-28 19:57:38.165  1512  1512 D dalvikvm: GC_EXTERNAL_ALLOC freed 7138 objects / 421664 bytes in 58ms
10-28 19:57:38.212  1512  1512 D dalvikvm: GC_EXTERNAL_ALLOC freed 2608 objects / 135848 bytes in 34ms
10-28 19:57:38.298  1713  7242 D dalvikvm: GC_FOR_MALLOC freed 524 objects / 348944 bytes in 88ms
10-28 19:57:38.408  1235  1257 I ActivityManager: Displayed activity com.motorola.blur.contacts/.picker.PickIdentityActivity: 421 ms (total 421 ms)
10-28 19:57:38.454  1447  1837 D DateUtil: now.getTimeZone(): Eastern Standard Time
10-28 19:57:38.501  1447  1837 D DateUtil: now.getTimeZone(): Eastern Standard Time
10-28 19:57:38.501  1424  1448 D SocialWidgetProvider: ===== getImageDimens: width=103 height=141
10-28 19:57:38.509  1424  1448 D BlurContactsExtensions: ===== targetSize: width=103 height=141
10-28 19:57:38.743  1340  1340 D dalvikvm: GC_EXPLICIT freed 437 objects / 19616 bytes in 141ms
10-28 19:57:38.743  1424  1448 D BlurContactsExtensions: ===== imageStream: imageWidth=100 imageHeight=133
10-28 19:57:38.767  1424  1448 D BlurContactsExtensions: ===== Using default android decode api...
10-28 19:57:38.767  1424  1448 D BlurContactsExtensions: ===== Android image decode:  downSample=1 downScaleX=0 downScaleY=0
10-28 19:57:38.767  1424  1448 D BlurContactsExtensions: ===== Cropping img: cropWidth=97 cropHeight=133
10-28 19:57:38.814  1424  1448 D DateUtil: now.getTimeZone(): Eastern Standard Time
10-28 19:57:38.829  1424  1448 V SocialWidgetProvider: DisplayName: Jeremy M. Leavitt for RawContactId: 567
10-28 19:57:38.853  1424  1448 D SocialWidgetProvider: updated id 2:has a new profile picture
10-28 19:57:38.884  1340  1340 D dalvikvm: GC_EXPLICIT freed 323 objects / 12448 bytes in 41ms
10-28 19:57:38.892  1294  1422 D DEBUG   : Selection used is -deleted=0 AND in_visible_group=1
10-28 19:57:38.931  1512  1526 D QueryIdentitiesHandler: TOKEN_QUERYALL: cursor.getCount==[248]
10-28 19:57:38.931  1512  1526 V QueryIdentitiesHandler: Completed query
10-28 19:57:39.079  1713  7242 I global  : Default buffer size used in BufferedInputStream constructor. It would be better to be explicit if an 8k buffer is required.
10-28 19:57:39.337  1713  7242 D BlrPhotoDwnldService: Writing photo data for remote photo content://com.android.contacts/data/4384?caller_is_syncadapter=true
10-28 19:57:39.548  1512  1526 D GroupCache: Groups database table has changed. Refreshing the groups cache
10-28 19:57:39.548  1512  1526 V GroupCache: Clearing pending group cache refresh requests
10-28 19:57:39.548  1512  1526 V GroupCache: Queue group cache refresh request, delayed (ms): 3000
10-28 19:57:39.597  1138  1232 D AudioHardwareMot: AudioStreamOutMot::standby called
10-28 19:57:39.597  1138  1232 D AudioHardwareMot: Output 0xb668 entering standby
10-28 19:57:39.603  1138  1232 D AudioHardwareMot: Closing Output device
10-28 19:57:39.853  1713  7242 D dalvikvm: GC_FOR_MALLOC freed 352 objects / 318528 bytes in 69ms
10-28 19:57:40.079  1713  7242 I global  : Default buffer size used in BufferedInputStream constructor. It would be better to be explicit if an 8k buffer is required.
10-28 19:57:40.533  1713  7242 D BlrPhotoDwnldService: Writing photo data for remote photo content://com.android.contacts/data/4394?caller_is_syncadapter=true
10-28 19:57:40.720  1512  1526 D GroupCache: Groups database table has changed. Refreshing the groups cache
10-28 19:57:40.720  1512  1526 V GroupCache: Clearing pending group cache refresh requests
10-28 19:57:40.720  1512  1526 V GroupCache: Queue group cache refresh request, delayed (ms): 3000
10-28 19:57:41.087  1713  7242 D dalvikvm: GC_FOR_MALLOC freed 335 objects / 339056 bytes in 119ms
10-28 19:57:41.517  1713  7242 I global  : Default buffer size used in BufferedInputStream constructor. It would be better to be explicit if an 8k buffer is required.
10-28 19:57:41.759  1713  7242 D BlrPhotoDwnldService: Writing photo data for remote photo content://com.android.contacts/data/4403?caller_is_syncadapter=true
10-28 19:57:41.829  1512  1517 I dalvikvm: Jit: resizing JitTable from 8192 to 16384
10-28 19:57:41.993  1512  1526 D GroupCache: Groups database table has changed. Refreshing the groups cache
10-28 19:57:41.993  1512  1526 V GroupCache: Clearing pending group cache refresh requests
10-28 19:57:41.993  1512  1526 V GroupCache: Queue group cache refresh request, delayed (ms): 3000
10-28 19:57:42.322  1713  7242 D dalvikvm: GC_FOR_MALLOC freed 340 objects / 339400 bytes in 61ms
10-28 19:57:42.548  1713  7242 I global  : Default buffer size used in BufferedInputStream constructor. It would be better to be explicit if an 8k buffer is required.
10-28 19:57:43.017  1713  7242 D BlrPhotoDwnldService: Writing photo data for remote photo content://com.android.contacts/data/4412?caller_is_syncadapter=true
10-28 19:57:44.158  3823  7369 I zomut.watchdog.monitor: init
10-28 19:57:44.158  3823  7369 I zomut.watchdog.monitor: begin
10-28 19:57:44.204  3823  7369 D dalvikvm: GC_FOR_MALLOC freed 6857 objects / 547520 bytes in 35ms
10-28 19:57:44.275  3823  7369 D dalvikvm: GC_FOR_MALLOC freed 3003 objects / 508120 bytes in 34ms
10-28 19:57:44.361  3823  7369 D dalvikvm: GC_FOR_MALLOC freed 3048 objects / 514464 bytes in 39ms
10-28 19:57:44.447  3823  7369 I zomut.watchdog.monitor: end
10-28 19:57:44.783  6054  6054 V SMSDelegate: onActivityResult(int, int, Intent)
10-28 19:57:44.783  6054  6054 I TTS received: : Conversation screen
10-28 19:57:44.790  1437  1441 V TtsService: TTS service received Conversation screen
10-28 19:57:44.790  1437  1441 I TtsService: Stopping
10-28 19:57:44.790  1437  1441 I TtsService: Stopped
10-28 19:57:44.790  1437  1441 V TtsService: TTS processing: Conversation screen
10-28 19:57:44.798  1437  7370 V TtsService: TtsService.setLanguage(eng, USA, )
10-28 19:57:44.798  1437  7370 I SVOX Pico Engine: Language already loaded (en-US == en-US)
10-28 19:57:44.806  1437  7370 I SynthProxy: setting speech rate to 100
10-28 19:57:44.806  1437  7370 I SynthProxy: setting pitch to 100
10-28 19:57:44.892  1512  1512 W IInputConnectionWrapper: showStatusIcon on inactive InputConnection
10-28 19:57:44.892  1235  1490 W InputManagerService: Starting input on non-focused client com.android.internal.view.IInputMethodClient$Stub$Proxy@45bcc318 (uid=10005 pid=1512)
10-28 19:57:44.900  1138  1232 D AudioHardwareMot: AudioStreamOut::wake: disabling SRC
10-28 19:57:44.908  1138  1232 D AudioHardwareMot: Output 0xb668 exiting standby
10-28 19:57:44.978  1512  1526 D GroupCache: Groups database table has changed. Refreshing the groups cache
10-28 19:57:44.978  1512  1526 V GroupCache: Clearing pending group cache refresh requests
10-28 19:57:44.978  1512  1526 V GroupCache: Queue group cache refresh request, delayed (ms): 3000
10-28 19:57:45.025  1138  1232 D AudioHardwareMot: AudioStreamOutMot::setParameters() fm_attenuate=0;fm_mute=0
10-28 19:57:45.236  1713  7242 D dalvikvm: GC_FOR_MALLOC freed 340 objects / 343736 bytes in 42ms
10-28 19:57:45.454  1713  7242 I global  : Default buffer size used in BufferedInputStream constructor. It would be better to be explicit if an 8k buffer is required.
10-28 19:57:45.916  1713  7242 D BlrPhotoDwnldService: Writing photo data for remote photo content://com.android.contacts/data/4422?caller_is_syncadapter=true
10-28 19:57:46.079  1512  1526 D GroupCache: Groups database table has changed. Refreshing the groups cache
10-28 19:57:46.079  1512  1526 V GroupCache: Clearing pending group cache refresh requests
10-28 19:57:46.079  1512  1526 V GroupCache: Queue group cache refresh request, delayed (ms): 3000
10-28 19:57:46.376  1713  7242 D dalvikvm: GC_FOR_MALLOC freed 338 objects / 341416 bytes in 66ms
10-28 19:57:46.783  1713  7242 I global  : Default buffer size used in BufferedInputStream constructor. It would be better to be explicit if an 8k buffer is required.
10-28 19:57:47.017  1713  7242 D BlrPhotoDwnldService: Writing photo data for remote photo content://com.android.contacts/data/5538?caller_is_syncadapter=true
10-28 19:57:47.165  1512  1526 D GroupCache: Groups database table has changed. Refreshing the groups cache
10-28 19:57:47.165  1512  1526 V GroupCache: Clearing pending group cache refresh requests
10-28 19:57:47.165  1512  1526 V GroupCache: Queue group cache refresh request, delayed (ms): 3000
10-28 19:57:47.478  1713  7242 D dalvikvm: GC_FOR_MALLOC freed 335 objects / 337888 bytes in 69ms
10-28 19:57:47.720  1713  7242 I global  : Default buffer size used in BufferedInputStream constructor. It would be better to be explicit if an 8k buffer is required.
10-28 19:57:47.978  1235  1889 I ActivityManager: Starting activity: Intent { cmp=com.snakefish.visms/.TextActivity (has extras) }
