--------- beginning of /dev/log/system
10-28 18:17:13.804  1235  1243 V DeviceStorageMonitorService: Threshold Percentage=10
10-28 18:17:13.804  1235  1243 V DeviceStorageMonitorService: mTotalMemory = 70264913
10-28 18:17:13.804  1235  1243 I DeviceStorageMonitorService: Posting Message again
10-28 18:17:49.649  1235  1243 I ActivityManager: Starting activity: Intent { cmp=com.motorola.usb/.UsbModeSelectionActivity bnds=[0,152][480,248] }
10-28 18:17:49.649  1235  1243 W ActivityManager: startActivity called from non-Activity context; forcing Intent.FLAG_ACTIVITY_NEW_TASK for: Intent { flg=0x800000 cmp=com.motorola.usb/.UsbModeSelectionActivity bnds=[0,152][480,248] }
10-28 18:17:53.141  1235  1344 W InputManagerService: Window already focused, ignoring focus gain of: com.android.internal.view.IInputMethodClient$Stub$Proxy@45a77390
10-28 18:17:55.212  1235  1344 W BackupManagerService: dataChanged but no participant pkg='com.android.providers.settings' uid=10058
10-28 18:17:55.501  1235  1243 I StorageNotification: UMS connection changed to true (media state mounted)
10-28 18:17:55.563  1126  1227 D VoldCmdListener: volume shared /mnt/sdcard ums
10-28 18:17:55.594  1235  1243 D StatusBarPolicy: handleBatteryUpdate
10-28 18:17:55.618  1126  1227 D VoldCmdListener: asec list
10-28 18:17:55.915  1126  1227 D VoldCmdListener: storage users /mnt/sdcard
10-28 18:17:56.219  1126  1227 D VoldCmdListener: volume unmount /mnt/sdcard force
10-28 18:17:56.219  1126  1227 D Vold    : Volume sdcard state changing 4 (Mounted) -> 5 (Unmounting)
10-28 18:17:56.665  1235  1243 D StatusBarPolicy: handleBatteryUpdate
10-28 18:17:57.227  1126  1227 I Vold    : /mnt/secure/staging/.android_secure sucessfully unmounted
10-28 18:17:57.227  1126  1227 I Vold    : /mnt/secure/asec sucessfully unmounted
10-28 18:17:57.259  1126  1227 I Vold    : /mnt/secure/staging sucessfully unmounted
10-28 18:17:57.259  1126  1227 I Vold    : /mnt/sdcard unmounted sucessfully
10-28 18:17:57.259  1126  1227 D Vold    : Volume sdcard state changing 5 (Unmounting) -> 1 (Idle-Unmounted)
10-28 18:17:57.266  1126  1227 D VoldCmdListener: volume share /mnt/sdcard ums
10-28 18:17:57.266  1126  1227 D Vold    : Volume sdcard state changing 1 (Idle-Unmounted) -> 7 (Shared-Unmounted)
10-28 18:17:57.266  1235  1243 I StorageNotification: Media {/mnt/sdcard} state changed from {mounted} -> {unmounted}
10-28 18:17:57.313  1126  1227 D VoldCmdListener: volume shared /mnt/sdcard ums
10-28 18:17:57.313  1235  1243 I StorageNotification: Media {/mnt/sdcard} state changed from {unmounted} -> {shared}
10-28 18:18:13.806  1235  1243 V DeviceStorageMonitorService: freeMemory=6643974144
10-28 18:18:13.806  1235  1243 V DeviceStorageMonitorService: Threshold Percentage=10
10-28 18:18:13.806  1235  1243 V DeviceStorageMonitorService: mTotalMemory = 70264913
10-28 18:18:13.806  1235  1243 I DeviceStorageMonitorService: Posting Message again
10-28 18:18:17.618  1235  1245 I ActivityManager: Force stopping package com.snakefish.visms uid=10114
10-28 18:18:19.368  1235  1487 I ActivityManager: Starting activity: Intent { act=android.intent.action.MAIN cat=[android.intent.category.LAUNCHER] flg=0x10000000 cmp=com.snakefish.visms/.ConversationsActivity }
10-28 18:18:19.602  1235  2033 I ActivityManager: Start proc com.snakefish.visms for activity com.snakefish.visms/.ConversationsActivity: pid=6054 uid=10114 gids={}
10-28 18:18:20.102  1235  2149 W InputManagerService: Starting input on non-focused client com.android.internal.view.IInputMethodClient$Stub$Proxy@45a15960 (uid=10078 pid=1740)
10-28 18:19:04.696  1235  1239 I ActivityManager: Starting activity: Intent { cmp=com.snakefish.visms/.MainChatWindow (has extras) }
10-28 18:19:06.704  1235  1488 I ActivityManager: Starting activity: Intent { act=android.intent.action.PICK dat=content://com.android.contacts/contacts cmp=com.motorola.blur.contacts/.picker.PickIdentityActivity }
10-28 18:19:09.087  1235  1235 W InputManagerService: Starting input on non-focused client com.android.internal.view.IInputMethodClient$Stub$Proxy@45bcc318 (uid=10005 pid=1512)
10-28 18:19:11.047  1235  2033 I ActivityManager: Starting activity: Intent { cmp=com.snakefish.visms/.TextActivity (has extras) }
10-28 18:19:13.807  1235  1243 V DeviceStorageMonitorService: freeMemory=6643818496
10-28 18:19:13.807  1235  1243 V DeviceStorageMonitorService: Threshold Percentage=10
10-28 18:19:13.807  1235  1243 V DeviceStorageMonitorService: mTotalMemory = 70264913
10-28 18:19:13.807  1235  1243 I DeviceStorageMonitorService: Posting Message again
10-28 18:19:20.680  1235  2089 W InputManagerService: Starting input on non-focused client com.android.internal.view.IInputMethodClient$Stub$Proxy@45a15960 (uid=10078 pid=1740)
10-28 18:19:45.954  1235  1243 D StatusBarPolicy: handleBatteryUpdate
10-28 18:20:13.809  1235  1243 V DeviceStorageMonitorService: freeMemory=6643818496
10-28 18:20:13.809  1235  1243 V DeviceStorageMonitorService: Threshold Percentage=10
10-28 18:20:13.809  1235  1243 V DeviceStorageMonitorService: mTotalMemory = 70264913
10-28 18:20:13.809  1235  1243 I DeviceStorageMonitorService: Posting Message again
10-28 18:21:13.805  1235  1243 V DeviceStorageMonitorService: freeMemory=6643818496
10-28 18:21:13.805  1235  1243 V DeviceStorageMonitorService: Threshold Percentage=10
10-28 18:21:13.805  1235  1243 V DeviceStorageMonitorService: mTotalMemory = 70264913
10-28 18:21:13.805  1235  1243 I DeviceStorageMonitorService: Posting Message again
10-28 18:22:13.813  1235  1243 V DeviceStorageMonitorService: freeMemory=6643818496
10-28 18:22:13.813  1235  1243 V DeviceStorageMonitorService: Threshold Percentage=10
10-28 18:22:13.813  1235  1243 V DeviceStorageMonitorService: mTotalMemory = 70264913
10-28 18:22:13.813  1235  1243 I DeviceStorageMonitorService: Posting Message again
10-28 18:23:07.188  1235  1243 D StatusBarPolicy: handleBatteryUpdate
10-28 18:23:13.399  1235  1490 W InputManagerService: Window already focused, ignoring focus gain of: com.android.internal.view.IInputMethodClient$Stub$Proxy@45d98a00
10-28 18:23:13.815  1235  1243 V DeviceStorageMonitorService: freeMemory=6643818496
10-28 18:23:13.815  1235  1243 V DeviceStorageMonitorService: Threshold Percentage=10
10-28 18:23:13.815  1235  1243 V DeviceStorageMonitorService: mTotalMemory = 70264913
10-28 18:23:13.815  1235  1243 I DeviceStorageMonitorService: Posting Message again
10-28 18:24:13.817  1235  1243 V DeviceStorageMonitorService: freeMemory=6643818496
10-28 18:24:13.817  1235  1243 V DeviceStorageMonitorService: Threshold Percentage=10
10-28 18:24:13.817  1235  1243 V DeviceStorageMonitorService: mTotalMemory = 70264913
10-28 18:24:13.817  1235  1243 I DeviceStorageMonitorService: Posting Message again
10-28 18:24:49.821  1235  2033 I ActivityManager: Starting activity: Intent { act=android.intent.action.MAIN cat=[android.intent.category.LAUNCHER] flg=0x10200000 cmp=com.snakefish.visms/.ConversationsActivity }
10-28 18:24:50.188  1235  2033 W InputManagerService: Starting input on non-focused client com.android.internal.view.IInputMethodClient$Stub$Proxy@45bac1d0 (uid=10005 pid=1340)
10-28 18:24:51.485  1235  1889 I ActivityManager: Starting activity: Intent { cmp=com.snakefish.visms/.OptionsList }
10-28 18:24:53.126  1235  1344 I ActivityManager: Starting activity: Intent { cmp=com.snakefish.visms/.MainChatWindow (has extras) }
10-28 18:24:53.719  1235  1491 I ActivityManager: Starting activity: Intent { cmp=com.snakefish.visms/.OptionsList }
10-28 18:24:55.969  1235  1889 I ActivityManager: Starting activity: Intent { act=android.intent.action.PICK dat=content://com.android.contacts/contacts cmp=com.motorola.blur.contacts/.picker.PickIdentityActivity }
10-28 18:24:57.774  1235  1488 W InputManagerService: Starting input on non-focused client com.android.internal.view.IInputMethodClient$Stub$Proxy@45bcc318 (uid=10005 pid=1512)
10-28 18:24:59.297  1235  1454 I ActivityManager: Starting activity: Intent { cmp=com.snakefish.visms/.TextActivity (has extras) }
10-28 18:24:59.852  1235  2033 I ActivityManager: Starting activity: Intent { cmp=com.snakefish.visms/.OptionsList }
10-28 18:25:09.602  1235  1454 I ActivityManager: Starting activity: Intent { act=android.intent.action.MAIN cat=[android.intent.category.LAUNCHER] flg=0x10200000 cmp=com.snakefish.visms/.IncomingMessage }
10-28 18:25:09.977  1235  1490 W InputManagerService: Starting input on non-focused client com.android.internal.view.IInputMethodClient$Stub$Proxy@45bac1d0 (uid=10005 pid=1340)
10-28 18:25:10.798  1235  1346 I ActivityManager: Starting activity: Intent { cmp=com.snakefish.visms/.OptionsList }
10-28 18:25:13.821  1235  1243 V DeviceStorageMonitorService: freeMemory=6643818496
10-28 18:25:13.821  1235  1243 V DeviceStorageMonitorService: Threshold Percentage=10
10-28 18:25:13.821  1235  1243 V DeviceStorageMonitorService: mTotalMemory = 70264913
10-28 18:25:13.821  1235  1243 I DeviceStorageMonitorService: Posting Message again
10-28 18:26:13.823  1235  1243 V DeviceStorageMonitorService: freeMemory=6643818496
10-28 18:26:13.823  1235  1243 V DeviceStorageMonitorService: Threshold Percentage=10
10-28 18:26:13.823  1235  1243 V DeviceStorageMonitorService: mTotalMemory = 70264913
10-28 18:26:13.823  1235  1243 I DeviceStorageMonitorService: Posting Message again
10-28 18:26:51.883  1235  1243 D StatusBarPolicy: handleBatteryUpdate
10-28 18:27:13.824  1235  1243 V DeviceStorageMonitorService: freeMemory=6643818496
10-28 18:27:13.824  1235  1243 V DeviceStorageMonitorService: Threshold Percentage=10
10-28 18:27:13.824  1235  1243 V DeviceStorageMonitorService: mTotalMemory = 70264913
10-28 18:27:13.824  1235  1243 I DeviceStorageMonitorService: Posting Message again
10-28 18:28:13.826  1235  1243 V DeviceStorageMonitorService: freeMemory=6643818496
10-28 18:28:13.826  1235  1243 V DeviceStorageMonitorService: Threshold Percentage=10
10-28 18:28:13.829  1235  1243 V DeviceStorageMonitorService: mTotalMemory = 70264913
10-28 18:28:13.829  1235  1243 I DeviceStorageMonitorService: Posting Message again
10-28 18:29:13.829  1235  1243 V DeviceStorageMonitorService: freeMemory=6643818496
10-28 18:29:13.829  1235  1243 V DeviceStorageMonitorService: Threshold Percentage=10
10-28 18:29:13.829  1235  1243 V DeviceStorageMonitorService: mTotalMemory = 70264913
10-28 18:29:13.829  1235  1243 I DeviceStorageMonitorService: Posting Message again
10-28 18:29:38.673  1235  1488 I ActivityManager: Starting activity: Intent { flg=0x14200000 cmp=com.android.calendar/.LaunchActivity (has extras) }
10-28 18:29:38.844  1235  1890 I ActivityManager: Starting activity: Intent { flg=0x20020000 cmp=com.android.calendar/.DayActivity (has extras) }
10-28 18:30:07.243  1235  1243 D StatusBarPolicy: handleBatteryUpdate
10-28 18:30:13.829  1235  1243 V DeviceStorageMonitorService: freeMemory=6643814400
10-28 18:30:13.829  1235  1243 V DeviceStorageMonitorService: Threshold Percentage=10
10-28 18:30:13.829  1235  1243 V DeviceStorageMonitorService: mTotalMemory = 70264913
10-28 18:30:13.829  1235  1243 I DeviceStorageMonitorService: Posting Message again
10-28 18:31:13.829  1235  1243 V DeviceStorageMonitorService: freeMemory=6643814400
10-28 18:31:13.829  1235  1243 V DeviceStorageMonitorService: Threshold Percentage=10
10-28 18:31:13.829  1235  1243 V DeviceStorageMonitorService: mTotalMemory = 70264913
10-28 18:31:13.829  1235  1243 I DeviceStorageMonitorService: Posting Message again
10-28 18:31:18.883  1235  1243 I InputManagerService: received close system dialog event
10-28 18:31:18.899  1235  1260 I ActivityManager: Starting activity: Intent { act=android.intent.action.MAIN cat=[android.intent.category.HOME] flg=0x10200000 cmp=com.motorola.blur.home/.HomeActivity }
10-28 18:31:18.969  1235  1344 W InputManagerService: Ignoring hideSoftInput of: com.android.internal.view.IInputMethodClient$Stub$Proxy@45cd0df8
10-28 18:31:18.993  1235  1488 W InputManagerService: Starting input on non-focused client com.android.internal.view.IInputMethodClient$Stub$Proxy@45e54378 (uid=10021 pid=1563)
10-28 18:31:21.227  1235  2033 W InputManagerService: Window already focused, ignoring focus gain of: com.android.internal.view.IInputMethodClient$Stub$Proxy@45ca0ee8
10-28 18:32:13.834  1235  1243 V DeviceStorageMonitorService: freeMemory=6643814400
10-28 18:32:13.834  1235  1243 V DeviceStorageMonitorService: Threshold Percentage=10
10-28 18:32:13.834  1235  1243 V DeviceStorageMonitorService: mTotalMemory = 70264913
10-28 18:32:13.834  1235  1243 I DeviceStorageMonitorService: Posting Message again
10-28 18:33:13.340  1235  1243 V DeviceStorageMonitorService: freeMemory=6643810304
10-28 18:33:13.340  1235  1243 V DeviceStorageMonitorService: Threshold Percentage=10
10-28 18:33:13.340  1235  1243 V DeviceStorageMonitorService: mTotalMemory = 70264913
10-28 18:33:13.340  1235  1243 I DeviceStorageMonitorService: Posting Message again
10-28 18:33:35.810  1235  1243 D StatusBarPolicy: handleBatteryUpdate
10-28 18:34:13.342  1235  1243 V DeviceStorageMonitorService: freeMemory=6643814400
10-28 18:34:13.342  1235  1243 V DeviceStorageMonitorService: Threshold Percentage=10
10-28 18:34:13.342  1235  1243 V DeviceStorageMonitorService: mTotalMemory = 70264913
10-28 18:34:13.342  1235  1243 I DeviceStorageMonitorService: Posting Message again
10-28 18:34:18.521  1235  1344 I ActivityManager: Starting activity: Intent { act=android.intent.action.MAIN cat=[android.intent.category.LAUNCHER] flg=0x10200000 cmp=com.google.android.apps.googlevoice/.SplashActivity bnds=[5,640][115,758] }
10-28 18:34:20.037  1235  1258 I WindowManager: Setting rotation to 1, animFlags=1
10-28 18:34:20.045  1235  1258 I ActivityManager: Config changed: { scale=1.0 imsi=310/4 loc=en_US touch=3 keys=2/1/1 nav=2/1 orien=2 layout=34 uiMode=17 seq=25}
10-28 18:34:20.748  1235  2149 W InputManagerService: Starting input on non-focused client com.android.internal.view.IInputMethodClient$Stub$Proxy@45d20d90 (uid=10089 pid=1865)
10-28 18:34:20.764  1235  2089 W InputManagerService: Starting input on non-focused client com.android.internal.view.IInputMethodClient$Stub$Proxy@45d20d90 (uid=10089 pid=1865)
10-28 18:34:20.779  1235  1491 W InputManagerService: Starting input on non-focused client com.android.internal.view.IInputMethodClient$Stub$Proxy@45d20d90 (uid=10089 pid=1865)
10-28 18:34:30.256  1235  1347 W InputManagerService: Starting input on non-focused client com.android.internal.view.IInputMethodClient$Stub$Proxy@45a7e220 (uid=10105 pid=1760)
10-28 18:35:13.344  1235  1243 V DeviceStorageMonitorService: freeMemory=6643806208
10-28 18:35:13.344  1235  1243 V DeviceStorageMonitorService: Threshold Percentage=10
10-28 18:35:13.344  1235  1243 V DeviceStorageMonitorService: mTotalMemory = 70264913
10-28 18:35:13.344  1235  1243 I DeviceStorageMonitorService: Posting Message again
10-28 18:35:24.217  1235  1280 D PerformBackupThread: starting agent for backup of BackupRequest{app=ApplicationInfo{45866e08 android} full=false}
10-28 18:35:24.217  1235  1280 D BackupManagerService: awaiting agent for ApplicationInfo{45866e08 android}
10-28 18:35:24.232  1235  1243 D BackupManagerService: agentConnected pkg=android agent=android.app.backup.BackupAgent$BackupServiceBinder@45e84b98
10-28 18:36:13.343  1235  1243 V DeviceStorageMonitorService: freeMemory=6643806208
10-28 18:36:13.343  1235  1243 V DeviceStorageMonitorService: Threshold Percentage=10
10-28 18:36:13.343  1235  1243 V DeviceStorageMonitorService: mTotalMemory = 70264913
10-28 18:36:13.343  1235  1243 I DeviceStorageMonitorService: Posting Message again
10-28 18:37:13.344  1235  1243 V DeviceStorageMonitorService: freeMemory=6643806208
10-28 18:37:13.344  1235  1243 V DeviceStorageMonitorService: Threshold Percentage=10
10-28 18:37:13.344  1235  1243 V DeviceStorageMonitorService: mTotalMemory = 70264913
10-28 18:37:13.344  1235  1243 I DeviceStorageMonitorService: Posting Message again
10-28 18:37:16.560  1235  1243 D StatusBarPolicy: handleBatteryUpdate
10-28 18:38:13.348  1235  1243 V DeviceStorageMonitorService: freeMemory=6643806208
10-28 18:38:13.349  1235  1243 V DeviceStorageMonitorService: Threshold Percentage=10
10-28 18:38:13.349  1235  1243 V DeviceStorageMonitorService: mTotalMemory = 70264913
10-28 18:38:13.349  1235  1243 I DeviceStorageMonitorService: Posting Message again
10-28 18:39:13.350  1235  1243 V DeviceStorageMonitorService: freeMemory=6643806208
10-28 18:39:13.350  1235  1243 V DeviceStorageMonitorService: Threshold Percentage=10
10-28 18:39:13.350  1235  1243 V DeviceStorageMonitorService: mTotalMemory = 70264913
10-28 18:39:13.350  1235  1243 I DeviceStorageMonitorService: Posting Message again
10-28 18:40:13.350  1235  1243 V DeviceStorageMonitorService: freeMemory=6643806208
10-28 18:40:13.350  1235  1243 V DeviceStorageMonitorService: Threshold Percentage=10
10-28 18:40:13.350  1235  1243 V DeviceStorageMonitorService: mTotalMemory = 70264913
10-28 18:40:13.350  1235  1243 I DeviceStorageMonitorService: Posting Message again
10-28 18:40:24.154  1235  1243 D StatusBarPolicy: handleBatteryUpdate
10-28 18:41:13.352  1235  1243 V DeviceStorageMonitorService: freeMemory=6643806208
10-28 18:41:13.352  1235  1243 V DeviceStorageMonitorService: Threshold Percentage=10
10-28 18:41:13.352  1235  1243 V DeviceStorageMonitorService: mTotalMemory = 70264913
10-28 18:41:13.352  1235  1243 I DeviceStorageMonitorService: Posting Message again
10-28 18:42:13.357  1235  1243 V DeviceStorageMonitorService: freeMemory=6643806208
10-28 18:42:13.357  1235  1243 V DeviceStorageMonitorService: Threshold Percentage=10
10-28 18:42:13.357  1235  1243 V DeviceStorageMonitorService: mTotalMemory = 70264913
10-28 18:42:13.357  1235  1243 I DeviceStorageMonitorService: Posting Message again
10-28 18:43:13.358  1235  1243 V DeviceStorageMonitorService: freeMemory=6643806208
10-28 18:43:13.358  1235  1243 V DeviceStorageMonitorService: Threshold Percentage=10
10-28 18:43:13.358  1235  1243 V DeviceStorageMonitorService: mTotalMemory = 70264913
10-28 18:43:13.358  1235  1243 I DeviceStorageMonitorService: Posting Message again
10-28 18:43:29.504  1235  1243 D StatusBarPolicy: handleBatteryUpdate
10-28 18:44:08.053  1235  1258 I WindowManager: Setting rotation to 0, animFlags=1
10-28 18:44:08.059  1235  1258 I ActivityManager: Config changed: { scale=1.0 imsi=310/4 loc=en_US touch=3 keys=2/1/2 nav=2/1 orien=1 layout=34 uiMode=17 seq=26}
10-28 18:44:08.129  1235  1258 I UsageStats: Unexpected resume of com.motorola.blur.home while already resumed in com.motorola.blur.home
10-28 18:44:08.567  1235  1239 W InputManagerService: Starting input on non-focused client com.android.internal.view.IInputMethodClient$Stub$Proxy@45d20d90 (uid=10089 pid=1865)
10-28 18:44:08.575  1235  2033 W InputManagerService: Starting input on non-focused client com.android.internal.view.IInputMethodClient$Stub$Proxy@45d20d90 (uid=10089 pid=1865)
10-28 18:44:13.124  1235  1243 V DeviceStorageMonitorService: freeMemory=6643802112
10-28 18:44:13.124  1235  1243 V DeviceStorageMonitorService: Threshold Percentage=10
10-28 18:44:13.124  1235  1243 V DeviceStorageMonitorService: mTotalMemory = 70264913
10-28 18:44:13.124  1235  1243 I DeviceStorageMonitorService: Posting Message again
10-28 18:45:13.122  1235  1243 V DeviceStorageMonitorService: freeMemory=6643793920
10-28 18:45:13.122  1235  1243 V DeviceStorageMonitorService: Threshold Percentage=10
10-28 18:45:13.122  1235  1243 V DeviceStorageMonitorService: mTotalMemory = 70264913
10-28 18:45:13.122  1235  1243 I DeviceStorageMonitorService: Posting Message again
10-28 18:45:31.887  1235  1240 I ActivityManager: Starting activity: Intent { flg=0x30000000 cmp=com.snakefish.visms/.IncomingMessage (has extras) }
10-28 18:45:31.934  1235  1490 I WindowManager: Setting rotation to 1, animFlags=1
10-28 18:45:31.942  1235  1490 I ActivityManager: Config changed: { scale=1.0 imsi=310/4 loc=en_US touch=3 keys=2/1/2 nav=2/1 orien=2 layout=34 uiMode=17 seq=27}
10-28 18:45:32.637  1235  1240 W InputManagerService: Starting input on non-focused client com.android.internal.view.IInputMethodClient$Stub$Proxy@45d20d90 (uid=10089 pid=1865)
10-28 18:45:32.653  1235  2033 W InputManagerService: Starting input on non-focused client com.android.internal.view.IInputMethodClient$Stub$Proxy@45d20d90 (uid=10089 pid=1865)
10-28 18:45:32.661  1235  1491 W InputManagerService: Starting input on non-focused client com.android.internal.view.IInputMethodClient$Stub$Proxy@45d20d90 (uid=10089 pid=1865)
10-28 18:45:39.067  1235  1260 I ActivityManager: Starting activity: Intent { act=android.intent.action.MAIN cat=[android.intent.category.LAUNCHER] flg=0x10200000 cmp=com.google.android.voicesearch/.RecognitionActivity }
10-28 18:45:39.090  1235  1243 I InputManagerService: received close system dialog event
10-28 18:46:01.239  1235  1243 I WindowManager: Setting rotation to 0, animFlags=0
10-28 18:46:01.239  1235  1243 I ActivityManager: Config changed: { scale=1.0 imsi=310/4 loc=en_US touch=3 keys=2/1/2 nav=2/1 orien=1 layout=34 uiMode=17 seq=28}
10-28 18:46:01.793  1235  1491 W InputManagerService: Starting input on non-focused client com.android.internal.view.IInputMethodClient$Stub$Proxy@45d20d90 (uid=10089 pid=1865)
10-28 18:46:01.793  1235  2033 W InputManagerService: Starting input on non-focused client com.android.internal.view.IInputMethodClient$Stub$Proxy@45d20d90 (uid=10089 pid=1865)
10-28 18:46:11.645  1235  1243 I InputManagerService: received close system dialog event
10-28 18:46:11.653  1235  1490 I ActivityManager: Starting activity: Intent { act=android.speech.action.RECOGNIZE_SPEECH cmp=com.google.android.voicesearch/.IntentApiActivity (has extras) }
10-28 18:46:13.122  1235  1243 V DeviceStorageMonitorService: freeMemory=6643802112
10-28 18:46:13.122  1235  1243 V DeviceStorageMonitorService: Threshold Percentage=10
10-28 18:46:13.122  1235  1243 V DeviceStorageMonitorService: mTotalMemory = 70264913
10-28 18:46:13.122  1235  1243 I DeviceStorageMonitorService: Posting Message again
10-28 18:46:15.739  1235  1487 W InputManagerService: Starting input on non-focused client com.android.internal.view.IInputMethodClient$Stub$Proxy@45b873e8 (uid=10060 pid=3503)
10-28 18:46:16.497  1235  1243 I InputManagerService: received close system dialog event
10-28 18:46:16.497  1235  1890 I ActivityManager: Starting activity: Intent { act=android.speech.action.RECOGNIZE_SPEECH cmp=com.google.android.voicesearch/.IntentApiActivity (has extras) }
10-28 18:46:19.684  1235  1346 W InputManagerService: Starting input on non-focused client com.android.internal.view.IInputMethodClient$Stub$Proxy@45b873e8 (uid=10060 pid=3503)
10-28 18:46:21.426  1235  1243 D StatusBarPolicy: handleBatteryUpdate
10-28 18:46:22.090  1235  1260 I ActivityManager: Starting activity: Intent { act=android.intent.action.MAIN cat=[android.intent.category.LAUNCHER] flg=0x10200000 cmp=com.google.android.voicesearch/.RecognitionActivity }
10-28 18:46:22.106  1235  1243 I InputManagerService: received close system dialog event
10-28 18:46:23.379  1235  1243 D StatusBarPolicy: handleBatteryUpdate
10-28 18:46:29.239  1235  1243 D StatusBarPolicy: handleBatteryUpdate
10-28 18:46:37.247  1235  1492 I ActivityManager: Starting activity: Intent { act=android.speech.action.VOICE_SEARCH_RESULTS flg=0x14000000 cmp=com.android.browser/.BrowserActivity (has extras) }
10-28 18:46:37.395  1235  1344 I ActivityManager: Start proc com.android.browser for activity com.android.browser/.BrowserActivity: pid=6276 uid=10038 gids={3003, 1015}
10-28 18:46:37.395  1235  2089 W InputManagerService: Starting input on non-focused client com.android.internal.view.IInputMethodClient$Stub$Proxy@45b873e8 (uid=10060 pid=3503)
10-28 18:46:37.403  1235  1490 W InputManagerService: Starting input on non-focused client com.android.internal.view.IInputMethodClient$Stub$Proxy@45b873e8 (uid=10060 pid=3503)
10-28 18:46:54.254  1235  1346 W InputManagerService: Starting input on non-focused client com.android.internal.view.IInputMethodClient$Stub$Proxy@45d9b3c0 (uid=10038 pid=6276)
10-28 18:47:01.192  1235  1243 I InputManagerService: received close system dialog event
10-28 18:47:01.200  1235  2033 I ActivityManager: Starting activity: Intent { act=android.speech.action.RECOGNIZE_SPEECH cmp=com.google.android.voicesearch/.IntentApiActivity (has extras) }
10-28 18:47:01.958  1235  1346 I ActivityManager: Process com.motorola.videoplayer (pid 1712) has died.
10-28 18:47:02.106  1235  1235 I ActivityManager: Process com.motorola.batterymanager:deviceStats (pid 1659) has died.
10-28 18:47:06.879  1235  1488 W InputManagerService: Starting input on non-focused client com.android.internal.view.IInputMethodClient$Stub$Proxy@45b873e8 (uid=10060 pid=3503)
10-28 18:47:13.129  1235  1243 V DeviceStorageMonitorService: freeMemory=6643654656
10-28 18:47:13.129  1235  1243 V DeviceStorageMonitorService: Threshold Percentage=10
10-28 18:47:13.129  1235  1243 V DeviceStorageMonitorService: mTotalMemory = 70264913
10-28 18:47:13.129  1235  1243 I DeviceStorageMonitorService: Posting Message again
10-28 18:47:33.309  1235  1243 I InputManagerService: received close system dialog event
10-28 18:47:33.325  1235  1492 I ActivityManager: Starting activity: Intent { act=android.speech.action.RECOGNIZE_SPEECH cmp=com.google.android.voicesearch/.IntentApiActivity (has extras) }
10-28 18:47:37.098  1235  1889 W InputManagerService: Starting input on non-focused client com.android.internal.view.IInputMethodClient$Stub$Proxy@45b873e8 (uid=10060 pid=3503)
10-28 18:47:56.848  1235  1243 I InputManagerService: received close system dialog event
10-28 18:47:56.864  1235  1488 I ActivityManager: Starting activity: Intent { act=android.speech.action.RECOGNIZE_SPEECH cmp=com.google.android.voicesearch/.IntentApiActivity (has extras) }
10-28 18:48:01.512  1235  1235 I ActivityManager: Starting activity: Intent { cmp=com.snakefish.visms/.TextActivity (has extras) }
10-28 18:48:01.536  1235  1346 W InputManagerService: Starting input on non-focused client com.android.internal.view.IInputMethodClient$Stub$Proxy@45b873e8 (uid=10060 pid=3503)
10-28 18:48:11.004  1235  1243 I InputManagerService: received close system dialog event
10-28 18:48:11.012  1235  2033 I ActivityManager: Starting activity: Intent { act=android.speech.action.RECOGNIZE_SPEECH cmp=com.google.android.voicesearch/.IntentApiActivity (has extras) }
10-28 18:48:11.333  1235  2089 W InputManagerService: Starting input on non-focused client com.android.internal.view.IInputMethodClient$Stub$Proxy@45d1e930 (uid=10114 pid=6054)
10-28 18:48:13.129  1235  1243 V DeviceStorageMonitorService: freeMemory=6643654656
10-28 18:48:13.129  1235  1243 V DeviceStorageMonitorService: Threshold Percentage=10
10-28 18:48:13.129  1235  1243 V DeviceStorageMonitorService: mTotalMemory = 70264913
10-28 18:48:13.129  1235  1243 I DeviceStorageMonitorService: Posting Message again
10-28 18:48:14.301  1235  2149 W InputManagerService: Starting input on non-focused client com.android.internal.view.IInputMethodClient$Stub$Proxy@45b873e8 (uid=10060 pid=3503)
10-28 18:48:18.559  1235  1243 I InputManagerService: received close system dialog event
10-28 18:48:18.567  1235  1490 I ActivityManager: Starting activity: Intent { act=android.speech.action.RECOGNIZE_SPEECH cmp=com.google.android.voicesearch/.IntentApiActivity (has extras) }
10-28 18:48:18.754  1235  1347 W InputManagerService: Starting input on non-focused client com.android.internal.view.IInputMethodClient$Stub$Proxy@45d1e930 (uid=10114 pid=6054)
10-28 18:48:21.934  1235  1492 W InputManagerService: Starting input on non-focused client com.android.internal.view.IInputMethodClient$Stub$Proxy@45b873e8 (uid=10060 pid=3503)
10-28 18:48:31.887  1235  1243 I InputManagerService: received close system dialog event
10-28 18:48:31.895  1235  2149 I ActivityManager: Starting activity: Intent { act=android.speech.action.RECOGNIZE_SPEECH cmp=com.google.android.voicesearch/.IntentApiActivity (has extras) }
10-28 18:48:32.043  1235  1240 W InputManagerService: Starting input on non-focused client com.android.internal.view.IInputMethodClient$Stub$Proxy@45d1e930 (uid=10114 pid=6054)
10-28 18:48:35.770  1235  1491 W InputManagerService: Starting input on non-focused client com.android.internal.view.IInputMethodClient$Stub$Proxy@45d1e930 (uid=10114 pid=6054)
10-28 18:48:35.770  1235  1487 W InputManagerService: Client not active, ignoring focus gain of: com.android.internal.view.IInputMethodClient$Stub$Proxy@45defb50
10-28 18:48:35.801  1235  1492 W InputManagerService: Starting input on non-focused client com.android.internal.view.IInputMethodClient$Stub$Proxy@45d1e930 (uid=10114 pid=6054)
10-28 18:48:35.825  1235  1454 W InputManagerService: Starting input on non-focused client com.android.internal.view.IInputMethodClient$Stub$Proxy@45b873e8 (uid=10060 pid=3503)
10-28 18:48:49.528  1235  1243 I InputManagerService: received close system dialog event
10-28 18:48:49.551  1235  1260 I ActivityManager: Starting activity: Intent { act=android.intent.action.MAIN cat=[android.intent.category.HOME] flg=0x10200000 cmp=com.motorola.blur.home/.HomeActivity }
10-28 18:48:49.575  1235  1454 W InputManagerService: Ignoring hideSoftInput of: com.android.internal.view.IInputMethodClient$Stub$Proxy@45bd9e80
10-28 18:48:53.036  1235  1490 I ActivityManager: Starting activity: Intent { act=android.intent.action.MAIN cat=[android.intent.category.LAUNCHER] flg=0x10200000 cmp=com.snakefish.visms/.ConversationsActivity }
10-28 18:48:53.161  1235  2149 W InputManagerService: Starting input on non-focused client com.android.internal.view.IInputMethodClient$Stub$Proxy@45bac1d0 (uid=10005 pid=1340)
10-28 18:48:55.653  1235  1243 I InputManagerService: received close system dialog event
10-28 18:48:55.668  1235  1260 I ActivityManager: Starting activity: Intent { act=android.intent.action.MAIN cat=[android.intent.category.HOME] flg=0x10200000 cmp=com.motorola.blur.home/.HomeActivity }
10-28 18:48:58.692  1235  1490 I ActivityManager: Starting activity: Intent { act=android.intent.action.MAIN cat=[android.intent.category.LAUNCHER] flg=0x10200000 cmp=com.snakefish.visms/.ConversationsActivity }
10-28 18:48:59.090  1235  1347 W InputManagerService: Starting input on non-focused client com.android.internal.view.IInputMethodClient$Stub$Proxy@45bac1d0 (uid=10005 pid=1340)
10-28 18:49:13.133  1235  1243 V DeviceStorageMonitorService: freeMemory=6643654656
10-28 18:49:13.133  1235  1243 V DeviceStorageMonitorService: Threshold Percentage=10
10-28 18:49:13.133  1235  1243 V DeviceStorageMonitorService: mTotalMemory = 70264913
10-28 18:49:13.133  1235  1243 I DeviceStorageMonitorService: Posting Message again
10-28 18:50:13.134  1235  1243 V DeviceStorageMonitorService: freeMemory=6643654656
10-28 18:50:13.134  1235  1243 V DeviceStorageMonitorService: Threshold Percentage=10
10-28 18:50:13.134  1235  1243 V DeviceStorageMonitorService: mTotalMemory = 70264913
10-28 18:50:13.134  1235  1243 I DeviceStorageMonitorService: Posting Message again
10-28 18:50:24.145  1235  1243 I InputManagerService: received close system dialog event
10-28 18:50:24.153  1235  1454 I ActivityManager: Starting activity: Intent { act=android.speech.action.RECOGNIZE_SPEECH cmp=com.google.android.voicesearch/.IntentApiActivity (has extras) }
10-28 18:50:24.340  1235  1235 W InputManagerService: Starting input on non-focused client com.android.internal.view.IInputMethodClient$Stub$Proxy@45d1e930 (uid=10114 pid=6054)
10-28 18:50:29.372  1235  1346 W InputManagerService: Starting input on non-focused client com.android.internal.view.IInputMethodClient$Stub$Proxy@45b873e8 (uid=10060 pid=3503)
10-28 18:50:42.075  1235  1243 I InputManagerService: received close system dialog event
10-28 18:50:42.083  1235  2089 I ActivityManager: Starting activity: Intent { act=android.speech.action.RECOGNIZE_SPEECH cmp=com.google.android.voicesearch/.IntentApiActivity (has extras) }
10-28 18:50:42.325  1235  1492 W InputManagerService: Starting input on non-focused client com.android.internal.view.IInputMethodClient$Stub$Proxy@45d1e930 (uid=10114 pid=6054)
10-28 18:50:45.528  1235  1491 W InputManagerService: Starting input on non-focused client com.android.internal.view.IInputMethodClient$Stub$Proxy@45b873e8 (uid=10060 pid=3503)
10-28 18:51:13.137  1235  1243 V DeviceStorageMonitorService: freeMemory=6643654656
10-28 18:51:13.137  1235  1243 V DeviceStorageMonitorService: Threshold Percentage=10
10-28 18:51:13.137  1235  1243 V DeviceStorageMonitorService: mTotalMemory = 70264913
10-28 18:51:13.137  1235  1243 I DeviceStorageMonitorService: Posting Message again
10-28 18:51:22.887  1235  1243 D StatusBarPolicy: handleBatteryUpdate
10-28 18:52:00.989  1235  1491 I ActivityManager: Starting activity: Intent { flg=0x30000000 cmp=com.snakefish.visms/.IncomingMessage (has extras) }
10-28 18:52:04.239  1235  1243 I InputManagerService: received close system dialog event
10-28 18:52:04.239  1235  1346 I ActivityManager: Starting activity: Intent { act=android.speech.action.RECOGNIZE_SPEECH cmp=com.google.android.voicesearch/.IntentApiActivity (has extras) }
10-28 18:52:07.981  1235  1890 W InputManagerService: Starting input on non-focused client com.android.internal.view.IInputMethodClient$Stub$Proxy@45d1e930 (uid=10114 pid=6054)
10-28 18:52:07.989  1235  1239 W InputManagerService: Client not active, ignoring focus gain of: com.android.internal.view.IInputMethodClient$Stub$Proxy@45c2ed40
10-28 18:52:08.051  1235  1344 W InputManagerService: Starting input on non-focused client com.android.internal.view.IInputMethodClient$Stub$Proxy@45d1e930 (uid=10114 pid=6054)
10-28 18:52:08.075  1235  1454 W InputManagerService: Starting input on non-focused client com.android.internal.view.IInputMethodClient$Stub$Proxy@45b873e8 (uid=10060 pid=3503)
10-28 18:52:13.138  1235  1243 V DeviceStorageMonitorService: freeMemory=6643654656
10-28 18:52:13.138  1235  1243 V DeviceStorageMonitorService: Threshold Percentage=10
10-28 18:52:13.138  1235  1243 V DeviceStorageMonitorService: mTotalMemory = 70264913
10-28 18:52:13.138  1235  1243 I DeviceStorageMonitorService: Posting Message again
10-28 18:52:59.356  1235  1235 W InputManagerService: Starting input on non-focused client com.android.internal.view.IInputMethodClient$Stub$Proxy@45d1e930 (uid=10114 pid=6054)
10-28 18:53:13.140  1235  1243 V DeviceStorageMonitorService: freeMemory=6643654656
10-28 18:53:13.140  1235  1243 V DeviceStorageMonitorService: Threshold Percentage=10
10-28 18:53:13.140  1235  1243 V DeviceStorageMonitorService: mTotalMemory = 70264913
10-28 18:53:13.140  1235  1243 I DeviceStorageMonitorService: Posting Message again
10-28 18:53:33.771  1235  1344 I ActivityManager: Starting activity: Intent { flg=0x30000000 cmp=com.snakefish.visms/.IncomingMessage (has extras) }
10-28 18:54:13.764  1235  1243 V DeviceStorageMonitorService: freeMemory=6643646464
10-28 18:54:13.764  1235  1243 V DeviceStorageMonitorService: Threshold Percentage=10
10-28 18:54:13.764  1235  1243 V DeviceStorageMonitorService: mTotalMemory = 70264913
10-28 18:54:13.764  1235  1243 I DeviceStorageMonitorService: Posting Message again
10-28 18:54:53.514  1235  1890 I ActivityManager: Starting activity: Intent { act=android.intent.action.MAIN cat=[android.intent.category.LAUNCHER] flg=0x10200000 cmp=com.snakefish.visms/.ConversationsActivity }
10-28 18:54:53.912  1235  2089 W InputManagerService: Starting input on non-focused client com.android.internal.view.IInputMethodClient$Stub$Proxy@45bac1d0 (uid=10005 pid=1340)
10-28 18:55:09.623  1235  1235 I ActivityManager: Starting activity: Intent { cmp=com.snakefish.visms/.MainChatWindow (has extras) }
10-28 18:55:13.769  1235  1243 V DeviceStorageMonitorService: freeMemory=6643646464
10-28 18:55:13.769  1235  1243 V DeviceStorageMonitorService: Threshold Percentage=10
10-28 18:55:13.771  1235  1243 V DeviceStorageMonitorService: mTotalMemory = 70264913
10-28 18:55:13.771  1235  1243 I DeviceStorageMonitorService: Posting Message again
10-28 18:55:19.115  1235  1344 I ActivityManager: Starting activity: Intent { act=android.intent.action.PICK dat=content://com.android.contacts/contacts cmp=com.motorola.blur.contacts/.picker.PickIdentityActivity }
10-28 18:55:23.459  1235  1347 W InputManagerService: Starting input on non-focused client com.android.internal.view.IInputMethodClient$Stub$Proxy@45bcc318 (uid=10005 pid=1512)
10-28 18:55:32.959  1235  1347 I ActivityManager: Starting activity: Intent { cmp=com.snakefish.visms/.TextActivity (has extras) }
10-28 18:55:47.350  1235  1243 I WindowManager: Setting rotation to 1, animFlags=0
10-28 18:55:47.373  1235  1243 I ActivityManager: Config changed: { scale=1.0 imsi=310/4 loc=en_US touch=3 keys=2/1/2 nav=2/1 orien=2 layout=34 uiMode=17 seq=29}
10-28 18:55:47.467  1235  1243 I UsageStats: Unexpected resume of com.snakefish.visms while already resumed in com.snakefish.visms
10-28 18:55:48.092  1235  1239 W InputManagerService: Starting input on non-focused client com.android.internal.view.IInputMethodClient$Stub$Proxy@45d20d90 (uid=10089 pid=1865)
10-28 18:55:48.092  1235  1491 W InputManagerService: Starting input on non-focused client com.android.internal.view.IInputMethodClient$Stub$Proxy@45d20d90 (uid=10089 pid=1865)
10-28 18:55:48.100  1235  1344 W InputManagerService: Starting input on non-focused client com.android.internal.view.IInputMethodClient$Stub$Proxy@45d20d90 (uid=10089 pid=1865)
10-28 18:55:49.920  1235  1243 I WindowManager: Setting rotation to 0, animFlags=0
10-28 18:55:49.936  1235  1243 I ActivityManager: Config changed: { scale=1.0 imsi=310/4 loc=en_US touch=3 keys=2/1/2 nav=2/1 orien=1 layout=34 uiMode=17 seq=30}
10-28 18:55:49.990  1235  1243 I UsageStats: Unexpected resume of com.snakefish.visms while already resumed in com.snakefish.visms
10-28 18:55:50.232  1235  1488 W InputManagerService: Starting input on non-focused client com.android.internal.view.IInputMethodClient$Stub$Proxy@45d20d90 (uid=10089 pid=1865)
10-28 18:55:50.240  1235  1492 W InputManagerService: Starting input on non-focused client com.android.internal.view.IInputMethodClient$Stub$Proxy@45d20d90 (uid=10089 pid=1865)
10-28 18:55:51.342  1235  1243 I WindowManager: Setting rotation to 1, animFlags=0
10-28 18:55:51.357  1235  1243 I ActivityManager: Config changed: { scale=1.0 imsi=310/4 loc=en_US touch=3 keys=2/1/1 nav=2/1 orien=2 layout=34 uiMode=17 seq=31}
10-28 18:55:51.404  1235  1243 I UsageStats: Unexpected resume of com.snakefish.visms while already resumed in com.snakefish.visms
10-28 18:55:51.896  1235  1890 W InputManagerService: Starting input on non-focused client com.android.internal.view.IInputMethodClient$Stub$Proxy@45d20d90 (uid=10089 pid=1865)
10-28 18:55:51.998  1235  1240 W InputManagerService: Starting input on non-focused client com.android.internal.view.IInputMethodClient$Stub$Proxy@45d20d90 (uid=10089 pid=1865)
10-28 18:55:52.006  1235  2033 W InputManagerService: Starting input on non-focused client com.android.internal.view.IInputMethodClient$Stub$Proxy@45d20d90 (uid=10089 pid=1865)
10-28 18:56:13.772  1235  1243 V DeviceStorageMonitorService: freeMemory=6643642368
10-28 18:56:13.772  1235  1243 V DeviceStorageMonitorService: Threshold Percentage=10
10-28 18:56:13.772  1235  1243 V DeviceStorageMonitorService: mTotalMemory = 70264913
10-28 18:56:13.772  1235  1243 I DeviceStorageMonitorService: Posting Message again
10-28 18:56:19.053  1235  1258 I ActivityManager: Config changed: { scale=1.0 imsi=310/4 loc=en_US touch=3 keys=2/1/2 nav=2/1 orien=2 layout=34 uiMode=17 seq=32}
10-28 18:56:19.100  1235  1258 I UsageStats: Unexpected resume of com.snakefish.visms while already resumed in com.snakefish.visms
10-28 18:56:19.287  1235  1491 W InputManagerService: Starting input on non-focused client com.android.internal.view.IInputMethodClient$Stub$Proxy@45d20d90 (uid=10089 pid=1865)
10-28 18:56:19.342  1235  1347 W InputManagerService: Starting input on non-focused client com.android.internal.view.IInputMethodClient$Stub$Proxy@45d20d90 (uid=10089 pid=1865)
10-28 18:56:19.342  1235  2033 W InputManagerService: Starting input on non-focused client com.android.internal.view.IInputMethodClient$Stub$Proxy@45d20d90 (uid=10089 pid=1865)
10-28 18:56:22.709  1235  1243 I WindowManager: Setting rotation to 0, animFlags=0
10-28 18:56:22.725  1235  1243 I ActivityManager: Config changed: { scale=1.0 imsi=310/4 loc=en_US touch=3 keys=2/1/2 nav=2/1 orien=1 layout=34 uiMode=17 seq=33}
10-28 18:56:22.787  1235  1243 I UsageStats: Unexpected resume of com.snakefish.visms while already resumed in com.snakefish.visms
10-28 18:56:23.107  1235  2033 W InputManagerService: Starting input on non-focused client com.android.internal.view.IInputMethodClient$Stub$Proxy@45d20d90 (uid=10089 pid=1865)
10-28 18:56:23.139  1235  1347 W InputManagerService: Starting input on non-focused client com.android.internal.view.IInputMethodClient$Stub$Proxy@45d20d90 (uid=10089 pid=1865)
10-28 18:56:40.318  1235  1243 D StatusBarPolicy: handleBatteryUpdate
10-28 18:57:13.061  1235  1491 D WifiService: acquireWifiLockLocked: WifiLock{Genie type=1 binder=android.os.BinderProxy@45b158b0}
10-28 18:57:13.776  1235  1243 V DeviceStorageMonitorService: freeMemory=6643642368
10-28 18:57:13.776  1235  1243 V DeviceStorageMonitorService: Threshold Percentage=10
10-28 18:57:13.776  1235  1243 V DeviceStorageMonitorService: mTotalMemory = 70264913
10-28 18:57:13.776  1235  1243 I DeviceStorageMonitorService: Posting Message again
10-28 18:57:24.639  1235  2033 I ActivityManager: Starting activity: Intent { cmp=com.snakefish.visms/.OptionsList }
10-28 18:58:08.443  1235  1488 D WifiService: releaseWifiLockLocked: WifiLock{Genie type=1 binder=android.os.BinderProxy@45b158b0}
10-28 18:58:13.778  1235  1243 V DeviceStorageMonitorService: freeMemory=6643642368
10-28 18:58:13.778  1235  1243 V DeviceStorageMonitorService: Threshold Percentage=10
10-28 18:58:13.778  1235  1243 V DeviceStorageMonitorService: mTotalMemory = 70264913
10-28 18:58:13.778  1235  1243 I DeviceStorageMonitorService: Posting Message again
10-28 18:59:13.781  1235  1243 V DeviceStorageMonitorService: freeMemory=6643642368
10-28 18:59:13.781  1235  1243 V DeviceStorageMonitorService: Threshold Percentage=10
10-28 18:59:13.781  1235  1243 V DeviceStorageMonitorService: mTotalMemory = 70264913
10-28 18:59:13.781  1235  1243 I DeviceStorageMonitorService: Posting Message again
10-28 19:00:13.782  1235  1243 V DeviceStorageMonitorService: freeMemory=6643642368
10-28 19:00:13.782  1235  1243 V DeviceStorageMonitorService: Threshold Percentage=10
10-28 19:00:13.782  1235  1243 V DeviceStorageMonitorService: mTotalMemory = 70264913
10-28 19:00:13.782  1235  1243 I DeviceStorageMonitorService: Posting Message again
10-28 19:01:13.781  1235  1243 V DeviceStorageMonitorService: freeMemory=6643642368
10-28 19:01:13.781  1235  1243 V DeviceStorageMonitorService: Threshold Percentage=10
10-28 19:01:13.781  1235  1243 V DeviceStorageMonitorService: mTotalMemory = 70264913
10-28 19:01:13.781  1235  1243 I DeviceStorageMonitorService: Posting Message again
10-28 19:01:16.287  1235  1243 D StatusBarPolicy: handleBatteryUpdate
10-28 19:02:13.780  1235  1243 V DeviceStorageMonitorService: freeMemory=6643642368
10-28 19:02:13.780  1235  1243 V DeviceStorageMonitorService: Threshold Percentage=10
10-28 19:02:13.780  1235  1243 V DeviceStorageMonitorService: mTotalMemory = 70264913
10-28 19:02:13.780  1235  1243 I DeviceStorageMonitorService: Posting Message again
10-28 19:03:13.787  1235  1243 V DeviceStorageMonitorService: freeMemory=6643642368
10-28 19:03:13.787  1235  1243 V DeviceStorageMonitorService: Threshold Percentage=10
10-28 19:03:13.787  1235  1243 V DeviceStorageMonitorService: mTotalMemory = 70264913
10-28 19:03:13.787  1235  1243 I DeviceStorageMonitorService: Posting Message again
10-28 19:04:13.788  1235  1243 V DeviceStorageMonitorService: freeMemory=6643642368
10-28 19:04:13.788  1235  1243 V DeviceStorageMonitorService: Threshold Percentage=10
10-28 19:04:13.788  1235  1243 V DeviceStorageMonitorService: mTotalMemory = 70264913
10-28 19:04:13.788  1235  1243 I DeviceStorageMonitorService: Posting Message again
10-28 19:05:13.278  1235  1243 V DeviceStorageMonitorService: freeMemory=6643642368
10-28 19:05:13.278  1235  1243 V DeviceStorageMonitorService: Threshold Percentage=10
10-28 19:05:13.278  1235  1243 V DeviceStorageMonitorService: mTotalMemory = 70264913
10-28 19:05:13.278  1235  1243 I DeviceStorageMonitorService: Posting Message again
10-28 19:06:13.283  1235  1243 V DeviceStorageMonitorService: freeMemory=6643642368
10-28 19:06:13.283  1235  1243 V DeviceStorageMonitorService: Threshold Percentage=10
10-28 19:06:13.283  1235  1243 V DeviceStorageMonitorService: mTotalMemory = 70264913
10-28 19:06:13.283  1235  1243 I DeviceStorageMonitorService: Posting Message again
10-28 19:06:39.926  1235  1243 I InputManagerService: received close system dialog event
10-28 19:06:39.942  1235  1260 I ActivityManager: Starting activity: Intent { act=android.intent.action.MAIN cat=[android.intent.category.HOME] flg=0x10200000 cmp=com.motorola.blur.home/.HomeActivity }
10-28 19:06:39.997  1235  1488 W InputManagerService: Starting input on non-focused client com.android.internal.view.IInputMethodClient$Stub$Proxy@45bac1d0 (uid=10005 pid=1340)
10-28 19:06:39.997  1235  1346 W InputManagerService: Ignoring hideSoftInput of: com.android.internal.view.IInputMethodClient$Stub$Proxy@45d77f50
10-28 19:06:40.028  1235  2033 W InputManagerService: Starting input on non-focused client com.android.internal.view.IInputMethodClient$Stub$Proxy@45d1e930 (uid=10114 pid=6054)
10-28 19:06:41.903  1235  1490 I ActivityManager: Starting activity: Intent { act=android.intent.action.MAIN cat=[android.intent.category.LAUNCHER] flg=0x10200000 cmp=com.adobe.reader/.AdobeReader bnds=[5,446][115,564] }
10-28 19:06:42.044  1235  1889 I ActivityManager: Start proc com.adobe.reader for activity com.adobe.reader/.AdobeReader: pid=6568 uid=10097 gids={}
10-28 19:06:42.973  1235  1490 I ActivityManager: Starting activity: Intent { cmp=com.adobe.reader/.ARFileOpen }
10-28 19:06:53.551  1235  1491 W InputManagerService: Window already focused, ignoring focus gain of: com.android.internal.view.IInputMethodClient$Stub$Proxy@45cfedb8
10-28 19:06:57.239  1235  1492 W InputManagerService: Window already focused, ignoring focus gain of: com.android.internal.view.IInputMethodClient$Stub$Proxy@45bc4df0
10-28 19:06:58.442  1235  1492 W InputManagerService: Starting input on non-focused client com.android.internal.view.IInputMethodClient$Stub$Proxy@45c059b0 (uid=10097 pid=6568)
10-28 19:07:06.450  1235  2033 I ActivityManager: Starting activity: Intent { act=android.intent.action.MAIN cat=[android.intent.category.LAUNCHER] flg=0x10200000 cmp=com.snakefish.visms/.IncomingMessage }
10-28 19:07:06.575  1235  2149 W InputManagerService: Starting input on non-focused client com.android.internal.view.IInputMethodClient$Stub$Proxy@45bac1d0 (uid=10005 pid=1340)
10-28 19:07:07.645  1235  1491 W InputManagerService: Starting input on non-focused client com.android.internal.view.IInputMethodClient$Stub$Proxy@45d1e930 (uid=10114 pid=6054)
10-28 19:07:10.762  1235  2089 I ActivityManager: Starting activity: Intent { act=android.intent.action.MAIN cat=[android.intent.category.LAUNCHER] flg=0x10200000 cmp=com.snakefish.visms/.ConversationsActivity }
10-28 19:07:11.145  1235  1491 W InputManagerService: Starting input on non-focused client com.android.internal.view.IInputMethodClient$Stub$Proxy@45bac1d0 (uid=10005 pid=1340)
10-28 19:07:12.254  1235  1240 W InputManagerService: Starting input on non-focused client com.android.internal.view.IInputMethodClient$Stub$Proxy@45d1e930 (uid=10114 pid=6054)
10-28 19:07:12.590  1235  1491 I ActivityManager: Process com.google.android.partnersetup (pid 1638) has died.
10-28 19:07:13.286  1235  1243 V DeviceStorageMonitorService: freeMemory=6643642368
10-28 19:07:13.286  1235  1243 V DeviceStorageMonitorService: Threshold Percentage=10
10-28 19:07:13.286  1235  1243 V DeviceStorageMonitorService: mTotalMemory = 70264913
10-28 19:07:13.286  1235  1243 I DeviceStorageMonitorService: Posting Message again
10-28 19:07:50.543  1235  1243 D StatusBarPolicy: handleBatteryUpdate
10-28 19:08:13.287  1235  1243 V DeviceStorageMonitorService: freeMemory=6643642368
10-28 19:08:13.287  1235  1243 V DeviceStorageMonitorService: Threshold Percentage=10
10-28 19:08:13.287  1235  1243 V DeviceStorageMonitorService: mTotalMemory = 70264913
10-28 19:08:13.287  1235  1243 I DeviceStorageMonitorService: Posting Message again
10-28 19:09:13.289  1235  1243 V DeviceStorageMonitorService: freeMemory=6643642368
10-28 19:09:13.289  1235  1243 V DeviceStorageMonitorService: Threshold Percentage=10
10-28 19:09:13.289  1235  1243 V DeviceStorageMonitorService: mTotalMemory = 70264913
10-28 19:09:13.289  1235  1243 I DeviceStorageMonitorService: Posting Message again
10-28 19:10:13.289  1235  1243 V DeviceStorageMonitorService: freeMemory=6643642368
10-28 19:10:13.289  1235  1243 V DeviceStorageMonitorService: Threshold Percentage=10
10-28 19:10:13.289  1235  1243 V DeviceStorageMonitorService: mTotalMemory = 70264913
10-28 19:10:13.289  1235  1243 I DeviceStorageMonitorService: Posting Message again
10-28 19:11:13.289  1235  1243 V DeviceStorageMonitorService: freeMemory=6643642368
10-28 19:11:13.293  1235  1243 V DeviceStorageMonitorService: Threshold Percentage=10
10-28 19:11:13.293  1235  1243 V DeviceStorageMonitorService: mTotalMemory = 70264913
10-28 19:11:13.293  1235  1243 I DeviceStorageMonitorService: Posting Message again
10-28 19:12:13.295  1235  1243 V DeviceStorageMonitorService: freeMemory=6643642368
10-28 19:12:13.295  1235  1243 V DeviceStorageMonitorService: Threshold Percentage=10
