10-28 20:21:26.699  1544  7700 V MessageUtils: MSG-THREAD END - startService
10-28 20:21:26.715  1544  1544 V SmsReceiverService: onCreate() - END
10-28 20:21:26.715  1544  1544 V SmsReceiverService: onStartCommand() - START, startId=1, intent=Intent { act=android.provider.Telephony.SMS_RECEIVED cmp=com.motorola.blur.conversations/.transaction.SmsReceiverService (has extras) }
10-28 20:21:26.715  1544  1544 V SmsReceiverService: onStartCommand() - END
10-28 20:21:26.777  1294  1303 D dalvikvm: GC_FOR_MALLOC freed 8706 objects / 557656 bytes in 48ms
10-28 20:21:26.785  1235  1240 I ActivityManager: Starting activity: Intent { flg=0x30000000 cmp=com.snakefish.visms/.IncomingMessage (has extras) }
10-28 20:21:26.801  1544  7701 V SmsReceiverService: Handling incoming message - START: { what=0 when=65261979 arg1=1 obj=Intent { act=android.provider.Telephony.SMS_RECEIVED cmp=com.motorola.blur.conversations/.transaction.SmsReceiverService (has extras) } }
10-28 20:21:26.801  1544  7701 V SmsReceiverService: handleSmsReceived() - START
10-28 20:21:26.840  1844  1844 W WidgetAidService: BroadcastReceiver onReceive called
10-28 20:21:26.887  6054  6054 V SmsDbAdapter: Entering value with threadId = 0
10-28 20:21:26.887  1844  1844 D WidgetAidService: ACTION_HOME_SCREEN_CHANGED - -1
10-28 20:21:26.887  1844  1844 D WidgetAidService: HomeScreen has lost focus, store the previous state and move to pause
10-28 20:21:26.895  1844  1844 D WidgetAidService: Ignoring the HOME_SCREEN_CHANGED notification as the player is either in paused/playing state
10-28 20:21:26.902  1544  7701 V MessageSettings: getAnonymousRecipientPrompt, result=50856042
10-28 20:21:26.902  1544  7701 V Telephony: getOrCreateThreadId uri: content://mms-sms/threadID?recipient=5704000104
10-28 20:21:26.926  1544  7701 V Telephony: getOrCreateThreadId cursor cnt: 1
10-28 20:21:26.942  6054  6054 I TTS received: : New message received
10-28 20:21:26.942  1437  1442 V TtsService: TTS service received New message received
10-28 20:21:26.942  1437  1442 I TtsService: Stopping
10-28 20:21:26.949  1437  1442 I TtsService: Stopped
10-28 20:21:26.949  1437  1442 V TtsService: TTS processing: New message received
10-28 20:21:26.965  1437  7702 V TtsService: TtsService.setLanguage(eng, USA, )
10-28 20:21:26.965  1437  7702 I SVOX Pico Engine: Language already loaded (en-US == en-US)
10-28 20:21:26.965  1437  7702 I SynthProxy: setting speech rate to 100
10-28 20:21:26.965  1437  7702 I SynthProxy: setting pitch to 100
10-28 20:21:27.074  1138  1232 D AudioHardwareMot: AudioStreamOut::wake: disabling SRC
10-28 20:21:27.091  1138  1232 D AudioHardwareMot: Output 0xb668 exiting standby
10-28 20:21:27.137  1138  1232 D AudioHardwareMot: AudioStreamOutMot::setParameters() fm_attenuate=0;fm_mute=0
10-28 20:21:27.293  1544  7701 V Recycler: deleteOldMessagesByThread this: com.motorola.blur.conversations.util.Recycler@458fb998 threadId: 9
10-28 20:21:27.293  1544  7701 V Recycler: deleteMessagesForThread
10-28 20:21:27.301  1544  7701 V MessageUtils: MSG-TABLE - query START, uri=content://mms-sms/sortedConversations/9, projection=(sort_index ), selection=null, args=
10-28 20:21:27.317  1544  7701 V MessageUtils: MSG-TABLE - query END, counter=-23, cursor=android.content.ContentResolver$CursorWrapperInner@45924430, stack= <- log <- verbose <- query <- deleteMessagesForThread <- deleteOldMessagesByThread
10-28 20:21:27.317  1544  7701 V Recycler: deleteMessagesForThread keep: 200 count: 18 numberToDelete: -182
10-28 20:21:27.324  1544  7701 V MessageUtils: MSG-TABLE - close, counter=-24, cursor=android.content.ContentResolver$CursorWrapperInner@45924430, stack= <- log <- verbose <- closeCursor <- deleteMessagesForThread <- deleteOldMessagesByThread
10-28 20:21:27.332  1544  7701 D SmsReceiverService: SMS-STATUS - SMS Received, messageUri: content://sms/93, errorCode: 0, address: 5704000104, body: What the fuck, man.
10-28 20:21:27.332  1544  7701 V MessageUtils: MSG-TABLE - query START, uri=content://mms, projection=(thread_id date _id sub sub_cs ), selection=(msg_box=1 AND seen=0 AND (m_type=132)), args=
10-28 20:21:27.348  1544  7701 V MessageUtils: MSG-TABLE - query END, counter=-23, cursor=android.content.ContentResolver$CursorWrapperInner@45919f28, stack= <- log <- verbose <- query <- getMmsNewMessageNotificationInfo <- updateNewMessageIndicator
10-28 20:21:27.348  1544  7701 V MessageUtils: MSG-TABLE - close, counter=-24, cursor=android.content.ContentResolver$CursorWrapperInner@45919f28, stack= <- log <- verbose <- closeCursor <- getMmsNewMessageNotificationInfo <- updateNewMessageIndicator
10-28 20:21:27.356  1544  7701 V MessageUtils: MSG-TABLE - query START, uri=content://sms, projection=(thread_id date address subject body priority ), selection=(type = 1 AND seen = 0), args=
10-28 20:21:27.371  1544  7701 V MessageUtils: MSG-TABLE - query END, counter=-23, cursor=android.content.ContentResolver$CursorWrapperInner@45968850, stack= <- log <- verbose <- query <- getSmsNewMessageNotificationInfo <- updateNewMessageIndicator
10-28 20:21:27.371  1544  7701 D wubo    : a22417 in getContactName the address comin is :5704000104
10-28 20:21:27.371  1544  7701 D wubo    : a22417 in getContactName the TMConversationUtils.isMultiAddress(address) :false
10-28 20:21:27.371  1544  7701 D wubo    : case 1 a22417 in resolveSingleAddressToName the name  is :null
10-28 20:21:27.371  1544  7701 D wubo    : case 2 a22417 in resolveSingleAddressToName the name  is :null
10-28 20:21:27.457  1544  7701 D wubo    : a22417 in getContactName the address comin is :5704000104
10-28 20:21:27.457  1544  7701 D wubo    : a22417 in getContactName the TMConversationUtils.isMultiAddress(address) :false
10-28 20:21:27.457  1544  7701 D wubo    : case 1 a22417 in resolveSingleAddressToName the name  is :null
10-28 20:21:27.457  1544  7701 D wubo    : case 2 a22417 in resolveSingleAddressToName the name  is :null
10-28 20:21:27.527  1544  7701 V MessageUtils: MSG-TABLE - close, counter=-24, cursor=android.content.ContentResolver$CursorWrapperInner@45968850, stack= <- log <- verbose <- closeCursor <- getSmsNewMessageNotificationInfo <- updateNewMessageIndicator
10-28 20:21:27.590  1544  7701 V AccountStatusHelpers:  updateStatus() - updating account, account=-100 type=2 extra=15
10-28 20:21:27.809  1544  7701 D wubo    : a22417 in getContactName the address comin is :5704000104
10-28 20:21:27.817  1544  7701 D wubo    : a22417 in getContactName the TMConversationUtils.isMultiAddress(address) :false
10-28 20:21:27.817  1466  1466 D ChipWidgetProvider: Received intent Intent { act=com.motorola.blur.messaging.SMS_RECEIVED_ACTION dat=content://sms/93 cmp=com.motorola.blur.home.message/.MessageWidgetProvider (has extras) }
10-28 20:21:27.824  1466  1466 D ChipWidgetProvider: a22417 debug in chipwidgetprovider function updatewidget the pendingUpdates is :android.util.SparseIntArray@459eb0e8
10-28 20:21:27.863  1713  1713 D BlurNewMessageActionRec: received Intent { act=com.motorola.blur.messaging.SMS_RECEIVED_ACTION dat=content://sms/93 cmp=com.motorola.blur.contacts.data/.BlurNewMessageActionReceiver (has extras) }
10-28 20:21:27.879  1713  1713 D BlrMsgWatcherService: started with Intent { act=com.motorola.blur.MessageWatcher.ACTION_MESSAGES_AVAILABLE (has extras) }
10-28 20:21:27.879  1713  1713 D BlrMsgWatcherService: Going to sleep ...zzz
10-28 20:21:27.879  1544  7701 D wubo    : case 1 a22417 in resolveSingleAddressToName the name  is :null
10-28 20:21:27.887  1544  7701 D wubo    : case 2 a22417 in resolveSingleAddressToName the name  is :null
10-28 20:21:27.918  1466  7704 V ServiceThreadPool: beforeExecute():  active threads: 1, current pool size: 4, largest pool size: 8
10-28 20:21:27.957  1466  7704 V MessageWidgetProvider: initialized CharsetUtil in0ms
10-28 20:21:27.965  1317  1427 D BlurSNMessagingEngine: SNMessagingProvider::getDatabase called
10-28 20:21:28.012  1466  1489 D wubo    : a22417 in getContactName the address comin is :5704000104
10-28 20:21:28.012  1466  1489 D wubo    : a22417 in getContactName the TMConversationUtils.isMultiAddress(address) :false
10-28 20:21:28.012  1466  1489 D wubo    : case 1 a22417 in resolveSingleAddressToName the name  is :null
10-28 20:21:28.012  1466  1489 D wubo    : case 2 a22417 in resolveSingleAddressToName the name  is :null
10-28 20:21:28.145  1466  1489 D TextMsgTransport: case 1 wubo a22417 in getSender the name is :Jim Dudish
10-28 20:21:28.145  1466  1489 D TextMsgTransport: case 1 wubo a22417 in getSender the address is :5704000104
10-28 20:21:28.152  1713  7705 D BlrMsgWatcherService: SmsObserver: lastUpdate=1288310893330
10-28 20:21:28.184  1466  1489 D TextMsgTransport: case 2 wubo a22417 in getSender the name is :Jim Dudish
10-28 20:21:28.184  1466  1489 V TextMsgTransport: DataId: 4488 ContactId: 649 DisplayName >Jim Dudish< when filtering for >5704000104<
10-28 20:21:28.199  1466  1489 D BlurContactsExtensions: ===== targetSize: width=125 height=150
10-28 20:21:28.332  1713  7705 D BlrMsgWatcherService: 1 new items since 1288310893330 for SmsObserver
10-28 20:21:28.340  1713  7705 D BlrMsgWatcherService: findPerson query start, uri = content://com.motorola.blur.contacts.extensions/phone_lookup/5704000104?limit=1
10-28 20:21:28.348  1466  1489 D DateUtil: now.getTimeZone(): Eastern Standard Time
10-28 20:21:28.418  1340  1340 D dalvikvm: GC_EXPLICIT freed 399 objects / 15776 bytes in 41ms
10-28 20:21:28.426  1294  2080 D DEBUG   : Selection used is -null
10-28 20:21:28.535  1235  1490 D dalvikvm: GC_EXPLICIT freed 43095 objects / 1805448 bytes in 106ms
10-28 20:21:28.559  1713  7705 D BlrMsgWatcherService: findPerson cursor count =1
10-28 20:21:28.582  1713  7705 V BlrMsgWatcherService: RawContactId: 647 Communication history: 10 [Limit: 10]
10-28 20:21:28.590  1713  7705 V BlrMsgWatcherService: Earliest time: 1288308262772 Data ID: 11903
10-28 20:21:28.598  1713  7705 V BlrMsgWatcherService: Updating oldest data row... content://com.android.contacts/data/11903
10-28 20:21:28.715  1512  1526 D GroupCache: Groups database table has changed. Refreshing the groups cache
10-28 20:21:28.723  1512  1526 V GroupCache: Queue group cache refresh request, delayed (ms): 3000
10-28 20:21:28.731  1713  7705 D BlrMsgWatcherService: lastUpdate now 1288311686904
10-28 20:21:28.770  1544  7701 D MessagingUtils HDMI: isHdmiOn status : false
10-28 20:21:28.770  1544  7701 D SmsReceiverService: HDMI handleHdmiSmsReceived from address : Jim Dudish
10-28 20:21:28.770  1544  7701 V SmsReceiverService: handleSmsReceived() - END
10-28 20:21:28.770  1544  7701 V SmsReceiver: finishStartingService - START
10-28 20:21:28.777  1544  7701 V SmsReceiver: finishStartingService - release
10-28 20:21:28.777  1544  1544 V SmsReceiverService: onDestroy()
10-28 20:21:28.777  1544  7701 V SmsReceiver: finishStartingService - END
10-28 20:21:28.777  1544  7701 V SmsReceiverService: Handling incoming message - END
10-28 20:21:30.496  1316  1316 I AtCmdDelegate: handle message:1
10-28 20:21:30.520  1235  1454 D AlarmManagerService: Kernel timezone updated to 240 minutes west of GMT
10-28 20:21:30.527  1316  1316 D SystemClock: Setting time of day to sec=1288311691
10-28 20:21:31.051  1235  1243 D KeyguardUpdateMonitor: received broadcast android.intent.action.TIME_SET
10-28 20:21:31.051  1235  1259 D KeyguardUpdateMonitor: handleTimeUpdate
10-28 20:21:31.176  1563  7707 D CalAppWidgetService: SERVICE RUN: widgetId: 9
10-28 20:21:31.176  1563  7707 D CalAppWidgetService: spanX: 4
10-28 20:21:31.176  1563  7707 D CalAppWidgetService: spanX: 1
10-28 20:21:31.192  1325  1325 I LittleSister: onCellLocationChanged(): got cell location that isn't gsm, ignoring...
10-28 20:21:31.239  1563  1563 D AlertReceiver: onReceive: a=android.intent.action.TIME_SET Intent { act=android.intent.action.TIME_SET flg=0x20000000 cmp=com.android.calendar/.AlertReceiver }
10-28 20:21:31.255  1563  7707 D CalAppWidgetService: Widget Calendar Selection string: Calendars.SELECTED=1
10-28 20:21:31.294  1563  7707 D CalAppWidgetService: WVGA device
10-28 20:21:31.294  1563  7707 D CalAppWidgetService: 4x1
10-28 20:21:31.309  1563  7707 D CalAppWidgetService: setHeader() - went into high density if
10-28 20:21:31.340  1563  7707 D CalAppWidgetService: no requested update or expired wakelock, bailing
10-28 20:21:31.387  1561  1561 I FotaAutoUpdate: autoUpdateFeatureOn:falseautoUpdateAirtimeFree:falseautoUpdateInterval:1209600autoUpdateImplicitDeferInterval:86400autoUpdateAfterMDNChangeInterval:120
10-28 20:21:31.403  1561  1561 I FotaAutoUpdate: onStart Called:android.intent.action.TIME_SET
10-28 20:21:31.403  1561  1561 V FotaAutoUpdate: mServiceHandler is not null
10-28 20:21:31.512  1340  1340 D dalvikvm: GC_EXPLICIT freed 624 objects / 22848 bytes in 164ms
10-28 20:21:31.567  1561  7709 I FotaAutoUpdate: handleMessage(android.intent.action.TIME_SET)
10-28 20:21:31.567  1563  7708 D AlertService: 0 Action = android.intent.action.TIME_SET
10-28 20:21:31.653  1563  7708 D Calendar: missed alarms found: 0
10-28 20:21:31.669  1563  7708 D AlertService: alert count:1
10-28 20:21:31.676  1563  7708 D AlertService: alarmTime:1288303200000 alertId:37 eventId:181 state: 1 minutes:120 declined:false beginTime:1288310400000 endTime:1288396800000
10-28 20:21:31.731  1563  7708 D AlertService: ###### creating new alarm notification, numReminders: 1 QUIET
10-28 20:21:31.927  1138  1232 D AudioHardwareMot: AudioStreamOutMot::standby called
10-28 20:21:31.927  1138  1232 D AudioHardwareMot: Output 0xb668 entering standby
10-28 20:21:31.934  1138  1232 D AudioHardwareMot: Closing Output device
10-28 20:21:32.294  1294  2046 D DEBUG   : Selection used is -null
10-28 20:21:32.301  1512  1526 D GroupCache: Getting user-defined groups
10-28 20:21:32.301  1512  1526 D GroupCache: Encountered group title, Family
10-28 20:21:32.309  1512  1526 D GroupCache: Encountered group title, Imported Contacts
10-28 20:21:32.309  1512  1526 D GroupCache: Encountered group title, Usability
10-28 20:21:32.317  1512  1526 D GroupCache: Encountered source name, null
10-28 20:21:32.317  1512  1526 D SourceCache: Returning stroed ICON FOR-com.motorola.android.buacontactadapter:Phone:
10-28 20:21:32.325  1512  1526 D GroupCache: Encountered source name, blur
10-28 20:21:32.325  1512  1526 D GroupCache: Encountered source name, null
10-28 20:21:32.325  1512  1526 D GroupCache: Encountered source name, facebook
10-28 20:21:32.325  1512  1526 D SourceCache: Returning stroed ICON FOR-com.motorola.blur.service.bsutils.MOTHER_USER_CREDS_TYPE:a0000022712d6a6532772297749992488@random.svcmot.com:facebook
10-28 20:21:32.325  1512  1526 D GroupCache: Encountered source name, facebook
10-28 20:21:32.325  1512  1526 D SourceCache: Returning stroed ICON FOR-com.motorola.blur.service.bsutils.MOTHER_USER_CREDS_TYPE:a0000022712d6a6532772297749992488@random.svcmot.com:facebook
10-28 20:21:32.325  1512  1526 D GroupCache: Notifying observers of the group cache that its state has changed
10-28 20:21:52.880  3823  7710 I zomut.watchdog.monitor: init
10-28 20:21:52.880  3823  7710 I zomut.watchdog.monitor: begin
10-28 20:21:52.950  3823  7710 D dalvikvm: GC_FOR_MALLOC freed 5316 objects / 567392 bytes in 35ms
10-28 20:21:53.028  3823  7710 D dalvikvm: GC_FOR_MALLOC freed 3003 objects / 505544 bytes in 35ms
10-28 20:21:53.122  3823  7710 D dalvikvm: GC_FOR_MALLOC freed 4157 objects / 495496 bytes in 34ms
10-28 20:21:53.161  3823  7710 I zomut.watchdog.monitor: end
10-28 20:22:00.005  1235  1243 D KeyguardUpdateMonitor: received broadcast android.intent.action.TIME_TICK
10-28 20:22:00.012  1235  1259 D KeyguardUpdateMonitor: handleTimeUpdate
10-28 20:22:07.137  6054  6054 W KeyCharacterMap: Can't open keycharmap file
10-28 20:22:07.137  6054  6054 W KeyCharacterMap: Error loading keycharmap file '/system/usr/keychars/qtouch-touchscreen.kcm.bin'. hw.keyboards.65538.devname='qtouch-touchscreen'
10-28 20:22:07.137  6054  6054 W KeyCharacterMap: Using default keymap: /system/usr/keychars/qwerty.kcm.bin
10-28 20:22:07.450  6054  6054 V SMSDelegate: User pressed search.
10-28 20:22:07.450  1235  1243 I InputManagerService: received close system dialog event
10-28 20:22:07.465  1235  1239 I ActivityManager: Starting activity: Intent { act=android.speech.action.RECOGNIZE_SPEECH cmp=com.google.android.voicesearch/.IntentApiActivity (has extras) }
10-28 20:22:07.505  1544  1544 D ComposeMsgActivity: Power Long Key Press - BroadcastReceiver - START
10-28 20:22:07.505  1544  1544 D ComposeMsgActivity: Power Long Key Press - BroadcastReceiver - END
10-28 20:22:07.528  1544  1544 V MessageUtils: MSG-TABLE - query START, uri=content://sms, projection=(_id body priority ), selection=thread_id=14 AND type=3, args=
10-28 20:22:07.559  1138  1233 V PVPlayer: PVPlayer constructor
10-28 20:22:07.606  3503  7714 I RecognitionController: startRecognition(#Intent;action=android.speech.action.RECOGNIZE_SPEECH;component=com.google.android.voicesearch/.IntentApiActivity;B.fullRecognitionResultsRequest=true;S.android.speech.extra.LANGUAGE_MODEL=free_form;S.android.speech.extra.PROMPT=State%20a%20voice%20command;S.calling_package=com.snakefish.visms;end)
10-28 20:22:07.606  3503  7714 I RecognitionController: State change: STARTING -> STARTING
10-28 20:22:07.614  1138  5303 D AudioHardwareMot: AudioHardwareMot::openInputStream enter
10-28 20:22:07.614  1138  5303 D AudioHardwareMot: AudioStreamInMot::set(0xafb0, 40000, 1, 10, 16000)
10-28 20:22:07.614  1138  5303 D AudioHardwareMot: Codec sampling rate already 16000
10-28 20:22:07.614  1138  5303 D AudioPostProcessor: Disabling beamformer due to unsupported sample rate
10-28 20:22:07.614  1138  5303 D AudioPostProcessor: Done updating beamformer library
10-28 20:22:07.614  1138  5303 D AudioHardwareMot: Input bufSize from kernel = 800
10-28 20:22:07.614  1138  5303 D AudioHardwareMot: Input 0x16c38 entering standby
10-28 20:22:07.630  1235  2149 I AudioService:  AudioFocus  requestAudioFocus() from android.media.AudioManager@4593a148
10-28 20:22:07.630  1138  7715 D AudioHardwareMot: AudioStreamInMot::setParameters() routing=262144;vr_mode=1
10-28 20:22:07.630  1138  7715 D AudioHardwareMot: set input routing 40000
10-28 20:22:07.630  1138  7715 D AudioHardwareMot: doRouting called
10-28 20:22:07.630  1138  7715 D AudioHardwareMot: Stereo output exists; using 0x2
10-28 20:22:07.630  1138  7715 D AudioHardwareMot: Routing to speaker
10-28 20:22:07.630  1138  7715 D AudioHardwareMot: Input path: DEVICE_IN_BUILTIN_MIC
10-28 20:22:07.630  1138  7715 D AudioHardwareMot: Input path: DEVICE_IN_BUILTIN_MIC single mic
10-28 20:22:07.630  1138  7715 D AudioHardwareMot: received vr_mode 1, which we don't care about yet
10-28 20:22:07.637  3503  7714 I RecognitionController: State change: STARTING -> RECOGNIZING
10-28 20:22:07.637  3503  7714 I ServerConnectorImpl: Starting TCP session, url=http://www.google.com/m/voice-search
10-28 20:22:07.637  1138  7715 D AudioHardwareMot: Codec sampling rate already 16000
10-28 20:22:07.637  1138  7715 D AudioHardwareMot: Input 0x16c38 exiting standby
10-28 20:22:07.637  1138  7715 D AudioHardwareMot: doRouting called
10-28 20:22:07.637  1138  7715 D AudioHardwareMot: Stereo output exists; using 0x2
10-28 20:22:07.637  1138  7715 D AudioHardwareMot: Routing to speaker
10-28 20:22:07.637  1138  7715 D AudioHardwareMot: Input path: DEVICE_IN_BUILTIN_MIC
10-28 20:22:07.637  1138  7715 D AudioHardwareMot: Input path: DEVICE_IN_BUILTIN_MIC single mic
10-28 20:22:07.645  1384  1384 D GoogleLoginService: onBind: Intent { act=android.accounts.AccountAuthenticator cmp=com.google.android.gsf/.loginservice.GoogleLoginService }
10-28 20:22:07.692  1544  1544 V MessageUtils: MSG-TABLE - query END, counter=-23, cursor=android.content.ContentResolver$CursorWrapperInner@4595d000, stack= <- log <- verbose <- query <- queryDraftSmsMessage <- deleteTemporarySmsMessage
10-28 20:22:07.723  1235  1257 I ActivityManager: Displayed activity com.google.android.voicesearch/.IntentApiActivity: 249 ms (total 40402 ms)
10-28 20:22:07.754  1544  1544 V MessageUtils: MSG-TABLE - close, counter=-24, cursor=android.content.ContentResolver$CursorWrapperInner@4595d000, stack= <- log <- verbose <- closeCursor <- deleteTemporarySmsMessage <- access$4800
10-28 20:22:07.754  1544  7718 V MessageUtils: MSG-TABLE - query START, uri=content://mms-sms/draft, projection=(thread_id ), selection=null, args=
10-28 20:22:07.770  1544  7718 V MessageUtils: MSG-TABLE - query END, counter=-23, cursor=android.content.ContentResolver$CursorWrapperInner@459815d8, stack= <- log <- verbose <- query <- rebuildCache <- access$000
10-28 20:22:07.778  1544  7718 V MessageUtils: MSG-TABLE - close, counter=-24, cursor=android.content.ContentResolver$CursorWrapperInner@459815d8, stack= <- log <- verbose <- closeCursor <- rebuildCache <- access$000
10-28 20:22:07.786  1138  1233 V PVPlayer: construct PlayerDriver
10-28 20:22:07.786  1138  1233 V PlayerDriver: constructor
10-28 20:22:07.801  1138  1233 V PlayerDriver: OpenCore hardware module loaded
10-28 20:22:07.801  1138  1233 V PlayerDriver: start player thread
10-28 20:22:07.801  1138  7719 V PlayerDriver: startPlayerThread
10-28 20:22:07.801  1138  7719 V PlayerDriver: InitializeForThread
10-28 20:22:07.801  1138  7719 V PlayerDriver: OMX_MasterInit
10-28 20:22:07.801  1138  7719 D omx_interface: TIOMXInterface: creating interface
10-28 20:22:07.801  1138  7719 D omx_interface: Calling DLOPEN on OMX_CORE_LIBRARY (libOMX_Core.so)
10-28 20:22:07.801  1138  7719 D omx_interface: DLOPEN SUCCEEDED (libOMX_Core.so)
10-28 20:22:07.801  1138  7719 D omx_interface: TIOMXInterface: library lookup success
10-28 20:22:07.817  1138  7719 D TIOMX_CORE: init count = 1
10-28 20:22:07.817  1138  7719 V PlayerDriver: OsclScheduler::Init
10-28 20:22:07.817  1138  7719 V PlayerDriver: CreatePlayer
10-28 20:22:07.825  1138  7719 D         : enter PVGetInterface
10-28 20:22:07.825  1138  7719 D         : enter Instance
10-28 20:22:07.825  1138  7719 D         : enter SharedLibraryLookup
10-28 20:22:07.825  1138  7719 D         : enter RegisterAllRecognizers
10-28 20:22:07.833  1138  7719 V PlayerDriver: AddToScheduler
10-28 20:22:07.833  1138  7719 V PlayerDriver: PendForExec
10-28 20:22:07.833  1138  7719 V PlayerDriver: OsclActiveScheduler::Current
10-28 20:22:07.833  1138  7719 V PlayerDriver: StartScheduler
10-28 20:22:07.887  1138  1233 V PVPlayer: send PLAYER_SETUP
10-28 20:22:07.887  1138  7719 V PlayerDriver: Send player code: 2
10-28 20:22:07.887  1138  7719 V PlayerDriver: CommandCompleted
10-28 20:22:07.887  1138  7719 V PlayerDriver: Completed command PLAYER_SETUP status=PVMFSuccess
10-28 20:22:07.887  1138  1233 V PVPlayer: send PLAYER_HELPER
10-28 20:22:07.887  1138  7719 V PlayerDriver: Send player code: 3
10-28 20:22:07.887  1138  7719 V PlayerDriver: CommandCompleted
10-28 20:22:07.887  1138  7719 V PlayerDriver: Completed command PLAYER_HELPER status=PVMFSuccess
10-28 20:22:07.887  1138  1233 V PVPlayer: setDataSource(25, 827356, 4560)
10-28 20:22:07.887  1138  1281 V PVPlayer: prepareAsync
10-28 20:22:07.895  3503  7716 I RecognitionController: onReadyForSpeech, noise level:24.86681, snr:1.0889903
10-28 20:22:07.895  3503  3503 I RecognitionActivity: Start-up latency 413 ms
10-28 20:22:07.911  1138  1281 V PVPlayer:   data source = sharedfd://32:827356:4560
10-28 20:22:07.911  1138  7719 V PlayerDriver: Send player code: 4
10-28 20:22:07.919  1138  7719 V PlayerDriver: handleSetDataSource
10-28 20:22:07.919  1138  7719 V PlayerDriver: handleSetDataSource- scanning for extension
10-28 20:22:07.926  1138  7719 D         : enter PVOMA1MOTRecognizerPlugin::Recognize
10-28 20:22:07.942  1138  7719 D         : PVOMA1MOTRecognizerPlugin:Recognize MOT_SVC_drm_openSession failed and session =-4
10-28 20:22:07.942  1138  7719 V PlayerDriver: CommandCompleted
10-28 20:22:07.981  1138  7719 V PlayerDriver: Completed command PLAYER_SET_DATA_SOURCE status=PVMFSuccess
10-28 20:22:07.989  1138  7719 V PVPlayer: run_init s=0, cancelled=0
10-28 20:22:07.989  1138  7719 V PlayerDriver: Send player code: 7
10-28 20:22:07.997  1138  7719 V PlayerDriver: release string is 2.2 len 3
10-28 20:22:07.997  1138  7719 V PlayerDriver: CommandCompleted
10-28 20:22:08.005  1138  7719 V PlayerDriver: Completed command PLAYER_INIT status=PVMFSuccess
10-28 20:22:08.005  1138  7719 V PVPlayer: run_set_video_surface s=0, cancelled=0
10-28 20:22:08.005  1138  7719 V PVPlayer: run_set_audio_output s=0, cancelled=0
10-28 20:22:08.005  1138  7719 V PlayerDriver: Send player code: 6
10-28 20:22:08.005  1138  7719 V PlayerDriver: Create realtime output
10-28 20:22:08.005  1138  7719 V PlayerDriver: canSetA2DPDirectMode() A2DP direct disabled
10-28 20:22:08.005  1138  7719 V PlayerDriver: CommandCompleted
10-28 20:22:08.005  1138  7719 V PlayerDriver: Completed command PLAYER_SET_AUDIO_SINK status=PVMFSuccess
10-28 20:22:08.005  1138  7719 V PVPlayer: run_prepare s=0, cancelled=0
10-28 20:22:08.005  1138  7719 V PlayerDriver: Send player code: 8
10-28 20:22:08.005  1138  7719 V PlayerDriver: disable natpkt - 0
10-28 20:22:08.028  1138  7719 V PlayerDriver: HandleInformationalEvent: UNKNOWN PVMFStatus
10-28 20:22:08.028  1138  7719 V PlayerDriver: HandleInformationalEvent: type=44 UNHANDLED
10-28 20:22:08.028  3503  3509 W MediaPlayer: info/warning (1, 44)
10-28 20:22:08.028  3503  3503 I MediaPlayer: Info (1,44)
10-28 20:22:08.028  1138  7719 V PlayerDriver: CommandCompleted
10-28 20:22:08.028  1138  7719 V PlayerDriver: Completed command PLAYER_PREPARE status=PVMFSuccess
10-28 20:22:08.028  1138  7719 V PlayerDriver: PLAYER_PREPARE complete mDownloadContextData=0x0, mDataReadyReceived=0
10-28 20:22:08.028  1138  7719 V PVPlayer: check_for_live_streaming s=0, cancelled=0
10-28 20:22:08.028  1138  7719 E ProfileVideoFrameDrops: PVMediaOutputNodePort :: Early 0 frames :: OnTime 0 frames :: Late 0 frames :: Total 2 frames
10-28 20:22:08.028  1138  7719 E ProfileVideoFrameDrops: PVMediaOutputNodePort :: Early 0.000000 % :: OnTime -0.000000 % :: Late -0.000000 % 
10-28 20:22:08.028  1138  1233 V PVPlayer: PVPlayer constructor
10-28 20:22:08.028  1138  1233 V PVPlayer: construct PlayerDriver
10-28 20:22:08.028  1138  1233 V PlayerDriver: constructor
10-28 20:22:08.028  1138  1233 V PlayerDriver: OpenCore hardware module loaded
10-28 20:22:08.028  1138  1233 V PlayerDriver: start player thread
10-28 20:22:08.028  1138  7721 V PlayerDriver: startPlayerThread
10-28 20:22:08.028  1138  7721 V PlayerDriver: InitializeForThread
10-28 20:22:08.028  1138  7721 V PlayerDriver: OMX_MasterInit
10-28 20:22:08.028  1138  7721 V PlayerDriver: OsclScheduler::Init
10-28 20:22:08.028  1138  7721 V PlayerDriver: CreatePlayer
10-28 20:22:08.036  1138  7721 D         : enter PVGetInterface
10-28 20:22:08.036  1138  7721 D         : enter Instance
10-28 20:22:08.036  1138  7721 D         : enter SharedLibraryLookup
10-28 20:22:08.036  1138  7721 D         : enter RegisterAllRecognizers
10-28 20:22:08.036  1138  7721 V PlayerDriver: AddToScheduler
10-28 20:22:08.036  1138  7721 V PlayerDriver: PendForExec
10-28 20:22:08.036  1138  7721 V PlayerDriver: OsclActiveScheduler::Current
10-28 20:22:08.036  1138  7721 V PlayerDriver: StartScheduler
10-28 20:22:08.036  1138  1233 V PVPlayer: send PLAYER_SETUP
10-28 20:22:08.036  1138  7721 V PlayerDriver: Send player code: 2
10-28 20:22:08.036  1138  7721 V PlayerDriver: CommandCompleted
10-28 20:22:08.036  1138  7721 V PlayerDriver: Completed command PLAYER_SETUP status=PVMFSuccess
10-28 20:22:08.036  1138  1233 V PVPlayer: send PLAYER_HELPER
10-28 20:22:08.036  1138  7721 V PlayerDriver: Send player code: 3
10-28 20:22:08.036  1138  7721 V PlayerDriver: CommandCompleted
10-28 20:22:08.036  1138  7721 V PlayerDriver: Completed command PLAYER_HELPER status=PVMFSuccess
10-28 20:22:08.036  1138  1233 V PVPlayer: setDataSource(34, 803876, 7002)
10-28 20:22:08.036  1138  1281 V PVPlayer: prepareAsync
10-28 20:22:08.036  1138  1281 V PVPlayer:   data source = sharedfd://35:803876:7002
10-28 20:22:08.036  1138  7721 V PlayerDriver: Send player code: 4
10-28 20:22:08.036  1138  7721 V PlayerDriver: handleSetDataSource
10-28 20:22:08.044  1138  7721 V PlayerDriver: handleSetDataSource- scanning for extension
10-28 20:22:08.044  1138  7721 D         : enter PVOMA1MOTRecognizerPlugin::Recognize
10-28 20:22:08.044  1138  7721 D         : PVOMA1MOTRecognizerPlugin:Recognize MOT_SVC_drm_openSession failed and session =-4
10-28 20:22:08.044  1138  7721 V PlayerDriver: CommandCompleted
10-28 20:22:08.044  1138  7721 V PlayerDriver: Completed command PLAYER_SET_DATA_SOURCE status=PVMFSuccess
10-28 20:22:08.044  1138  7721 V PVPlayer: run_init s=0, cancelled=0
10-28 20:22:08.044  1138  7721 V PlayerDriver: Send player code: 7
10-28 20:22:08.044  1138  7721 V PlayerDriver: release string is 2.2 len 3
10-28 20:22:08.044  1138  7721 V PlayerDriver: CommandCompleted
10-28 20:22:08.044  1138  7721 V PlayerDriver: Completed command PLAYER_INIT status=PVMFSuccess
10-28 20:22:08.044  1138  7721 V PVPlayer: run_set_video_surface s=0, cancelled=0
10-28 20:22:08.044  1138  7721 V PVPlayer: run_set_audio_output s=0, cancelled=0
10-28 20:22:08.044  1138  7721 V PlayerDriver: Send player code: 6
10-28 20:22:08.044  1138  7721 V PlayerDriver: Create realtime output
10-28 20:22:08.044  1138  7721 V PlayerDriver: canSetA2DPDirectMode() A2DP direct disabled
10-28 20:22:08.044  1138  7721 V PlayerDriver: CommandCompleted
10-28 20:22:08.044  1138  7721 V PlayerDriver: Completed command PLAYER_SET_AUDIO_SINK status=PVMFSuccess
10-28 20:22:08.044  1138  7721 V PVPlayer: run_prepare s=0, cancelled=0
10-28 20:22:08.044  1138  7721 V PlayerDriver: Send player code: 8
10-28 20:22:08.044  1138  7721 V PlayerDriver: disable natpkt - 0
10-28 20:22:08.044  1138  7721 V PlayerDriver: HandleInformationalEvent: UNKNOWN PVMFStatus
10-28 20:22:08.044  1138  7721 V PlayerDriver: HandleInformationalEvent: type=44 UNHANDLED
10-28 20:22:08.051  3503  3508 W MediaPlayer: info/warning (1, 44)
10-28 20:22:08.051  3503  3503 I MediaPlayer: Info (1,44)
10-28 20:22:08.051  1138  7721 V PlayerDriver: CommandCompleted
10-28 20:22:08.051  1138  7721 V PlayerDriver: Completed command PLAYER_PREPARE status=PVMFSuccess
10-28 20:22:08.051  1138  7721 V PlayerDriver: PLAYER_PREPARE complete mDownloadContextData=0x0, mDataReadyReceived=0
10-28 20:22:08.051  1138  1233 V PVPlayer: PVPlayer constructor
10-28 20:22:08.051  1138  7721 V PVPlayer: check_for_live_streaming s=0, cancelled=0
10-28 20:22:08.051  1138  7721 E ProfileVideoFrameDrops: PVMediaOutputNodePort :: Early 0 frames :: OnTime 0 frames :: Late 0 frames :: Total 4 frames
10-28 20:22:08.051  1138  7721 E ProfileVideoFrameDrops: PVMediaOutputNodePort :: Early 0.000000 % :: OnTime -0.000000 % :: Late -0.000000 % 
10-28 20:22:08.051  1138  1233 V PVPlayer: construct PlayerDriver
10-28 20:22:08.051  1138  1233 V PlayerDriver: constructor
10-28 20:22:08.051  1138  1233 V PlayerDriver: OpenCore hardware module loaded
10-28 20:22:08.051  1138  1233 V PlayerDriver: start player thread
10-28 20:22:08.051  1138  7723 V PlayerDriver: startPlayerThread
10-28 20:22:08.051  1138  7723 V PlayerDriver: InitializeForThread
10-28 20:22:08.051  1138  7723 V PlayerDriver: OMX_MasterInit
10-28 20:22:08.051  1138  7723 V PlayerDriver: OsclScheduler::Init
10-28 20:22:08.051  1138  7723 V PlayerDriver: CreatePlayer
10-28 20:22:08.059  1138  7723 D         : enter PVGetInterface
10-28 20:22:08.059  1138  7723 D         : enter Instance
10-28 20:22:08.059  1138  7723 D         : enter SharedLibraryLookup
10-28 20:22:08.059  1138  7723 D         : enter RegisterAllRecognizers
10-28 20:22:08.067  1138  7723 V PlayerDriver: AddToScheduler
10-28 20:22:08.067  1138  7723 V PlayerDriver: PendForExec
10-28 20:22:08.067  1138  7723 V PlayerDriver: OsclActiveScheduler::Current
10-28 20:22:08.067  1138  7723 V PlayerDriver: StartScheduler
10-28 20:22:08.067  1138  1233 V PVPlayer: send PLAYER_SETUP
10-28 20:22:08.067  1138  7723 V PlayerDriver: Send player code: 2
10-28 20:22:08.067  1138  7723 V PlayerDriver: CommandCompleted
10-28 20:22:08.067  1138  7723 V PlayerDriver: Completed command PLAYER_SETUP status=PVMFSuccess
10-28 20:22:08.067  1138  1233 V PVPlayer: send PLAYER_HELPER
10-28 20:22:08.067  1138  7723 V PlayerDriver: Send player code: 3
10-28 20:22:08.067  1138  7723 V PlayerDriver: CommandCompleted
10-28 20:22:08.067  1138  7723 V PlayerDriver: Completed command PLAYER_HELPER status=PVMFSuccess
10-28 20:22:08.067  1138  1233 V PVPlayer: setDataSource(34, 794068, 9758)
10-28 20:22:08.067  1138  1138 V PVPlayer: prepareAsync
10-28 20:22:08.067  1138  1138 V PVPlayer:   data source = sharedfd://36:794068:9758
10-28 20:22:08.067  1138  7723 V PlayerDriver: Send player code: 4
10-28 20:22:08.067  1138  7723 V PlayerDriver: handleSetDataSource
10-28 20:22:08.067  1138  7723 V PlayerDriver: handleSetDataSource- scanning for extension
10-28 20:22:08.067  1138  7723 D         : enter PVOMA1MOTRecognizerPlugin::Recognize
10-28 20:22:08.067  1138  7723 D         : PVOMA1MOTRecognizerPlugin:Recognize MOT_SVC_drm_openSession failed and session =-4
10-28 20:22:08.075  1138  7723 V PlayerDriver: CommandCompleted
10-28 20:22:08.075  1138  7723 V PlayerDriver: Completed command PLAYER_SET_DATA_SOURCE status=PVMFSuccess
10-28 20:22:08.075  1138  7723 V PVPlayer: run_init s=0, cancelled=0
10-28 20:22:08.075  1138  7723 V PlayerDriver: Send player code: 7
10-28 20:22:08.075  1138  7723 V PlayerDriver: release string is 2.2 len 3
10-28 20:22:08.075  1138  7723 V PlayerDriver: CommandCompleted
10-28 20:22:08.075  1138  7723 V PlayerDriver: Completed command PLAYER_INIT status=PVMFSuccess
10-28 20:22:08.075  1138  7723 V PVPlayer: run_set_video_surface s=0, cancelled=0
10-28 20:22:08.075  1138  7723 V PVPlayer: run_set_audio_output s=0, cancelled=0
10-28 20:22:08.075  1138  7723 V PlayerDriver: Send player code: 6
10-28 20:22:08.075  1138  7723 V PlayerDriver: Create realtime output
10-28 20:22:08.075  1138  7723 V PlayerDriver: canSetA2DPDirectMode() A2DP direct disabled
10-28 20:22:08.075  1138  7723 V PlayerDriver: CommandCompleted
10-28 20:22:08.075  1138  7723 V PlayerDriver: Completed command PLAYER_SET_AUDIO_SINK status=PVMFSuccess
10-28 20:22:08.075  1138  7723 V PVPlayer: run_prepare s=0, cancelled=0
10-28 20:22:08.075  1138  7723 V PlayerDriver: Send player code: 8
10-28 20:22:08.075  1138  7723 V PlayerDriver: disable natpkt - 0
10-28 20:22:08.075  1138  7723 V PlayerDriver: HandleInformationalEvent: UNKNOWN PVMFStatus
10-28 20:22:08.075  1138  7723 V PlayerDriver: HandleInformationalEvent: type=44 UNHANDLED
10-28 20:22:08.075  3503  6230 W MediaPlayer: info/warning (1, 44)
10-28 20:22:08.075  3503  3503 I MediaPlayer: Info (1,44)
10-28 20:22:08.083  1138  7723 V PlayerDriver: CommandCompleted
10-28 20:22:08.083  1138  7723 V PlayerDriver: Completed command PLAYER_PREPARE status=PVMFSuccess
10-28 20:22:08.083  1138  7723 V PlayerDriver: PLAYER_PREPARE complete mDownloadContextData=0x0, mDataReadyReceived=0
10-28 20:22:08.083  1138  7723 V PVPlayer: check_for_live_streaming s=0, cancelled=0
10-28 20:22:08.083  1138  7723 E ProfileVideoFrameDrops: PVMediaOutputNodePort :: Early 0 frames :: OnTime 0 frames :: Late 0 frames :: Total 6 frames
10-28 20:22:08.083  1138  7723 E ProfileVideoFrameDrops: PVMediaOutputNodePort :: Early 0.000000 % :: OnTime -0.000000 % :: Late -0.000000 % 
10-28 20:22:08.083  1138  1233 V PVPlayer: PVPlayer constructor
10-28 20:22:08.083  1138  1233 V PVPlayer: construct PlayerDriver
10-28 20:22:08.083  1138  1233 V PlayerDriver: constructor
10-28 20:22:08.083  1138  1233 V PlayerDriver: OpenCore hardware module loaded
10-28 20:22:08.083  1138  1233 V PlayerDriver: start player thread
10-28 20:22:08.083  1138  7725 V PlayerDriver: startPlayerThread
10-28 20:22:08.083  1138  7725 V PlayerDriver: InitializeForThread
10-28 20:22:08.083  1138  7725 V PlayerDriver: OMX_MasterInit
10-28 20:22:08.083  1138  7725 V PlayerDriver: OsclScheduler::Init
10-28 20:22:08.083  1138  7725 V PlayerDriver: CreatePlayer
10-28 20:22:08.083  1138  7725 D         : enter PVGetInterface
10-28 20:22:08.083  1138  7725 D         : enter Instance
10-28 20:22:08.083  1138  7725 D         : enter SharedLibraryLookup
10-28 20:22:08.083  1138  7725 D         : enter RegisterAllRecognizers
10-28 20:22:08.090  1138  7725 V PlayerDriver: AddToScheduler
10-28 20:22:08.090  1138  7725 V PlayerDriver: PendForExec
10-28 20:22:08.090  1138  7725 V PlayerDriver: OsclActiveScheduler::Current
10-28 20:22:08.090  1138  7725 V PlayerDriver: StartScheduler
10-28 20:22:08.090  1138  1233 V PVPlayer: send PLAYER_SETUP
10-28 20:22:08.090  1138  7725 V PlayerDriver: Send player code: 2
10-28 20:22:08.090  1138  7725 V PlayerDriver: CommandCompleted
10-28 20:22:08.090  1138  7725 V PlayerDriver: Completed command PLAYER_SETUP status=PVMFSuccess
10-28 20:22:08.090  1138  1233 V PVPlayer: send PLAYER_HELPER
10-28 20:22:08.090  1138  7725 V PlayerDriver: Send player code: 3
10-28 20:22:08.090  1138  7725 V PlayerDriver: CommandCompleted
10-28 20:22:08.090  1138  7725 V PlayerDriver: Completed command PLAYER_HELPER status=PVMFSuccess
10-28 20:22:08.090  1138  1233 V PVPlayer: setDataSource(34, 814976, 4198)
10-28 20:22:08.090  1138  1281 V PVPlayer: prepareAsync
10-28 20:22:08.090  1138  1281 V PVPlayer:   data source = sharedfd://37:814976:4198
10-28 20:22:08.090  1138  7725 V PlayerDriver: Send player code: 4
10-28 20:22:08.090  1138  7725 V PlayerDriver: handleSetDataSource
10-28 20:22:08.090  1138  7725 V PlayerDriver: handleSetDataSource- scanning for extension
10-28 20:22:08.090  1138  7725 D         : enter PVOMA1MOTRecognizerPlugin::Recognize
10-28 20:22:08.090  1138  7725 D         : PVOMA1MOTRecognizerPlugin:Recognize MOT_SVC_drm_openSession failed and session =-4
10-28 20:22:08.090  1138  7725 V PlayerDriver: CommandCompleted
10-28 20:22:08.090  1138  7725 V PlayerDriver: Completed command PLAYER_SET_DATA_SOURCE status=PVMFSuccess
10-28 20:22:08.090  1138  7725 V PVPlayer: run_init s=0, cancelled=0
10-28 20:22:08.090  1138  7725 V PlayerDriver: Send player code: 7
10-28 20:22:08.090  1138  7725 V PlayerDriver: release string is 2.2 len 3
10-28 20:22:08.098  1138  7725 V PlayerDriver: CommandCompleted
10-28 20:22:08.098  1138  7725 V PlayerDriver: Completed command PLAYER_INIT status=PVMFSuccess
10-28 20:22:08.098  1138  7725 V PVPlayer: run_set_video_surface s=0, cancelled=0
10-28 20:22:08.098  1138  7725 V PVPlayer: run_set_audio_output s=0, cancelled=0
10-28 20:22:08.098  1138  7725 V PlayerDriver: Send player code: 6
10-28 20:22:08.098  1138  7725 V PlayerDriver: Create realtime output
10-28 20:22:08.098  1138  7725 V PlayerDriver: canSetA2DPDirectMode() A2DP direct disabled
10-28 20:22:08.098  1138  7725 V PlayerDriver: CommandCompleted
10-28 20:22:08.098  1138  7725 V PlayerDriver: Completed command PLAYER_SET_AUDIO_SINK status=PVMFSuccess
10-28 20:22:08.106  1138  7725 V PVPlayer: run_prepare s=0, cancelled=0
10-28 20:22:08.106  1138  7725 V PlayerDriver: Send player code: 8
10-28 20:22:08.106  1138  7725 V PlayerDriver: disable natpkt - 0
10-28 20:22:08.106  1138  7725 V PlayerDriver: HandleInformationalEvent: UNKNOWN PVMFStatus
10-28 20:22:08.106  1138  7725 V PlayerDriver: HandleInformationalEvent: type=44 UNHANDLED
10-28 20:22:08.106  3503  3509 W MediaPlayer: info/warning (1, 44)
10-28 20:22:08.106  3503  3503 I MediaPlayer: Info (1,44)
10-28 20:22:08.106  1138  7725 V PlayerDriver: CommandCompleted
10-28 20:22:08.106  1138  7725 V PlayerDriver: Completed command PLAYER_PREPARE status=PVMFSuccess
10-28 20:22:08.106  1138  7725 V PlayerDriver: PLAYER_PREPARE complete mDownloadContextData=0x0, mDataReadyReceived=0
10-28 20:22:08.106  1138  1233 V PVPlayer: PVPlayer constructor
10-28 20:22:08.106  1138  7725 V PVPlayer: check_for_live_streaming s=0, cancelled=0
10-28 20:22:08.106  1138  7725 E ProfileVideoFrameDrops: PVMediaOutputNodePort :: Early 0 frames :: OnTime 0 frames :: Late 0 frames :: Total 2 frames
10-28 20:22:08.106  1138  7725 E ProfileVideoFrameDrops: PVMediaOutputNodePort :: Early 0.000000 % :: OnTime -0.000000 % :: Late -0.000000 % 
10-28 20:22:08.114  1138  1233 V PVPlayer: construct PlayerDriver
10-28 20:22:08.114  1138  1233 V PlayerDriver: constructor
10-28 20:22:08.122  1138  1233 V PlayerDriver: OpenCore hardware module loaded
10-28 20:22:08.122  1138  1233 V PlayerDriver: start player thread
10-28 20:22:08.122  1138  7727 V PlayerDriver: startPlayerThread
10-28 20:22:08.122  1138  7727 V PlayerDriver: InitializeForThread
10-28 20:22:08.122  1138  7727 V PlayerDriver: OMX_MasterInit
10-28 20:22:08.122  1138  7727 V PlayerDriver: OsclScheduler::Init
10-28 20:22:08.122  1138  7727 V PlayerDriver: CreatePlayer
10-28 20:22:08.122  1138  7727 D         : enter PVGetInterface
10-28 20:22:08.122  1138  7727 D         : enter Instance
10-28 20:22:08.122  1138  7727 D         : enter SharedLibraryLookup
10-28 20:22:08.122  1138  7727 D         : enter RegisterAllRecognizers
10-28 20:22:08.130  1138  7727 V PlayerDriver: AddToScheduler
10-28 20:22:08.130  1138  7727 V PlayerDriver: PendForExec
10-28 20:22:08.130  1138  7727 V PlayerDriver: OsclActiveScheduler::Current
10-28 20:22:08.130  1138  7727 V PlayerDriver: StartScheduler
10-28 20:22:08.130  1138  1233 V PVPlayer: send PLAYER_SETUP
10-28 20:22:08.130  1138  7727 V PlayerDriver: Send player code: 2
10-28 20:22:08.130  1138  7727 V PlayerDriver: CommandCompleted
10-28 20:22:08.130  1138  7727 V PlayerDriver: Completed command PLAYER_SETUP status=PVMFSuccess
10-28 20:22:08.130  1138  1233 V PVPlayer: send PLAYER_HELPER
10-28 20:22:08.130  1138  7727 V PlayerDriver: Send player code: 3
10-28 20:22:08.130  1138  7727 V PlayerDriver: CommandCompleted
10-28 20:22:08.130  1138  7727 V PlayerDriver: Completed command PLAYER_HELPER status=PVMFSuccess
10-28 20:22:08.130  1138  1233 V PVPlayer: setDataSource(34, 819224, 8076)
10-28 20:22:08.130  1138  1138 V PVPlayer: prepareAsync
10-28 20:22:08.130  1138  1138 V PVPlayer:   data source = sharedfd://38:819224:8076
10-28 20:22:08.130  1138  7727 V PlayerDriver: Send player code: 4
10-28 20:22:08.130  1138  7727 V PlayerDriver: handleSetDataSource
10-28 20:22:08.130  1138  7727 V PlayerDriver: handleSetDataSource- scanning for extension
10-28 20:22:08.130  1138  7727 D         : enter PVOMA1MOTRecognizerPlugin::Recognize
10-28 20:22:08.130  1138  7727 D         : PVOMA1MOTRecognizerPlugin:Recognize MOT_SVC_drm_openSession failed and session =-4
10-28 20:22:08.130  1138  7727 V PlayerDriver: CommandCompleted
10-28 20:22:08.130  1138  7727 V PlayerDriver: Completed command PLAYER_SET_DATA_SOURCE status=PVMFSuccess
10-28 20:22:08.130  1138  7727 V PVPlayer: run_init s=0, cancelled=0
10-28 20:22:08.130  1138  7727 V PlayerDriver: Send player code: 7
10-28 20:22:08.137  1138  7727 V PlayerDriver: release string is 2.2 len 3
10-28 20:22:08.137  1138  7727 V PlayerDriver: CommandCompleted
10-28 20:22:08.137  1138  7727 V PlayerDriver: Completed command PLAYER_INIT status=PVMFSuccess
10-28 20:22:08.137  1138  7727 V PVPlayer: run_set_video_surface s=0, cancelled=0
10-28 20:22:08.137  1138  7727 V PVPlayer: run_set_audio_output s=0, cancelled=0
10-28 20:22:08.137  1138  7727 V PlayerDriver: Send player code: 6
10-28 20:22:08.137  1138  7727 V PlayerDriver: Create realtime output
10-28 20:22:08.137  1138  7727 V PlayerDriver: canSetA2DPDirectMode() A2DP direct disabled
10-28 20:22:08.137  1138  7727 V PlayerDriver: CommandCompleted
10-28 20:22:08.137  1138  7727 V PlayerDriver: Completed command PLAYER_SET_AUDIO_SINK status=PVMFSuccess
10-28 20:22:08.137  1138  7727 V PVPlayer: run_prepare s=0, cancelled=0
10-28 20:22:08.137  1138  7727 V PlayerDriver: Send player code: 8
10-28 20:22:08.137  1138  7727 V PlayerDriver: disable natpkt - 0
10-28 20:22:08.145  1138  7727 V PlayerDriver: HandleInformationalEvent: UNKNOWN PVMFStatus
10-28 20:22:08.145  1138  7727 V PlayerDriver: HandleInformationalEvent: type=44 UNHANDLED
10-28 20:22:08.145  3503  3508 W MediaPlayer: info/warning (1, 44)
10-28 20:22:08.145  3503  3503 I MediaPlayer: Info (1,44)
10-28 20:22:08.145  1138  7727 V PlayerDriver: CommandCompleted
10-28 20:22:08.145  1138  7727 V PlayerDriver: Completed command PLAYER_PREPARE status=PVMFSuccess
10-28 20:22:08.145  1138  7727 V PlayerDriver: PLAYER_PREPARE complete mDownloadContextData=0x0, mDataReadyReceived=0
10-28 20:22:08.145  1138  7727 V PVPlayer: check_for_live_streaming s=0, cancelled=0
10-28 20:22:08.145  1138  7727 E ProfileVideoFrameDrops: PVMediaOutputNodePort :: Early 0 frames :: OnTime 0 frames :: Late 0 frames :: Total 5 frames
10-28 20:22:08.145  1138  7727 E ProfileVideoFrameDrops: PVMediaOutputNodePort :: Early 0.000000 % :: OnTime -0.000000 % :: Late -0.000000 % 
10-28 20:22:08.145  1138  1233 V PVPlayer: PVPlayer constructor
10-28 20:22:08.145  1138  1233 V PVPlayer: construct PlayerDriver
10-28 20:22:08.145  1138  1233 V PlayerDriver: constructor
10-28 20:22:08.145  1138  1233 V PlayerDriver: OpenCore hardware module loaded
10-28 20:22:08.145  1138  1233 V PlayerDriver: start player thread
10-28 20:22:08.145  1138  7729 V PlayerDriver: startPlayerThread
10-28 20:22:08.145  1138  7729 V PlayerDriver: InitializeForThread
10-28 20:22:08.145  1138  7729 V PlayerDriver: OMX_MasterInit
10-28 20:22:08.145  1138  7729 V PlayerDriver: OsclScheduler::Init
10-28 20:22:08.145  1138  7729 V PlayerDriver: CreatePlayer
10-28 20:22:08.153  1138  7729 D         : enter PVGetInterface
10-28 20:22:08.153  1138  7729 D         : enter Instance
10-28 20:22:08.153  1138  7729 D         : enter SharedLibraryLookup
10-28 20:22:08.153  1138  7729 D         : enter RegisterAllRecognizers
10-28 20:22:08.153  1138  7729 V PlayerDriver: AddToScheduler
10-28 20:22:08.153  1138  7729 V PlayerDriver: PendForExec
10-28 20:22:08.153  1138  7729 V PlayerDriver: OsclActiveScheduler::Current
10-28 20:22:08.153  1138  7729 V PlayerDriver: StartScheduler
10-28 20:22:08.153  1138  1233 V PVPlayer: send PLAYER_SETUP
10-28 20:22:08.153  1138  7729 V PlayerDriver: Send player code: 2
10-28 20:22:08.153  1138  7729 V PlayerDriver: CommandCompleted
10-28 20:22:08.153  1138  7729 V PlayerDriver: Completed command PLAYER_SETUP status=PVMFSuccess
10-28 20:22:08.153  1138  1233 V PVPlayer: send PLAYER_HELPER
10-28 20:22:08.153  1138  7729 V PlayerDriver: Send player code: 3
10-28 20:22:08.153  1138  7729 V PlayerDriver: CommandCompleted
10-28 20:22:08.153  1138  7729 V PlayerDriver: Completed command PLAYER_HELPER status=PVMFSuccess
10-28 20:22:08.153  1138  1233 V PVPlayer: setDataSource(34, 788636, 5380)
10-28 20:22:08.153  1138  1138 V PVPlayer: prepareAsync
10-28 20:22:08.153  1138  1138 V PVPlayer:   data source = sharedfd://39:788636:5380
10-28 20:22:08.153  1138  7729 V PlayerDriver: Send player code: 4
10-28 20:22:08.153  1138  7729 V PlayerDriver: handleSetDataSource
10-28 20:22:08.153  1138  7729 V PlayerDriver: handleSetDataSource- scanning for extension
10-28 20:22:08.153  1138  7729 D         : enter PVOMA1MOTRecognizerPlugin::Recognize
10-28 20:22:08.153  1138  7729 D         : PVOMA1MOTRecognizerPlugin:Recognize MOT_SVC_drm_openSession failed and session =-4
10-28 20:22:08.161  1138  7729 V PlayerDriver: CommandCompleted
10-28 20:22:08.161  1138  7729 V PlayerDriver: Completed command PLAYER_SET_DATA_SOURCE status=PVMFSuccess
10-28 20:22:08.161  1138  7729 V PVPlayer: run_init s=0, cancelled=0
10-28 20:22:08.161  1138  7729 V PlayerDriver: Send player code: 7
10-28 20:22:08.161  1138  7729 V PlayerDriver: release string is 2.2 len 3
10-28 20:22:08.169  1138  7729 V PlayerDriver: CommandCompleted
10-28 20:22:08.169  1138  7729 V PlayerDriver: Completed command PLAYER_INIT status=PVMFSuccess
10-28 20:22:08.169  1138  7729 V PVPlayer: run_set_video_surface s=0, cancelled=0
10-28 20:22:08.169  1138  7729 V PVPlayer: run_set_audio_output s=0, cancelled=0
10-28 20:22:08.169  1138  7729 V PlayerDriver: Send player code: 6
10-28 20:22:08.169  1138  7729 V PlayerDriver: Create realtime output
10-28 20:22:08.169  1138  7729 V PlayerDriver: canSetA2DPDirectMode() A2DP direct disabled
10-28 20:22:08.169  1138  7729 V PlayerDriver: CommandCompleted
10-28 20:22:08.169  1138  7729 V PlayerDriver: Completed command PLAYER_SET_AUDIO_SINK status=PVMFSuccess
10-28 20:22:08.169  1138  7729 V PVPlayer: run_prepare s=0, cancelled=0
10-28 20:22:08.169  1138  7729 V PlayerDriver: Send player code: 8
10-28 20:22:08.169  1138  7729 V PlayerDriver: disable natpkt - 0
10-28 20:22:08.169  1138  7729 V PlayerDriver: HandleInformationalEvent: UNKNOWN PVMFStatus
10-28 20:22:08.169  1138  7729 V PlayerDriver: HandleInformationalEvent: type=44 UNHANDLED
10-28 20:22:08.169  3503  6230 W MediaPlayer: info/warning (1, 44)
10-28 20:22:08.169  3503  3503 I MediaPlayer: Info (1,44)
10-28 20:22:08.176  1138  7729 V PlayerDriver: CommandCompleted
10-28 20:22:08.176  1138  7729 V PlayerDriver: Completed command PLAYER_PREPARE status=PVMFSuccess
10-28 20:22:08.176  1138  7729 V PlayerDriver: PLAYER_PREPARE complete mDownloadContextData=0x0, mDataReadyReceived=0
10-28 20:22:08.176  1138  7729 V PVPlayer: check_for_live_streaming s=0, cancelled=0
10-28 20:22:08.176  1138  7729 E ProfileVideoFrameDrops: PVMediaOutputNodePort :: Early 0 frames :: OnTime 0 frames :: Late 0 frames :: Total 3 frames
10-28 20:22:08.176  1138  7729 E ProfileVideoFrameDrops: PVMediaOutputNodePort :: Early 0.000000 % :: OnTime -0.000000 % :: Late -0.000000 % 
10-28 20:22:08.294  3503  7716 I RecognitionController: onBeginningOfSpeech
10-28 20:22:08.348  3503  7714 D ServerConnectorImpl: Created session 4c4c5eea3659d71829423415fbce0868
10-28 20:22:08.356  3503  7714 I ServerConnectorImpl: Creating TCP connection to 74.125.47.126:19294
10-28 20:22:08.637  3503  7714 I ServerConnectorImpl: startRecognize RecognitionParameters{session=4c4c5eea3659d71829423415fbce0868,request=1}
