10-29 13:02:03.811  1235  1262 D ConnectivityService: haveIpAddress=true, obtainingIpAddress=false, scanModeActive=true
10-29 13:02:03.811  1235  1262 D ConnectivityService: lastSignalLevel=1, explicitlyDisabled=false
10-29 13:02:03.811  1235  1262 D ConnectivityService: adding dns 129.21.3.17 for WIFI
10-29 13:02:03.811  1235  1262 D ConnectivityService: adding dns 129.21.4.18 for WIFI
10-29 13:02:03.819  1235  1262 D ConnectivityService: sendStickyBroadcastExt, add feature=null
10-29 13:02:03.819  1235  1262 D ConnectivityService: sendStickyBroadcastExt, add feature=null
10-29 13:02:12.842  1235  1944 W BackupManagerService: dataChanged but no participant pkg='com.android.providers.settings' uid=10002
10-29 13:03:43.512  1235  1243 V DeviceStorageMonitorService: freeMemory=6643564544
10-29 13:03:43.512  1235  1243 V DeviceStorageMonitorService: Threshold Percentage=10
10-29 13:03:43.512  1235  1243 V DeviceStorageMonitorService: mTotalMemory = 70264913
10-29 13:03:43.512  1235  1243 I DeviceStorageMonitorService: Posting Message again
10-29 13:11:05.662  1235  1243 V DeviceStorageMonitorService: freeMemory=6643552256
10-29 13:11:05.662  1235  1243 V DeviceStorageMonitorService: Threshold Percentage=10
10-29 13:11:05.662  1235  1243 V DeviceStorageMonitorService: mTotalMemory = 70264913
10-29 13:11:05.662  1235  1243 I DeviceStorageMonitorService: Posting Message again
10-29 13:17:50.573  1235  1243 D WifiService: ACTION_SCREEN_ON -- Checked by Moto
10-29 13:17:50.628  1235  1243 D WifiService: ACTION_SCREEN_ON
10-29 13:17:52.433  1235  1351 W InputManagerService: Window already focused, ignoring focus gain of: com.android.internal.view.IInputMethodClient$Stub$Proxy@45d20d58
10-29 13:17:53.839  1235  1243 I ActivityManager: Starting activity: Intent { act=android.intent.action.PROVIDER_CHANGED cat=[wyantb@gmail.com] dat=content://gmail-ls/unread/^i flg=0x4000000 cmp=com.google.android.gm/.ConversationListActivity bnds=[0,152][480,248] (has extras) }
10-29 13:17:53.839  1235  1243 W ActivityManager: startActivity called from non-Activity context; forcing Intent.FLAG_ACTIVITY_NEW_TASK for: Intent { act=android.intent.action.PROVIDER_CHANGED cat=[wyantb@gmail.com] dat=content://gmail-ls/unread/^i flg=0x4000000 cmp=com.google.android.gm/.ConversationListActivity bnds=[0,152][480,248] (has extras) }
10-29 13:17:57.644  1235  1380 I ActivityManager: Starting activity: Intent { cmp=com.google.android.gm/.HtmlConversationActivity (has extras) }
10-29 13:18:07.976  1235  1243 V DeviceStorageMonitorService: freeMemory=6643556352
10-29 13:18:07.976  1235  1243 V DeviceStorageMonitorService: Threshold Percentage=10
10-29 13:18:07.976  1235  1243 V DeviceStorageMonitorService: mTotalMemory = 70264913
10-29 13:18:07.976  1235  1243 I DeviceStorageMonitorService: Posting Message again
10-29 13:18:16.691  1235  1235 I ActivityManager: Starting activity: Intent { cmp=com.google.android.gm/.HtmlConversationActivity (has extras) }
10-29 13:18:30.933  1235  1938 I ActivityManager: Starting activity: Intent { cmp=com.google.android.gm/.HtmlConversationActivity (has extras) }
10-29 13:18:31.058  1235  1260 W WindowManager: No window to dispatch pointer action 0
10-29 13:18:31.089  1235  1260 W WindowManager: No window to dispatch pointer action 1
10-29 13:18:36.784  1235  1944 W InputManagerService: Starting input on non-focused client com.android.internal.view.IInputMethodClient$Stub$Proxy@45883b10 (uid=10078 pid=1734)
10-29 13:18:38.167  1235  1243 D WifiService: ACTION_SCREEN_OFF
10-29 13:18:38.206  1235  1243 D StatusBar: DISABLE_EXPAND: yes
10-29 13:18:38.214  1235  1243 I InputManagerService: received close system dialog event
10-29 13:20:08.533  1235  1243 V DeviceStorageMonitorService: freeMemory=6643556352
10-29 13:20:08.533  1235  1243 V DeviceStorageMonitorService: Threshold Percentage=10
10-29 13:20:08.533  1235  1243 V DeviceStorageMonitorService: mTotalMemory = 70264913
10-29 13:20:08.533  1235  1243 I DeviceStorageMonitorService: Posting Message again
10-29 13:21:42.699  1235  1280 D PerformBackupThread: starting agent for backup of BackupRequest{app=ApplicationInfo{4598f458 com.android.providers.settings} full=false}
10-29 13:21:42.699  1235  1280 D BackupManagerService: awaiting agent for ApplicationInfo{4598f458 com.android.providers.settings}
10-29 13:21:42.699  1235  1243 D BackupManagerService: agentConnected pkg=com.android.providers.settings agent=android.app.backup.BackupAgent$BackupServiceBinder@45cbd1c8
10-29 13:22:43.777  1235  1243 V DeviceStorageMonitorService: freeMemory=6643548160
10-29 13:22:43.777  1235  1243 V DeviceStorageMonitorService: Threshold Percentage=10
10-29 13:22:43.777  1235  1243 V DeviceStorageMonitorService: mTotalMemory = 70264913
10-29 13:22:43.777  1235  1243 I DeviceStorageMonitorService: Posting Message again
10-29 13:22:53.535  1235  1243 D StatusBarPolicy: handleBatteryUpdate
10-29 13:22:53.535  1235  1243 D WifiService: ACTION_BATTERY_CHANGED pluggedType: 0
10-29 13:27:43.552  1235  1257 D WindowManager: phone state:1
10-29 13:27:43.583  1235  1245 I ActivityManager: Start proc com.cequint.cityid for broadcast com.cequint.cityid/.PhoneStateReceiver: pid=3511 uid=10048 gids={3003, 1015}
10-29 13:27:43.630  1235  1944 I ActivityManager: Start proc com.motorola.videoplayer for content provider com.motorola.videoplayer/.hdmi.HDMIStatusProvider: pid=3514 uid=10079 gids={}
10-29 13:27:43.974  1235  1243 I InputManagerService: received close system dialog event
10-29 13:27:43.982  1235  1235 I ActivityManager: Starting activity: Intent { act=android.intent.action.MAIN flg=0x10840000 cmp=com.android.phone/.InCallScreen }
10-29 13:27:44.021  1235  1243 D WifiService: ACTION_SCREEN_ON -- Checked by Moto
10-29 13:27:44.513  1235  1245 W ActivityManager: Activity pause timeout for HistoryRecord{45cf7b88 com.android.phone/.InCallScreen}
10-29 13:27:44.560  1235  1243 D StatusBar: enter playAnimationStatusBar, enable = false
10-29 13:27:44.677  1235  1243 D StatusBar: enter playAnimationStatusBar, enable = false
10-29 13:27:44.739  1235  1936 W WindowManager: Layout repeat skipped after too many iterations
10-29 13:27:44.739  1235  1936 W WindowManager: Layout repeat skipped after too many iterations
10-29 13:27:44.739  1235  1936 W WindowManager: Layout repeat skipped after too many iterations
10-29 13:27:44.739  1235  1936 W WindowManager: Animation repeat aborted after too many iterations
10-29 13:27:44.943  1235  1243 D WifiService: ACTION_SCREEN_ON
10-29 13:27:46.655  1235  1243 V DeviceStorageMonitorService: freeMemory=6643552256
10-29 13:27:46.655  1235  1243 V DeviceStorageMonitorService: Threshold Percentage=10
10-29 13:27:46.655  1235  1243 V DeviceStorageMonitorService: mTotalMemory = 70264913
10-29 13:27:46.655  1235  1243 I DeviceStorageMonitorService: Posting Message again
10-29 13:27:48.778  1235  1258 I InputDevice: Dropping bad point #0: newY=9 closestDy=947 maxDy=420
10-29 13:27:49.349  1235  1257 D WindowManager: phone state:2
10-29 13:27:49.380  1235  1381 D PowerManagerService: enableProximityLockLocked
10-29 13:27:49.544  1235  1255 D PowerManagerService: mProximityListener.onSensorChanged active: true
10-29 13:27:49.544  1235  1255 D PowerManagerService: proximityChangedLocked, active: true
10-29 13:27:49.583  1235  1260 D PowerManagerService: ignoring user activity while turning off screen
10-29 13:27:49.864  1235  1243 D StatusBar: enter playAnimationStatusBar, enable = true
10-29 13:27:49.911  1235  1243 D WifiService: ACTION_SCREEN_OFF
10-29 13:27:50.880  1235  1255 D PowerManagerService: mProximityListener.onSensorChanged active: false
10-29 13:27:50.880  1235  1255 D PowerManagerService: proximityChangedLocked, active: false
10-29 13:27:50.935  1235  1243 D StatusBar: DISABLE_EXPAND: yes
10-29 13:27:50.943  1235  1243 D StatusBar: enter playAnimationStatusBar, enable = false
10-29 13:27:50.966  1235  1243 D WifiService: ACTION_SCREEN_ON -- Checked by Moto
10-29 13:27:51.138  1235  1243 D WifiService: ACTION_SCREEN_ON
10-29 13:27:51.710  1235  1255 D PowerManagerService: mProximityListener.onSensorChanged active: true
10-29 13:27:52.161  1235  1255 D PowerManagerService: proximityChangedLocked, active: true
10-29 13:27:52.443  1235  1243 D StatusBar: enter playAnimationStatusBar, enable = true
10-29 13:27:52.482  1235  1243 D WifiService: ACTION_SCREEN_OFF
10-29 13:27:56.276  1235  1255 D PowerManagerService: mProximityListener.onSensorChanged active: false
10-29 13:27:56.276  1235  1255 D PowerManagerService: proximityChangedLocked, active: false
10-29 13:27:56.427  1235  1243 D StatusBar: DISABLE_EXPAND: yes
10-29 13:27:56.427  1235  1243 D WifiService: ACTION_SCREEN_ON -- Checked by Moto
10-29 13:27:56.435  1235  1243 D StatusBar: enter playAnimationStatusBar, enable = false
10-29 13:27:56.607  1235  1243 D WifiService: ACTION_SCREEN_ON
10-29 13:27:59.265  1235  1255 D PowerManagerService: mProximityListener.onSensorChanged active: true
10-29 13:27:59.265  1235  1255 D PowerManagerService: proximityChangedLocked, active: true
10-29 13:27:59.575  1235  1243 D StatusBar: enter playAnimationStatusBar, enable = true
10-29 13:27:59.607  1235  1243 D WifiService: ACTION_SCREEN_OFF
10-29 13:28:13.814  1235  1255 D PowerManagerService: mProximityListener.onSensorChanged active: false
10-29 13:28:13.814  1235  1255 D PowerManagerService: proximityChangedLocked, active: false
10-29 13:28:13.877  1235  1243 D WifiService: ACTION_SCREEN_ON -- Checked by Moto
10-29 13:28:13.877  1235  1243 D StatusBar: DISABLE_EXPAND: yes
10-29 13:28:13.885  1235  1243 D StatusBar: enter playAnimationStatusBar, enable = false
10-29 13:28:14.088  1235  1243 D WifiService: ACTION_SCREEN_ON
10-29 13:28:14.861  1235  1243 D StatusBar: enter playAnimationStatusBar, enable = true
10-29 13:28:14.924  1235  1243 D WifiService: ACTION_SCREEN_OFF
10-29 13:28:15.049  1235  1243 I InputManagerService: received close system dialog event
10-29 13:28:16.002  1235  1243 D StatusBar: DISABLE_EXPAND: yes
10-29 13:28:16.002  1235  1243 D StatusBar: enter playAnimationStatusBar, enable = false
10-29 13:28:16.025  1235  1243 D WifiService: ACTION_SCREEN_ON -- Checked by Moto
10-29 13:28:16.416  1235  1243 D WifiService: ACTION_SCREEN_ON
10-29 13:28:16.455  1235  1257 D WindowManager: phone state:0
10-29 13:28:16.518  1235  1243 D StatusBar: enter playAnimationStatusBar, enable = false
10-29 13:28:16.580  1235  1570 D PowerManagerService: disableProximityLockLocked
10-29 13:28:18.619  1235  1351 I ActivityManager: moveTaskToBack: 28
10-29 13:28:18.666  1235  1243 D StatusBar: DISABLE_EXPAND: yes
10-29 13:28:18.807  1235  1235 I ActivityManager: moveTaskToBack: 28
10-29 13:28:26.333  1235  1243 D WifiService: ACTION_SCREEN_OFF
10-29 13:29:40.816  1235  1243 V DeviceStorageMonitorService: freeMemory=6643535872
10-29 13:29:40.816  1235  1243 V DeviceStorageMonitorService: Threshold Percentage=10
10-29 13:29:40.816  1235  1243 V DeviceStorageMonitorService: mTotalMemory = 70264913
10-29 13:29:40.816  1235  1243 I DeviceStorageMonitorService: Posting Message again
10-29 13:31:04.968  1235  1243 V DeviceStorageMonitorService: freeMemory=6643527680
10-29 13:31:04.968  1235  1243 V DeviceStorageMonitorService: Threshold Percentage=10
10-29 13:31:04.968  1235  1243 V DeviceStorageMonitorService: mTotalMemory = 70264913
10-29 13:31:04.968  1235  1243 I DeviceStorageMonitorService: Posting Message again
10-29 13:37:20.137  1235  1262 D ConnectivityService: ConnectivityChange for WIFI: CONNECTING/AUTHENTICATING
10-29 13:40:00.653  1235  1243 V DeviceStorageMonitorService: freeMemory=6643527680
10-29 13:40:00.653  1235  1243 V DeviceStorageMonitorService: Threshold Percentage=10
10-29 13:40:00.653  1235  1243 V DeviceStorageMonitorService: mTotalMemory = 70264913
10-29 13:40:00.653  1235  1243 I DeviceStorageMonitorService: Posting Message again
10-29 13:45:53.199  1235  1243 V DeviceStorageMonitorService: freeMemory=6643527680
10-29 13:45:53.199  1235  1243 V DeviceStorageMonitorService: Threshold Percentage=10
10-29 13:45:53.199  1235  1243 V DeviceStorageMonitorService: mTotalMemory = 70264913
10-29 13:45:53.199  1235  1243 I DeviceStorageMonitorService: Posting Message again
10-29 13:50:07.593  1235  1243 V DeviceStorageMonitorService: freeMemory=6643527680
10-29 13:50:07.593  1235  1243 V DeviceStorageMonitorService: Threshold Percentage=10
10-29 13:50:07.593  1235  1243 V DeviceStorageMonitorService: mTotalMemory = 70264913
10-29 13:50:07.593  1235  1243 I DeviceStorageMonitorService: Posting Message again
10-29 13:51:01.542  1235  1243 D WifiService: ACTION_SCREEN_ON -- Checked by Moto
10-29 13:51:01.597  1235  1243 D WifiService: ACTION_SCREEN_ON
10-29 13:51:09.581  1235  1243 I ActivityManager: Starting activity: Intent { act=android.intent.action.PROVIDER_CHANGED cat=[wyantb@gmail.com] dat=content://gmail-ls/unread/^i flg=0x4000000 cmp=com.google.android.gm/.ConversationListActivity bnds=[0,152][480,248] (has extras) }
10-29 13:51:09.581  1235  1243 W ActivityManager: startActivity called from non-Activity context; forcing Intent.FLAG_ACTIVITY_NEW_TASK for: Intent { act=android.intent.action.PROVIDER_CHANGED cat=[wyantb@gmail.com] dat=content://gmail-ls/unread/^i flg=0x4000000 cmp=com.google.android.gm/.ConversationListActivity bnds=[0,152][480,248] (has extras) }
10-29 13:51:09.784  1235  1239 I ActivityManager: Starting activity: Intent { cmp=com.google.android.gm/.HtmlConversationActivity (has extras) }
10-29 13:51:12.753  1235  1351 W InputManagerService: Starting input on non-focused client com.android.internal.view.IInputMethodClient$Stub$Proxy@45883b10 (uid=10078 pid=1734)
10-29 13:51:14.175  1235  1243 D WifiService: ACTION_SCREEN_OFF
10-29 13:51:14.269  1235  1243 D StatusBar: DISABLE_EXPAND: yes
10-29 13:51:14.269  1235  1243 I InputManagerService: received close system dialog event
10-29 13:55:01.098  1235  1243 V DeviceStorageMonitorService: freeMemory=6643523584
10-29 13:55:01.098  1235  1243 V DeviceStorageMonitorService: Threshold Percentage=10
10-29 13:55:01.098  1235  1243 V DeviceStorageMonitorService: mTotalMemory = 70264913
10-29 13:55:01.098  1235  1243 I DeviceStorageMonitorService: Posting Message again
10-29 13:56:19.559  1235  1243 D StatusBarPolicy: handleBatteryUpdate
10-29 13:56:19.559  1235  1243 D WifiService: ACTION_BATTERY_CHANGED pluggedType: 0
10-29 13:56:32.746  1235  1262 D ConnectivityService: Dropping ConnectivityChange for WIFI: CONNECTING/OBTAINING_IPADDR
10-29 13:56:32.746  1235  1262 D ConnectivityService: Dropping ConnectivityChange for WIFI: CONNECTING/OBTAINING_IPADDR
10-29 13:57:02.622  1235  1262 D ConnectivityService: ConnectivityChange for WIFI: CONNECTED/CONNECTED
10-29 13:57:02.622  1235  1262 D ConnectivityService: Handle CONNECT for WIFI
10-29 13:57:02.622  1235  1262 D ConnectivityService: connecting to a default network
10-29 13:57:02.622  1235  1262 D ConnectivityService: Sending CONNECT bcast for WIFI
10-29 13:57:02.662  1235  1243 D WifiWatchdogService: (android.server.ServerThread) ritwpa2 (00:22:90:93:01:b2) does not require the watchdog
10-29 13:57:02.669  1235  1262 D ConnectivityService: handleConnectivityChange
10-29 13:57:02.669  1235  1262 D ConnectivityService: handleDnsConfig Change
10-29 13:57:02.677  1235  1262 D ConnectivityService: connected: interface tiwlan0 runState=Running
10-29 13:57:02.677  1235  1262 D ConnectivityService: SSID: ritwpa2, BSSID: 00:22:90:93:01:b2, MAC: f8:7b:7a:31:ee:d3, Supplicant state: COMPLETED, RSSI: -75, Link speed: 65, Net ID: 0, Hidden SSID: false, Network mode: 0
10-29 13:57:02.677  1235  1262 D ConnectivityService: ipaddr 129.21.42.126 gateway 129.21.43.254 netmask 255.255.252.0 dns1 129.21.3.17 dns2 129.21.4.18 DHCP server 129.21.13.175 lease 1800 seconds
10-29 13:57:02.677  1235  1262 D ConnectivityService: haveIpAddress=true, obtainingIpAddress=false, scanModeActive=true
10-29 13:57:02.677  1235  1262 D ConnectivityService: lastSignalLevel=1, explicitlyDisabled=false
10-29 13:57:02.677  1235  1262 D ConnectivityService: adding dns 129.21.3.17 for WIFI
10-29 13:57:02.677  1235  1262 D ConnectivityService: adding dns 129.21.4.18 for WIFI
10-29 13:57:02.677  1235  1262 D ConnectivityService: sendStickyBroadcastExt, add feature=null
10-29 13:58:35.530  1235  1243 V DeviceStorageMonitorService: freeMemory=6643519488
10-29 13:58:35.530  1235  1243 V DeviceStorageMonitorService: Threshold Percentage=10
10-29 13:58:35.530  1235  1243 V DeviceStorageMonitorService: mTotalMemory = 70264913
10-29 13:58:35.530  1235  1243 I DeviceStorageMonitorService: Posting Message again
10-29 13:58:35.887  1235  1243 D WifiService: ACTION_SCREEN_ON -- Checked by Moto
10-29 13:58:35.957  1235  1243 D WifiService: ACTION_SCREEN_ON
10-29 13:58:37.378  1235  1243 D WifiService: ACTION_SCREEN_OFF
--------- beginning of /dev/log/main
10-29 13:59:26.839  1325  1735 I BlurServiceMother: _inspectResponse(): found an error from a web service response: ServiceDownError msg: java.net.UnknownHostException: master-blur.svcmot.com req: clouds/1/newsessioncloud
10-29 13:59:26.918  1325  1735 I BlurServiceMother: startConfiguringCloud(): request clouds/1/newsessioncloud needs a cloud, I'm already trying, leave me alone
10-29 13:59:26.964  1325  1735 I BlurServiceMother: connectStatus(): app: WSBase backing off: 10000 ms until next web service attempt
10-29 13:59:27.035  1325  1735 I WSBase  : mother told us not to continue at the moment with this request: clouds/1/newsessioncloud
10-29 13:59:31.285  1420  1420 D ChipWidgetProvider: a22417 debug in chipwidgetprovider function updatewidget the pendingUpdates is :android.util.SparseIntArray@459efda8
10-29 13:59:31.300  1420  1856 D SocialWidgetProvider: doUpdateWidget id: 2 x: 4 y: 1
10-29 13:59:31.332  1420  1856 D SocialWidgetProvider: filterType: 0
10-29 13:59:31.332  1420  1856 D SocialWidgetProvider: filter: read_state=1 AND pub_date>1288288771333 AND owner=0
10-29 13:59:31.339  1420  1856 D SocialWidgetProvider: ===== getImageDimens: width=103 height=141
10-29 13:59:31.339  1420  1856 D BlurContactsExtensions: ===== targetSize: width=103 height=141
10-29 13:59:31.355  1420  1856 D BlurContactsExtensions: ===== imageStream: imageWidth=100 imageHeight=75
10-29 13:59:31.355  1420  1856 D BlurContactsExtensions: ===== Using default android decode api...
10-29 13:59:31.355  1420  1856 D BlurContactsExtensions: ===== Android image decode:  downSample=1 downScaleX=0 downScaleY=0
10-29 13:59:31.355  1420  1856 D BlurContactsExtensions: ===== Cropping img: cropWidth=54 cropHeight=75
10-29 13:59:31.371  1420  1856 D DateUtil: now.getTimeZone(): Eastern Standard Time
10-29 13:59:31.386  1420  1856 V SocialWidgetProvider: DisplayName: Ryan Neel for RawContactId: 563
10-29 13:59:31.402  1420  1856 D SocialWidgetProvider: updated id 2:Home alone all day waiting in anticipation for tomorrow to come...
10-29 13:59:31.433  1336  1336 D dalvikvm: GC_EXPLICIT freed 561 objects / 23976 bytes in 37ms
10-29 13:59:38.559  1235  1243 V DeviceStorageMonitorService: freeMemory=6643503104
10-29 13:59:38.559  1235  1243 V DeviceStorageMonitorService: Threshold Percentage=10
10-29 13:59:38.559  1235  1243 V DeviceStorageMonitorService: mTotalMemory = 70264913
10-29 13:59:38.559  1235  1243 I DeviceStorageMonitorService: Posting Message again
10-29 13:59:40.869  1420  1420 D dalvikvm: GC_EXPLICIT freed 1357 objects / 109312 bytes in 44ms
10-29 13:59:42.879  1325  1696 I BlurServiceMother: WSBase backOff fired!
10-29 13:59:42.942  1325  1325 I WSBase  : mother told us it's okay to retry the waiting requests: 1
10-29 13:59:42.942  1325  1737 D WSBase  : processing request: clouds/1/newsessioncloud
10-29 13:59:43.035  1325  1737 I WSBase  : doRequest(): url: https://master-blur.svcmot.com:443/blur-services-1.0/ws/clouds/1/newsessioncloud?k=android&f=pb&of=0&ssl=1
10-29 13:59:46.301  1400  1400 I WeatherUtil: Broadcast received
10-29 13:59:46.301  1400  1400 I WeatherUtil: Registering for fast location updates
10-29 13:59:46.301  1400  1400 I WeatherUtil: Registering with high frequency
10-29 13:59:46.317  1235  1240 D WifiService: acquireWifiLockLocked: WifiLock{NetworkLocationProvider type=2 binder=android.os.Binder@45b89348}
10-29 13:59:46.458  1325  1325 I LittleSister: onCellLocationChanged(): got cell location that isn't gsm, ignoring...
10-29 13:59:47.584  2567  2567 I wpa_supplicant: Append the associated ap to scan_results, BSSID=00:22:90:93:01:b2
10-29 13:59:47.660  1235  1243 D LocationMasfClient: getNetworkLocation(): Returning cache location with accuracy 60.0
10-29 13:59:47.668  1235  1357 D libgps  : libgps_get_interface() : returning interface
10-29 13:59:47.668  1235  1357 D libgps  : GpsInterface_inject_location( 43.083787, -77.679363, 60.000 )
10-29 13:59:47.668  1400  1835 I WeatherUtil: *** onLocationChanged, provider network 43.083787085714285, -77.67936324285714
10-29 13:59:47.699  1400  1400 I WeatherService: Updating current location foreacast
10-29 13:59:47.699  1400  1419 D WeatherService: TEMPLOG: updateCurrentLocationAndForecastIfNecessary, loopID=-1 override =true
10-29 13:59:47.707  1400  1419 D AWClient: TEMPLOG: getWeatherHelper locationCode=null latitude=43.083787085714285 longitude=-77.67936324285714
10-29 13:59:47.715  1400  1419 I AWClient: **** HTTP URI is http://motox.accu-weather.com/widget/motox/forecast-feed.asp?lat=43.083787085714285&lon=-77.67936324285714&metric=1&langId=eng
10-29 13:59:47.715  1400  1419 D AWClient: requesting weather forecast using uri: http://motox.accu-weather.com/widget/motox/forecast-feed.asp?lat=43.083787085714285&lon=-77.67936324285714&metric=1&langId=eng
10-29 13:59:51.363  1235  1434 D WifiService: releaseWifiLockLocked: WifiLock{NetworkLocationProvider type=2 binder=android.os.Binder@45b89348}
10-29 13:59:54.841  1325  3604 I XMPPConnection: Preparing to connect user 4503599654260952 to service: jabber-cloud216-blur.svcmot.com on host: jabber-cloud216-blur.svcmot.com and port: 5222
10-29 13:59:56.418  1400  1400 D dalvikvm: GC_EXPLICIT freed 682 objects / 63768 bytes in 72ms
10-29 14:00:00.012  1235  1243 D KeyguardUpdateMonitor: received broadcast android.intent.action.TIME_TICK
10-29 14:00:00.020  1235  1259 D KeyguardUpdateMonitor: handleTimeUpdate
10-29 14:00:07.675  1235  1423 D ProtoRequestListener: requestFailed()
10-29 14:00:12.113  2756  2762 D GroupCache: Groups database table has changed. Refreshing the groups cache
10-29 14:00:12.113  2756  2762 V GroupCache: Queue group cache refresh request, delayed (ms): 3000
10-29 14:00:15.160  1294  2130 D DEBUG   : Selection used is -null
10-29 14:00:15.168  2756  2762 D GroupCache: Getting user-defined groups
10-29 14:00:15.168  2756  2762 D GroupCache: Encountered group title, Family
10-29 14:00:15.176  2756  2762 D GroupCache: Encountered group title, Imported Contacts
10-29 14:00:15.176  2756  2762 D GroupCache: Encountered group title, Usability
10-29 14:00:15.184  2756  2762 D GroupCache: Encountered source name, null
10-29 14:00:15.184  2756  2762 D SourceCache: Returning stroed ICON FOR-com.motorola.android.buacontactadapter:Phone:
10-29 14:00:15.184  2756  2762 D GroupCache: Encountered source name, blur
10-29 14:00:15.184  2756  2762 D GroupCache: Encountered source name, null
10-29 14:00:15.184  2756  2762 D GroupCache: Encountered source name, facebook
10-29 14:00:15.184  2756  2762 D SourceCache: Returning stroed ICON FOR-com.motorola.blur.service.bsutils.MOTHER_USER_CREDS_TYPE:a0000022712d6a6532772297749992488@random.svcmot.com:facebook
10-29 14:00:15.184  2756  2762 D GroupCache: Encountered source name, facebook
10-29 14:00:15.184  2756  2762 D SourceCache: Returning stroed ICON FOR-com.motorola.blur.service.bsutils.MOTHER_USER_CREDS_TYPE:a0000022712d6a6532772297749992488@random.svcmot.com:facebook
10-29 14:00:15.184  2756  2762 D GroupCache: Notifying observers of the group cache that its state has changed
10-29 14:00:17.059  1398  1398 D dalvikvm: GC_EXPLICIT freed 1968 objects / 98104 bytes in 76ms
10-29 14:00:18.762  1768  1768 D dalvikvm: GC_FOR_MALLOC freed 6010 objects / 540432 bytes in 52ms
10-29 14:00:18.762  1768  3649 I zomut.watchdog.monitor: init
10-29 14:00:18.762  1768  3649 I zomut.watchdog.monitor: ran too early
10-29 14:00:23.248  1325  1737 D WSBase  : doRequest(): clouds/1/newsessioncloud resp length: 0
10-29 14:00:23.527  1325  1737 E WSBase  : doRequest(): got exception: java.net.UnknownHostException: master-blur.svcmot.com
10-29 14:00:23.527  1325  1737 E WSBase  : 	at java.net.InetAddress.lookupHostByName(InetAddress.java:513)
10-29 14:00:23.527  1325  1737 E WSBase  : 	at java.net.InetAddress.getAllByNameImpl(InetAddress.java:278)
10-29 14:00:23.527  1325  1737 E WSBase  : 	at java.net.InetAddress.getAllByName(InetAddress.java:242)
10-29 14:00:23.527  1325  1737 E WSBase  : 	at org.apache.http.impl.conn.DefaultClientConnectionOperator.openConnection(DefaultClientConnectionOperator.java:136)
10-29 14:00:23.527  1325  1737 E WSBase  : 	at org.apache.http.impl.conn.AbstractPoolEntry.open(AbstractPoolEntry.java:164)
10-29 14:00:23.527  1325  1737 E WSBase  : 	at org.apache.http.impl.conn.AbstractPooledConnAdapter.open(AbstractPooledConnAdapter.java:119)
10-29 14:00:23.527  1325  1737 E WSBase  : 	at org.apache.http.impl.client.DefaultRequestDirector.execute(DefaultRequestDirector.java:348)
10-29 14:00:23.527  1325  1737 E WSBase  : 	at org.apache.http.impl.client.AbstractHttpClient.execute(AbstractHttpClient.java:555)
10-29 14:00:23.527  1325  1737 E WSBase  : 	at org.apache.http.impl.client.AbstractHttpClient.execute(AbstractHttpClient.java:487)
10-29 14:00:23.527  1325  1737 E WSBase  : 	at org.apache.http.impl.client.AbstractHttpClient.execute(AbstractHttpClient.java:465)
10-29 14:00:23.527  1325  1737 E WSBase  : 	at com.motorola.blur.service.blur.ws.WSBase.doRequest(WSBase.java:1077)
10-29 14:00:23.527  1325  1737 E WSBase  : 	at com.motorola.blur.service.blur.ws.WSBase$WSTransaction.run(WSBase.java:443)
10-29 14:00:23.527  1325  1737 E WSBase  : 	at java.util.concurrent.ThreadPoolExecutor.runWorker(ThreadPoolExecutor.java:1068)
10-29 14:00:23.527  1325  1737 E WSBase  : 	at java.util.concurrent.ThreadPoolExecutor$Worker.run(ThreadPoolExecutor.java:561)
10-29 14:00:23.527  1325  1737 E WSBase  : 	at java.lang.Thread.run(Thread.java:1096)
10-29 14:00:23.527  1325  1737 E WSBase  : 	at com.motorola.blur.util.concurrent.BlurThreadFactory$BlurPooledThread.run(BlurThreadFactory.java:55)
10-29 14:00:23.582  1325  1737 I BlurServiceMother: _inspectResponse(): found an error from a web service response: ServiceDownError msg: java.net.UnknownHostException: master-blur.svcmot.com req: clouds/1/newsessioncloud
10-29 14:00:23.629  1325  1737 I BlurServiceMother: startConfiguringCloud(): request clouds/1/newsessioncloud needs a cloud, I'm already trying, leave me alone
10-29 14:00:23.684  1325  1737 I BlurServiceMother: connectStatus(): app: WSBase backing off: 15000 ms until next web service attempt
10-29 14:00:23.754  1325  1737 I WSBase  : mother told us not to continue at the moment with this request: clouds/1/newsessioncloud
10-29 14:00:23.824  1768  1768 D dalvikvm: GC_EXPLICIT freed 811 objects / 45880 bytes in 38ms
10-29 14:00:27.771  1400  1419 I AWClient: Unable to obtain weather forecast using uri, http://motox.accu-weather.com/widget/motox/forecast-feed.asp?lat=43.083787085714285&lon=-77.67936324285714&metric=1&langId=eng: motox.accu-weather.comjava.net.UnknownHostException: motox.accu-weather.com
10-29 14:00:27.771  1400  1419 D WeatherService: Failed to get forecast data
10-29 14:00:27.771  1400  1419 D WeatherService: Broadcasting ACTION_CURRENT_LOCATION_UPDATED
10-29 14:00:35.113  1325  1697 I ChannelProcessingTask: Closing channel org.apache.harmony.nio.internal.SocketChannelImpl@45b440c0
10-29 14:00:35.270  1325  3604 I XMPPConnection: Shutting down connection for user 4503599654260952 to host jabber-cloud216-blur.svcmot.com
10-29 14:00:35.333  1325  3604 W DeviceReconnectManager: Failed to connect
10-29 14:00:35.333  1325  3604 W DeviceReconnectManager: com.motorola.blur.service.push.ReconnectManager$FailedToConnectException: 
10-29 14:00:35.333  1325  3604 W DeviceReconnectManager:   -- caused by: java.nio.channels.UnresolvedAddressException
10-29 14:00:35.333  1325  3604 W DeviceReconnectManager: 	at com.motorola.blur.service.push.XMPPConnectionManager$PushConnectionListener$1.onReconnect(XMPPConnectionManager.java:361)
10-29 14:00:35.333  1325  3604 W DeviceReconnectManager: 	at com.motorola.blur.service.blur.push.DeviceReconnectManager$2.run(DeviceReconnectManager.java:88)
10-29 14:00:35.333  1325  3604 W DeviceReconnectManager: 	at java.lang.Thread.run(Thread.java:1096)
10-29 14:00:35.333  1325  3604 W DeviceReconnectManager: Caused by: 
10-29 14:00:35.333  1325  3604 W DeviceReconnectManager:   -- caused by: java.nio.channels.UnresolvedAddressException
10-29 14:00:35.333  1325  3604 W DeviceReconnectManager: 	at org.jivesoftware.smack.XMPPConnection.connectUsingConfiguration(XMPPConnection.java:1016)
10-29 14:00:35.333  1325  3604 W DeviceReconnectManager: 	at org.jivesoftware.smack.XMPPConnection.connect(XMPPConnection.java:1552)
10-29 14:00:35.333  1325  3604 W DeviceReconnectManager: 	at org.jivesoftware.smack.XMPPConnection.connectShutdownOnException(XMPPConnection.java:1639)
10-29 14:00:35.333  1325  3604 W DeviceReconnectManager: 	at com.motorola.blur.service.push.XMPPConnectionManager.connect(XMPPConnectionManager.java:263)
10-29 14:00:35.333  1325  3604 W DeviceReconnectManager: 	at com.motorola.blur.service.push.XMPPConnectionManager.access$300(XMPPConnectionManager.java:40)
10-29 14:00:35.333  1325  3604 W DeviceReconnectManager: 	at com.motorola.blur.service.push.XMPPConnectionManager$PushConnectionListener$1.onReconnect(XMPPConnectionManager.java:355)
10-29 14:00:35.333  1325  3604 W DeviceReconnectManager: 	... 2 more
10-29 14:00:35.379  1325  3604 I DeviceReconnectManager: got (java.nio.channels.UnresolvedAddressException) telling my mother...
10-29 14:00:35.434  1325  3604 I BlurServiceMother: startConfiguringCloud(): request push connect issues needs a cloud, I'm already trying, leave me alone
10-29 14:00:38.739  1325  1696 I BlurServiceMother: WSBase backOff fired!
10-29 14:00:38.793  1325  1325 I WSBase  : mother told us it's okay to retry the waiting requests: 1
10-29 14:00:38.793  1325  1735 D WSBase  : processing request: clouds/1/newsessioncloud
10-29 14:00:38.863  1325  1735 I WSBase  : doRequest(): url: https://master-blur.svcmot.com:443/blur-services-1.0/ws/clouds/1/newsessioncloud?k=android&f=pb&of=0&ssl=1
10-29 14:00:40.371  1398  1614 I EventLogService: Aggregate from 1288373440285 (log), 1288373440285 (data)
10-29 14:00:40.756  1235  1243 V DeviceStorageMonitorService: freeMemory=6643494912
10-29 14:00:40.756  1235  1243 V DeviceStorageMonitorService: Threshold Percentage=10
10-29 14:00:40.756  1235  1243 V DeviceStorageMonitorService: mTotalMemory = 70264913
10-29 14:00:40.756  1235  1243 I DeviceStorageMonitorService: Posting Message again
10-29 14:00:52.366  1398  1904 W GTalkService: [GTalkConnection.16] doConnect: caught Could not connect to mtalk.google.com:5228.: (404)
10-29 14:00:52.366  1398  1904 W GTalkService:   -- caused by: java.net.UnknownHostException: mtalk.google.com
10-29 14:00:52.512  2756  2762 D GroupCache: Groups database table has changed. Refreshing the groups cache
10-29 14:00:52.512  2756  2762 V GroupCache: Queue group cache refresh request, delayed (ms): 3000
10-29 14:00:55.559  1294  1952 D DEBUG   : Selection used is -null
10-29 14:00:55.567  2756  2762 D GroupCache: Getting user-defined groups
10-29 14:00:55.567  2756  2762 D GroupCache: Encountered group title, Family
10-29 14:00:55.574  2756  2762 D GroupCache: Encountered group title, Imported Contacts
10-29 14:00:55.582  2756  2762 D GroupCache: Encountered group title, Usability
10-29 14:00:55.582  2756  2762 D GroupCache: Encountered source name, null
10-29 14:00:55.582  2756  2762 D SourceCache: Returning stroed ICON FOR-com.motorola.android.buacontactadapter:Phone:
10-29 14:00:55.582  2756  2762 D GroupCache: Encountered source name, blur
10-29 14:00:55.582  2756  2762 D GroupCache: Encountered source name, null
10-29 14:00:55.582  2756  2762 D GroupCache: Encountered source name, facebook
10-29 14:00:55.582  2756  2762 D SourceCache: Returning stroed ICON FOR-com.motorola.blur.service.bsutils.MOTHER_USER_CREDS_TYPE:a0000022712d6a6532772297749992488@random.svcmot.com:facebook
10-29 14:00:55.590  2756  2762 D GroupCache: Encountered source name, facebook
10-29 14:00:55.590  2756  2762 D SourceCache: Returning stroed ICON FOR-com.motorola.blur.service.bsutils.MOTHER_USER_CREDS_TYPE:a0000022712d6a6532772297749992488@random.svcmot.com:facebook
10-29 14:00:55.590  2756  2762 D GroupCache: Notifying observers of the group cache that its state has changed
10-29 14:01:00.020  1235  1243 D KeyguardUpdateMonitor: received broadcast android.intent.action.TIME_TICK
10-29 14:01:00.020  1235  1259 D KeyguardUpdateMonitor: handleTimeUpdate
10-29 14:01:05.504  1325  3604 I XMPPConnection: Preparing to connect user 4503599654260952 to service: jabber-cloud216-blur.svcmot.com on host: jabber-cloud216-blur.svcmot.com and port: 5222
10-29 14:01:18.731  1768  3650 I zomut.watchdog.monitor: init
10-29 14:01:18.731  1768  3650 I zomut.watchdog.monitor: begin
10-29 14:01:18.801  1768  3650 D dalvikvm: GC_FOR_MALLOC freed 2210 objects / 418280 bytes in 30ms
10-29 14:01:18.863  1768  3650 D dalvikvm: GC_FOR_MALLOC freed 2638 objects / 438896 bytes in 30ms
10-29 14:01:18.934  1768  3650 I zomut.watchdog.monitor: end
10-29 14:01:19.098  1325  1735 D WSBase  : doRequest(): clouds/1/newsessioncloud resp length: 0
10-29 14:01:19.168  1325  1735 E WSBase  : doRequest(): got exception: java.net.UnknownHostException: master-blur.svcmot.com
10-29 14:01:19.168  1325  1735 E WSBase  : 	at java.net.InetAddress.lookupHostByName(InetAddress.java:513)
10-29 14:01:19.168  1325  1735 E WSBase  : 	at java.net.InetAddress.getAllByNameImpl(InetAddress.java:278)
10-29 14:01:19.168  1325  1735 E WSBase  : 	at java.net.InetAddress.getAllByName(InetAddress.java:242)
10-29 14:01:19.168  1325  1735 E WSBase  : 	at org.apache.http.impl.conn.DefaultClientConnectionOperator.openConnection(DefaultClientConnectionOperator.java:136)
10-29 14:01:19.168  1325  1735 E WSBase  : 	at org.apache.http.impl.conn.AbstractPoolEntry.open(AbstractPoolEntry.java:164)
10-29 14:01:19.168  1325  1735 E WSBase  : 	at org.apache.http.impl.conn.AbstractPooledConnAdapter.open(AbstractPooledConnAdapter.java:119)
10-29 14:01:19.168  1325  1735 E WSBase  : 	at org.apache.http.impl.client.DefaultRequestDirector.execute(DefaultRequestDirector.java:348)
10-29 14:01:19.168  1325  1735 E WSBase  : 	at org.apache.http.impl.client.AbstractHttpClient.execute(AbstractHttpClient.java:555)
10-29 14:01:19.168  1325  1735 E WSBase  : 	at org.apache.http.impl.client.AbstractHttpClient.execute(AbstractHttpClient.java:487)
10-29 14:01:19.168  1325  1735 E WSBase  : 	at org.apache.http.impl.client.AbstractHttpClient.execute(AbstractHttpClient.java:465)
10-29 14:01:19.168  1325  1735 E WSBase  : 	at com.motorola.blur.service.blur.ws.WSBase.doRequest(WSBase.java:1077)
10-29 14:01:19.168  1325  1735 E WSBase  : 	at com.motorola.blur.service.blur.ws.WSBase$WSTransaction.run(WSBase.java:443)
10-29 14:01:19.168  1325  1735 E WSBase  : 	at java.util.concurrent.ThreadPoolExecutor.runWorker(ThreadPoolExecutor.java:1068)
10-29 14:01:19.168  1325  1735 E WSBase  : 	at java.util.concurrent.ThreadPoolExecutor$Worker.run(ThreadPoolExecutor.java:561)
10-29 14:01:19.168  1325  1735 E WSBase  : 	at java.lang.Thread.run(Thread.java:1096)
10-29 14:01:19.168  1325  1735 E WSBase  : 	at com.motorola.blur.util.concurrent.BlurThreadFactory$BlurPooledThread.run(BlurThreadFactory.java:55)
10-29 14:01:19.504  1325  1735 I BlurServiceMother: _inspectResponse(): found an error from a web service response: ServiceDownError msg: java.net.UnknownHostException: master-blur.svcmot.com req: clouds/1/newsessioncloud
10-29 14:01:19.551  1325  1735 I BlurServiceMother: startConfiguringCloud(): request clouds/1/newsessioncloud needs a cloud, I'm already trying, leave me alone
10-29 14:01:19.621  1325  1735 I BlurServiceMother: connectStatus(): app: WSBase backing off: 30000 ms until next web service attempt
10-29 14:01:19.668  1325  1735 I WSBase  : mother told us not to continue at the moment with this request: clouds/1/newsessioncloud
10-29 14:01:23.038  1235  1258 D KeyguardViewMediator: wakeWhenReadyLocked(26)
10-29 14:01:23.038  1235  1259 D KeyguardViewMediator: handleWakeWhenReady(26)
10-29 14:01:23.038  1235  1259 D KeyguardViewManager: wakeWhenReady(26)
10-29 14:01:23.038  1235  1259 D KeyguardViewMediator: pokeWakelock(10000)
10-29 14:01:23.038  1235  1259 I power   : *** set_screen_state 1
10-29 14:01:23.043  1235  1259 D Sensors : using sensors (name=sensors)
10-29 14:01:23.043  1235  1259 D SensorService: android_open numFds = 1
10-29 14:01:23.043  1235  1259 D SensorService: android_open fd = 0x49a3fb64 pfd = 0x49a3fb60
10-29 14:01:23.051  1235  1259 D KeyguardViewManager: onScreenTurnedOn()
10-29 14:01:23.051  1235  1259 D KeyguardUpdateMonitor: shouldWeShowTheKeyguard: mSecurityPinSetupStatus=0 mSecurityLockSettingStatus=1 mScreenLockSettingStatus=true mScreenLockBypassEnabled=false
10-29 14:01:23.098  2799  2799 W WidgetAidService: BroadcastReceiver onReceive called
10-29 14:01:23.098  2799  2799 D WidgetAidService: ACTION_HOME_SCREEN_CHANGED - 2
10-29 14:01:23.098  1235  1243 D WifiService: ACTION_SCREEN_ON -- Checked by Moto
10-29 14:01:23.129  2799  2799 D WidgetAidService: HomeScreen gained focus/panned
10-29 14:01:23.160  1322  1322 D PowerProfileSvc: Receiver: Screen On
10-29 14:01:23.160  1235  1243 D WifiService: ACTION_SCREEN_ON
10-29 14:01:23.168  1322  1322 D PowerProfileSvc: Start: Received action: android.intent.action.batteryprofile.SCR_ON
10-29 14:01:23.168  1322  1322 D PowerProfileSvc: Algo:Run: current state --> 0
10-29 14:01:23.168  1322  1322 D PowerProfileDispCtrl: noteCap: 80,false,0
10-29 14:01:23.168  1322  1322 D PowerProfileSvc: Algo:Run: new state is --> 0
10-29 14:01:23.254  2799  2799 D WidgetAidService: widgetScreenIndex - 5
10-29 14:01:23.504  1235  1242 D SurfaceFlinger: Screen about to return, flinger = 0x133b08
10-29 14:01:24.262  1235  1259 D dalvikvm: GC_EXTERNAL_ALLOC freed 39295 objects / 1762280 bytes in 97ms
10-29 14:01:24.285  1235  1259 D KeyguardViewMediator: pokeWakelock(10000)
10-29 14:01:24.285  1235  1259 D KeyguardUpdateMonitor: isLockTimerExpired is called
10-29 14:01:24.340  1235  1259 D MotorolaSettingsProvider: property: sys.mot_settings_secure_version=25
10-29 14:01:24.340  1235  1259 D MotorolaSettingsProvider: insert notifying for content://com.motorola.android.providers.settings/settings/lock_pin_current_failed_attempts
10-29 14:01:24.363  1235  1259 D KeyguardViewManager: hide()
10-29 14:01:24.379  2706  2706 D UsbService: onReceive(), received intent:android.intent.action.USER_PRESENT
10-29 14:01:24.402  1235  1964 W InputManagerService: Window already focused, ignoring focus gain of: com.android.internal.view.IInputMethodClient$Stub$Proxy@45e02490
10-29 14:01:24.895  1235  1347 I AudioService:  AudioFocus  abandonAudioFocus() from android.media.AudioManager@459e03f0com.android.music.MediaPlaybackService$3@459e0268
10-29 14:01:26.231  1235  1243 I ActivityManager: Starting activity: Intent { act=android.intent.action.PROVIDER_CHANGED cat=[wyantb@gmail.com] dat=content://gmail-ls/unread/^i flg=0x4000000 cmp=com.google.android.gm/.ConversationListActivity bnds=[0,250][480,346] (has extras) }
10-29 14:01:26.238  1235  1243 W ActivityManager: startActivity called from non-Activity context; forcing Intent.FLAG_ACTIVITY_NEW_TASK for: Intent { act=android.intent.action.PROVIDER_CHANGED cat=[wyantb@gmail.com] dat=content://gmail-ls/unread/^i flg=0x4000000 cmp=com.google.android.gm/.ConversationListActivity bnds=[0,250][480,346] (has extras) }
10-29 14:01:26.277  2799  2799 W WidgetAidService: BroadcastReceiver onReceive called
10-29 14:01:26.277  2799  2799 D WidgetAidService: ACTION_HOME_SCREEN_CHANGED - -1
10-29 14:01:26.309  2799  2799 D WidgetAidService: HomeScreen has lost focus, store the previous state and move to pause
10-29 14:01:26.340  2799  2799 D WidgetAidService: Ignoring the HOME_SCREEN_CHANGED notification as the player is either in paused/playing state
10-29 14:01:26.387  1734  1734 D Gmail   : SETTING ACCOUNT, USER:wyantb@gmail.com
10-29 14:01:26.402  1734  1734 D Gmail   : MailProvider.query: content://gmail-ls/conversations/wyantb@gmail.com(null, [SELECTION_ARGUMENT_DO_NOT_BECOME_ACTIVE_NETWORK_CURSOR])
10-29 14:01:26.418  1734  2392 D Gmail   : MailProvider.query: content://gmail-ls/conversations/wyantb@gmail.com(label:^i, null)
10-29 14:01:26.535  1398  1398 D GoogleLoginService: onBind: Intent { act=android.accounts.AccountAuthenticator cmp=com.google.android.gsf/.loginservice.GoogleLoginService }
10-29 14:01:26.676  1235  1257 I ActivityManager: Displayed activity com.google.android.gm/.ConversationListActivity: 370 ms (total 370 ms)
10-29 14:01:26.684  1734  1734 D Gmail   : SETTING ACCOUNT, USER:wyantb@gmail.com
10-29 14:01:26.684  1734  1734 D Gmail   : Validating Notification: mapSize:0 getAttention:false
10-29 14:01:26.832  1235  1243 D dalvikvm: GC_EXTERNAL_ALLOC freed 5070 objects / 234448 bytes in 116ms
10-29 14:01:26.996  1734  2393 I Gmail   : Sending notification intent: Intent { act=android.intent.action.PROVIDER_CHANGED dat=content://gmail-ls/unread/^i (has extras) }
10-29 14:01:27.020  1734  1734 D Gmail   : New email: mapSize:0 getAttention:false
10-29 14:01:27.020  1734  1734 D Gmail   : Validating Notification: mapSize:0 getAttention:false
10-29 14:01:28.137  1235  1391 I ActivityManager: Starting activity: Intent { cmp=com.google.android.gm/.HtmlConversationActivity (has extras) }
10-29 14:01:28.223  1734  2392 D Gmail   : MailProvider.query: content://gmail-ls/conversations/wyantb@gmail.com/1350959004756096682/messages?useCache=0(null, null)
10-29 14:01:28.254  1734  2392 D Gmail   : MailProvider.query: content://gmail-ls/conversations/wyantb@gmail.com(label:^i, [SELECTION_ARGUMENT_DO_NOT_BECOME_ACTIVE_NETWORK_CURSOR])
10-29 14:01:28.340  1734  1734 D dalvikvm: GC_FOR_MALLOC freed 7046 objects / 329184 bytes in 57ms
10-29 14:01:28.387  1734  1734 E Web Console: Not allowed to load local resource: file:///android_res/raw/styles.css at :0
10-29 14:01:28.598  1235  1257 I ActivityManager: Displayed activity com.google.android.gm/.HtmlConversationActivity: 387 ms (total 387 ms)
10-29 14:01:35.981  2793  2793 D dalvikvm: GC_EXPLICIT freed 1372 objects / 165296 bytes in 78ms
10-29 14:01:40.723  1235  1243 I WindowManager: Setting rotation to 1, animFlags=0
10-29 14:01:40.746  1235  1243 I ActivityManager: Config changed: { scale=1.0 imsi=310/4 loc=en_US touch=3 keys=2/1/2 nav=2/1 orien=2 layout=34 uiMode=17 seq=17}
10-29 14:01:40.840  1235  1243 V DeviceStorageMonitorService: freeMemory=6643494912
10-29 14:01:40.840  1235  1243 V DeviceStorageMonitorService: Threshold Percentage=10
10-29 14:01:40.840  1235  1243 V DeviceStorageMonitorService: mTotalMemory = 70264913
10-29 14:01:40.840  1235  1243 I DeviceStorageMonitorService: Posting Message again
10-29 14:01:41.051  2829  2829 V Mms     : onConfigurationChanged
10-29 14:01:41.539  1235  1243 I WindowManager: Setting rotation to 0, animFlags=0
10-29 14:01:41.561  1235  1243 I ActivityManager: Config changed: { scale=1.0 imsi=310/4 loc=en_US touch=3 keys=2/1/2 nav=2/1 orien=1 layout=34 uiMode=17 seq=18}
10-29 14:01:41.871  2806  2809 I dalvikvm: Jit: resizing JitTable from 4096 to 8192
10-29 14:01:41.879  2829  2829 V Mms     : onConfigurationChanged
10-29 14:01:42.965  1734  1734 W KeyCharacterMap: Can't open keycharmap file
10-29 14:01:42.965  1734  1734 W KeyCharacterMap: Error loading keycharmap file '/system/usr/keychars/qtouch-touchscreen.kcm.bin'. hw.keyboards.65538.devname='qtouch-touchscreen'
10-29 14:01:42.965  1734  1734 W KeyCharacterMap: Using default keymap: /system/usr/keychars/qwerty.kcm.bin
10-29 14:01:42.965  1734  1734 D Gmail   : com.google.android.gm.HtmlConversationActivity@45a2a7c0 onKeyDown() keyCode:4 event:KeyEvent{action=0 code=4 repeat=0 meta=0 scancode=158 mFlags=72}
10-29 14:01:43.137  1734  1734 D Gmail   : MailProvider.delete(): removing label ^u from conversation 1350959004756096682
10-29 14:01:43.246  1734  1734 D Gmail   : com.google.android.gm.HtmlConversationActivity@45a2a7c0 onPause() finished
10-29 14:01:43.262  1734  2392 D Gmail   : MailProvider.query: content://gmail-ls/conversations/wyantb@gmail.com(label:^i, [SELECTION_ARGUMENT_DO_NOT_BECOME_ACTIVE_NETWORK_CURSOR])
10-29 14:01:43.316  1734  2392 D Gmail   : MailProvider.query: content://gmail-ls/conversations/wyantb@gmail.com(label:^i, null)
10-29 14:01:43.324  1398  1398 D GoogleLoginService: onBind: Intent { act=android.accounts.AccountAuthenticator cmp=com.google.android.gsf/.loginservice.GoogleLoginService }
10-29 14:01:43.395  1734  1734 D Gmail   : Validating Notification: mapSize:0 getAttention:false
10-29 14:01:43.402  1734  1734 D Gmail   : SETTING ACCOUNT, USER:wyantb@gmail.com
10-29 14:01:43.856  1235  1257 D dalvikvm: GC_EXPLICIT freed 4488 objects / 223496 bytes in 109ms
10-29 14:01:44.254  1235  1964 I ActivityManager: Starting activity: Intent { cmp=com.google.android.gm/.HtmlConversationActivity (has extras) }
10-29 14:01:44.324  1734  2392 D Gmail   : MailProvider.query: content://gmail-ls/conversations/wyantb@gmail.com/1350959007347003032/messages?useCache=0(null, null)
10-29 14:01:44.363  1734  2392 D Gmail   : MailProvider.query: content://gmail-ls/conversations/wyantb@gmail.com(label:^i, [SELECTION_ARGUMENT_DO_NOT_BECOME_ACTIVE_NETWORK_CURSOR])
10-29 14:01:44.707  1235  1257 I ActivityManager: Displayed activity com.google.android.gm/.HtmlConversationActivity: 393 ms (total 393 ms)
10-29 14:01:45.863  1325  3604 D dalvikvm: GC_FOR_MALLOC freed 12502 objects / 749568 bytes in 132ms
10-29 14:01:45.918  1325  1697 I ChannelProcessingTask: Closing channel org.apache.harmony.nio.internal.SocketChannelImpl@45b153b0
10-29 14:01:46.215  1734  1734 D Gmail   : com.google.android.gm.HtmlConversationActivity@45a52f30 onKeyDown() keyCode:4 event:KeyEvent{action=0 code=4 repeat=0 meta=0 scancode=158 mFlags=72}
10-29 14:01:46.329  1400  1833 I WeatherUtil: Guard timer fired
10-29 14:01:46.329  1400  1833 I WeatherUtil: cancelLocationUpdate
10-29 14:01:46.363  1734  1734 D Gmail   : MailProvider.delete(): removing label ^u from conversation 1350959007347003032
10-29 14:01:46.387  1325  3604 I XMPPConnection: Shutting down connection for user 4503599654260952 to host jabber-cloud216-blur.svcmot.com
10-29 14:01:46.441  1325  3604 W DeviceReconnectManager: Failed to connect
10-29 14:01:46.441  1325  3604 W DeviceReconnectManager: com.motorola.blur.service.push.ReconnectManager$FailedToConnectException: 
10-29 14:01:46.441  1325  3604 W DeviceReconnectManager:   -- caused by: java.nio.channels.UnresolvedAddressException
10-29 14:01:46.441  1325  3604 W DeviceReconnectManager: 	at com.motorola.blur.service.push.XMPPConnectionManager$PushConnectionListener$1.onReconnect(XMPPConnectionManager.java:361)
10-29 14:01:46.441  1325  3604 W DeviceReconnectManager: 	at com.motorola.blur.service.blur.push.DeviceReconnectManager$2.run(DeviceReconnectManager.java:88)
10-29 14:01:46.441  1325  3604 W DeviceReconnectManager: 	at java.lang.Thread.run(Thread.java:1096)
10-29 14:01:46.441  1325  3604 W DeviceReconnectManager: Caused by: 
10-29 14:01:46.441  1325  3604 W DeviceReconnectManager:   -- caused by: java.nio.channels.UnresolvedAddressException
10-29 14:01:46.441  1325  3604 W DeviceReconnectManager: 	at org.jivesoftware.smack.XMPPConnection.connectUsingConfiguration(XMPPConnection.java:1016)
10-29 14:01:46.441  1325  3604 W DeviceReconnectManager: 	at org.jivesoftware.smack.XMPPConnection.connect(XMPPConnection.java:1552)
10-29 14:01:46.441  1325  3604 W DeviceReconnectManager: 	at org.jivesoftware.smack.XMPPConnection.connectShutdownOnException(XMPPConnection.java:1639)
10-29 14:01:46.441  1325  3604 W DeviceReconnectManager: 	at com.motorola.blur.service.push.XMPPConnectionManager.connect(XMPPConnectionManager.java:263)
10-29 14:01:46.441  1325  3604 W DeviceReconnectManager: 	at com.motorola.blur.service.push.XMPPConnectionManager.access$300(XMPPConnectionManager.java:40)
10-29 14:01:46.441  1325  3604 W DeviceReconnectManager: 	at com.motorola.blur.service.push.XMPPConnectionManager$PushConnectionListener$1.onReconnect(XMPPConnectionManager.java:355)
10-29 14:01:46.441  1325  3604 W DeviceReconnectManager: 	... 2 more
10-29 14:01:46.490  1734  1734 D Gmail   : com.google.android.gm.HtmlConversationActivity@45a52f30 onPause() finished
10-29 14:01:46.512  1325  3604 I DeviceReconnectManager: got (java.nio.channels.UnresolvedAddressException) telling my mother...
10-29 14:01:46.535  1734  2392 D Gmail   : MailProvider.query: content://gmail-ls/conversations/wyantb@gmail.com(label:^i, [SELECTION_ARGUMENT_DO_NOT_BECOME_ACTIVE_NETWORK_CURSOR])
10-29 14:01:46.582  1398  1398 D GoogleLoginService: onBind: Intent { act=android.accounts.AccountAuthenticator cmp=com.google.android.gsf/.loginservice.GoogleLoginService }
10-29 14:01:46.621  1325  3604 I BlurServiceMother: startConfiguringCloud(): request push connect issues needs a cloud, I'm already trying, leave me alone
10-29 14:01:46.660  1734  1734 D dalvikvm: GC_FOR_MALLOC freed 10928 objects / 708840 bytes in 87ms
10-29 14:01:46.660  1734  2392 D Gmail   : MailProvider.query: content://gmail-ls/conversations/wyantb@gmail.com(label:^i, null)
10-29 14:01:46.707  1734  1734 D Gmail   : Validating Notification: mapSize:0 getAttention:false
10-29 14:01:46.715  1734  1734 D Gmail   : SETTING ACCOUNT, USER:wyantb@gmail.com
10-29 14:01:48.051  1734  1734 W KeyCharacterMap: Can't open keycharmap file
