10-28 20:04:58.957  1138  7492 V PVPlayer: check_for_live_streaming s=0, cancelled=0
10-28 20:04:58.957  1138  7492 E ProfileVideoFrameDrops: PVMediaOutputNodePort :: Early 0 frames :: OnTime 0 frames :: Late 0 frames :: Total 2 frames
10-28 20:04:58.957  1138  7492 E ProfileVideoFrameDrops: PVMediaOutputNodePort :: Early 0.000000 % :: OnTime -0.000000 % :: Late -0.000000 % 
10-28 20:04:58.957  1138  1281 V PVPlayer: PVPlayer constructor
10-28 20:04:58.957  1138  1281 V PVPlayer: construct PlayerDriver
10-28 20:04:58.957  1138  1281 V PlayerDriver: constructor
10-28 20:04:58.957  1138  1281 V PlayerDriver: OpenCore hardware module loaded
10-28 20:04:58.957  1138  1281 V PlayerDriver: start player thread
10-28 20:04:58.957  1138  7494 V PlayerDriver: startPlayerThread
10-28 20:04:58.957  1138  7494 V PlayerDriver: InitializeForThread
10-28 20:04:58.957  1138  7494 V PlayerDriver: OMX_MasterInit
10-28 20:04:58.957  1138  7494 V PlayerDriver: OsclScheduler::Init
10-28 20:04:58.957  1138  7494 V PlayerDriver: CreatePlayer
10-28 20:04:58.957  1138  7494 D         : enter PVGetInterface
10-28 20:04:58.957  1138  7494 D         : enter Instance
10-28 20:04:58.957  1138  7494 D         : enter SharedLibraryLookup
10-28 20:04:58.957  1138  7494 D         : enter RegisterAllRecognizers
10-28 20:04:58.957  1138  7494 V PlayerDriver: AddToScheduler
10-28 20:04:58.957  1138  7494 V PlayerDriver: PendForExec
10-28 20:04:58.957  1138  7494 V PlayerDriver: OsclActiveScheduler::Current
10-28 20:04:58.957  1138  7494 V PlayerDriver: StartScheduler
10-28 20:04:58.965  1138  1281 V PVPlayer: send PLAYER_SETUP
10-28 20:04:58.965  1138  7494 V PlayerDriver: Send player code: 2
10-28 20:04:58.965  1138  7494 V PlayerDriver: CommandCompleted
10-28 20:04:58.965  1138  7494 V PlayerDriver: Completed command PLAYER_SETUP status=PVMFSuccess
10-28 20:04:58.965  1138  1281 V PVPlayer: send PLAYER_HELPER
10-28 20:04:58.965  1138  7494 V PlayerDriver: Send player code: 3
10-28 20:04:58.965  1138  7494 V PlayerDriver: CommandCompleted
10-28 20:04:58.965  1138  7494 V PlayerDriver: Completed command PLAYER_HELPER status=PVMFSuccess
10-28 20:04:58.965  1138  1281 V PVPlayer: setDataSource(33, 819224, 8076)
10-28 20:04:58.965  1138  1138 V PVPlayer: prepareAsync
10-28 20:04:58.965  1138  1138 V PVPlayer:   data source = sharedfd://37:819224:8076
10-28 20:04:58.965  1138  7494 V PlayerDriver: Send player code: 4
10-28 20:04:58.965  1138  7494 V PlayerDriver: handleSetDataSource
10-28 20:04:58.965  1138  7494 V PlayerDriver: handleSetDataSource- scanning for extension
10-28 20:04:58.965  1138  7494 D         : enter PVOMA1MOTRecognizerPlugin::Recognize
10-28 20:04:58.965  1138  7494 D         : PVOMA1MOTRecognizerPlugin:Recognize MOT_SVC_drm_openSession failed and session =-4
10-28 20:04:58.973  1138  7494 V PlayerDriver: CommandCompleted
10-28 20:04:58.981  3503  7483 I RecognitionController: onReadyForSpeech, noise level:28.7296, snr:-5.378666
10-28 20:04:58.996  3503  3503 I RecognitionActivity: Start-up latency 465 ms
10-28 20:04:59.027  1138  7494 V PlayerDriver: Completed command PLAYER_SET_DATA_SOURCE status=PVMFSuccess
10-28 20:04:59.027  1138  7494 V PVPlayer: run_init s=0, cancelled=0
10-28 20:04:59.027  1138  7494 V PlayerDriver: Send player code: 7
10-28 20:04:59.035  1138  7494 V PlayerDriver: release string is 2.2 len 3
10-28 20:04:59.035  1138  7494 V PlayerDriver: CommandCompleted
10-28 20:04:59.051  1138  7494 V PlayerDriver: Completed command PLAYER_INIT status=PVMFSuccess
10-28 20:04:59.051  1138  7494 V PVPlayer: run_set_video_surface s=0, cancelled=0
10-28 20:04:59.051  1138  7494 V PVPlayer: run_set_audio_output s=0, cancelled=0
10-28 20:04:59.051  1138  7494 V PlayerDriver: Send player code: 6
10-28 20:04:59.051  1138  7494 V PlayerDriver: Create realtime output
10-28 20:04:59.051  1138  7494 V PlayerDriver: canSetA2DPDirectMode() A2DP direct disabled
10-28 20:04:59.051  1138  7494 V PlayerDriver: CommandCompleted
10-28 20:04:59.051  1138  7494 V PlayerDriver: Completed command PLAYER_SET_AUDIO_SINK status=PVMFSuccess
10-28 20:04:59.051  1138  7494 V PVPlayer: run_prepare s=0, cancelled=0
10-28 20:04:59.051  1138  7494 V PlayerDriver: Send player code: 8
10-28 20:04:59.051  1138  7494 V PlayerDriver: disable natpkt - 0
10-28 20:04:59.051  1138  7494 V PlayerDriver: HandleInformationalEvent: UNKNOWN PVMFStatus
10-28 20:04:59.051  1138  7494 V PlayerDriver: HandleInformationalEvent: type=44 UNHANDLED
10-28 20:04:59.051  3503  3509 W MediaPlayer: info/warning (1, 44)
10-28 20:04:59.059  3503  3503 I MediaPlayer: Info (1,44)
10-28 20:04:59.066  1138  7494 V PlayerDriver: CommandCompleted
10-28 20:04:59.066  1138  7494 V PlayerDriver: Completed command PLAYER_PREPARE status=PVMFSuccess
10-28 20:04:59.066  1138  7494 V PlayerDriver: PLAYER_PREPARE complete mDownloadContextData=0x0, mDataReadyReceived=0
10-28 20:04:59.066  1138  7494 V PVPlayer: check_for_live_streaming s=0, cancelled=0
10-28 20:04:59.066  1138  7494 E ProfileVideoFrameDrops: PVMediaOutputNodePort :: Early 0 frames :: OnTime 0 frames :: Late 0 frames :: Total 5 frames
10-28 20:04:59.066  1138  7494 E ProfileVideoFrameDrops: PVMediaOutputNodePort :: Early 0.000000 % :: OnTime -0.000000 % :: Late -0.000000 % 
10-28 20:04:59.074  1138  1281 V PVPlayer: PVPlayer constructor
10-28 20:04:59.074  1138  1281 V PVPlayer: construct PlayerDriver
10-28 20:04:59.074  1138  1281 V PlayerDriver: constructor
10-28 20:04:59.074  1138  1281 V PlayerDriver: OpenCore hardware module loaded
10-28 20:04:59.074  1138  1281 V PlayerDriver: start player thread
10-28 20:04:59.074  1138  7496 V PlayerDriver: startPlayerThread
10-28 20:04:59.074  1138  7496 V PlayerDriver: InitializeForThread
10-28 20:04:59.074  1138  7496 V PlayerDriver: OMX_MasterInit
10-28 20:04:59.074  1138  7496 V PlayerDriver: OsclScheduler::Init
10-28 20:04:59.074  1138  7496 V PlayerDriver: CreatePlayer
10-28 20:04:59.074  1138  7496 D         : enter PVGetInterface
10-28 20:04:59.074  1138  7496 D         : enter Instance
10-28 20:04:59.074  1138  7496 D         : enter SharedLibraryLookup
10-28 20:04:59.074  1138  7496 D         : enter RegisterAllRecognizers
10-28 20:04:59.074  1138  7496 V PlayerDriver: AddToScheduler
10-28 20:04:59.074  1138  7496 V PlayerDriver: PendForExec
10-28 20:04:59.074  1138  7496 V PlayerDriver: OsclActiveScheduler::Current
10-28 20:04:59.082  1138  7496 V PlayerDriver: StartScheduler
10-28 20:04:59.082  1138  1281 V PVPlayer: send PLAYER_SETUP
10-28 20:04:59.082  1138  7496 V PlayerDriver: Send player code: 2
10-28 20:04:59.082  1138  7496 V PlayerDriver: CommandCompleted
10-28 20:04:59.082  1138  7496 V PlayerDriver: Completed command PLAYER_SETUP status=PVMFSuccess
10-28 20:04:59.082  1138  1281 V PVPlayer: send PLAYER_HELPER
10-28 20:04:59.082  1138  7496 V PlayerDriver: Send player code: 3
10-28 20:04:59.082  1138  7496 V PlayerDriver: CommandCompleted
10-28 20:04:59.082  1138  7496 V PlayerDriver: Completed command PLAYER_HELPER status=PVMFSuccess
10-28 20:04:59.082  1138  1281 V PVPlayer: setDataSource(33, 788636, 5380)
10-28 20:04:59.090  1138  1138 V PVPlayer: prepareAsync
10-28 20:04:59.090  1138  1138 V PVPlayer:   data source = sharedfd://38:788636:5380
10-28 20:04:59.090  1138  7496 V PlayerDriver: Send player code: 4
10-28 20:04:59.090  1138  7496 V PlayerDriver: handleSetDataSource
10-28 20:04:59.090  1138  7496 V PlayerDriver: handleSetDataSource- scanning for extension
10-28 20:04:59.090  1138  7496 D         : enter PVOMA1MOTRecognizerPlugin::Recognize
10-28 20:04:59.090  1138  7496 D         : PVOMA1MOTRecognizerPlugin:Recognize MOT_SVC_drm_openSession failed and session =-4
10-28 20:04:59.090  1138  7496 V PlayerDriver: CommandCompleted
10-28 20:04:59.090  1138  7496 V PlayerDriver: Completed command PLAYER_SET_DATA_SOURCE status=PVMFSuccess
10-28 20:04:59.090  1138  7496 V PVPlayer: run_init s=0, cancelled=0
10-28 20:04:59.090  1138  7496 V PlayerDriver: Send player code: 7
10-28 20:04:59.090  1138  7496 V PlayerDriver: release string is 2.2 len 3
10-28 20:04:59.090  1138  7496 V PlayerDriver: CommandCompleted
10-28 20:04:59.090  1138  7496 V PlayerDriver: Completed command PLAYER_INIT status=PVMFSuccess
10-28 20:04:59.090  1138  7496 V PVPlayer: run_set_video_surface s=0, cancelled=0
10-28 20:04:59.090  1138  7496 V PVPlayer: run_set_audio_output s=0, cancelled=0
10-28 20:04:59.090  1138  7496 V PlayerDriver: Send player code: 6
10-28 20:04:59.090  1138  7496 V PlayerDriver: Create realtime output
10-28 20:04:59.090  1138  7496 V PlayerDriver: canSetA2DPDirectMode() A2DP direct disabled
10-28 20:04:59.090  1138  7496 V PlayerDriver: CommandCompleted
10-28 20:04:59.090  1138  7496 V PlayerDriver: Completed command PLAYER_SET_AUDIO_SINK status=PVMFSuccess
10-28 20:04:59.090  1138  7496 V PVPlayer: run_prepare s=0, cancelled=0
10-28 20:04:59.090  1138  7496 V PlayerDriver: Send player code: 8
10-28 20:04:59.090  1138  7496 V PlayerDriver: disable natpkt - 0
10-28 20:04:59.098  1138  7496 V PlayerDriver: HandleInformationalEvent: UNKNOWN PVMFStatus
10-28 20:04:59.098  1138  7496 V PlayerDriver: HandleInformationalEvent: type=44 UNHANDLED
10-28 20:04:59.098  3503  6230 W MediaPlayer: info/warning (1, 44)
10-28 20:04:59.098  3503  3503 I MediaPlayer: Info (1,44)
10-28 20:04:59.098  1138  7496 V PlayerDriver: CommandCompleted
10-28 20:04:59.098  1138  7496 V PlayerDriver: Completed command PLAYER_PREPARE status=PVMFSuccess
10-28 20:04:59.098  1138  7496 V PlayerDriver: PLAYER_PREPARE complete mDownloadContextData=0x0, mDataReadyReceived=0
10-28 20:04:59.098  1138  7496 V PVPlayer: check_for_live_streaming s=0, cancelled=0
10-28 20:04:59.098  1138  7496 E ProfileVideoFrameDrops: PVMediaOutputNodePort :: Early 0 frames :: OnTime 0 frames :: Late 0 frames :: Total 3 frames
10-28 20:04:59.098  1138  7496 E ProfileVideoFrameDrops: PVMediaOutputNodePort :: Early 0.000000 % :: OnTime -0.000000 % :: Late -0.000000 % 
10-28 20:04:59.379  3503  7481 D ServerConnectorImpl: Created session f80b30450f13899dbe083f1e95b1a045
10-28 20:04:59.402  3503  7481 I ServerConnectorImpl: Creating TCP connection to 74.125.155.126:19294
10-28 20:04:59.738  1316  1316 I AtCmdDelegate: handle message:1
10-28 20:04:59.793  1235  1492 D AlarmManagerService: Kernel timezone updated to 240 minutes west of GMT
10-28 20:04:59.957  3503  7481 I ServerConnectorImpl: startRecognize RecognitionParameters{session=f80b30450f13899dbe083f1e95b1a045,request=1}
10-28 20:05:00.020  1235  1243 D KeyguardUpdateMonitor: received broadcast android.intent.action.TIME_TICK
10-28 20:05:00.020  1235  1259 D KeyguardUpdateMonitor: handleTimeUpdate
10-28 20:05:00.801  3503  7483 I RecognitionController: onBeginningOfSpeech
10-28 20:05:03.590  3503  7483 I RecognitionController: onEndOfSpeech
10-28 20:05:03.590  1235  1344 I AudioService:  AudioFocus  abandonAudioFocus() from android.media.AudioManager@4594e378
10-28 20:05:03.715  3503  3503 D dalvikvm: GC_FOR_MALLOC freed 4243 objects / 437600 bytes in 121ms
10-28 20:05:03.723  1138  7482 D AudioHardwareMot: Input 0x406a8 entering standby
10-28 20:05:03.731  1138  7482 D AudioHardwareMot: AudioStreamInMot::setParameters() routing=0
10-28 20:05:03.731  1138  7482 D AudioHardwareMot: set input routing 0
10-28 20:05:03.731  1138  7482 D AudioHardwareMot: doRouting called
10-28 20:05:03.731  1138  7482 D AudioHardwareMot: Stereo output exists; using 0x2
10-28 20:05:03.731  1138  7482 D AudioHardwareMot: Routing to speaker
10-28 20:05:03.731  1138  7482 D AudioPostProcessor: slider opened, coeffs device for handset =0
10-28 20:05:03.762  1235  1407 D LocationMasfClient: getNetworkLocation(): Returning cache location with accuracy 3137.0
10-28 20:05:03.801  1235  1364 D libgps  : libgps_get_interface() : returning interface
10-28 20:05:03.801  1235  1364 D libgps  : GpsInterface_inject_location( 43.094912, -77.687331, 3137.000 )
10-28 20:05:04.770  3503  7498 I RecognitionController: State change: RECOGNIZING -> RECOGNIZED
10-28 20:05:04.770  3503  7481 I RecognitionController: Final state: RECOGNIZED
10-28 20:05:04.863  3503  7481 I ServerConnectorImpl: ClientReport{session_id=f80b30450f13899dbe083f1e95b1a045,request_id=1,application_id=intent-speech-api,client_perceived_request_status=0,request_ack_latency_ms=332,total_latency_ms=4809,user_perceived_latency_ms=1177,endpoint_trigger_type=3,}
10-28 20:05:04.863  1235  1344 I AudioService:  AudioFocus  abandonAudioFocus() from android.media.AudioManager@4594e378
10-28 20:05:04.871  3503  5251 I ClientReportSender: Sending 1 client reports over HTTP
10-28 20:05:04.871  3503  7481 I RecognitionController: State change: RECOGNIZED -> PAUSED
10-28 20:05:04.879  1235  1487 I AudioService:  AudioFocus  abandonAudioFocus() from android.media.AudioManager@4594e378
10-28 20:05:04.879  3503  3503 I RecognitionController: State change: PAUSED -> PAUSED
10-28 20:05:04.887  1235  1890 I AudioService:  AudioFocus  abandonAudioFocus() from android.media.AudioManager@4594e378
10-28 20:05:04.895  6054  6054 E MainChatWindow: Error choosing contact
10-28 20:05:04.895  6054  6054 V SMSDelegate: onActivityResult(int, int, Intent)
10-28 20:05:04.895  6054  6054 V SMSDelegate: Received speech: I didn't know new jersey had an accent
10-28 20:05:04.895  6054  6054 V CommandAction: Checking against string: I didn't know new jersey had an accent
10-28 20:05:04.902  6054  6054 V CommandAction: Found match for user command: .*
10-28 20:05:04.902  6054  6054 V CommandAction: Found match for user command: .*
10-28 20:05:04.902  6054  6054 V MainChatWindow: Processing voice in window.
10-28 20:05:04.902  6054  6054 I TTS received: : Unsupported command for this window, please try again.
10-28 20:05:04.902  1437  1442 V TtsService: TTS service received Unsupported command for this window, please try again.
10-28 20:05:04.902  1437  1442 V TtsService: TTS processing: Unsupported command for this window, please try again.
10-28 20:05:04.910  6054  6054 I TTS received: : Unrecognized string was: I didn't know new jersey had an accent
10-28 20:05:04.910  1437  1441 V TtsService: TTS service received Unrecognized string was: I didn't know new jersey had an accent
10-28 20:05:04.910  1437  7499 V TtsService: TtsService.setLanguage(eng, USA, )
10-28 20:05:04.910  1437  7499 I SVOX Pico Engine: Language already loaded (en-US == en-US)
10-28 20:05:04.910  1437  7499 I SynthProxy: setting speech rate to 100
10-28 20:05:04.910  1437  7499 I SynthProxy: setting pitch to 100
10-28 20:05:05.106  1235  1344 W InputManagerService: Starting input on non-focused client com.android.internal.view.IInputMethodClient$Stub$Proxy@45b873e8 (uid=10060 pid=3503)
10-28 20:05:05.113  1138  1281 V PVPlayer: reset
10-28 20:05:05.113  1138  7486 V PlayerDriver: Send player code: 19
10-28 20:05:05.113  1138  7486 V PlayerDriver: handleCancelAllCommands
10-28 20:05:05.113  1138  7486 V PlayerDriver: CommandCompleted
10-28 20:05:05.113  1138  7486 V PlayerDriver: Completed command PLAYER_CANCEL_ALL_COMMANDS status=PVMFSuccess
10-28 20:05:05.113  1138  7486 V PlayerDriver: Send player code: 12
10-28 20:05:05.113  1138  7486 V PlayerDriver: handleReset
10-28 20:05:05.113  1138  7486 V PlayerDriver: CommandCompleted
10-28 20:05:05.113  1138  7486 V PlayerDriver: Completed command PLAYER_RESET status=PVMFSuccess
10-28 20:05:05.113  1138  7486 V PlayerDriver: Send player code: 18
10-28 20:05:05.113  1138  7486 V PlayerDriver: handleRemoveDataSource
10-28 20:05:05.113  1138  7486 V PlayerDriver: CommandCompleted
10-28 20:05:05.113  1138  7486 V PlayerDriver: Completed command PLAYER_REMOVE_DATA_SOURCE status=PVMFSuccess
10-28 20:05:05.113  1138  1281 V PVPlayer: unmap file
10-28 20:05:05.113  1138  1281 V PVPlayer: PVPlayer destructor
10-28 20:05:05.121  1138  7486 V PlayerDriver: Send player code: 1
10-28 20:05:05.121  1138  7486 V PlayerDriver: DeletePlayer
10-28 20:05:05.121  1138  7486 D         : enter UnregisterAllRecognizers
10-28 20:05:05.121  1138  7486 V PlayerDriver: destructor
10-28 20:05:05.121  1138  7486 V PlayerDriver: OsclScheduler::Cleanup
10-28 20:05:05.121  1138  1233 V PVPlayer: reset
10-28 20:05:05.121  1138  7492 V PlayerDriver: Send player code: 19
10-28 20:05:05.121  1138  7492 V PlayerDriver: handleCancelAllCommands
10-28 20:05:05.121  1138  7492 V PlayerDriver: CommandCompleted
10-28 20:05:05.121  1138  7492 V PlayerDriver: Completed command PLAYER_CANCEL_ALL_COMMANDS status=PVMFSuccess
10-28 20:05:05.121  1138  7492 V PlayerDriver: Send player code: 12
10-28 20:05:05.121  1138  7492 V PlayerDriver: handleReset
10-28 20:05:05.121  1138  7492 V PlayerDriver: CommandCompleted
10-28 20:05:05.121  1138  7492 V PlayerDriver: Completed command PLAYER_RESET status=PVMFSuccess
10-28 20:05:05.121  1138  7492 V PlayerDriver: Send player code: 18
10-28 20:05:05.121  1138  7492 V PlayerDriver: handleRemoveDataSource
10-28 20:05:05.121  1138  7492 V PlayerDriver: CommandCompleted
10-28 20:05:05.121  1138  7492 V PlayerDriver: Completed command PLAYER_REMOVE_DATA_SOURCE status=PVMFSuccess
10-28 20:05:05.121  1138  1233 V PVPlayer: unmap file
10-28 20:05:05.121  1138  1233 V PVPlayer: PVPlayer destructor
10-28 20:05:05.121  1138  7492 V PlayerDriver: Send player code: 1
10-28 20:05:05.121  1138  7492 V PlayerDriver: DeletePlayer
10-28 20:05:05.121  1138  7492 D         : enter UnregisterAllRecognizers
10-28 20:05:05.129  1138  7492 V PlayerDriver: destructor
10-28 20:05:05.129  1138  7492 V PlayerDriver: OsclScheduler::Cleanup
10-28 20:05:05.129  1138  1281 V PVPlayer: reset
10-28 20:05:05.129  1138  7494 V PlayerDriver: Send player code: 19
10-28 20:05:05.129  1138  7494 V PlayerDriver: handleCancelAllCommands
10-28 20:05:05.129  1138  7494 V PlayerDriver: CommandCompleted
10-28 20:05:05.129  1138  7494 V PlayerDriver: Completed command PLAYER_CANCEL_ALL_COMMANDS status=PVMFSuccess
10-28 20:05:05.129  1138  7494 V PlayerDriver: Send player code: 12
10-28 20:05:05.129  1138  7494 V PlayerDriver: handleReset
10-28 20:05:05.129  1138  7494 V PlayerDriver: CommandCompleted
10-28 20:05:05.129  1138  7494 V PlayerDriver: Completed command PLAYER_RESET status=PVMFSuccess
10-28 20:05:05.129  1138  7494 V PlayerDriver: Send player code: 18
10-28 20:05:05.129  1138  7494 V PlayerDriver: handleRemoveDataSource
10-28 20:05:05.129  1138  7494 V PlayerDriver: CommandCompleted
10-28 20:05:05.129  1138  7494 V PlayerDriver: Completed command PLAYER_REMOVE_DATA_SOURCE status=PVMFSuccess
10-28 20:05:05.129  1138  1281 V PVPlayer: unmap file
10-28 20:05:05.129  1138  1281 V PVPlayer: PVPlayer destructor
10-28 20:05:05.129  1138  7494 V PlayerDriver: Send player code: 1
10-28 20:05:05.129  1138  7494 V PlayerDriver: DeletePlayer
10-28 20:05:05.129  1138  7494 D         : enter UnregisterAllRecognizers
10-28 20:05:05.129  1138  7494 V PlayerDriver: destructor
10-28 20:05:05.129  1138  7494 V PlayerDriver: OsclScheduler::Cleanup
10-28 20:05:05.129  1138  1233 V PVPlayer: reset
10-28 20:05:05.129  1138  7488 V PlayerDriver: Send player code: 19
10-28 20:05:05.129  1138  7488 V PlayerDriver: handleCancelAllCommands
10-28 20:05:05.129  1138  7488 V PlayerDriver: CommandCompleted
10-28 20:05:05.137  1138  7488 V PlayerDriver: Completed command PLAYER_CANCEL_ALL_COMMANDS status=PVMFSuccess
10-28 20:05:05.137  1138  7488 V PlayerDriver: Send player code: 12
10-28 20:05:05.137  1138  7488 V PlayerDriver: handleReset
10-28 20:05:05.137  1138  7488 V PlayerDriver: CommandCompleted
10-28 20:05:05.137  1138  7488 V PlayerDriver: Completed command PLAYER_RESET status=PVMFSuccess
10-28 20:05:05.137  1138  7488 V PlayerDriver: Send player code: 18
10-28 20:05:05.137  1138  7488 V PlayerDriver: handleRemoveDataSource
10-28 20:05:05.137  1138  7488 V PlayerDriver: CommandCompleted
10-28 20:05:05.137  1138  7488 V PlayerDriver: Completed command PLAYER_REMOVE_DATA_SOURCE status=PVMFSuccess
10-28 20:05:05.137  1138  1233 V PVPlayer: unmap file
10-28 20:05:05.137  1138  1233 V PVPlayer: PVPlayer destructor
10-28 20:05:05.137  1138  7488 V PlayerDriver: Send player code: 1
10-28 20:05:05.137  1138  7488 V PlayerDriver: DeletePlayer
10-28 20:05:05.137  1138  7488 D         : enter UnregisterAllRecognizers
10-28 20:05:05.137  1138  7488 V PlayerDriver: destructor
10-28 20:05:05.137  1138  7488 V PlayerDriver: OsclScheduler::Cleanup
10-28 20:05:05.137  1138  1281 V PVPlayer: reset
10-28 20:05:05.137  1138  7496 V PlayerDriver: Send player code: 19
10-28 20:05:05.137  1138  7496 V PlayerDriver: handleCancelAllCommands
10-28 20:05:05.137  1138  7496 V PlayerDriver: CommandCompleted
10-28 20:05:05.137  1138  7496 V PlayerDriver: Completed command PLAYER_CANCEL_ALL_COMMANDS status=PVMFSuccess
10-28 20:05:05.137  1138  7496 V PlayerDriver: Send player code: 12
10-28 20:05:05.137  1138  7496 V PlayerDriver: handleReset
10-28 20:05:05.137  1138  7496 V PlayerDriver: CommandCompleted
10-28 20:05:05.137  1138  7496 V PlayerDriver: Completed command PLAYER_RESET status=PVMFSuccess
10-28 20:05:05.137  1138  7496 V PlayerDriver: Send player code: 18
10-28 20:05:05.137  1138  7496 V PlayerDriver: handleRemoveDataSource
10-28 20:05:05.137  1138  7496 V PlayerDriver: CommandCompleted
10-28 20:05:05.137  1138  7496 V PlayerDriver: Completed command PLAYER_REMOVE_DATA_SOURCE status=PVMFSuccess
10-28 20:05:05.137  1138  1281 V PVPlayer: unmap file
10-28 20:05:05.137  1138  1281 V PVPlayer: PVPlayer destructor
10-28 20:05:05.145  1138  7496 V PlayerDriver: Send player code: 1
10-28 20:05:05.145  1138  7496 V PlayerDriver: DeletePlayer
10-28 20:05:05.145  1138  7496 D         : enter UnregisterAllRecognizers
10-28 20:05:05.145  1138  7496 V PlayerDriver: destructor
10-28 20:05:05.145  1138  7496 V PlayerDriver: OsclScheduler::Cleanup
10-28 20:05:05.145  1138  1233 V PVPlayer: reset
10-28 20:05:05.145  1138  7490 V PlayerDriver: Send player code: 19
10-28 20:05:05.145  1138  7490 V PlayerDriver: handleCancelAllCommands
10-28 20:05:05.145  1138  7490 V PlayerDriver: CommandCompleted
10-28 20:05:05.145  1138  7490 V PlayerDriver: Completed command PLAYER_CANCEL_ALL_COMMANDS status=PVMFSuccess
10-28 20:05:05.145  1138  7490 V PlayerDriver: Send player code: 12
10-28 20:05:05.145  1138  7490 V PlayerDriver: handleReset
10-28 20:05:05.145  1138  7490 V PlayerDriver: CommandCompleted
10-28 20:05:05.145  1138  7490 V PlayerDriver: Completed command PLAYER_RESET status=PVMFSuccess
10-28 20:05:05.145  1138  7490 V PlayerDriver: Send player code: 18
10-28 20:05:05.145  1138  7490 V PlayerDriver: handleRemoveDataSource
10-28 20:05:05.145  1138  7490 V PlayerDriver: CommandCompleted
10-28 20:05:05.145  1138  7490 V PlayerDriver: Completed command PLAYER_REMOVE_DATA_SOURCE status=PVMFSuccess
10-28 20:05:05.145  1138  1233 V PVPlayer: unmap file
10-28 20:05:05.145  1138  1233 V PVPlayer: PVPlayer destructor
10-28 20:05:05.145  1138  7490 V PlayerDriver: Send player code: 1
10-28 20:05:05.145  1138  7490 V PlayerDriver: DeletePlayer
10-28 20:05:05.145  1138  7490 D         : enter UnregisterAllRecognizers
10-28 20:05:05.145  1138  7490 V PlayerDriver: destructor
10-28 20:05:05.145  1138  7490 V PlayerDriver: OsclScheduler::Cleanup
10-28 20:05:05.152  1138  7490 D TIOMX_CORE: deinit count = 0
10-28 20:05:05.348  3503  3503 I SpeechServiceHttpClient: Closing the HTTP client.
10-28 20:05:06.090  1437  7499 W AudioTrack: obtainBuffer timed out (is the CPU pegged?) 0x23cef8 user=00006cc0, server=00005cc0
10-28 20:05:06.098  1138  1232 D AudioHardwareMot: AudioStreamOut::wake: disabling SRC
10-28 20:05:06.115  1138  1232 D AudioHardwareMot: Output 0xb668 exiting standby
10-28 20:05:09.755  1437  7499 V TtsService: TTS processing: Unrecognized string was: I didn't know new jersey had an accent
10-28 20:05:09.762  1437  7500 V TtsService: TtsService.setLanguage(eng, USA, )
10-28 20:05:09.762  1437  7500 I SVOX Pico Engine: Language already loaded (en-US == en-US)
10-28 20:05:09.762  1437  7500 I SynthProxy: setting speech rate to 100
10-28 20:05:09.762  1437  7500 I SynthProxy: setting pitch to 100
10-28 20:05:13.106  1235  1243 V DeviceStorageMonitorService: freeMemory=6643625984
10-28 20:05:13.106  1235  1243 V DeviceStorageMonitorService: Threshold Percentage=10
10-28 20:05:13.106  1235  1243 V DeviceStorageMonitorService: mTotalMemory = 70264913
10-28 20:05:13.106  1235  1243 I DeviceStorageMonitorService: Posting Message again
10-28 20:05:13.809  1316  1316 I AtCmdDelegate: handle message:1
10-28 20:05:13.856  1235  2033 D AlarmManagerService: Kernel timezone updated to 240 minutes west of GMT
10-28 20:05:17.406  1138  1232 D AudioHardwareMot: AudioStreamOutMot::standby called
10-28 20:05:17.406  1138  1232 D AudioHardwareMot: Output 0xb668 entering standby
10-28 20:05:17.414  1138  1232 D AudioHardwareMot: Closing Output device
10-28 20:05:18.262  1235  1243 I InputManagerService: received close system dialog event
10-28 20:05:18.270  6054  6054 V SMSDelegate: User pressed search.
10-28 20:05:18.270  1544  1544 D ComposeMsgActivity: Power Long Key Press - BroadcastReceiver - START
10-28 20:05:18.293  1544  1544 D ComposeMsgActivity: Power Long Key Press - BroadcastReceiver - END
10-28 20:05:18.317  1544  1544 V MessageUtils: MSG-TABLE - query START, uri=content://sms, projection=(_id body priority ), selection=thread_id=14 AND type=3, args=
10-28 20:05:18.324  6054  6054 D dalvikvm: GC_FOR_MALLOC freed 6174 objects / 311080 bytes in 57ms
10-28 20:05:18.332  6054  6055 W SQLiteCompiledSql: Releasing statement in a finalizer. Please ensure that you explicitly call close() on your cursor: SELECT _id, thread_id, address, person, date, body FROM inbox WHERE thread_id=0 ORDER BY date DESC
10-28 20:05:18.332  6054  6055 W SQLiteCompiledSql: android.database.sqlite.DatabaseObjectNotClosedException: Application did not close the cursor or database object that was opened here
10-28 20:05:18.332  6054  6055 W SQLiteCompiledSql: 	at android.database.sqlite.SQLiteCompiledSql.<init>(SQLiteCompiledSql.java:62)
10-28 20:05:18.332  6054  6055 W SQLiteCompiledSql: 	at android.database.sqlite.SQLiteProgram.<init>(SQLiteProgram.java:80)
10-28 20:05:18.332  6054  6055 W SQLiteCompiledSql: 	at android.database.sqlite.SQLiteQuery.<init>(SQLiteQuery.java:46)
10-28 20:05:18.332  6054  6055 W SQLiteCompiledSql: 	at android.database.sqlite.SQLiteDirectCursorDriver.query(SQLiteDirectCursorDriver.java:42)
10-28 20:05:18.332  6054  6055 W SQLiteCompiledSql: 	at android.database.sqlite.SQLiteDatabase.rawQueryWithFactory(SQLiteDatabase.java:1417)
10-28 20:05:18.332  6054  6055 W SQLiteCompiledSql: 	at android.database.sqlite.SQLiteDatabase.queryWithFactory(SQLiteDatabase.java:1301)
10-28 20:05:18.332  6054  6055 W SQLiteCompiledSql: 	at android.database.sqlite.SQLiteDatabase.query(SQLiteDatabase.java:1256)
10-28 20:05:18.332  6054  6055 W SQLiteCompiledSql: 	at android.database.sqlite.SQLiteDatabase.query(SQLiteDatabase.java:1336)
10-28 20:05:18.332  6054  6055 W SQLiteCompiledSql: 	at com.snakefish.visms.SmsDbAdapter.fetchThreadByThreadId(SmsDbAdapter.java:236)
10-28 20:05:18.332  6054  6055 W SQLiteCompiledSql: 	at com.snakefish.visms.MainChatWindow.populateConversationList(MainChatWindow.java:122)
10-28 20:05:18.332  6054  6055 W SQLiteCompiledSql: 	at com.snakefish.visms.MainChatWindow.onCreate(MainChatWindow.java:78)
10-28 20:05:18.332  6054  6055 W SQLiteCompiledSql: 	at android.app.Instrumentation.callActivityOnCreate(Instrumentation.java:1047)
10-28 20:05:18.332  6054  6055 W SQLiteCompiledSql: 	at android.app.ActivityThread.performLaunchActivity(ActivityThread.java:2701)
10-28 20:05:18.332  6054  6055 W SQLiteCompiledSql: 	at android.app.ActivityThread.handleLaunchActivity(ActivityThread.java:2753)
10-28 20:05:18.332  6054  6055 W SQLiteCompiledSql: 	at android.app.ActivityThread.access$2500(ActivityThread.java:129)
10-28 20:05:18.332  6054  6055 W SQLiteCompiledSql: 	at android.app.ActivityThread$H.handleMessage(ActivityThread.java:2107)
10-28 20:05:18.332  6054  6055 W SQLiteCompiledSql: 	at android.os.Handler.dispatchMessage(Handler.java:99)
10-28 20:05:18.332  6054  6055 W SQLiteCompiledSql: 	at android.os.Looper.loop(Looper.java:143)
10-28 20:05:18.332  6054  6055 W SQLiteCompiledSql: 	at android.app.ActivityThread.main(ActivityThread.java:4701)
10-28 20:05:18.332  6054  6055 W SQLiteCompiledSql: 	at java.lang.reflect.Method.invokeNative(Native Method)
10-28 20:05:18.332  6054  6055 W SQLiteCompiledSql: 	at java.lang.reflect.Method.invoke(Method.java:521)
10-28 20:05:18.332  6054  6055 W SQLiteCompiledSql: 	at com.android.internal.os.ZygoteInit$MethodAndArgsCaller.run(ZygoteInit.java:868)
10-28 20:05:18.332  6054  6055 W SQLiteCompiledSql: 	at com.android.internal.os.ZygoteInit.main(ZygoteInit.java:626)
10-28 20:05:18.332  6054  6055 W SQLiteCompiledSql: 	at dalvik.system.NativeStart.main(Native Method)
10-28 20:05:18.332  6054  6055 E Database: close() was never explicitly called on database '/data/data/com.snakefish.visms/databases/snakefish_sms' 
10-28 20:05:18.332  6054  6055 E Database: android.database.sqlite.DatabaseObjectNotClosedException: Application did not close the cursor or database object that was opened here
10-28 20:05:18.332  6054  6055 E Database: 	at android.database.sqlite.SQLiteDatabase.<init>(SQLiteDatabase.java:1882)
10-28 20:05:18.332  6054  6055 E Database: 	at android.database.sqlite.SQLiteDatabase.openDatabase(SQLiteDatabase.java:889)
10-28 20:05:18.332  6054  6055 E Database: 	at android.database.sqlite.SQLiteDatabase.openOrCreateDatabase(SQLiteDatabase.java:923)
10-28 20:05:18.332  6054  6055 E Database: 	at android.database.sqlite.SQLiteDatabase.openOrCreateDatabase(SQLiteDatabase.java:916)
10-28 20:05:18.332  6054  6055 E Database: 	at android.app.ContextImpl.openOrCreateDatabase(ContextImpl.java:585)
10-28 20:05:18.332  6054  6055 E Database: 	at android.content.ContextWrapper.openOrCreateDatabase(ContextWrapper.java:203)
10-28 20:05:18.332  6054  6055 E Database: 	at android.database.sqlite.SQLiteOpenHelper.getWritableDatabase(SQLiteOpenHelper.java:98)
10-28 20:05:18.332  6054  6055 E Database: 	at com.snakefish.visms.SmsDbAdapter.open(SmsDbAdapter.java:108)
10-28 20:05:18.332  6054  6055 E Database: 	at com.snakefish.visms.MainChatWindow.onCreate(MainChatWindow.java:76)
10-28 20:05:18.332  6054  6055 E Database: 	at android.app.Instrumentation.callActivityOnCreate(Instrumentation.java:1047)
10-28 20:05:18.332  6054  6055 E Database: 	at android.app.ActivityThread.performLaunchActivity(ActivityThread.java:2701)
10-28 20:05:18.332  6054  6055 E Database: 	at android.app.ActivityThread.handleLaunchActivity(ActivityThread.java:2753)
10-28 20:05:18.332  6054  6055 E Database: 	at android.app.ActivityThread.access$2500(ActivityThread.java:129)
10-28 20:05:18.332  6054  6055 E Database: 	at android.app.ActivityThread$H.handleMessage(ActivityThread.java:2107)
10-28 20:05:18.332  6054  6055 E Database: 	at android.os.Handler.dispatchMessage(Handler.java:99)
10-28 20:05:18.332  6054  6055 E Database: 	at android.os.Looper.loop(Looper.java:143)
10-28 20:05:18.332  6054  6055 E Database: 	at android.app.ActivityThread.main(ActivityThread.java:4701)
10-28 20:05:18.332  6054  6055 E Database: 	at java.lang.reflect.Method.invokeNative(Native Method)
10-28 20:05:18.332  6054  6055 E Database: 	at java.lang.reflect.Method.invoke(Method.java:521)
10-28 20:05:18.332  6054  6055 E Database: 	at com.android.internal.os.ZygoteInit$MethodAndArgsCaller.run(ZygoteInit.java:868)
10-28 20:05:18.332  6054  6055 E Database: 	at com.android.internal.os.ZygoteInit.main(ZygoteInit.java:626)
10-28 20:05:18.332  6054  6055 E Database: 	at dalvik.system.NativeStart.main(Native Method)
10-28 20:05:18.332  1235  1239 I ActivityManager: Starting activity: Intent { act=android.speech.action.RECOGNIZE_SPEECH cmp=com.google.android.voicesearch/.IntentApiActivity (has extras) }
10-28 20:05:18.356  6054  6055 W SQLiteCompiledSql: Releasing statement in a finalizer. Please ensure that you explicitly call close() on your cursor: SELECT _id, thread_id, address, person, date, body FROM inbox WHERE thread_id=0 ORDER BY date DESC
10-28 20:05:18.356  6054  6055 W SQLiteCompiledSql: android.database.sqlite.DatabaseObjectNotClosedException: Application did not close the cursor or database object that was opened here
10-28 20:05:18.356  6054  6055 W SQLiteCompiledSql: 	at android.database.sqlite.SQLiteCompiledSql.<init>(SQLiteCompiledSql.java:62)
10-28 20:05:18.356  6054  6055 W SQLiteCompiledSql: 	at android.database.sqlite.SQLiteProgram.<init>(SQLiteProgram.java:80)
10-28 20:05:18.356  6054  6055 W SQLiteCompiledSql: 	at android.database.sqlite.SQLiteQuery.<init>(SQLiteQuery.java:46)
10-28 20:05:18.356  6054  6055 W SQLiteCompiledSql: 	at android.database.sqlite.SQLiteDirectCursorDriver.query(SQLiteDirectCursorDriver.java:42)
10-28 20:05:18.356  6054  6055 W SQLiteCompiledSql: 	at android.database.sqlite.SQLiteDatabase.rawQueryWithFactory(SQLiteDatabase.java:1417)
10-28 20:05:18.356  6054  6055 W SQLiteCompiledSql: 	at android.database.sqlite.SQLiteDatabase.queryWithFactory(SQLiteDatabase.java:1301)
10-28 20:05:18.356  6054  6055 W SQLiteCompiledSql: 	at android.database.sqlite.SQLiteDatabase.query(SQLiteDatabase.java:1256)
10-28 20:05:18.356  6054  6055 W SQLiteCompiledSql: 	at android.database.sqlite.SQLiteDatabase.query(SQLiteDatabase.java:1336)
10-28 20:05:18.356  6054  6055 W SQLiteCompiledSql: 	at com.snakefish.visms.SmsDbAdapter.fetchThreadByThreadId(SmsDbAdapter.java:236)
10-28 20:05:18.356  6054  6055 W SQLiteCompiledSql: 	at com.snakefish.visms.MainChatWindow.populateConversationList(MainChatWindow.java:122)
10-28 20:05:18.356  6054  6055 W SQLiteCompiledSql: 	at com.snakefish.visms.MainChatWindow.onCreate(MainChatWindow.java:78)
10-28 20:05:18.356  6054  6055 W SQLiteCompiledSql: 	at android.app.Instrumentation.callActivityOnCreate(Instrumentation.java:1047)
10-28 20:05:18.356  6054  6055 W SQLiteCompiledSql: 	at android.app.ActivityThread.performLaunchActivity(ActivityThread.java:2701)
10-28 20:05:18.356  6054  6055 W SQLiteCompiledSql: 	at android.app.ActivityThread.handleLaunchActivity(ActivityThread.java:2753)
10-28 20:05:18.356  6054  6055 W SQLiteCompiledSql: 	at android.app.ActivityThread.access$2500(ActivityThread.java:129)
10-28 20:05:18.356  6054  6055 W SQLiteCompiledSql: 	at android.app.ActivityThread$H.handleMessage(ActivityThread.java:2107)
10-28 20:05:18.356  6054  6055 W SQLiteCompiledSql: 	at android.os.Handler.dispatchMessage(Handler.java:99)
10-28 20:05:18.356  6054  6055 W SQLiteCompiledSql: 	at android.os.Looper.loop(Looper.java:143)
10-28 20:05:18.356  6054  6055 W SQLiteCompiledSql: 	at android.app.ActivityThread.main(ActivityThread.java:4701)
10-28 20:05:18.356  6054  6055 W SQLiteCompiledSql: 	at java.lang.reflect.Method.invokeNative(Native Method)
10-28 20:05:18.356  6054  6055 W SQLiteCompiledSql: 	at java.lang.reflect.Method.invoke(Method.java:521)
10-28 20:05:18.356  6054  6055 W SQLiteCompiledSql: 	at com.android.internal.os.ZygoteInit$MethodAndArgsCaller.run(ZygoteInit.java:868)
10-28 20:05:18.356  6054  6055 W SQLiteCompiledSql: 	at com.android.internal.os.ZygoteInit.main(ZygoteInit.java:626)
10-28 20:05:18.356  6054  6055 W SQLiteCompiledSql: 	at dalvik.system.NativeStart.main(Native Method)
10-28 20:05:18.363  6054  6055 E Database: close() was never explicitly called on database '/data/data/com.snakefish.visms/databases/snakefish_sms' 
10-28 20:05:18.363  6054  6055 E Database: android.database.sqlite.DatabaseObjectNotClosedException: Application did not close the cursor or database object that was opened here
10-28 20:05:18.363  6054  6055 E Database: 	at android.database.sqlite.SQLiteDatabase.<init>(SQLiteDatabase.java:1882)
10-28 20:05:18.363  6054  6055 E Database: 	at android.database.sqlite.SQLiteDatabase.openDatabase(SQLiteDatabase.java:889)
10-28 20:05:18.363  6054  6055 E Database: 	at android.database.sqlite.SQLiteDatabase.openOrCreateDatabase(SQLiteDatabase.java:923)
10-28 20:05:18.363  6054  6055 E Database: 	at android.database.sqlite.SQLiteDatabase.openOrCreateDatabase(SQLiteDatabase.java:916)
10-28 20:05:18.363  6054  6055 E Database: 	at android.app.ContextImpl.openOrCreateDatabase(ContextImpl.java:585)
10-28 20:05:18.363  6054  6055 E Database: 	at android.content.ContextWrapper.openOrCreateDatabase(ContextWrapper.java:203)
10-28 20:05:18.363  6054  6055 E Database: 	at android.database.sqlite.SQLiteOpenHelper.getWritableDatabase(SQLiteOpenHelper.java:98)
10-28 20:05:18.363  6054  6055 E Database: 	at com.snakefish.visms.SmsDbAdapter.open(SmsDbAdapter.java:108)
10-28 20:05:18.363  6054  6055 E Database: 	at com.snakefish.visms.MainChatWindow.onCreate(MainChatWindow.java:76)
10-28 20:05:18.363  6054  6055 E Database: 	at android.app.Instrumentation.callActivityOnCreate(Instrumentation.java:1047)
10-28 20:05:18.363  6054  6055 E Database: 	at android.app.ActivityThread.performLaunchActivity(ActivityThread.java:2701)
10-28 20:05:18.363  6054  6055 E Database: 	at android.app.ActivityThread.handleLaunchActivity(ActivityThread.java:2753)
10-28 20:05:18.363  6054  6055 E Database: 	at android.app.ActivityThread.access$2500(ActivityThread.java:129)
10-28 20:05:18.363  6054  6055 E Database: 	at android.app.ActivityThread$H.handleMessage(ActivityThread.java:2107)
10-28 20:05:18.363  6054  6055 E Database: 	at android.os.Handler.dispatchMessage(Handler.java:99)
10-28 20:05:18.363  6054  6055 E Database: 	at android.os.Looper.loop(Looper.java:143)
10-28 20:05:18.363  6054  6055 E Database: 	at android.app.ActivityThread.main(ActivityThread.java:4701)
10-28 20:05:18.363  6054  6055 E Database: 	at java.lang.reflect.Method.invokeNative(Native Method)
10-28 20:05:18.363  6054  6055 E Database: 	at java.lang.reflect.Method.invoke(Method.java:521)
10-28 20:05:18.363  6054  6055 E Database: 	at com.android.internal.os.ZygoteInit$MethodAndArgsCaller.run(ZygoteInit.java:868)
10-28 20:05:18.363  6054  6055 E Database: 	at com.android.internal.os.ZygoteInit.main(ZygoteInit.java:626)
10-28 20:05:18.363  6054  6055 E Database: 	at dalvik.system.NativeStart.main(Native Method)
10-28 20:05:18.371  6054  6055 E Cursor  : Finalizing a Cursor that has not been deactivated or closed. database = /data/data/com.snakefish.visms/databases/snakefish_sms, table = inbox, query = SELECT thread_id FROM inbox WHERE address=5704000104
10-28 20:05:18.371  6054  6055 E Cursor  : android.database.sqlite.DatabaseObjectNotClosedException: Application did not close the cursor or database object that was opened here
10-28 20:05:18.371  6054  6055 E Cursor  : 	at android.database.sqlite.SQLiteCursor.<init>(SQLiteCursor.java:210)
10-28 20:05:18.371  6054  6055 E Cursor  : 	at android.database.sqlite.SQLiteDirectCursorDriver.query(SQLiteDirectCursorDriver.java:53)
10-28 20:05:18.371  6054  6055 E Cursor  : 	at android.database.sqlite.SQLiteDatabase.rawQueryWithFactory(SQLiteDatabase.java:1417)
10-28 20:05:18.371  6054  6055 E Cursor  : 	at android.database.sqlite.SQLiteDatabase.queryWithFactory(SQLiteDatabase.java:1301)
10-28 20:05:18.371  6054  6055 E Cursor  : 	at android.database.sqlite.SQLiteDatabase.query(SQLiteDatabase.java:1256)
10-28 20:05:18.371  6054  6055 E Cursor  : 	at android.database.sqlite.SQLiteDatabase.query(SQLiteDatabase.java:1336)
10-28 20:05:18.371  6054  6055 E Cursor  : 	at com.snakefish.visms.SmsDbAdapter.getThreadId(SmsDbAdapter.java:271)
10-28 20:05:18.371  6054  6055 E Cursor  : 	at com.snakefish.visms.IncomingMessage.parseMessageData(IncomingMessage.java:183)
10-28 20:05:18.371  6054  6055 E Cursor  : 	at com.snakefish.visms.IncomingMessage.onCreate(IncomingMessage.java:166)
10-28 20:05:18.371  6054  6055 E Cursor  : 	at android.app.Instrumentation.callActivityOnCreate(Instrumentation.java:1047)
10-28 20:05:18.371  6054  6055 E Cursor  : 	at android.app.ActivityThread.performLaunchActivity(ActivityThread.java:2701)
10-28 20:05:18.371  6054  6055 E Cursor  : 	at android.app.ActivityThread.handleLaunchActivity(ActivityThread.java:2753)
10-28 20:05:18.371  6054  6055 E Cursor  : 	at android.app.ActivityThread.access$2500(ActivityThread.java:129)
10-28 20:05:18.371  6054  6055 E Cursor  : 	at android.app.ActivityThread$H.handleMessage(ActivityThread.java:2107)
10-28 20:05:18.371  6054  6055 E Cursor  : 	at android.os.Handler.dispatchMessage(Handler.java:99)
10-28 20:05:18.371  6054  6055 E Cursor  : 	at android.os.Looper.loop(Looper.java:143)
10-28 20:05:18.371  6054  6055 E Cursor  : 	at android.app.ActivityThread.main(ActivityThread.java:4701)
10-28 20:05:18.371  6054  6055 E Cursor  : 	at java.lang.reflect.Method.invokeNative(Native Method)
10-28 20:05:18.371  6054  6055 E Cursor  : 	at java.lang.reflect.Method.invoke(Method.java:521)
10-28 20:05:18.371  6054  6055 E Cursor  : 	at com.android.internal.os.ZygoteInit$MethodAndArgsCaller.run(ZygoteInit.java:868)
10-28 20:05:18.371  6054  6055 E Cursor  : 	at com.android.internal.os.ZygoteInit.main(ZygoteInit.java:626)
10-28 20:05:18.371  6054  6055 E Cursor  : 	at dalvik.system.NativeStart.main(Native Method)
10-28 20:05:18.379  6054  6055 W SQLiteCompiledSql: Releasing statement in a finalizer. Please ensure that you explicitly call close() on your cursor: INSERT INTO inbox(body, person, date, address, thread_id) VALUES(?, ?, ?, ?, ?);
10-28 20:05:18.379  6054  6055 W SQLiteCompiledSql: android.database.sqlite.DatabaseObjectNotClosedException: Application did not close the cursor or database object that was opened here
10-28 20:05:18.379  6054  6055 W SQLiteCompiledSql: 	at android.database.sqlite.SQLiteCompiledSql.<init>(SQLiteCompiledSql.java:62)
10-28 20:05:18.379  6054  6055 W SQLiteCompiledSql: 	at android.database.sqlite.SQLiteProgram.<init>(SQLiteProgram.java:80)
10-28 20:05:18.379  6054  6055 W SQLiteCompiledSql: 	at android.database.sqlite.SQLiteStatement.<init>(SQLiteStatement.java:36)
10-28 20:05:18.379  6054  6055 W SQLiteCompiledSql: 	at android.database.sqlite.SQLiteDatabase.compileStatement(SQLiteDatabase.java:1217)
10-28 20:05:18.379  6054  6055 W SQLiteCompiledSql: 	at android.database.sqlite.SQLiteDatabase.insertWithOnConflict(SQLiteDatabase.java:1608)
10-28 20:05:18.379  6054  6055 W SQLiteCompiledSql: 	at android.database.sqlite.SQLiteDatabase.insert(SQLiteDatabase.java:1482)
10-28 20:05:18.379  6054  6055 W SQLiteCompiledSql: 	at com.snakefish.visms.SmsDbAdapter.addMsg(SmsDbAdapter.java:144)
10-28 20:05:18.379  6054  6055 W SQLiteCompiledSql: 	at com.snakefish.visms.IncomingMessage.parseMessageData(IncomingMessage.java:187)
10-28 20:05:18.379  6054  6055 W SQLiteCompiledSql: 	at com.snakefish.visms.IncomingMessage.onCreate(IncomingMessage.java:166)
10-28 20:05:18.379  6054  6055 W SQLiteCompiledSql: 	at android.app.Instrumentation.callActivityOnCreate(Instrumentation.java:1047)
10-28 20:05:18.379  6054  6055 W SQLiteCompiledSql: 	at android.app.ActivityThread.performLaunchActivity(ActivityThread.java:2701)
10-28 20:05:18.379  6054  6055 W SQLiteCompiledSql: 	at android.app.ActivityThread.handleLaunchActivity(ActivityThread.java:2753)
10-28 20:05:18.379  6054  6055 W SQLiteCompiledSql: 	at android.app.ActivityThread.access$2500(ActivityThread.java:129)
10-28 20:05:18.379  6054  6055 W SQLiteCompiledSql: 	at android.app.ActivityThread$H.handleMessage(ActivityThread.java:2107)
10-28 20:05:18.379  6054  6055 W SQLiteCompiledSql: 	at android.os.Handler.dispatchMessage(Handler.java:99)
10-28 20:05:18.379  6054  6055 W SQLiteCompiledSql: 	at android.os.Looper.loop(Looper.java:143)
10-28 20:05:18.379  6054  6055 W SQLiteCompiledSql: 	at android.app.ActivityThread.main(ActivityThread.java:4701)
10-28 20:05:18.379  6054  6055 W SQLiteCompiledSql: 	at java.lang.reflect.Method.invokeNative(Native Method)
10-28 20:05:18.379  6054  6055 W SQLiteCompiledSql: 	at java.lang.reflect.Method.invoke(Method.java:521)
10-28 20:05:18.379  6054  6055 W SQLiteCompiledSql: 	at com.android.internal.os.ZygoteInit$MethodAndArgsCaller.run(ZygoteInit.java:868)
10-28 20:05:18.379  6054  6055 W SQLiteCompiledSql: 	at com.android.internal.os.ZygoteInit.main(ZygoteInit.java:626)
10-28 20:05:18.379  6054  6055 W SQLiteCompiledSql: 	at dalvik.system.NativeStart.main(Native Method)
10-28 20:05:18.387  6054  6055 E Cursor  : Finalizing a Cursor that has not been deactivated or closed. database = /data/data/com.snakefish.visms/databases/snakefish_sms, table = inbox, query = SELECT thread_id FROM inbox WHERE address=5704000104
10-28 20:05:18.387  6054  6055 E Cursor  : android.database.sqlite.DatabaseObjectNotClosedException: Application did not close the cursor or database object that was opened here
10-28 20:05:18.387  6054  6055 E Cursor  : 	at android.database.sqlite.SQLiteCursor.<init>(SQLiteCursor.java:210)
10-28 20:05:18.387  6054  6055 E Cursor  : 	at android.database.sqlite.SQLiteDirectCursorDriver.query(SQLiteDirectCursorDriver.java:53)
10-28 20:05:18.387  6054  6055 E Cursor  : 	at android.database.sqlite.SQLiteDatabase.rawQueryWithFactory(SQLiteDatabase.java:1417)
10-28 20:05:18.387  6054  6055 E Cursor  : 	at android.database.sqlite.SQLiteDatabase.queryWithFactory(SQLiteDatabase.java:1301)
10-28 20:05:18.387  6054  6055 E Cursor  : 	at android.database.sqlite.SQLiteDatabase.query(SQLiteDatabase.java:1256)
10-28 20:05:18.387  6054  6055 E Cursor  : 	at android.database.sqlite.SQLiteDatabase.query(SQLiteDatabase.java:1336)
10-28 20:05:18.387  6054  6055 E Cursor  : 	at com.snakefish.visms.SmsDbAdapter.getThreadId(SmsDbAdapter.java:271)
10-28 20:05:18.387  6054  6055 E Cursor  : 	at com.snakefish.visms.IncomingMessage.parseMessageData(IncomingMessage.java:183)
10-28 20:05:18.387  6054  6055 E Cursor  : 	at com.snakefish.visms.IncomingMessage.onCreate(IncomingMessage.java:166)
10-28 20:05:18.387  6054  6055 E Cursor  : 	at android.app.Instrumentation.callActivityOnCreate(Instrumentation.java:1047)
10-28 20:05:18.387  6054  6055 E Cursor  : 	at android.app.ActivityThread.performLaunchActivity(ActivityThread.java:2701)
10-28 20:05:18.387  6054  6055 E Cursor  : 	at android.app.ActivityThread.handleLaunchActivity(ActivityThread.java:2753)
10-28 20:05:18.387  6054  6055 E Cursor  : 	at android.app.ActivityThread.access$2500(ActivityThread.java:129)
10-28 20:05:18.387  6054  6055 E Cursor  : 	at android.app.ActivityThread$H.handleMessage(ActivityThread.java:2107)
10-28 20:05:18.387  6054  6055 E Cursor  : 	at android.os.Handler.dispatchMessage(Handler.java:99)
10-28 20:05:18.387  6054  6055 E Cursor  : 	at android.os.Looper.loop(Looper.java:143)
10-28 20:05:18.387  6054  6055 E Cursor  : 	at android.app.ActivityThread.main(ActivityThread.java:4701)
10-28 20:05:18.387  6054  6055 E Cursor  : 	at java.lang.reflect.Method.invokeNative(Native Method)
10-28 20:05:18.387  6054  6055 E Cursor  : 	at java.lang.reflect.Method.invoke(Method.java:521)
10-28 20:05:18.387  6054  6055 E Cursor  : 	at com.android.internal.os.ZygoteInit$MethodAndArgsCaller.run(ZygoteInit.java:868)
10-28 20:05:18.387  6054  6055 E Cursor  : 	at com.android.internal.os.ZygoteInit.main(ZygoteInit.java:626)
10-28 20:05:18.387  6054  6055 E Cursor  : 	at dalvik.system.NativeStart.main(Native Method)
10-28 20:05:18.395  6054  6055 W SQLiteCompiledSql: Releasing statement in a finalizer. Please ensure that you explicitly call close() on your cursor: SELECT thread_id FROM inbox WHERE address=5704000104
10-28 20:05:18.395  6054  6055 W SQLiteCompiledSql: android.database.sqlite.DatabaseObjectNotClosedException: Application did not close the cursor or database object that was opened here
10-28 20:05:18.395  6054  6055 W SQLiteCompiledSql: 	at android.database.sqlite.SQLiteCompiledSql.<init>(SQLiteCompiledSql.java:62)
10-28 20:05:18.395  6054  6055 W SQLiteCompiledSql: 	at android.database.sqlite.SQLiteProgram.<init>(SQLiteProgram.java:80)
10-28 20:05:18.395  6054  6055 W SQLiteCompiledSql: 	at android.database.sqlite.SQLiteQuery.<init>(SQLiteQuery.java:46)
10-28 20:05:18.395  6054  6055 W SQLiteCompiledSql: 	at android.database.sqlite.SQLiteDirectCursorDriver.query(SQLiteDirectCursorDriver.java:42)
10-28 20:05:18.395  6054  6055 W SQLiteCompiledSql: 	at android.database.sqlite.SQLiteDatabase.rawQueryWithFactory(SQLiteDatabase.java:1417)
10-28 20:05:18.395  6054  6055 W SQLiteCompiledSql: 	at android.database.sqlite.SQLiteDatabase.queryWithFactory(SQLiteDatabase.java:1301)
10-28 20:05:18.395  6054  6055 W SQLiteCompiledSql: 	at android.database.sqlite.SQLiteDatabase.query(SQLiteDatabase.java:1256)
10-28 20:05:18.395  6054  6055 W SQLiteCompiledSql: 	at android.database.sqlite.SQLiteDatabase.query(SQLiteDatabase.java:1336)
10-28 20:05:18.395  6054  6055 W SQLiteCompiledSql: 	at com.snakefish.visms.SmsDbAdapter.getThreadId(SmsDbAdapter.java:271)
10-28 20:05:18.395  6054  6055 W SQLiteCompiledSql: 	at com.snakefish.visms.IncomingMessage.parseMessageData(IncomingMessage.java:183)
10-28 20:05:18.395  6054  6055 W SQLiteCompiledSql: 	at com.snakefish.visms.IncomingMessage.onCreate(IncomingMessage.java:166)
10-28 20:05:18.395  6054  6055 W SQLiteCompiledSql: 	at android.app.Instrumentation.callActivityOnCreate(Instrumentation.java:1047)
10-28 20:05:18.395  6054  6055 W SQLiteCompiledSql: 	at android.app.ActivityThread.performLaunchActivity(ActivityThread.java:2701)
10-28 20:05:18.395  6054  6055 W SQLiteCompiledSql: 	at android.app.ActivityThread.handleLaunchActivity(ActivityThread.java:2753)
10-28 20:05:18.395  6054  6055 W SQLiteCompiledSql: 	at android.app.ActivityThread.access$2500(ActivityThread.java:129)
10-28 20:05:18.395  6054  6055 W SQLiteCompiledSql: 	at android.app.ActivityThread$H.handleMessage(ActivityThread.java:2107)
10-28 20:05:18.395  6054  6055 W SQLiteCompiledSql: 	at android.os.Handler.dispatchMessage(Handler.java:99)
10-28 20:05:18.395  6054  6055 W SQLiteCompiledSql: 	at android.os.Looper.loop(Looper.java:143)
10-28 20:05:18.395  6054  6055 W SQLiteCompiledSql: 	at android.app.ActivityThread.main(ActivityThread.java:4701)
10-28 20:05:18.395  6054  6055 W SQLiteCompiledSql: 	at java.lang.reflect.Method.invokeNative(Native Method)
