10-28 19:15:25.958  3823  6593 I zomut.watchdog.monitor: end
10-28 19:15:37.958  1512  1512 D dalvikvm: GC_EXPLICIT freed 8216 objects / 466024 bytes in 75ms
10-28 19:15:42.973  1447  1447 D dalvikvm: GC_EXPLICIT freed 6570 objects / 426176 bytes in 86ms
10-28 19:16:00.012  1235  1243 D KeyguardUpdateMonitor: received broadcast android.intent.action.TIME_TICK
10-28 19:16:00.012  1235  1259 D KeyguardUpdateMonitor: handleTimeUpdate
10-28 19:16:13.303  1235  1243 V DeviceStorageMonitorService: freeMemory=6643642368
10-28 19:16:13.303  1235  1243 V DeviceStorageMonitorService: Threshold Percentage=10
10-28 19:16:13.303  1235  1243 V DeviceStorageMonitorService: mTotalMemory = 70264913
10-28 19:16:13.303  1235  1243 I DeviceStorageMonitorService: Posting Message again
10-28 19:16:13.817  2004  2004 D dalvikvm: GC_EXPLICIT freed 514 objects / 27440 bytes in 86ms
10-28 19:16:26.012  3823  6594 I zomut.watchdog.monitor: init
10-28 19:16:26.020  3823  6594 I zomut.watchdog.monitor: begin
10-28 19:16:26.067  3823  6594 D dalvikvm: GC_FOR_MALLOC freed 6978 objects / 538280 bytes in 35ms
10-28 19:16:26.137  3823  6594 D dalvikvm: GC_FOR_MALLOC freed 3032 objects / 516896 bytes in 34ms
10-28 19:16:26.208  3823  6594 D dalvikvm: GC_FOR_MALLOC freed 3030 objects / 514064 bytes in 34ms
10-28 19:16:26.293  3823  6594 I zomut.watchdog.monitor: end
10-28 19:16:47.293  1512  1526 D GroupCache: Groups database table has changed. Refreshing the groups cache
10-28 19:16:47.293  1512  1526 V GroupCache: Queue group cache refresh request, delayed (ms): 3000
10-28 19:16:50.340  1294  1422 D DEBUG   : Selection used is -null
10-28 19:16:50.356  1512  1526 D GroupCache: Getting user-defined groups
10-28 19:16:50.356  1512  1526 D GroupCache: Encountered group title, Family
10-28 19:16:50.372  1512  1526 D GroupCache: Encountered group title, Imported Contacts
10-28 19:16:50.379  1512  1526 D GroupCache: Encountered group title, Usability
10-28 19:16:50.387  1512  1526 D GroupCache: Encountered source name, null
10-28 19:16:50.387  1512  1526 D SourceCache: Returning stroed ICON FOR-com.motorola.android.buacontactadapter:Phone:
10-28 19:16:50.387  1512  1526 D GroupCache: Encountered source name, blur
10-28 19:16:50.387  1512  1526 D GroupCache: Encountered source name, null
10-28 19:16:50.387  1512  1526 D GroupCache: Encountered source name, facebook
10-28 19:16:50.387  1512  1526 D SourceCache: Returning stroed ICON FOR-com.motorola.blur.service.bsutils.MOTHER_USER_CREDS_TYPE:a0000022712d6a6532772297749992488@random.svcmot.com:facebook
10-28 19:16:50.387  1512  1526 D GroupCache: Encountered source name, facebook
10-28 19:16:50.387  1512  1526 D SourceCache: Returning stroed ICON FOR-com.motorola.blur.service.bsutils.MOTHER_USER_CREDS_TYPE:a0000022712d6a6532772297749992488@random.svcmot.com:facebook
10-28 19:16:50.387  1512  1526 D GroupCache: Notifying observers of the group cache that its state has changed
10-28 19:17:00.012  1235  1243 D KeyguardUpdateMonitor: received broadcast android.intent.action.TIME_TICK
10-28 19:17:00.012  1235  1259 D KeyguardUpdateMonitor: handleTimeUpdate
10-28 19:17:13.305  1235  1243 V DeviceStorageMonitorService: freeMemory=6643642368
10-28 19:17:13.305  1235  1243 V DeviceStorageMonitorService: Threshold Percentage=10
10-28 19:17:13.305  1235  1243 V DeviceStorageMonitorService: mTotalMemory = 70264913
10-28 19:17:13.305  1235  1243 I DeviceStorageMonitorService: Posting Message again
10-28 19:17:26.348  3823  6595 I zomut.watchdog.monitor: init
10-28 19:17:26.356  3823  6595 I zomut.watchdog.monitor: begin
10-28 19:17:26.411  3823  6595 D dalvikvm: GC_FOR_MALLOC freed 7073 objects / 556784 bytes in 40ms
10-28 19:17:26.481  3823  6595 D dalvikvm: GC_FOR_MALLOC freed 2988 objects / 500936 bytes in 35ms
10-28 19:17:26.551  3823  6595 D dalvikvm: GC_FOR_MALLOC freed 2983 objects / 503544 bytes in 35ms
10-28 19:17:26.661  3823  6595 D dalvikvm: GC_FOR_MALLOC freed 4744 objects / 498032 bytes in 34ms
10-28 19:17:26.684  3823  6595 I zomut.watchdog.monitor: end
10-28 19:17:53.176  1424  1424 D ChipWidgetProvider: a22417 debug in chipwidgetprovider function updatewidget the pendingUpdates is :android.util.SparseIntArray@459efd78
10-28 19:17:53.184  1424  1481 D SocialWidgetProvider: doUpdateWidget id: 2 x: 4 y: 1
10-28 19:17:53.215  1424  1481 D SocialWidgetProvider: filterType: 0
10-28 19:17:53.215  1424  1481 D SocialWidgetProvider: filter: read_state=1 AND pub_date>1288221473220 AND owner=0
10-28 19:17:53.247  1424  1481 D SocialWidgetProvider: ===== getImageDimens: width=103 height=141
10-28 19:17:53.247  1424  1481 D BlurContactsExtensions: ===== targetSize: width=103 height=141
10-28 19:17:53.270  1424  1481 D BlurContactsExtensions: ===== imageStream: imageWidth=100 imageHeight=103
10-28 19:17:53.270  1424  1481 D BlurContactsExtensions: ===== Using default android decode api...
10-28 19:17:53.270  1424  1481 D BlurContactsExtensions: ===== Android image decode:  downSample=1 downScaleX=0 downScaleY=0
10-28 19:17:53.270  1424  1481 D BlurContactsExtensions: ===== Cropping img: cropWidth=75 cropHeight=103
10-28 19:17:53.286  1424  1481 D DateUtil: now.getTimeZone(): Eastern Standard Time
10-28 19:17:53.301  1424  1481 V SocialWidgetProvider: DisplayName: Alex Turek for RawContactId: 622
10-28 19:17:53.317  1424  1481 D SocialWidgetProvider: updated id 2:i think I'll go to Boston. 
10-28 19:17:53.317  1424  1481 D SocialWidgetProvider: I think I'll start a new life! 
10-28 19:17:53.317  1424  1481 D SocialWidgetProvider: i think I'll start it over, where no one knows my name.
10-28 19:17:53.348  1340  1340 D dalvikvm: GC_EXPLICIT freed 309 objects / 12552 bytes in 36ms
10-28 19:18:00.020  1235  1243 D KeyguardUpdateMonitor: received broadcast android.intent.action.TIME_TICK
10-28 19:18:00.020  1235  1259 D KeyguardUpdateMonitor: handleTimeUpdate
10-28 19:18:13.308  1235  1243 V DeviceStorageMonitorService: freeMemory=6643642368
10-28 19:18:13.308  1235  1243 V DeviceStorageMonitorService: Threshold Percentage=10
10-28 19:18:13.309  1235  1243 V DeviceStorageMonitorService: mTotalMemory = 70264913
10-28 19:18:13.309  1235  1243 I DeviceStorageMonitorService: Posting Message again
10-28 19:18:21.512  3823  3823 D dalvikvm: GC_EXPLICIT freed 3309 objects / 183624 bytes in 92ms
10-28 19:18:26.879  1235  1245 D dalvikvm: GC_FOR_MALLOC freed 47039 objects / 2055064 bytes in 178ms
10-28 19:18:26.903  3823  6596 I zomut.watchdog.monitor: init
10-28 19:18:26.903  3823  6596 I zomut.watchdog.monitor: begin
10-28 19:18:26.981  3823  6596 D dalvikvm: GC_FOR_MALLOC freed 2432 objects / 452680 bytes in 35ms
10-28 19:18:27.043  3823  6596 D dalvikvm: GC_FOR_MALLOC freed 3053 objects / 514728 bytes in 34ms
10-28 19:18:27.145  3823  6596 D dalvikvm: GC_FOR_MALLOC freed 4168 objects / 487592 bytes in 34ms
10-28 19:18:27.176  3823  6596 I zomut.watchdog.monitor: end
10-28 19:18:27.676  1316  1333 D dalvikvm: GC_FOR_MALLOC freed 12406 objects / 548288 bytes in 66ms
10-28 19:18:38.895  1466  1466 D ChipWidgetProvider: a22417 debug in chipwidgetprovider function updatewidget the pendingUpdates is :android.util.SparseIntArray@459eb0e8
10-28 19:18:38.965  1466  1489 D dalvikvm: GC_EXPLICIT freed 8346 objects / 387400 bytes in 57ms
10-28 19:18:39.051  1317  2022 D dalvikvm: GC_EXPLICIT freed 4131 objects / 266096 bytes in 46ms
10-28 19:18:39.059  1317  2022 D BlurSNMessagingEngine: SNMessagingProvider::getDatabase called
10-28 19:18:39.083  1466  1489 D wubo    : a22417 in getContactName the address comin is :5704000104
10-28 19:18:39.083  1466  1489 D wubo    : a22417 in getContactName the TMConversationUtils.isMultiAddress(address) :false
10-28 19:18:39.083  1466  1489 D wubo    : case 1 a22417 in resolveSingleAddressToName the name  is :null
10-28 19:18:39.083  1466  1489 D wubo    : case 2 a22417 in resolveSingleAddressToName the name  is :null
10-28 19:18:39.137  1466  1489 D TextMsgTransport: case 1 wubo a22417 in getSender the name is :Jim Dudish
10-28 19:18:39.137  1466  1489 D TextMsgTransport: case 1 wubo a22417 in getSender the address is :5704000104
10-28 19:18:39.153  1466  1489 D TextMsgTransport: case 2 wubo a22417 in getSender the name is :Jim Dudish
10-28 19:18:39.153  1466  1489 V TextMsgTransport: DataId: 4488 ContactId: 649 DisplayName >Jim Dudish< when filtering for >5704000104<
10-28 19:18:39.176  1466  1489 D BlurContactsExtensions: ===== targetSize: width=125 height=150
10-28 19:18:39.301  1466  1489 D DateUtil: now.getTimeZone(): Eastern Standard Time
10-28 19:18:39.364  1340  1340 D dalvikvm: GC_EXPLICIT freed 427 objects / 16808 bytes in 36ms
10-28 19:18:57.333  1677  1677 D dalvikvm: GC_EXPLICIT freed 498 objects / 23304 bytes in 80ms
10-28 19:19:00.012  1235  1243 D KeyguardUpdateMonitor: received broadcast android.intent.action.TIME_TICK
10-28 19:19:00.012  1235  1259 D KeyguardUpdateMonitor: handleTimeUpdate
10-28 19:19:10.786  1325  1606 I TLSStateManager: org.apache.harmony.nio.internal.SocketChannelImpl@45917ac0: Read 973 bytes into buffer
10-28 19:19:10.903  1325  1606 D dalvikvm: GC_FOR_MALLOC freed 9694 objects / 725312 bytes in 81ms
10-28 19:19:10.973  1325  1982 I StatusDataListener: Received Status.DATA message
10-28 19:19:11.075  1512  1526 D GroupCache: Groups database table has changed. Refreshing the groups cache
10-28 19:19:11.075  1512  1526 V GroupCache: Queue group cache refresh request, delayed (ms): 3000
10-28 19:19:11.098  1325  1982 I StatusSignalAdapter: Preparing to broadcast Status intent with 2 statuses
10-28 19:19:11.153  1424  1912 D FeedReceiverService: Status push received.
10-28 19:19:11.153  1424  1912 D BlurPDWT: translate - entered
10-28 19:19:11.153  1424  1912 D BlurPDWT: Preparing to parse out StatusEvents from JSON strings
10-28 19:19:11.161  1424  1912 D BlurPDWT: translate - exiting with 2 events
10-28 19:19:11.161  1424  1912 D FeedReceiverService: updateStatusDataFromService: adding 2 statuses
10-28 19:19:11.168  1424  1912 V FeedReceiverService: UpdateStatusDataFromService: (id:1454411216) isMe: false
10-28 19:19:11.168  1424  1912 V FeedReceiverService: Status: sync_anchor: "78859031233429799"
10-28 19:19:11.168  1424  1912 V FeedReceiverService: action: UPDATE
10-28 19:19:11.168  1424  1912 V FeedReceiverService: timestamp: 1288306345000
10-28 19:19:11.168  1424  1912 V FeedReceiverService: message: "i think I\'ll go to Boston. \nI think I\'ll start a new life! \ni think I\'ll start it over, where no one knows my name."
10-28 19:19:11.168  1424  1912 V FeedReceiverService: providerParams: "{\"statusUid\":170840012927807}"
10-28 19:19:11.168  1424  1912 V FeedReceiverService: isMe: false
10-28 19:19:11.168  1424  1912 V FeedReceiverService: statusId: "170840012927807"
10-28 19:19:11.168  1424  1912 V FeedReceiverService: , message: i think I'll go to Boston. 
10-28 19:19:11.168  1424  1912 V FeedReceiverService: I think I'll start a new life! 
10-28 19:19:11.168  1424  1912 V FeedReceiverService: i think I'll start it over, where no one knows my name.
10-28 19:19:11.168  1424  1912 V FeedReceiverService: Source: 1
10-28 19:19:11.168  1424  1912 V FeedReceiverService: Timestamp:1288306345000
10-28 19:19:11.168  1424  1912 V FeedReceiverService: MOOD ID: 0
10-28 19:19:11.168  1424  1912 V FeedReceiverService: MOOD: null
10-28 19:19:11.168  1424  1912 V FeedReceiverService: External ID: 
10-28 19:19:11.168  1424  1912 V FeedReceiverService: looking up 1454411216 from facebook
10-28 19:19:11.184  1325  1982 I StatusSignalAdapter: Finished broadcasting Status intent
10-28 19:19:11.208  1424  1912 V FeedReceiverService: Matching contact (Raw ID) 622
10-28 19:19:11.208  1424  1912 V FeedReceiverService: decodeStatus first: i think I'll go to Boston. 
10-28 19:19:11.208  1424  1912 V FeedReceiverService: I think I'll start a new life! 
10-28 19:19:11.208  1424  1912 V FeedReceiverService: i think I'll start it over, where no one knows my name.
10-28 19:19:11.208  1424  1912 V FeedReceiverService: decodeStatus - decoded: i think I'll go to Boston. 
10-28 19:19:11.208  1424  1912 V FeedReceiverService: I think I'll start a new life! 
10-28 19:19:11.208  1424  1912 V FeedReceiverService: i think I'll start it over, where no one knows my name.
10-28 19:19:11.215  1424  1912 D FeedReceiverService: FeedLoop: added status 512
10-28 19:19:11.215  1325  1982 I StatusDataListener: Finished processing Status.DATA message
10-28 19:19:11.215  1424  1912 V FeedReceiverService: addStatusToFriendFeed - Adding status to friend feed for person=622
10-28 19:19:11.262  1325  1982 I SyncDataListener: Received SYNC Signal
10-28 19:19:11.294  1424  1912 V FeedReceiverService: Updating existing feed item for status.
10-28 19:19:11.294  1424  1912 V FeedReceiverService: UpdateStatusDataFromService: (id:501240541) isMe: false
10-28 19:19:11.301  1424  1912 V FeedReceiverService: Status: sync_anchor: "78859031233429798"
10-28 19:19:11.301  1424  1912 V FeedReceiverService: action: UPDATE
10-28 19:19:11.301  1424  1912 V FeedReceiverService: timestamp: 1288307789000
10-28 19:19:11.301  1424  1912 V FeedReceiverService: message: "Hello hello baby, you called? I can\'t hear a thing."
10-28 19:19:11.301  1424  1912 V FeedReceiverService: providerParams: "{\"statusUid\":170458402971565}"
10-28 19:19:11.301  1424  1912 V FeedReceiverService: isMe: false
10-28 19:19:11.301  1424  1912 V FeedReceiverService: statusId: "170458402971565"
10-28 19:19:11.301  1424  1912 V FeedReceiverService: , message: Hello hello baby, you called? I can't hear a thing.
10-28 19:19:11.301  1424  1912 V FeedReceiverService: Source: 1
10-28 19:19:11.301  1424  1912 V FeedReceiverService: Timestamp:1288307789000
10-28 19:19:11.301  1424  1912 V FeedReceiverService: MOOD ID: 0
10-28 19:19:11.301  1424  1912 V FeedReceiverService: MOOD: null
10-28 19:19:11.301  1424  1912 V FeedReceiverService: External ID: 
10-28 19:19:11.301  1424  1912 V FeedReceiverService: looking up 501240541 from facebook
10-28 19:19:11.333  1325  1982 I SyncDataListener: Preparing to send SYNC intent
10-28 19:19:11.356  1424  1912 V FeedReceiverService: Matching contact (Raw ID) 506
10-28 19:19:11.356  1424  1912 V FeedReceiverService: decodeStatus first: Hello hello baby, you called? I can't hear a thing.
10-28 19:19:11.356  1424  1912 V FeedReceiverService: decodeStatus - decoded: Hello hello baby, you called? I can't hear a thing.
10-28 19:19:11.356  1424  1912 D FeedReceiverService: FeedLoop: added status 513
10-28 19:19:11.356  1424  1912 V FeedReceiverService: addStatusToFriendFeed - Adding status to friend feed for person=506
10-28 19:19:11.364  1424  1912 V FeedReceiverService: Inserting new feed item for status.
10-28 19:19:11.379  1325  1982 I SyncDataListener: Finished sending SYNC intent
10-28 19:19:11.411  1325  1611 I SyncActivityLog: not:Push notification received for sync app id 80
10-28 19:19:12.145  1512  1526 D GroupCache: Groups database table has changed. Refreshing the groups cache
10-28 19:19:12.145  1512  1526 V GroupCache: Clearing pending group cache refresh requests
10-28 19:19:12.145  1512  1526 V GroupCache: Queue group cache refresh request, delayed (ms): 3000
10-28 19:19:12.200  1325  1611 I SyncActivityLog: not:Received notification for SNCommentsSyncHandler.  Delay of 0 ms with signature 61526737.
10-28 19:19:12.200  1325  1611 V SyncActivityLog: not:Stored signature 61526737 for SNCommentsSyncHandler matches 61526737.  Enqueueing.
10-28 19:19:12.200  1325  1611 V SyncEngineController: Enqueuing SNCommentsSyncHandler.  Previous task is done.
10-28 19:19:12.223  1424  1912 V StatusSyncManager: add - adding new push data to queue
10-28 19:19:12.223  1424  1424 D ChipWidgetProvider: Received intent Intent { act=com.motorola.blur.friendfeed.STATUS_ADDED cmp=com.motorola.blur.friendfeed/.widget.SocialWidgetProvider }
10-28 19:19:12.223  1424  1424 D ChipWidgetProvider: a22417 debug in chipwidgetprovider function updatewidget the pendingUpdates is :android.util.SparseIntArray@459efd78
10-28 19:19:12.231  1424  1448 D SocialWidgetProvider: doUpdateWidget id: 2 x: 4 y: 1
10-28 19:19:12.247  1424  1912 V StatusSyncManager: add - finished adding push data to queue
10-28 19:19:12.247  1424  1913 V StatusSyncManager: Preparing to process 1 anchor lists
10-28 19:19:12.247  1424  1913 V StatusSyncManager: Preparing to process status anchor: Friend: 1454411216, Provider: 1, SyncAnchor: 78859031233429799, Type: PUSH
10-28 19:19:12.247  1424  1913 V StatusSyncManager: processStatusAnchor - entered locked code
10-28 19:19:12.247  1424  1448 D SocialWidgetProvider: filterType: 0
10-28 19:19:12.254  1424  1448 D SocialWidgetProvider: filter: read_state=1 AND pub_date>1288221552244 AND owner=0
10-28 19:19:12.262  1325  1611 I SyncActivityLog: not:Creating new sync task for handler name SNCommentsSyncHandler.  Queue size 0.  Forced true
10-28 19:19:12.286  1424  1448 D SocialWidgetProvider: ===== getImageDimens: width=103 height=141
10-28 19:19:12.286  1424  1448 D BlurContactsExtensions: ===== targetSize: width=103 height=141
10-28 19:19:12.317  1325  1984 I SyncActivityLog: ctlr:Starting sync task for SNCommentsSyncHandler
10-28 19:19:12.348  1294  1409 D dalvikvm: GC_FOR_MALLOC freed 10204 objects / 618976 bytes in 54ms
10-28 19:19:12.356  1325  1984 I SyncActivityLog: ctlr:Still enqueued: SNCommentsSyncHandler; 
10-28 19:19:12.356  1325  1984 V ServiceBinder: bind() 0, Intent { act=com.motorola.blur.service.sncomments.sync.SNCommentsSyncHandler }
10-28 19:19:12.372  1424  1448 D BlurContactsExtensions: ===== imageStream: imageWidth=100 imageHeight=95
10-28 19:19:12.372  1424  1448 D BlurContactsExtensions: ===== Using default android decode api...
10-28 19:19:12.372  1424  1448 D BlurContactsExtensions: ===== Android image decode:  downSample=1 downScaleX=0 downScaleY=0
10-28 19:19:12.372  1424  1448 D BlurContactsExtensions: ===== Cropping img: cropWidth=69 cropHeight=95
10-28 19:19:12.387  1325  1325 V ServiceBinder: onServiceConnected() ComponentInfo{com.motorola.blur.friendfeed/com.motorola.blur.friendfeed.FeedReceiverService}
10-28 19:19:12.387  1325  1984 V SyncActivityLog: ctlr:Executing sync protocol for SNCommentsSyncHandler. Sync is  forced.
10-28 19:19:12.387  1424  2002 V BlurSyncProtocolHandler: executeSync: handlerName: SNCommentsSyncHandler, isForced: true
10-28 19:19:12.395  1424  1448 D DateUtil: now.getTimeZone(): Eastern Standard Time
10-28 19:19:12.395  1424  1987 V BlurSyncProtocolHandler: Beginning sync of Friendfeed sync handler mediator.  Forced: true. Batching prohibited: false. Timeout of 120 seconds for completion.
10-28 19:19:12.403  1424  1448 V SocialWidgetProvider: DisplayName: Amanda Shaheen for RawContactId: 506
10-28 19:19:12.434  1424  1448 D SocialWidgetProvider: updated id 2:Hello hello baby, you called? I can't hear a thing.
10-28 19:19:12.465  1340  1340 D dalvikvm: GC_EXPLICIT freed 307 objects / 12288 bytes in 41ms
10-28 19:19:12.465  1424  1913 V StatusSyncManager: processStatusAnchor - exited locked code
10-28 19:19:12.473  1424  1913 V StatusSyncManager: Finished processing status anchor
10-28 19:19:12.473  1424  1913 V StatusSyncManager: Preparing to process status anchor: Friend: 501240541, Provider: 1, SyncAnchor: 78859031233429798, Type: PUSH
10-28 19:19:12.473  1424  1913 V StatusSyncManager: processStatusAnchor - entered locked code
10-28 19:19:12.520  1325  2181 I SyncActivityLog: prot:Friendfeed sync handler mediator: Starting sync
10-28 19:19:12.551  1424  1913 V StatusSyncManager: processStatusAnchor - exited locked code
10-28 19:19:12.551  1424  1913 V StatusSyncManager: Finished processing status anchor
10-28 19:19:12.551  1424  1913 V StatusSyncManager: Finished processing 2 anchors
10-28 19:19:12.551  1424  1913 V StatusSyncManager: Checking for unmatched sync anchors true
10-28 19:19:12.551  1424  1913 V StatusSyncManager: Finished checking for unmatched sync anchors
10-28 19:19:12.590  1325  2967 I SyncActivityLog: prot:Friendfeed sync handler mediator: Getting the client's last anchor
10-28 19:19:12.598  1424  1987 D SNCommentsSyncAdapter: getLastClientAnchor( 1Xservice:blur )
10-28 19:19:12.598  1424  1987 I SNCommentsRequest: SNCommentsRequest.getSyncAnchor()
10-28 19:19:12.598  1424  1987 V 2WySncPrtclMdtr: Client is at anchor 78859031233430508
10-28 19:19:12.598  1424  1987 V ServiceBinder: bind() 0, Intent { act=com.motorola.blur.service.blur.Actions.BIND_SYNC_WSPROXY_SVC }
10-28 19:19:12.606  1424  1424 V ServiceBinder: onServiceConnected() ComponentInfo{com.motorola.blur.service.blur/com.motorola.blur.service.blur.sync.ws.impl.BlurSyncWSClient2}
10-28 19:19:12.637  1325  1352 I SyncActivityLog: prot:Friendfeed sync handler mediator: Calling Blur ws update through proxy.  Attempt 1
10-28 19:19:12.700  1325  1909 V SyncActivityLog: prot:Cache miss for sync app id 80. Must make batching call to cloud.
10-28 19:19:12.754  1325  1909 V SyncUpdateManager: Batching app ids: [20, 60, 50, 40, 70, 31, 80, 2, 5]; is secure: false
10-28 19:19:12.793  1325  1630 D WSBase  : processing request: sync/1/updates
10-28 19:19:12.895  1325  1630 I WSBase  : doRequest(): url: http://ws-cloud216-blur.svcmot.com:80/blur-services-1.0/ws/sync/1/updates/0000019A50D8/4503599654260952?k=android&l=100000019a50d8&f=pb&p=163&h=CEGsRF3.RcN5TpTwFfHDMKXhPMs&of=0&ssl=0
10-28 19:19:13.310  1235  1243 V DeviceStorageMonitorService: freeMemory=6643634176
10-28 19:19:13.310  1235  1243 V DeviceStorageMonitorService: Threshold Percentage=10
10-28 19:19:13.310  1235  1243 V DeviceStorageMonitorService: mTotalMemory = 70264913
10-28 19:19:13.310  1235  1243 I DeviceStorageMonitorService: Posting Message again
10-28 19:19:13.418  1316  1316 I AtCmdDelegate: handle message:1
10-28 19:19:13.458  1235  1487 D AlarmManagerService: Kernel timezone updated to 240 minutes west of GMT
10-28 19:19:13.465  1316  1316 D SystemClock: Setting time of day to sec=1288307954
10-28 19:19:14.089  1235  1243 D KeyguardUpdateMonitor: received broadcast android.intent.action.TIME_SET
10-28 19:19:14.089  1235  1259 D KeyguardUpdateMonitor: handleTimeUpdate
10-28 19:19:14.433  1563  6599 D CalAppWidgetService: SERVICE RUN: widgetId: 9
10-28 19:19:14.433  1563  6599 D CalAppWidgetService: spanX: 4
10-28 19:19:14.441  1563  6599 D CalAppWidgetService: spanX: 1
10-28 19:19:14.480  1563  1563 D AlertReceiver: onReceive: a=android.intent.action.TIME_SET Intent { act=android.intent.action.TIME_SET flg=0x20000000 cmp=com.android.calendar/.AlertReceiver }
10-28 19:19:14.503  1561  1561 I FotaAutoUpdate: autoUpdateFeatureOn:falseautoUpdateAirtimeFree:falseautoUpdateInterval:1209600autoUpdateImplicitDeferInterval:86400autoUpdateAfterMDNChangeInterval:120
10-28 19:19:14.503  1561  1561 I FotaAutoUpdate: onStart Called:android.intent.action.TIME_SET
10-28 19:19:14.503  1561  1561 V FotaAutoUpdate: mServiceHandler is not null
10-28 19:19:14.519  1563  6600 D AlertService: 0 Action = android.intent.action.TIME_SET
10-28 19:19:14.527  1561  6601 I FotaAutoUpdate: handleMessage(android.intent.action.TIME_SET)
10-28 19:19:14.534  1563  6599 D CalAppWidgetService: Widget Calendar Selection string: Calendars.SELECTED=1
10-28 19:19:14.550  1563  6599 D CalAppWidgetService: WVGA device
10-28 19:19:14.550  1563  6600 D Calendar: missed alarms found: 0
10-28 19:19:14.550  1563  6599 D CalAppWidgetService: 4x1
10-28 19:19:14.558  1563  6599 D CalAppWidgetService: setHeader() - went into high density if
10-28 19:19:14.597  1563  6599 D CalAppWidgetService: no requested update or expired wakelock, bailing
10-28 19:19:14.644  1340  1340 D dalvikvm: GC_EXPLICIT freed 4429 objects / 207352 bytes in 47ms
10-28 19:19:14.667  1563  6600 D AlertService: alert count:1
10-28 19:19:14.667  1563  6600 D AlertService: alarmTime:1288303200000 alertId:37 eventId:181 state: 1 minutes:120 declined:false beginTime:1288310400000 endTime:1288396800000
10-28 19:19:14.730  1563  6600 D AlertService: ###### creating new alarm notification, numReminders: 1 QUIET
10-28 19:19:15.199  1316  1394 I global  : Default buffer size used in BufferedOutputStream constructor. It would be better to be explicit if an 8k buffer is required.
10-28 19:19:15.207  1316  1316 D SMSDispatcher: New SMS Message Received
10-28 19:19:15.261  1651  1651 V sms     : received SMS is not '//F1' sms!
10-28 19:19:15.277  1544  1544 V SmsReceiver: beginStartingService - START
10-28 19:19:15.277  1544  1544 V SmsReceiver: beginStartingService - synchronized
10-28 19:19:15.277  1544  1544 V SmsReceiver: beginStartingService - Power waked lock acquire request
10-28 19:19:15.277  1544  1544 V SmsReceiver: beginStartingService - Power waked lock acquire done
10-28 19:19:15.277  1544  1544 V MessageUtils: MSG-THREAD START - startService, intent=Intent { act=android.provider.Telephony.SMS_RECEIVED cmp=com.motorola.blur.conversations/.transaction.SmsReceiverService (has extras) }
10-28 19:19:15.277  1544  1544 V SmsReceiver: beginStartingService - END
10-28 19:19:15.308  1544  6602 V MessageUtils: MSG-THREAD END - startService
10-28 19:19:15.308  1544  1544 V SmsReceiverService: onCreate() - START
10-28 19:19:15.316  1544  1544 V SmsReceiverService: onCreate() - END
10-28 19:19:15.316  1544  1544 V SmsReceiverService: onStartCommand() - START, startId=1, intent=Intent { act=android.provider.Telephony.SMS_RECEIVED cmp=com.motorola.blur.conversations/.transaction.SmsReceiverService (has extras) }
10-28 19:19:15.316  1544  1544 V SmsReceiverService: onStartCommand() - END
10-28 19:19:15.339  1235  2149 I ActivityManager: Starting activity: Intent { flg=0x30000000 cmp=com.snakefish.visms/.IncomingMessage (has extras) }
10-28 19:19:15.417  1844  1844 W WidgetAidService: BroadcastReceiver onReceive called
10-28 19:19:15.433  6054  6054 V SmsDbAdapter: Entering value with threadId = 0
10-28 19:19:15.441  1844  1844 D WidgetAidService: ACTION_HOME_SCREEN_CHANGED - -1
10-28 19:19:15.441  1844  1844 D WidgetAidService: HomeScreen has lost focus, store the previous state and move to pause
10-28 19:19:15.441  1844  1844 D WidgetAidService: Ignoring the HOME_SCREEN_CHANGED notification as the player is either in paused/playing state
10-28 19:19:15.456  1544  6603 V SmsReceiverService: Handling incoming message - START: { what=0 when=61529654 arg1=1 obj=Intent { act=android.provider.Telephony.SMS_RECEIVED cmp=com.motorola.blur.conversations/.transaction.SmsReceiverService (has extras) } }
10-28 19:19:15.464  1544  6603 V SmsReceiverService: handleSmsReceived() - START
10-28 19:19:15.472  1544  6603 V MessageUtils: MSG-TABLE - query START, uri=content://com.android.contacts/data, projection=(data1 data3 display_name contact_id contact_status ), selection=PHONE_NUMBERS_EQUAL(data1,?) AND mimetype='vnd.android.cursor.item/phone_v2', args=(5704000104 )
10-28 19:19:15.503  6054  6054 I TTS received: : New message received
10-28 19:19:15.511  1437  1441 V TtsService: TTS service received New message received
10-28 19:19:15.511  1437  1441 I TtsService: Stopping
10-28 19:19:15.511  1437  1441 I TtsService: Stopped
10-28 19:19:15.511  1437  1441 V TtsService: TTS processing: New message received
10-28 19:19:15.519  1437  6604 V TtsService: TtsService.setLanguage(eng, USA, )
10-28 19:19:15.519  1437  6604 I SVOX Pico Engine: Language already loaded (en-US == en-US)
10-28 19:19:15.519  1437  6604 I SynthProxy: setting speech rate to 100
10-28 19:19:15.519  1437  6604 I SynthProxy: setting pitch to 100
10-28 19:19:15.628  1138  1232 D AudioHardwareMot: AudioStreamOut::wake: disabling SRC
10-28 19:19:15.637  1138  1232 D AudioHardwareMot: Output 0xb668 exiting standby
10-28 19:19:15.706  1138  1232 D AudioHardwareMot: AudioStreamOutMot::setParameters() fm_attenuate=0;fm_mute=0
10-28 19:19:15.730  1544  6603 V MessageUtils: MSG-TABLE - query END, counter=-23, cursor=android.content.ContentResolver$CursorWrapperInner@458f0a30, stack= <- log <- verbose <- query <- queryContactInfoByNumber <- getContactInfoForPhoneNumber
10-28 19:19:15.784  1544  6603 V MessageUtils: MSG-TABLE - close, counter=-24, cursor=android.content.ContentResolver$CursorWrapperInner@458f0a30, stack= <- log <- verbose <- closeCursor <- queryContactInfoByNumber <- getContactInfoForPhoneNumber
10-28 19:19:15.792  1544  6603 V MessageSettings: getAnonymousRecipientPrompt, result=50856042
10-28 19:19:15.808  1544  6603 V Telephony: getOrCreateThreadId uri: content://mms-sms/threadID?recipient=5704000104
10-28 19:19:15.831  1294  1409 D DEBUG   : Selection used is -null
10-28 19:19:15.847  1544  6603 V Telephony: getOrCreateThreadId cursor cnt: 1
10-28 19:19:15.847  1512  1526 D GroupCache: Getting user-defined groups
10-28 19:19:15.863  1512  1526 D GroupCache: Encountered group title, Family
10-28 19:19:15.878  1512  1526 D GroupCache: Encountered group title, Imported Contacts
10-28 19:19:15.894  1512  1526 D GroupCache: Encountered group title, Usability
10-28 19:19:15.917  1512  1526 D GroupCache: Encountered source name, null
10-28 19:19:15.925  1512  1526 D SourceCache: Returning stroed ICON FOR-com.motorola.android.buacontactadapter:Phone:
10-28 19:19:15.925  1512  1526 D GroupCache: Encountered source name, blur
10-28 19:19:15.925  1512  1526 D GroupCache: Encountered source name, null
10-28 19:19:15.925  1512  1526 D GroupCache: Encountered source name, facebook
10-28 19:19:15.925  1512  1526 D SourceCache: Returning stroed ICON FOR-com.motorola.blur.service.bsutils.MOTHER_USER_CREDS_TYPE:a0000022712d6a6532772297749992488@random.svcmot.com:facebook
10-28 19:19:15.925  1512  1526 D GroupCache: Encountered source name, facebook
10-28 19:19:15.933  1512  1526 D SourceCache: Returning stroed ICON FOR-com.motorola.blur.service.bsutils.MOTHER_USER_CREDS_TYPE:a0000022712d6a6532772297749992488@random.svcmot.com:facebook
10-28 19:19:15.933  1512  1526 D GroupCache: Notifying observers of the group cache that its state has changed
10-28 19:19:16.144  1544  6603 V Recycler: deleteOldMessagesByThread this: com.motorola.blur.conversations.util.Recycler@458fb998 threadId: 9
10-28 19:19:16.152  1544  6603 V Recycler: deleteMessagesForThread
10-28 19:19:16.152  1544  6603 V MessageUtils: MSG-TABLE - query START, uri=content://mms-sms/sortedConversations/9, projection=(sort_index ), selection=null, args=
10-28 19:19:16.199  1544  6603 V MessageUtils: MSG-TABLE - query END, counter=-23, cursor=android.content.ContentResolver$CursorWrapperInner@4593c4c0, stack= <- log <- verbose <- query <- deleteMessagesForThread <- deleteOldMessagesByThread
10-28 19:19:16.199  1544  6603 V Recycler: deleteMessagesForThread keep: 200 count: 7 numberToDelete: -193
10-28 19:19:16.199  1544  6603 V MessageUtils: MSG-TABLE - close, counter=-24, cursor=android.content.ContentResolver$CursorWrapperInner@4593c4c0, stack= <- log <- verbose <- closeCursor <- deleteMessagesForThread <- deleteOldMessagesByThread
10-28 19:19:16.199  1544  6603 D SmsReceiverService: SMS-STATUS - SMS Received, messageUri: content://sms/82, errorCode: 0, address: 5704000104, body: Hey
10-28 19:19:16.199  1544  6603 V MessageUtils: MSG-TABLE - query START, uri=content://mms, projection=(thread_id date _id sub sub_cs ), selection=(msg_box=1 AND seen=0 AND (m_type=132)), args=
10-28 19:19:16.214  1544  6603 V MessageUtils: MSG-TABLE - query END, counter=-23, cursor=android.content.ContentResolver$CursorWrapperInner@458dc6f0, stack= <- log <- verbose <- query <- getMmsNewMessageNotificationInfo <- updateNewMessageIndicator
10-28 19:19:16.214  1544  6603 V MessageUtils: MSG-TABLE - close, counter=-24, cursor=android.content.ContentResolver$CursorWrapperInner@458dc6f0, stack= <- log <- verbose <- closeCursor <- getMmsNewMessageNotificationInfo <- updateNewMessageIndicator
10-28 19:19:16.222  1544  6603 V MessageUtils: MSG-TABLE - query START, uri=content://sms, projection=(thread_id date address subject body priority ), selection=(type = 1 AND seen = 0), args=
10-28 19:19:16.230  1544  6603 V MessageUtils: MSG-TABLE - query END, counter=-23, cursor=android.content.ContentResolver$CursorWrapperInner@459a0a78, stack= <- log <- verbose <- query <- getSmsNewMessageNotificationInfo <- updateNewMessageIndicator
10-28 19:19:16.238  1544  6603 D wubo    : a22417 in getContactName the address comin is :5704000104
10-28 19:19:16.238  1544  6603 D wubo    : a22417 in getContactName the TMConversationUtils.isMultiAddress(address) :false
10-28 19:19:16.238  1544  6603 D wubo    : case 1 a22417 in resolveSingleAddressToName the name  is :null
10-28 19:19:16.238  1544  6603 D wubo    : case 2 a22417 in resolveSingleAddressToName the name  is :null
10-28 19:19:16.300  1544  6603 D wubo    : a22417 in getContactName the address comin is :5704000104
10-28 19:19:16.300  1544  6603 D wubo    : a22417 in getContactName the TMConversationUtils.isMultiAddress(address) :false
10-28 19:19:16.300  1544  6603 D wubo    : case 1 a22417 in resolveSingleAddressToName the name  is :null
10-28 19:19:16.300  1544  6603 D wubo    : case 2 a22417 in resolveSingleAddressToName the name  is :null
10-28 19:19:16.363  1544  6603 V MessageUtils: MSG-TABLE - close, counter=-24, cursor=android.content.ContentResolver$CursorWrapperInner@459a0a78, stack= <- log <- verbose <- closeCursor <- getSmsNewMessageNotificationInfo <- updateNewMessageIndicator
10-28 19:19:16.425  1544  6603 V AccountStatusHelpers:  updateStatus() - updating account, account=-100 type=2 extra=4
10-28 19:19:16.542  1466  1466 D ChipWidgetProvider: Received intent Intent { act=com.motorola.blur.messaging.SMS_RECEIVED_ACTION dat=content://sms/82 cmp=com.motorola.blur.home.message/.MessageWidgetProvider (has extras) }
10-28 19:19:16.542  1466  1466 D ChipWidgetProvider: a22417 debug in chipwidgetprovider function updatewidget the pendingUpdates is :android.util.SparseIntArray@459eb0e8
10-28 19:19:16.566  1713  1713 D BlurNewMessageActionRec: received Intent { act=com.motorola.blur.messaging.SMS_RECEIVED_ACTION dat=content://sms/82 cmp=com.motorola.blur.contacts.data/.BlurNewMessageActionReceiver (has extras) }
10-28 19:19:16.613  1544  6603 D wubo    : a22417 in getContactName the address comin is :5704000104
10-28 19:19:16.620  1544  6603 D wubo    : a22417 in getContactName the TMConversationUtils.isMultiAddress(address) :false
10-28 19:19:16.620  1466  6606 V ServiceThreadPool: beforeExecute():  active threads: 1, current pool size: 4, largest pool size: 8
10-28 19:19:16.636  1713  1713 D BlrMsgWatcherService: started with Intent { act=com.motorola.blur.MessageWatcher.ACTION_MESSAGES_AVAILABLE (has extras) }
10-28 19:19:16.636  1713  1713 D BlrMsgWatcherService: Going to sleep ...zzz
10-28 19:19:16.636  1544  6603 D wubo    : case 1 a22417 in resolveSingleAddressToName the name  is :null
10-28 19:19:16.659  1466  6606 V MessageWidgetProvider: initialized CharsetUtil in0ms
10-28 19:19:16.675  1544  6603 D wubo    : case 2 a22417 in resolveSingleAddressToName the name  is :null
10-28 19:19:16.683  1317  2828 D BlurSNMessagingEngine: SNMessagingProvider::getDatabase called
10-28 19:19:16.714  1466  1476 D wubo    : a22417 in getContactName the address comin is :5704000104
10-28 19:19:16.714  1466  1476 D wubo    : a22417 in getContactName the TMConversationUtils.isMultiAddress(address) :false
10-28 19:19:16.714  1466  1476 D wubo    : case 1 a22417 in resolveSingleAddressToName the name  is :null
10-28 19:19:16.714  1466  1476 D wubo    : case 2 a22417 in resolveSingleAddressToName the name  is :null
10-28 19:19:16.855  1466  1476 D TextMsgTransport: case 1 wubo a22417 in getSender the name is :Jim Dudish
10-28 19:19:16.855  1466  1476 D TextMsgTransport: case 1 wubo a22417 in getSender the address is :5704000104
10-28 19:19:16.894  1466  1476 D TextMsgTransport: case 2 wubo a22417 in getSender the name is :Jim Dudish
10-28 19:19:16.894  1466  1476 V TextMsgTransport: DataId: 4488 ContactId: 649 DisplayName >Jim Dudish< when filtering for >5704000104<
10-28 19:19:16.949  1466  1476 D BlurContactsExtensions: ===== targetSize: width=125 height=150
10-28 19:19:17.113  1466  1476 D DateUtil: now.getTimeZone(): Eastern Standard Time
10-28 19:19:17.175  1340  1340 D dalvikvm: GC_EXPLICIT freed 473 objects / 18224 bytes in 41ms
10-28 19:19:17.183  1713  6607 D BlrMsgWatcherService: SmsObserver: lastUpdate=1288306413916
10-28 19:19:17.206  1713  6607 D BlrMsgWatcherService: 1 new items since 1288306413916 for SmsObserver
10-28 19:19:17.206  1713  6607 D BlrMsgWatcherService: findPerson query start, uri = content://com.motorola.blur.contacts.extensions/phone_lookup/5704000104?limit=1
10-28 19:19:17.222  1294  2080 D DEBUG   : Selection used is -null
10-28 19:19:17.230  1713  6607 D BlrMsgWatcherService: findPerson cursor count =1
10-28 19:19:17.269  1713  6607 V BlrMsgWatcherService: RawContactId: 647 Communication history: 7 [Limit: 10]
10-28 19:19:17.277  1713  6607 V BlrMsgWatcherService: Inserting row into URI: content://com.android.contacts/data
10-28 19:19:17.292  1544  6603 D MessagingUtils HDMI: isHdmiOn status : false
10-28 19:19:17.292  1544  6603 D SmsReceiverService: HDMI handleHdmiSmsReceived from address : Jim Dudish
10-28 19:19:17.292  1544  6603 V SmsReceiverService: handleSmsReceived() - END
10-28 19:19:17.292  1544  6603 V SmsReceiver: finishStartingService - START
10-28 19:19:17.292  1544  6603 V SmsReceiver: finishStartingService - release
10-28 19:19:17.292  1544  1544 V SmsReceiverService: onDestroy()
10-28 19:19:17.300  1544  6603 V SmsReceiver: finishStartingService - END
10-28 19:19:17.300  1544  6603 V SmsReceiverService: Handling incoming message - END
10-28 19:19:17.402  1512  1526 D GroupCache: Groups database table has changed. Refreshing the groups cache
10-28 19:19:17.402  1512  1526 V GroupCache: Queue group cache refresh request, delayed (ms): 3000
10-28 19:19:17.417  1713  6607 V BlrMsgWatcherService: Inserted data row: content://com.android.contacts/data/11902?caller_is_syncadapter=true
10-28 19:19:17.425  1713  6607 D BlrMsgWatcherService: lastUpdate now 1288307955473
10-28 19:19:19.956  1316  1316 I AtCmdDelegate: handle message:1
10-28 19:19:19.988  1235  1492 D AlarmManagerService: Kernel timezone updated to 240 minutes west of GMT
10-28 19:19:19.995  1138  1232 D AudioHardwareMot: AudioStreamOutMot::standby called
10-28 19:19:19.995  1138  1232 D AudioHardwareMot: Output 0xb668 entering standby
10-28 19:19:19.995  1138  1232 D AudioHardwareMot: Closing Output device
10-28 19:19:20.097  1325  1325 I LittleSister: onCellLocationChanged(): got cell location that isn't gsm, ignoring...
10-28 19:19:20.191  1325  1909 V SyncActivityLog: prot:Client sync app id 20 is already up-to-date.
10-28 19:19:20.222  1325  1630 W dalvikvm: PGC: map but no entry for Lcom/motorola/blur/service/sync/protocol/SyncWsProtocol$WSUpdateResponse;.hasMessageVersion addr=0xdc31f62e
10-28 19:19:20.284  1325  1630 D dalvikvm: GC_FOR_MALLOC freed 9489 objects / 444856 bytes in 87ms
10-28 19:19:20.300  1325  1909 V SyncActivityLog: prot:Client sync app id 60 is already up-to-date.
10-28 19:19:20.347  1325  1909 V SyncActivityLog: prot:Client sync app id 50 is already up-to-date.
10-28 19:19:20.347  1325  1630 D WSBase  : doRequest(): sync/1/updates resp length: 1615
10-28 19:19:20.370  1325  1909 V SyncActivityLog: prot:Client sync app id 40 is already up-to-date.
10-28 19:19:20.402  1325  1909 V SyncActivityLog: prot:Client sync app id 70 is already up-to-date.
10-28 19:19:20.441  1325  1909 V SyncActivityLog: prot:Caching update for sync app id 31 from anchor 78859031233429797 to 78859031233429799 and is_more false
10-28 19:19:20.456  1294  2082 D DEBUG   : Selection used is -null
10-28 19:19:20.456  1512  1526 D GroupCache: Getting user-defined groups
10-28 19:19:20.456  1512  1526 D GroupCache: Encountered group title, Family
10-28 19:19:20.464  1512  1526 D GroupCache: Encountered group title, Imported Contacts
10-28 19:19:20.472  1512  1526 D GroupCache: Encountered group title, Usability
10-28 19:19:20.480  1512  1526 D GroupCache: Encountered source name, null
10-28 19:19:20.480  1512  1526 D SourceCache: Returning stroed ICON FOR-com.motorola.android.buacontactadapter:Phone:
10-28 19:19:20.480  1512  1526 D GroupCache: Encountered source name, blur
10-28 19:19:20.480  1512  1526 D GroupCache: Encountered source name, null
10-28 19:19:20.480  1512  1526 D GroupCache: Encountered source name, facebook
10-28 19:19:20.480  1512  1526 D SourceCache: Returning stroed ICON FOR-com.motorola.blur.service.bsutils.MOTHER_USER_CREDS_TYPE:a0000022712d6a6532772297749992488@random.svcmot.com:facebook
10-28 19:19:20.480  1512  1526 D GroupCache: Encountered source name, facebook
10-28 19:19:20.480  1512  1526 D SourceCache: Returning stroed ICON FOR-com.motorola.blur.service.bsutils.MOTHER_USER_CREDS_TYPE:a0000022712d6a6532772297749992488@random.svcmot.com:facebook
10-28 19:19:20.488  1512  1526 D GroupCache: Notifying observers of the group cache that its state has changed
10-28 19:19:20.831  1325  1909 I SyncActivityLog: not:Forcing sync now of sync app id 31
10-28 19:19:20.909  1325  1909 I SyncActivityLog: not:Received notification for StatusSyncHandler.  Delay of 0 ms with signature 61535181.
10-28 19:19:20.917  1325  1611 V SyncActivityLog: not:Stored signature 61535181 for StatusSyncHandler matches 61535181.  Enqueueing.
10-28 19:19:20.917  1325  1611 V SyncEngineController: Enqueuing StatusSyncHandler.  Previous task is done.
10-28 19:19:20.917  1325  1909 V SyncActivityLog: prot:Client sync app id 2 is already up-to-date.
10-28 19:19:20.980  1325  1611 I SyncActivityLog: not:Creating new sync task for handler name StatusSyncHandler.  Queue size 0.  Forced true
10-28 19:19:20.988  1325  1909 V SyncActivityLog: prot:Client sync app id 5 is already up-to-date.
10-28 19:19:21.035  1424  1987 V GtUpdtFrmWSColl: No further changes on server for app id 80
10-28 19:19:21.106  1325  1926 I SyncActivityLog: prot:Friendfeed sync handler mediator: Updating adapter with server changes.  Attempt 1
10-28 19:19:21.113  1424  1987 D SNCommentsSyncAdapter: updateClient( base:78859031233430508 anchor:78859031233430518 )
10-28 19:19:21.113  1424  1987 D SNCommentsRequest: SNCommentsRequest.onComments( anchorChanges:78859031233430518 )
10-28 19:19:21.183  1424  1987 D FeedReceiverService: Comments received!
10-28 19:19:21.199  1424  1987 D FeedReceiverService: Writing comments: comments {
10-28 19:19:21.199  1424  1987 D FeedReceiverService:   provider: "facebook"
10-28 19:19:21.199  1424  1987 D FeedReceiverService:   items {
10-28 19:19:21.199  1424  1987 D FeedReceiverService:     type: "STATUS"
10-28 19:19:21.199  1424  1987 D FeedReceiverService:     typeId: "170794876271413"
10-28 19:19:21.199  1424  1987 D FeedReceiverService:     fromId: "620781486"
10-28 19:19:21.199  1424  1987 D FeedReceiverService:     total: 1
10-28 19:19:21.199  1424  1987 D FeedReceiverService:     comments {
10-28 19:19:21.199  1424  1987 D FeedReceiverService:       commentId: "1976814"
10-28 19:19:21.199  1424  1987 D FeedReceiverService:       fromId: "558614855"
10-28 19:19:21.199  1424  1987 D FeedReceiverService:       fromName: "Alexandra Hyman"
10-28 19:19:21.199  1424  1987 D FeedReceiverService:       fromPicUrl: "http://profile.ak.fbcdn.net/hprofile-ak-snc4/hs321.snc4/41368_558614855_9005_s.jpg"
10-28 19:19:21.199  1424  1987 D FeedReceiverService:       timestamp: 1288306778000
10-28 19:19:21.199  1424  1987 D FeedReceiverService:       text: "who are you people?"
10-28 19:19:21.199  1424  1987 D FeedReceiverService:     }
10-28 19:19:21.199  1424  1987 D FeedReceiverService:     numLikes: 3
10-28 19:19:21.199  1424  1987 D FeedReceiverService:   }
10-28 19:19:21.199  1424  1987 D FeedReceiverService: }
10-28 19:19:21.199  1424  1987 D FeedReceiverService: comments {
10-28 19:19:21.199  1424  1987 D FeedReceiverService:   provider: "facebook"
10-28 19:19:21.199  1424  1987 D FeedReceiverService:   items {
10-28 19:19:21.199  1424  1987 D FeedReceiverService:     type: "STATUS"
10-28 19:19:21.199  1424  1987 D FeedReceiverService:     typeId: "170840012927807"
10-28 19:19:21.199  1424  1987 D FeedReceiverService:     fromId: "1454411216"
10-28 19:19:21.199  1424  1987 D FeedReceiverService:     total: 1
10-28 19:19:21.199  1424  1987 D FeedReceiverService:     comments {
10-28 19:19:21.199  1424  1987 D FeedReceiverService:       commentId: "1977011"
10-28 19:19:21.199  1424  1987 D FeedReceiverService:       fromId: "1121620800"
10-28 19:19:21.199  1424  1987 D FeedReceiverService:       fromName: "Deena Brighton Turek"
10-28 19:19:21.199  1424  1987 D FeedReceiverService:       fromPicUrl: "http://profile.ak.fbcdn.net/hprofile-ak-snc4/hs352.snc4/41656_1121620800_5155283_s.jpg"
10-28 19:19:21.199  1424  1987 D FeedReceiverService:       timestamp: 1288306660000
10-28 19:19:21.199  1424  1987 D FeedReceiverService:       text: "I will miss you!  :("
10-28 19:19:21.199  1424  1987 D FeedReceiverService:     }
10-28 19:19:21.199  1424  1987 D FeedReceiverService:     numLikes: 0
10-28 19:19:21.199  1424  1987 D FeedReceiverService:   }
10-28 19:19:21.199  1424  1987 D FeedReceiverService: }
10-28 19:19:21.199  1424  1987 D FeedReceiverService: comments {
10-28 19:19:21.199  1424  1987 D FeedReceiverService:   provider: "facebook"
10-28 19:19:21.199  1424  1987 D FeedReceiverService:   items {
10-28 19:19:21.199  1424  1987 D FeedReceiverService:     type: "STATUS"
10-28 19:19:21.199  1424  1987 D FeedReceiverService:     typeId: "165087060175598"
10-28 19:19:21.199  1424  1987 D FeedReceiverService:     fromId: "1461840113"
10-28 19:19:21.199  1424  1987 D FeedReceiverService:     total: 1
10-28 19:19:21.199  1424  1987 D FeedReceiverService:     comments {
10-28 19:19:21.199  1424  1987 D FeedReceiverService:       commentId: "1823331"
10-28 19:19:21.199  1424  1987 D FeedReceiverService:       fromId: "1191094190"
10-28 19:19:21.199  1424  1987 D FeedReceiverService:       fromName: "Chris Decker"
10-28 19:19:21.199  1424  1987 D FeedReceiverService:       fromPicUrl: "http://profile.ak.fbcdn.net/hprofile-ak-snc4/hs329.snc4/41542_1191094190_2550281_s.jpg"
10-28 19:19:21.199  1424  1987 D FeedReceiverService:       timestamp: 1288304131000
10-28 19:19:21.199  1424  1987 D FeedReceiverService:       text: "<3"
10-28 19:19:21.199  1424  1987 D FeedReceiverService:     }
10-28 19:19:21.199  1424  1987 D FeedReceiverService:     numLikes: 0
10-28 19:19:21.199  1424  1987 D FeedReceiverService:   }
10-28 19:19:21.199  1424  1987 D FeedReceiverService: }
10-28 19:19:21.199  1424  1987 D FeedReceiverService: comments {
10-28 19:19:21.199  1424  1987 D FeedReceiverService:   provider: "facebook"
10-28 19:19:21.199  1424  1987 D FeedReceiverService:   items {
10-28 19:19:21.199  1424  1987 D FeedReceiverService:     type: "STATUS"
10-28 19:19:21.199  1424  1987 D FeedReceiverService:     typeId: "101911393212606"
10-28 19:19:21.199  1424  1987 D FeedReceiverService:     fromId: "711101213"
10-28 19:19:21.199  1424  1987 D FeedReceiverService:     total: 1
10-28 19:19:21.199  1424  1987 D FeedReceiverService:     numLikes: 2
10-28 19:19:21.199  1424  1987 D FeedReceiverService:     likes {
10-28 19:19:21.199  1424  1987 D FeedReceiverService:       id: "1461840015"
10-28 19:19:21.199  1424  1987 D FeedReceiverService:       profileUrl: "http://touch.facebook.com/#/profile.php?id=1461840015"
10-28 19:19:21.199  1424  1987 D FeedReceiverService:       picUrl: "http://profile.ak.fbcdn.net/hprofile-ak-snc4/hs251.snc3/23080_1461840015_1922_s.jpg"
10-28 19:19:21.199  1424  1987 D FeedReceiverService:       name: "Jen Hay"
10-28 19:19:21.199  1424  1987 D FeedReceiverService:     }
10-28 19:19:21.199  1424  1987 D FeedReceiverService:   }
10-28 19:19:21.199  1424  1987 D FeedReceiverService: }
10-28 19:19:21.199  1424  1987 D FeedReceiverService: comments {
10-28 19:19:21.199  1424  1987 D FeedReceiverService:   provider: "facebook"
10-28 19:19:21.199  1424  1987 D FeedReceiverService:   items {
10-28 19:19:21.199  1424  1987 D FeedReceiverService:     type: "STATUS"
10-28 19:19:21.199  1424  1987 D FeedReceiverService:     typeId: "157183957651250"
10-28 19:19:21.199  1424  1987 D FeedReceiverService:     fromId: "518410624"
10-28 19:19:21.199  1424  1987 D FeedReceiverService:     total: 1
10-28 19:19:21.199  1424  1987 D FeedReceiverService:     numLikes: 1
10-28 19:19:21.199  1424  1987 D FeedReceiverService:     likes {
10-28 19:19:21.199  1424  1987 D FeedReceiverService:       id: "570140297"
10-28 19:19:21.199  1424  1987 D FeedReceiverService:       profileUrl: "http://touch.facebook.com/#/profile.php?id=570140297"
10-28 19:19:21.199  1424  1987 D FeedReceiverService:       picUrl: "http://profile.ak.fbcdn.net/hprofile-ak-snc4/hs172.ash2/41641_570140297_711568_s.jpg"
10-28 19:19:21.199  1424  1987 D FeedReceiverService:       name: "Jaci Hall"
10-28 19:19:21.199  1424  1987 D FeedReceiverService:     }
10-28 19:19:21.199  1424  1987 D FeedReceiverService:   }
10-28 19:19:21.199  1424  1987 D FeedReceiverService: }
10-28 19:19:21.199  1424  1987 D FeedReceiverService: Received comment request action 0
10-28 19:19:21.214  1424  1987 V FeedReceiverService: meFriendRawId 403 for ProviderName facebook
10-28 19:19:21.214  1424  1987 D FeedReceiverService: Working through 1 items with comments.
10-28 19:19:21.222  1424  1987 D FeedReceiverService: Received comments for item 2586
10-28 19:19:21.222  1424  1987 V FeedReceiverService: ProviderName: facebook
10-28 19:19:21.331  1235  1889 D dalvikvm: GC_EXPLICIT freed 28874 objects / 1226760 bytes in 101ms
10-28 19:19:21.355  1424  1987 V FeedReceiverService: AccountsTableID:1 ExternalSourceID:558614855
10-28 19:19:21.363  1424  1987 V FeedReceiverService: Raw contact table values null
10-28 19:19:21.706  1424  1987 D FeedReceiverService: Total comment count: 3
10-28 19:19:21.730  1424  1987 D FeedReceiverService: Received comment request action 0
10-28 19:19:21.769  1424  1987 V FeedReceiverService: meFriendRawId 403 for ProviderName facebook
