10-28 19:19:21.769  1424  1987 D FeedReceiverService: Working through 1 items with comments.
10-28 19:19:21.784  1424  1987 D FeedReceiverService: Received comments for item 2697
10-28 19:19:21.784  1424  1987 V FeedReceiverService: ProviderName: facebook
10-28 19:19:21.800  1424  1987 V FeedReceiverService: AccountsTableID:1 ExternalSourceID:1121620800
10-28 19:19:21.824  1424  1987 V FeedReceiverService: Raw contact table values null
10-28 19:19:21.855  1424  1987 D FeedReceiverService: Total comment count: 1
10-28 19:19:21.870  1424  1987 D FeedReceiverService: Received comment request action 0
10-28 19:19:21.894  1424  1987 V FeedReceiverService: meFriendRawId 403 for ProviderName facebook
10-28 19:19:21.894  1424  1987 D FeedReceiverService: Working through 1 items with comments.
10-28 19:19:21.894  1424  1987 D FeedReceiverService: Received comments for item 2693
10-28 19:19:21.894  1424  1987 V FeedReceiverService: ProviderName: facebook
10-28 19:19:21.909  1424  1987 V FeedReceiverService: AccountsTableID:1 ExternalSourceID:1191094190
10-28 19:19:21.933  1424  1987 V FeedReceiverService: Raw contact table values null
10-28 19:19:22.199  1316  1316 I AtCmdDelegate: handle message:1
10-28 19:19:22.253  1235  1454 D AlarmManagerService: Kernel timezone updated to 240 minutes west of GMT
10-28 19:19:22.284  1424  1987 D FeedReceiverService: Total comment count: 1
10-28 19:19:22.378  1424  1987 D FeedReceiverService: Received comment request action 0
10-28 19:19:22.386  1325  1325 I LittleSister: onCellLocationChanged(): got cell location that isn't gsm, ignoring...
10-28 19:19:22.441  1424  1987 V FeedReceiverService: meFriendRawId 403 for ProviderName facebook
10-28 19:19:22.441  1424  1987 D FeedReceiverService: Working through 1 items with comments.
10-28 19:19:22.441  1424  1987 D FeedReceiverService: Received comments for item 2650
10-28 19:19:22.449  1424  1987 D FeedReceiverService: Total comment count: 0
10-28 19:19:22.605  1424  1987 V FeedReceiverService: ProviderName: facebook
10-28 19:19:22.628  1424  1987 V FeedReceiverService: AccountsTableID:1 ExternalSourceID:1461840015
10-28 19:19:22.636  1424  1987 V FeedReceiverService: Raw contact table values null
10-28 19:19:22.738  1424  1987 D FeedReceiverService: Received comment request action 0
10-28 19:19:22.792  1424  1987 V FeedReceiverService: meFriendRawId 403 for ProviderName facebook
10-28 19:19:22.792  1424  1987 D FeedReceiverService: Working through 1 items with comments.
10-28 19:19:22.808  1424  1987 D FeedReceiverService: Received comments for item 2677
10-28 19:19:22.816  1424  1987 D FeedReceiverService: Total comment count: 0
10-28 19:19:22.847  1424  1987 V FeedReceiverService: ProviderName: facebook
10-28 19:19:22.855  1424  1987 V FeedReceiverService: AccountsTableID:1 ExternalSourceID:570140297
10-28 19:19:22.878  1424  1987 V FeedReceiverService: Raw contact table values null
10-28 19:19:22.917  1424  1987 D FeedReceiverService: Sending comments received broadcast for ids (2693,2650,2697,2677,2586)
10-28 19:19:22.917  1424  1987 D SNCommentsSyncAdapter: getLastKnownServerAnchor( service:blur )
10-28 19:19:22.917  1424  1987 D SNCommentsSyncAdapter: getLastClientAnchor( 1Xservice:blur )
10-28 19:19:22.925  1424  1987 I SNCommentsRequest: SNCommentsRequest.getSyncAnchor()
10-28 19:19:22.964  1325  1926 I SyncActivityLog: prot:Friendfeed sync handler mediator: Acking change in the client's anchor
10-28 19:19:23.058  1424  1987 V 2WySncPrtclMdtr: Acknowledged that client anchor is 78859031233430518
10-28 19:19:23.136  1325  1800 I SyncActivityLog: prot:Friendfeed sync handler mediator: Checking for local changes
10-28 19:19:23.144  1424  1987 V 2WySncPrtclMdtr: No client changes.
10-28 19:19:23.214  1325  2181 I SyncActivityLog: prot:Friendfeed sync handler mediator: Success.
10-28 19:19:23.222  1424  1987 V ServiceBinder: unbind(): 1, Intent { act=com.motorola.blur.service.blur.Actions.BIND_SYNC_WSPROXY_SVC }
10-28 19:19:23.277  1325  1984 I SyncActivityLog: ctlr:Sync protocol for SNCommentsSyncHandler completed with status Ok.  Extended status: Success.
10-28 19:19:23.277  1325  1984 V SyncEngineController: Resetting backoff level for SNCommentsSyncHandler
10-28 19:19:23.277  1325  1984 V ServiceBinder: unbind(): 1, Intent { act=com.motorola.blur.service.sncomments.sync.SNCommentsSyncHandler }
10-28 19:19:23.331  1325  1984 I SyncActivityLog: ctlr:Starting sync task for StatusSyncHandler
10-28 19:19:23.394  1325  1984 I SyncActivityLog: ctlr:Still enqueued: StatusSyncHandler; 
10-28 19:19:23.394  1325  1984 V ServiceBinder: bind() 0, Intent { act=com.motorola.blur.service.blur.status.StatusSyncHandler }
10-28 19:19:23.409  1325  1325 V ServiceBinder: onServiceConnected() ComponentInfo{com.motorola.blur.friendfeed/com.motorola.blur.friendfeed.FeedReceiverService}
10-28 19:19:23.409  1325  1984 V SyncActivityLog: ctlr:Executing sync protocol for StatusSyncHandler. Sync is  forced.
10-28 19:19:23.409  1424  2000 V BlurSyncProtocolHandler: executeSync: handlerName: StatusSyncHandler, isForced: true
10-28 19:19:23.417  1424  2021 V BlurSyncProtocolHandler: Beginning sync of Friendfeed sync handler mediator.  Forced: true. Batching prohibited: false. Timeout of 120 seconds for completion.
10-28 19:19:23.456  1325  1923 I SyncActivityLog: prot:Friendfeed sync handler mediator: Starting sync
10-28 19:19:23.503  1325  1909 I SyncActivityLog: prot:Friendfeed sync handler mediator: Getting the client's last anchor
10-28 19:19:23.511  1424  2021 V StatusSyncManager: Detected last status sync anchor as 78859031233429797
10-28 19:19:23.511  1424  2021 V 2WySncPrtclMdtr: Client is at anchor 78859031233429797
10-28 19:19:23.511  1424  2021 V ServiceBinder: bind() 0, Intent { act=com.motorola.blur.service.blur.Actions.BIND_SYNC_WSPROXY_SVC }
10-28 19:19:23.511  1424  1424 V ServiceBinder: onServiceConnected() ComponentInfo{com.motorola.blur.service.blur/com.motorola.blur.service.blur.sync.ws.impl.BlurSyncWSClient2}
10-28 19:19:23.558  1325  1926 I SyncActivityLog: prot:Friendfeed sync handler mediator: Calling Blur ws update through proxy.  Attempt 1
10-28 19:19:23.675  1325  1358 I SyncActivityLog: prot:Update cache hit for sync app id 31
10-28 19:19:23.730  1424  2021 V GtUpdtFrmWSColl: No further changes on server for app id 31
10-28 19:19:23.785  1325  1800 I SyncActivityLog: prot:Friendfeed sync handler mediator: Updating adapter with server changes.  Attempt 1
10-28 19:19:23.792  1424  2021 D BlurSSA : updateClient - entered with server changes
10-28 19:19:23.792  1424  2021 V StatusSyncManager: Checking for unmatched sync anchors false
10-28 19:19:23.800  1424  2021 V StatusSyncManager: Finished checking for unmatched sync anchors
10-28 19:19:23.800  1424  2021 D BlurSSA : updateClient - preparing to parse out change list
10-28 19:19:23.808  1424  2021 D BlurSSA : updateClient - successfully parsed out change list
10-28 19:19:23.808  1424  2021 V StatusSyncManager: Preparing to process 1 anchor lists
10-28 19:19:23.816  1424  2021 V StatusSyncManager: Preparing to process status anchor: Friend: 1454411216, Provider: 1, SyncAnchor: 78859031233429799, Type: SYNC
10-28 19:19:23.816  1424  2021 V StatusSyncManager: processStatusAnchor - entered locked code
10-28 19:19:23.873  1424  2021 V StatusSyncManager: processStatusAnchor - exited locked code
10-28 19:19:23.873  1424  2021 V StatusSyncManager: Finished processing status anchor
10-28 19:19:23.873  1424  2021 V StatusSyncManager: Preparing to process status anchor: Friend: 501240541, Provider: 1, SyncAnchor: 78859031233429798, Type: SYNC
10-28 19:19:23.873  1424  2021 V StatusSyncManager: processStatusAnchor - entered locked code
10-28 19:19:23.909  1424  2021 V StatusSyncManager: processStatusAnchor - exited locked code
10-28 19:19:23.909  1424  2021 V StatusSyncManager: Finished processing status anchor
10-28 19:19:23.909  1424  2021 V StatusSyncManager: Finished processing 2 anchors
10-28 19:19:23.909  1424  2021 D BlurSSA : updateClient - exiting
10-28 19:19:23.909  1424  2021 V StatusSyncManager: Detected last status sync anchor as 78859031233429799
10-28 19:19:23.989  1325  2181 I SyncActivityLog: prot:Friendfeed sync handler mediator: Acking change in the client's anchor
10-28 19:19:24.128  1424  2021 V 2WySncPrtclMdtr: Acknowledged that client anchor is 78859031233429799
10-28 19:19:24.207  1325  1352 I SyncActivityLog: prot:Friendfeed sync handler mediator: Checking for local changes
10-28 19:19:24.214  1424  2021 V 2WySncPrtclMdtr: No client changes.
10-28 19:19:24.284  1325  1923 I SyncActivityLog: prot:Friendfeed sync handler mediator: Success.
10-28 19:19:24.292  1424  2021 V ServiceBinder: unbind(): 1, Intent { act=com.motorola.blur.service.blur.Actions.BIND_SYNC_WSPROXY_SVC }
10-28 19:19:24.355  1325  1984 I SyncActivityLog: ctlr:Sync protocol for StatusSyncHandler completed with status Ok.  Extended status: Success.
10-28 19:19:24.355  1325  1984 V SyncEngineController: Broadcasting sync completed intent with data type status_anchors/blur
10-28 19:19:24.355  1325  1984 V SyncEngineController: Resetting backoff level for StatusSyncHandler
10-28 19:19:24.355  1325  1984 V ServiceBinder: unbind(): 1, Intent { act=com.motorola.blur.service.blur.status.StatusSyncHandler }
10-28 19:19:27.847  3823  6608 I zomut.watchdog.monitor: init
10-28 19:19:27.855  3823  6608 I zomut.watchdog.monitor: begin
10-28 19:19:27.933  3823  6608 D dalvikvm: GC_FOR_MALLOC freed 5895 objects / 571216 bytes in 36ms
10-28 19:19:28.003  3823  6608 D dalvikvm: GC_FOR_MALLOC freed 2950 objects / 502112 bytes in 34ms
10-28 19:19:28.081  3823  6608 D dalvikvm: GC_FOR_MALLOC freed 3145 objects / 512520 bytes in 34ms
10-28 19:19:28.144  3823  6608 I zomut.watchdog.monitor: end
10-28 19:19:48.605  1235  1254 D BatteryTempPolicy: updateBatteryTemp temperature = 270, Threshhold = 3
10-28 19:19:48.605  1235  1243 D KeyguardUpdateMonitor: received broadcast android.intent.action.BATTERY_CHANGED
10-28 19:19:48.613  1235  1259 D KeyguardUpdateMonitor: handleBatteryUpdate
10-28 19:19:48.644  5509  5509 E GlobalUnplugService: plugged = true,mBatteryPlugged=true
10-28 19:19:48.644  1235  1243 D StatusBarPolicy: handleBatteryUpdate
10-28 19:19:50.933  6054  6054 W KeyCharacterMap: Can't open keycharmap file
10-28 19:19:50.933  6054  6054 W KeyCharacterMap: Error loading keycharmap file '/system/usr/keychars/qtouch-touchscreen.kcm.bin'. hw.keyboards.65538.devname='qtouch-touchscreen'
10-28 19:19:50.933  6054  6054 W KeyCharacterMap: Using default keymap: /system/usr/keychars/qwerty.kcm.bin
10-28 19:19:51.183  6054  6054 V SMSDelegate: User pressed search.
10-28 19:19:51.183  1235  1243 I InputManagerService: received close system dialog event
10-28 19:19:51.191  1235  1239 I ActivityManager: Starting activity: Intent { act=android.speech.action.RECOGNIZE_SPEECH cmp=com.google.android.voicesearch/.IntentApiActivity (has extras) }
10-28 19:19:51.214  1544  1544 D ComposeMsgActivity: Power Long Key Press - BroadcastReceiver - START
10-28 19:19:51.245  1544  1544 D ComposeMsgActivity: Power Long Key Press - BroadcastReceiver - END
10-28 19:19:51.253  1544  1544 V MessageUtils: MSG-TABLE - query START, uri=content://sms, projection=(_id body priority ), selection=thread_id=14 AND type=3, args=
10-28 19:19:51.292  1544  1544 V MessageUtils: MSG-TABLE - query END, counter=-23, cursor=android.content.ContentResolver$CursorWrapperInner@45954358, stack= <- log <- verbose <- query <- queryDraftSmsMessage <- deleteTemporarySmsMessage
10-28 19:19:51.300  1544  1544 V MessageUtils: MSG-TABLE - close, counter=-24, cursor=android.content.ContentResolver$CursorWrapperInner@45954358, stack= <- log <- verbose <- closeCursor <- deleteTemporarySmsMessage <- access$4800
10-28 19:19:51.339  1544  6614 V MessageUtils: MSG-TABLE - query START, uri=content://mms-sms/draft, projection=(thread_id ), selection=null, args=
10-28 19:19:51.347  1544  6614 V MessageUtils: MSG-TABLE - query END, counter=-23, cursor=android.content.ContentResolver$CursorWrapperInner@45945460, stack= <- log <- verbose <- query <- rebuildCache <- access$000
10-28 19:19:51.347  1544  6614 V MessageUtils: MSG-TABLE - close, counter=-24, cursor=android.content.ContentResolver$CursorWrapperInner@45945460, stack= <- log <- verbose <- closeCursor <- rebuildCache <- access$000
10-28 19:19:51.363  1138  5303 V PVPlayer: PVPlayer constructor
10-28 19:19:51.363  1138  5303 V PVPlayer: construct PlayerDriver
10-28 19:19:51.363  1138  5303 V PlayerDriver: constructor
10-28 19:19:51.370  1138  5303 V PlayerDriver: OpenCore hardware module loaded
10-28 19:19:51.370  1138  5303 V PlayerDriver: start player thread
10-28 19:19:51.370  1138  6615 V PlayerDriver: startPlayerThread
10-28 19:19:51.370  1138  6615 V PlayerDriver: InitializeForThread
10-28 19:19:51.370  1138  6615 V PlayerDriver: OMX_MasterInit
10-28 19:19:51.378  1138  6615 D omx_interface: TIOMXInterface: creating interface
10-28 19:19:51.378  1138  6615 D omx_interface: Calling DLOPEN on OMX_CORE_LIBRARY (libOMX_Core.so)
10-28 19:19:51.386  1138  6615 D omx_interface: DLOPEN SUCCEEDED (libOMX_Core.so)
10-28 19:19:51.386  1138  6615 D omx_interface: TIOMXInterface: library lookup success
10-28 19:19:51.417  1138  6615 D TIOMX_CORE: init count = 1
10-28 19:19:51.417  1138  6615 V PlayerDriver: OsclScheduler::Init
10-28 19:19:51.417  1138  6615 V PlayerDriver: CreatePlayer
10-28 19:19:51.449  1138  6615 D         : enter PVGetInterface
10-28 19:19:51.449  1138  6615 D         : enter Instance
10-28 19:19:51.449  1138  6615 D         : enter SharedLibraryLookup
10-28 19:19:51.449  1138  6615 D         : enter RegisterAllRecognizers
10-28 19:19:51.472  3503  6613 I RecognitionController: startRecognition(#Intent;action=android.speech.action.RECOGNIZE_SPEECH;component=com.google.android.voicesearch/.IntentApiActivity;B.fullRecognitionResultsRequest=true;S.android.speech.extra.LANGUAGE_MODEL=free_form;S.android.speech.extra.PROMPT=State%20a%20voice%20command;S.calling_package=com.snakefish.visms;end)
10-28 19:19:51.472  3503  6613 I RecognitionController: State change: STARTING -> STARTING
10-28 19:19:51.488  1138  1138 D AudioHardwareMot: AudioHardwareMot::openInputStream enter
10-28 19:19:51.488  1138  1138 D AudioHardwareMot: AudioStreamInMot::set(0xafb0, 40000, 1, 10, 16000)
10-28 19:19:51.488  1138  1138 D AudioHardwareMot: Codec sampling rate already 16000
10-28 19:19:51.488  1138  1138 D AudioPostProcessor: Disabling beamformer due to unsupported sample rate
10-28 19:19:51.488  1138  1138 D AudioPostProcessor: Done updating beamformer library
10-28 19:19:51.488  1138  1138 D AudioHardwareMot: Input bufSize from kernel = 800
10-28 19:19:51.488  1138  1138 D AudioHardwareMot: Input 0x60338 entering standby
10-28 19:19:51.519  1384  1384 D GoogleLoginService: onBind: Intent { act=android.accounts.AccountAuthenticator cmp=com.google.android.gsf/.loginservice.GoogleLoginService }
10-28 19:19:51.534  1138  6616 D AudioHardwareMot: AudioStreamInMot::setParameters() routing=262144;vr_mode=1
10-28 19:19:51.534  1138  6616 D AudioHardwareMot: set input routing 40000
10-28 19:19:51.534  1138  6616 D AudioHardwareMot: doRouting called
10-28 19:19:51.534  1138  6616 D AudioHardwareMot: Stereo output exists; using 0x2
10-28 19:19:51.534  1138  6616 D AudioHardwareMot: Routing to speaker
10-28 19:19:51.534  1138  6616 D AudioHardwareMot: Input path: DEVICE_IN_BUILTIN_MIC
10-28 19:19:51.534  1138  6616 D AudioHardwareMot: Input path: DEVICE_IN_BUILTIN_MIC single mic
10-28 19:19:51.534  1138  6616 D AudioHardwareMot: received vr_mode 1, which we don't care about yet
10-28 19:19:51.534  1138  6616 D AudioHardwareMot: Codec sampling rate already 16000
10-28 19:19:51.534  1138  6616 D AudioHardwareMot: Input 0x60338 exiting standby
10-28 19:19:51.534  1138  6616 D AudioHardwareMot: doRouting called
10-28 19:19:51.534  1138  6616 D AudioHardwareMot: Stereo output exists; using 0x2
10-28 19:19:51.534  1138  6616 D AudioHardwareMot: Routing to speaker
10-28 19:19:51.534  1138  6616 D AudioHardwareMot: Input path: DEVICE_IN_BUILTIN_MIC
10-28 19:19:51.534  1138  6616 D AudioHardwareMot: Input path: DEVICE_IN_BUILTIN_MIC single mic
10-28 19:19:51.542  1235  2033 I AudioService:  AudioFocus  requestAudioFocus() from android.media.AudioManager@45916778
10-28 19:19:51.558  3503  6613 I RecognitionController: State change: STARTING -> RECOGNIZING
10-28 19:19:51.558  3503  6613 I ServerConnectorImpl: Starting TCP session, url=http://www.google.com/m/voice-search
10-28 19:19:51.597  1235  1257 I ActivityManager: Displayed activity com.google.android.voicesearch/.IntentApiActivity: 397 ms (total 760172 ms)
10-28 19:19:51.652  1138  6615 V PlayerDriver: AddToScheduler
10-28 19:19:51.652  1138  6615 V PlayerDriver: PendForExec
10-28 19:19:51.652  1138  6615 V PlayerDriver: OsclActiveScheduler::Current
10-28 19:19:51.652  1138  6615 V PlayerDriver: StartScheduler
10-28 19:19:51.652  1138  5303 V PVPlayer: send PLAYER_SETUP
10-28 19:19:51.652  1138  6615 V PlayerDriver: Send player code: 2
10-28 19:19:51.652  1138  6615 V PlayerDriver: CommandCompleted
10-28 19:19:51.652  1138  6615 V PlayerDriver: Completed command PLAYER_SETUP status=PVMFSuccess
10-28 19:19:51.652  1138  5303 V PVPlayer: send PLAYER_HELPER
10-28 19:19:51.659  1138  6615 V PlayerDriver: Send player code: 3
10-28 19:19:51.659  1138  6615 V PlayerDriver: CommandCompleted
10-28 19:19:51.659  1138  6615 V PlayerDriver: Completed command PLAYER_HELPER status=PVMFSuccess
10-28 19:19:51.659  1138  5303 V PVPlayer: setDataSource(25, 827356, 4560)
10-28 19:19:51.659  1138  1281 V PVPlayer: prepareAsync
10-28 19:19:51.659  1138  1281 V PVPlayer:   data source = sharedfd://32:827356:4560
10-28 19:19:51.659  1138  6615 V PlayerDriver: Send player code: 4
10-28 19:19:51.659  1138  6615 V PlayerDriver: handleSetDataSource
10-28 19:19:51.659  1138  6615 V PlayerDriver: handleSetDataSource- scanning for extension
10-28 19:19:51.659  1138  6615 D         : enter PVOMA1MOTRecognizerPlugin::Recognize
10-28 19:19:51.667  1138  6615 D         : PVOMA1MOTRecognizerPlugin:Recognize MOT_SVC_drm_openSession failed and session =-4
10-28 19:19:51.667  1138  6615 V PlayerDriver: CommandCompleted
10-28 19:19:51.667  1138  6615 V PlayerDriver: Completed command PLAYER_SET_DATA_SOURCE status=PVMFSuccess
10-28 19:19:51.667  1138  6615 V PVPlayer: run_init s=0, cancelled=0
10-28 19:19:51.667  1138  6615 V PlayerDriver: Send player code: 7
10-28 19:19:51.667  1138  6615 V PlayerDriver: release string is 2.2 len 3
10-28 19:19:51.667  1138  6615 V PlayerDriver: CommandCompleted
10-28 19:19:51.667  1138  6615 V PlayerDriver: Completed command PLAYER_INIT status=PVMFSuccess
10-28 19:19:51.667  1138  6615 V PVPlayer: run_set_video_surface s=0, cancelled=0
10-28 19:19:51.667  1138  6615 V PVPlayer: run_set_audio_output s=0, cancelled=0
10-28 19:19:51.667  1138  6615 V PlayerDriver: Send player code: 6
10-28 19:19:51.667  1138  6615 V PlayerDriver: Create realtime output
10-28 19:19:51.667  1138  6615 V PlayerDriver: canSetA2DPDirectMode() A2DP direct disabled
10-28 19:19:51.667  1138  6615 V PlayerDriver: CommandCompleted
10-28 19:19:51.667  1138  6615 V PlayerDriver: Completed command PLAYER_SET_AUDIO_SINK status=PVMFSuccess
10-28 19:19:51.667  1138  6615 V PVPlayer: run_prepare s=0, cancelled=0
10-28 19:19:51.667  1138  6615 V PlayerDriver: Send player code: 8
10-28 19:19:51.667  1138  6615 V PlayerDriver: disable natpkt - 0
10-28 19:19:51.667  1138  6615 V PlayerDriver: HandleInformationalEvent: UNKNOWN PVMFStatus
10-28 19:19:51.667  1138  6615 V PlayerDriver: HandleInformationalEvent: type=44 UNHANDLED
10-28 19:19:51.667  3503  6230 W MediaPlayer: info/warning (1, 44)
10-28 19:19:51.667  3503  3503 I MediaPlayer: Info (1,44)
10-28 19:19:51.667  1138  6615 V PlayerDriver: CommandCompleted
10-28 19:19:51.667  1138  6615 V PlayerDriver: Completed command PLAYER_PREPARE status=PVMFSuccess
10-28 19:19:51.667  1138  6615 V PlayerDriver: PLAYER_PREPARE complete mDownloadContextData=0x0, mDataReadyReceived=0
10-28 19:19:51.675  1138  6615 V PVPlayer: check_for_live_streaming s=0, cancelled=0
10-28 19:19:51.675  1138  6615 E ProfileVideoFrameDrops: PVMediaOutputNodePort :: Early 0 frames :: OnTime 0 frames :: Late 0 frames :: Total 2 frames
10-28 19:19:51.675  1138  6615 E ProfileVideoFrameDrops: PVMediaOutputNodePort :: Early 0.000000 % :: OnTime -0.000000 % :: Late -0.000000 % 
10-28 19:19:51.675  1138  5303 V PVPlayer: PVPlayer constructor
10-28 19:19:51.675  1138  5303 V PVPlayer: construct PlayerDriver
10-28 19:19:51.675  1138  5303 V PlayerDriver: constructor
10-28 19:19:51.675  1138  5303 V PlayerDriver: OpenCore hardware module loaded
10-28 19:19:51.675  1138  5303 V PlayerDriver: start player thread
10-28 19:19:51.675  1138  6620 V PlayerDriver: startPlayerThread
10-28 19:19:51.675  1138  6620 V PlayerDriver: InitializeForThread
10-28 19:19:51.675  1138  6620 V PlayerDriver: OMX_MasterInit
10-28 19:19:51.675  1138  6620 V PlayerDriver: OsclScheduler::Init
10-28 19:19:51.675  1138  6620 V PlayerDriver: CreatePlayer
10-28 19:19:51.675  1138  6620 D         : enter PVGetInterface
10-28 19:19:51.675  1138  6620 D         : enter Instance
10-28 19:19:51.675  1138  6620 D         : enter SharedLibraryLookup
10-28 19:19:51.675  1138  6620 D         : enter RegisterAllRecognizers
10-28 19:19:51.683  1138  6620 V PlayerDriver: AddToScheduler
10-28 19:19:51.683  1138  6620 V PlayerDriver: PendForExec
10-28 19:19:51.683  1138  6620 V PlayerDriver: OsclActiveScheduler::Current
10-28 19:19:51.683  1138  6620 V PlayerDriver: StartScheduler
10-28 19:19:51.683  1138  5303 V PVPlayer: send PLAYER_SETUP
10-28 19:19:51.683  1138  6620 V PlayerDriver: Send player code: 2
10-28 19:19:51.683  1138  6620 V PlayerDriver: CommandCompleted
10-28 19:19:51.683  1138  6620 V PlayerDriver: Completed command PLAYER_SETUP status=PVMFSuccess
10-28 19:19:51.683  1138  5303 V PVPlayer: send PLAYER_HELPER
10-28 19:19:51.683  1138  6620 V PlayerDriver: Send player code: 3
10-28 19:19:51.683  1138  6620 V PlayerDriver: CommandCompleted
10-28 19:19:51.683  1138  6620 V PlayerDriver: Completed command PLAYER_HELPER status=PVMFSuccess
10-28 19:19:51.683  1138  5303 V PVPlayer: setDataSource(33, 803876, 7002)
10-28 19:19:51.683  1138  1281 V PVPlayer: prepareAsync
10-28 19:19:51.683  1138  1281 V PVPlayer:   data source = sharedfd://34:803876:7002
10-28 19:19:51.683  1138  6620 V PlayerDriver: Send player code: 4
10-28 19:19:51.683  1138  6620 V PlayerDriver: handleSetDataSource
10-28 19:19:51.683  1138  6620 V PlayerDriver: handleSetDataSource- scanning for extension
10-28 19:19:51.683  1138  6620 D         : enter PVOMA1MOTRecognizerPlugin::Recognize
10-28 19:19:51.683  1138  6620 D         : PVOMA1MOTRecognizerPlugin:Recognize MOT_SVC_drm_openSession failed and session =-4
10-28 19:19:51.691  1138  6620 V PlayerDriver: CommandCompleted
10-28 19:19:51.691  1138  6620 V PlayerDriver: Completed command PLAYER_SET_DATA_SOURCE status=PVMFSuccess
10-28 19:19:51.691  1138  6620 V PVPlayer: run_init s=0, cancelled=0
10-28 19:19:51.691  1138  6620 V PlayerDriver: Send player code: 7
10-28 19:19:51.691  1138  6620 V PlayerDriver: release string is 2.2 len 3
10-28 19:19:51.691  1138  6620 V PlayerDriver: CommandCompleted
10-28 19:19:51.691  1138  6620 V PlayerDriver: Completed command PLAYER_INIT status=PVMFSuccess
10-28 19:19:51.691  1138  6620 V PVPlayer: run_set_video_surface s=0, cancelled=0
10-28 19:19:51.691  1138  6620 V PVPlayer: run_set_audio_output s=0, cancelled=0
10-28 19:19:51.691  1138  6620 V PlayerDriver: Send player code: 6
10-28 19:19:51.691  1138  6620 V PlayerDriver: Create realtime output
10-28 19:19:51.691  1138  6620 V PlayerDriver: canSetA2DPDirectMode() A2DP direct disabled
10-28 19:19:51.691  1138  6620 V PlayerDriver: CommandCompleted
10-28 19:19:51.691  1138  6620 V PlayerDriver: Completed command PLAYER_SET_AUDIO_SINK status=PVMFSuccess
10-28 19:19:51.691  1138  6620 V PVPlayer: run_prepare s=0, cancelled=0
10-28 19:19:51.691  1138  6620 V PlayerDriver: Send player code: 8
10-28 19:19:51.691  1138  6620 V PlayerDriver: disable natpkt - 0
10-28 19:19:51.691  1138  6620 V PlayerDriver: HandleInformationalEvent: UNKNOWN PVMFStatus
10-28 19:19:51.691  1138  6620 V PlayerDriver: HandleInformationalEvent: type=44 UNHANDLED
10-28 19:19:51.691  3503  3508 W MediaPlayer: info/warning (1, 44)
10-28 19:19:51.691  3503  3503 I MediaPlayer: Info (1,44)
10-28 19:19:51.699  1138  6620 V PlayerDriver: CommandCompleted
10-28 19:19:51.699  1138  6620 V PlayerDriver: Completed command PLAYER_PREPARE status=PVMFSuccess
10-28 19:19:51.699  1138  6620 V PlayerDriver: PLAYER_PREPARE complete mDownloadContextData=0x0, mDataReadyReceived=0
10-28 19:19:51.699  1138  6620 V PVPlayer: check_for_live_streaming s=0, cancelled=0
10-28 19:19:51.699  1138  6620 E ProfileVideoFrameDrops: PVMediaOutputNodePort :: Early 0 frames :: OnTime 0 frames :: Late 0 frames :: Total 4 frames
10-28 19:19:51.699  1138  6620 E ProfileVideoFrameDrops: PVMediaOutputNodePort :: Early 0.000000 % :: OnTime -0.000000 % :: Late -0.000000 % 
10-28 19:19:51.699  1138  5303 V PVPlayer: PVPlayer constructor
10-28 19:19:51.699  1138  5303 V PVPlayer: construct PlayerDriver
10-28 19:19:51.699  1138  5303 V PlayerDriver: constructor
10-28 19:19:51.699  1138  5303 V PlayerDriver: OpenCore hardware module loaded
10-28 19:19:51.699  1138  5303 V PlayerDriver: start player thread
10-28 19:19:51.699  1138  6622 V PlayerDriver: startPlayerThread
10-28 19:19:51.699  1138  6622 V PlayerDriver: InitializeForThread
10-28 19:19:51.699  1138  6622 V PlayerDriver: OMX_MasterInit
10-28 19:19:51.699  1138  6622 V PlayerDriver: OsclScheduler::Init
10-28 19:19:51.699  1138  6622 V PlayerDriver: CreatePlayer
10-28 19:19:51.699  1138  6622 D         : enter PVGetInterface
10-28 19:19:51.699  1138  6622 D         : enter Instance
10-28 19:19:51.699  1138  6622 D         : enter SharedLibraryLookup
10-28 19:19:51.699  1138  6622 D         : enter RegisterAllRecognizers
10-28 19:19:51.706  1138  6622 V PlayerDriver: AddToScheduler
10-28 19:19:51.706  1138  6622 V PlayerDriver: PendForExec
10-28 19:19:51.706  1138  6622 V PlayerDriver: OsclActiveScheduler::Current
10-28 19:19:51.706  1138  6622 V PlayerDriver: StartScheduler
10-28 19:19:51.706  1138  5303 V PVPlayer: send PLAYER_SETUP
10-28 19:19:51.706  1138  6622 V PlayerDriver: Send player code: 2
10-28 19:19:51.706  1138  6622 V PlayerDriver: CommandCompleted
10-28 19:19:51.706  1138  6622 V PlayerDriver: Completed command PLAYER_SETUP status=PVMFSuccess
10-28 19:19:51.706  1138  5303 V PVPlayer: send PLAYER_HELPER
10-28 19:19:51.706  1138  6622 V PlayerDriver: Send player code: 3
10-28 19:19:51.706  1138  6622 V PlayerDriver: CommandCompleted
10-28 19:19:51.706  1138  6622 V PlayerDriver: Completed command PLAYER_HELPER status=PVMFSuccess
10-28 19:19:51.706  1138  5303 V PVPlayer: setDataSource(33, 794068, 9758)
10-28 19:19:51.706  1138  1281 V PVPlayer: prepareAsync
10-28 19:19:51.706  1138  1281 V PVPlayer:   data source = sharedfd://35:794068:9758
10-28 19:19:51.706  1138  6622 V PlayerDriver: Send player code: 4
10-28 19:19:51.706  1138  6622 V PlayerDriver: handleSetDataSource
10-28 19:19:51.714  1138  6622 V PlayerDriver: handleSetDataSource- scanning for extension
10-28 19:19:51.714  1138  6622 D         : enter PVOMA1MOTRecognizerPlugin::Recognize
10-28 19:19:51.738  1138  6622 D         : PVOMA1MOTRecognizerPlugin:Recognize MOT_SVC_drm_openSession failed and session =-4
10-28 19:19:51.745  1138  6622 V PlayerDriver: CommandCompleted
10-28 19:19:51.745  1138  6622 V PlayerDriver: Completed command PLAYER_SET_DATA_SOURCE status=PVMFSuccess
10-28 19:19:51.745  1138  6622 V PVPlayer: run_init s=0, cancelled=0
10-28 19:19:51.745  1138  6622 V PlayerDriver: Send player code: 7
10-28 19:19:51.745  1138  6622 V PlayerDriver: release string is 2.2 len 3
10-28 19:19:51.745  1138  6622 V PlayerDriver: CommandCompleted
10-28 19:19:51.745  1138  6622 V PlayerDriver: Completed command PLAYER_INIT status=PVMFSuccess
10-28 19:19:51.745  1138  6622 V PVPlayer: run_set_video_surface s=0, cancelled=0
10-28 19:19:51.745  1138  6622 V PVPlayer: run_set_audio_output s=0, cancelled=0
10-28 19:19:51.745  1138  6622 V PlayerDriver: Send player code: 6
10-28 19:19:51.745  1138  6622 V PlayerDriver: Create realtime output
10-28 19:19:51.745  1138  6622 V PlayerDriver: canSetA2DPDirectMode() A2DP direct disabled
10-28 19:19:51.745  1138  6622 V PlayerDriver: CommandCompleted
10-28 19:19:51.745  1138  6622 V PlayerDriver: Completed command PLAYER_SET_AUDIO_SINK status=PVMFSuccess
10-28 19:19:51.745  1138  6622 V PVPlayer: run_prepare s=0, cancelled=0
10-28 19:19:51.745  1138  6622 V PlayerDriver: Send player code: 8
10-28 19:19:51.745  1138  6622 V PlayerDriver: disable natpkt - 0
10-28 19:19:51.792  3503  6617 I RecognitionController: onReadyForSpeech, noise level:20.415777, snr:-0.69802105
10-28 19:19:51.792  3503  3503 I RecognitionActivity: Start-up latency 563 ms
10-28 19:19:51.972  1138  6622 V PlayerDriver: HandleInformationalEvent: UNKNOWN PVMFStatus
10-28 19:19:51.972  1138  6622 V PlayerDriver: HandleInformationalEvent: type=44 UNHANDLED
10-28 19:19:51.972  3503  3508 W MediaPlayer: info/warning (1, 44)
10-28 19:19:51.972  3503  3503 I MediaPlayer: Info (1,44)
10-28 19:19:51.972  1138  6622 V PlayerDriver: CommandCompleted
10-28 19:19:51.972  1138  6622 V PlayerDriver: Completed command PLAYER_PREPARE status=PVMFSuccess
10-28 19:19:51.972  1138  6622 V PlayerDriver: PLAYER_PREPARE complete mDownloadContextData=0x0, mDataReadyReceived=0
10-28 19:19:51.972  1138  6622 V PVPlayer: check_for_live_streaming s=0, cancelled=0
10-28 19:19:51.972  1138  6622 E ProfileVideoFrameDrops: PVMediaOutputNodePort :: Early 0 frames :: OnTime 0 frames :: Late 0 frames :: Total 6 frames
10-28 19:19:51.972  1138  6622 E ProfileVideoFrameDrops: PVMediaOutputNodePort :: Early 0.000000 % :: OnTime -0.000000 % :: Late -0.000000 % 
10-28 19:19:51.972  1138  5303 V PVPlayer: PVPlayer constructor
10-28 19:19:51.972  1138  5303 V PVPlayer: construct PlayerDriver
10-28 19:19:51.972  1138  5303 V PlayerDriver: constructor
10-28 19:19:51.972  1138  5303 V PlayerDriver: OpenCore hardware module loaded
10-28 19:19:51.972  1138  5303 V PlayerDriver: start player thread
10-28 19:19:51.972  1138  6624 V PlayerDriver: startPlayerThread
10-28 19:19:51.972  1138  6624 V PlayerDriver: InitializeForThread
10-28 19:19:51.972  1138  6624 V PlayerDriver: OMX_MasterInit
10-28 19:19:51.972  1138  6624 V PlayerDriver: OsclScheduler::Init
10-28 19:19:51.972  1138  6624 V PlayerDriver: CreatePlayer
10-28 19:19:51.972  1138  6624 D         : enter PVGetInterface
10-28 19:19:51.980  1138  6624 D         : enter Instance
10-28 19:19:51.980  1138  6624 D         : enter SharedLibraryLookup
10-28 19:19:51.980  1138  6624 D         : enter RegisterAllRecognizers
10-28 19:19:51.980  1138  6624 V PlayerDriver: AddToScheduler
10-28 19:19:51.980  1138  6624 V PlayerDriver: PendForExec
10-28 19:19:51.980  1138  6624 V PlayerDriver: OsclActiveScheduler::Current
10-28 19:19:51.980  1138  6624 V PlayerDriver: StartScheduler
10-28 19:19:51.980  1138  5303 V PVPlayer: send PLAYER_SETUP
10-28 19:19:51.980  1138  6624 V PlayerDriver: Send player code: 2
10-28 19:19:51.980  1138  6624 V PlayerDriver: CommandCompleted
10-28 19:19:51.980  1138  6624 V PlayerDriver: Completed command PLAYER_SETUP status=PVMFSuccess
10-28 19:19:51.980  1138  5303 V PVPlayer: send PLAYER_HELPER
10-28 19:19:51.980  1138  6624 V PlayerDriver: Send player code: 3
10-28 19:19:51.980  1138  6624 V PlayerDriver: CommandCompleted
10-28 19:19:51.980  1138  6624 V PlayerDriver: Completed command PLAYER_HELPER status=PVMFSuccess
10-28 19:19:51.988  1138  5303 V PVPlayer: setDataSource(33, 814976, 4198)
10-28 19:19:51.988  1138  1233 V PVPlayer: prepareAsync
10-28 19:19:51.988  1138  1233 V PVPlayer:   data source = sharedfd://36:814976:4198
10-28 19:19:51.988  1138  6624 V PlayerDriver: Send player code: 4
10-28 19:19:51.988  1138  6624 V PlayerDriver: handleSetDataSource
10-28 19:19:51.988  1138  6624 V PlayerDriver: handleSetDataSource- scanning for extension
10-28 19:19:51.988  1138  6624 D         : enter PVOMA1MOTRecognizerPlugin::Recognize
10-28 19:19:51.988  1138  6624 D         : PVOMA1MOTRecognizerPlugin:Recognize MOT_SVC_drm_openSession failed and session =-4
10-28 19:19:51.995  1138  6624 V PlayerDriver: CommandCompleted
10-28 19:19:51.995  1138  6624 V PlayerDriver: Completed command PLAYER_SET_DATA_SOURCE status=PVMFSuccess
10-28 19:19:51.995  1138  6624 V PVPlayer: run_init s=0, cancelled=0
10-28 19:19:51.995  1138  6624 V PlayerDriver: Send player code: 7
10-28 19:19:52.003  1138  6624 V PlayerDriver: release string is 2.2 len 3
10-28 19:19:52.003  1138  6624 V PlayerDriver: CommandCompleted
10-28 19:19:52.003  1138  6624 V PlayerDriver: Completed command PLAYER_INIT status=PVMFSuccess
10-28 19:19:52.003  1138  6624 V PVPlayer: run_set_video_surface s=0, cancelled=0
10-28 19:19:52.003  1138  6624 V PVPlayer: run_set_audio_output s=0, cancelled=0
10-28 19:19:52.003  1138  6624 V PlayerDriver: Send player code: 6
10-28 19:19:52.003  1138  6624 V PlayerDriver: Create realtime output
10-28 19:19:52.003  1138  6624 V PlayerDriver: canSetA2DPDirectMode() A2DP direct disabled
10-28 19:19:52.003  1138  6624 V PlayerDriver: CommandCompleted
10-28 19:19:52.003  1138  6624 V PlayerDriver: Completed command PLAYER_SET_AUDIO_SINK status=PVMFSuccess
10-28 19:19:52.003  1138  6624 V PVPlayer: run_prepare s=0, cancelled=0
10-28 19:19:52.003  1138  6624 V PlayerDriver: Send player code: 8
10-28 19:19:52.003  1138  6624 V PlayerDriver: disable natpkt - 0
10-28 19:19:52.003  1138  6624 V PlayerDriver: HandleInformationalEvent: UNKNOWN PVMFStatus
10-28 19:19:52.011  1138  6624 V PlayerDriver: HandleInformationalEvent: type=44 UNHANDLED
10-28 19:19:52.011  3503  3509 W MediaPlayer: info/warning (1, 44)
10-28 19:19:52.011  3503  3503 I MediaPlayer: Info (1,44)
10-28 19:19:52.011  1138  6624 V PlayerDriver: CommandCompleted
10-28 19:19:52.011  1138  6624 V PlayerDriver: Completed command PLAYER_PREPARE status=PVMFSuccess
10-28 19:19:52.011  1138  6624 V PlayerDriver: PLAYER_PREPARE complete mDownloadContextData=0x0, mDataReadyReceived=0
10-28 19:19:52.011  1138  6624 V PVPlayer: check_for_live_streaming s=0, cancelled=0
10-28 19:19:52.011  1138  6624 E ProfileVideoFrameDrops: PVMediaOutputNodePort :: Early 0 frames :: OnTime 0 frames :: Late 0 frames :: Total 2 frames
10-28 19:19:52.011  1138  6624 E ProfileVideoFrameDrops: PVMediaOutputNodePort :: Early 0.000000 % :: OnTime -0.000000 % :: Late -0.000000 % 
10-28 19:19:52.019  1138  5303 V PVPlayer: PVPlayer constructor
10-28 19:19:52.019  1138  5303 V PVPlayer: construct PlayerDriver
10-28 19:19:52.019  1138  5303 V PlayerDriver: constructor
10-28 19:19:52.019  1138  5303 V PlayerDriver: OpenCore hardware module loaded
10-28 19:19:52.019  1138  5303 V PlayerDriver: start player thread
10-28 19:19:52.019  1138  6626 V PlayerDriver: startPlayerThread
10-28 19:19:52.019  1138  6626 V PlayerDriver: InitializeForThread
10-28 19:19:52.019  1138  6626 V PlayerDriver: OMX_MasterInit
10-28 19:19:52.019  1138  6626 V PlayerDriver: OsclScheduler::Init
10-28 19:19:52.019  1138  6626 V PlayerDriver: CreatePlayer
10-28 19:19:52.019  1138  6626 D         : enter PVGetInterface
10-28 19:19:52.019  1138  6626 D         : enter Instance
10-28 19:19:52.019  1138  6626 D         : enter SharedLibraryLookup
10-28 19:19:52.019  1138  6626 D         : enter RegisterAllRecognizers
10-28 19:19:52.042  1316  1316 I AtCmdDelegate: handle message:1
10-28 19:19:52.058  1138  6626 V PlayerDriver: AddToScheduler
10-28 19:19:52.066  1235  1344 D AlarmManagerService: Kernel timezone updated to 240 minutes west of GMT
10-28 19:19:52.074  1138  6626 V PlayerDriver: PendForExec
10-28 19:19:52.074  1138  6626 V PlayerDriver: OsclActiveScheduler::Current
10-28 19:19:52.074  1138  6626 V PlayerDriver: StartScheduler
10-28 19:19:52.120  1138  5303 V PVPlayer: send PLAYER_SETUP
10-28 19:19:52.120  1138  6626 V PlayerDriver: Send player code: 2
10-28 19:19:52.120  1138  6626 V PlayerDriver: CommandCompleted
10-28 19:19:52.120  1138  6626 V PlayerDriver: Completed command PLAYER_SETUP status=PVMFSuccess
10-28 19:19:52.120  1138  5303 V PVPlayer: send PLAYER_HELPER
10-28 19:19:52.120  1138  6626 V PlayerDriver: Send player code: 3
10-28 19:19:52.120  1138  6626 V PlayerDriver: CommandCompleted
10-28 19:19:52.120  1138  6626 V PlayerDriver: Completed command PLAYER_HELPER status=PVMFSuccess
10-28 19:19:52.120  1138  5303 V PVPlayer: setDataSource(33, 819224, 8076)
10-28 19:19:52.128  1138  1138 V PVPlayer: prepareAsync
10-28 19:19:52.128  1138  1138 V PVPlayer:   data source = sharedfd://37:819224:8076
10-28 19:19:52.128  1138  6626 V PlayerDriver: Send player code: 4
10-28 19:19:52.128  1138  6626 V PlayerDriver: handleSetDataSource
10-28 19:19:52.128  1138  6626 V PlayerDriver: handleSetDataSource- scanning for extension
10-28 19:19:52.128  1138  6626 D         : enter PVOMA1MOTRecognizerPlugin::Recognize
10-28 19:19:52.128  1138  6626 D         : PVOMA1MOTRecognizerPlugin:Recognize MOT_SVC_drm_openSession failed and session =-4
10-28 19:19:52.128  1138  6626 V PlayerDriver: CommandCompleted
10-28 19:19:52.128  1138  6626 V PlayerDriver: Completed command PLAYER_SET_DATA_SOURCE status=PVMFSuccess
10-28 19:19:52.128  1138  6626 V PVPlayer: run_init s=0, cancelled=0
10-28 19:19:52.136  1138  6626 V PlayerDriver: Send player code: 7
10-28 19:19:52.136  1138  6626 V PlayerDriver: release string is 2.2 len 3
10-28 19:19:52.136  1138  6626 V PlayerDriver: CommandCompleted
10-28 19:19:52.144  1138  6626 V PlayerDriver: Completed command PLAYER_INIT status=PVMFSuccess
10-28 19:19:52.144  1138  6626 V PVPlayer: run_set_video_surface s=0, cancelled=0
10-28 19:19:52.144  1138  6626 V PVPlayer: run_set_audio_output s=0, cancelled=0
10-28 19:19:52.144  1138  6626 V PlayerDriver: Send player code: 6
10-28 19:19:52.144  1138  6626 V PlayerDriver: Create realtime output
10-28 19:19:52.144  1138  6626 V PlayerDriver: canSetA2DPDirectMode() A2DP direct disabled
10-28 19:19:52.144  1138  6626 V PlayerDriver: CommandCompleted
10-28 19:19:52.144  1138  6626 V PlayerDriver: Completed command PLAYER_SET_AUDIO_SINK status=PVMFSuccess
10-28 19:19:52.144  1138  6626 V PVPlayer: run_prepare s=0, cancelled=0
10-28 19:19:52.144  1138  6626 V PlayerDriver: Send player code: 8
10-28 19:19:52.144  1138  6626 V PlayerDriver: disable natpkt - 0
10-28 19:19:52.144  1138  6626 V PlayerDriver: HandleInformationalEvent: UNKNOWN PVMFStatus
10-28 19:19:52.144  1138  6626 V PlayerDriver: HandleInformationalEvent: type=44 UNHANDLED
10-28 19:19:52.144  3503  6230 W MediaPlayer: info/warning (1, 44)
10-28 19:19:52.144  3503  3503 I MediaPlayer: Info (1,44)
10-28 19:19:52.144  1138  6626 V PlayerDriver: CommandCompleted
10-28 19:19:52.144  1138  6626 V PlayerDriver: Completed command PLAYER_PREPARE status=PVMFSuccess
10-28 19:19:52.144  1138  6626 V PlayerDriver: PLAYER_PREPARE complete mDownloadContextData=0x0, mDataReadyReceived=0
10-28 19:19:52.152  1138  6626 V PVPlayer: check_for_live_streaming s=0, cancelled=0
10-28 19:19:52.152  1138  6626 E ProfileVideoFrameDrops: PVMediaOutputNodePort :: Early 0 frames :: OnTime 0 frames :: Late 0 frames :: Total 5 frames
10-28 19:19:52.152  1138  6626 E ProfileVideoFrameDrops: PVMediaOutputNodePort :: Early 0.000000 % :: OnTime -0.000000 % :: Late -0.000000 % 
10-28 19:19:52.152  1138  5303 V PVPlayer: PVPlayer constructor
10-28 19:19:52.152  1138  5303 V PVPlayer: construct PlayerDriver
10-28 19:19:52.152  1138  5303 V PlayerDriver: constructor
10-28 19:19:52.152  1138  5303 V PlayerDriver: OpenCore hardware module loaded
10-28 19:19:52.152  1138  5303 V PlayerDriver: start player thread
10-28 19:19:52.152  1138  6628 V PlayerDriver: startPlayerThread
10-28 19:19:52.152  1138  6628 V PlayerDriver: InitializeForThread
10-28 19:19:52.152  1138  6628 V PlayerDriver: OMX_MasterInit
10-28 19:19:52.152  1138  6628 V PlayerDriver: OsclScheduler::Init
10-28 19:19:52.152  1138  6628 V PlayerDriver: CreatePlayer
10-28 19:19:52.152  1138  6628 D         : enter PVGetInterface
10-28 19:19:52.152  1138  6628 D         : enter Instance
10-28 19:19:52.152  1138  6628 D         : enter SharedLibraryLookup
10-28 19:19:52.152  1138  6628 D         : enter RegisterAllRecognizers
10-28 19:19:52.159  1138  6628 V PlayerDriver: AddToScheduler
10-28 19:19:52.159  1138  6628 V PlayerDriver: PendForExec
10-28 19:19:52.159  1138  6628 V PlayerDriver: OsclActiveScheduler::Current
10-28 19:19:52.159  1138  6628 V PlayerDriver: StartScheduler
10-28 19:19:52.159  1138  5303 V PVPlayer: send PLAYER_SETUP
10-28 19:19:52.159  1138  6628 V PlayerDriver: Send player code: 2
10-28 19:19:52.159  1138  6628 V PlayerDriver: CommandCompleted
10-28 19:19:52.159  1138  6628 V PlayerDriver: Completed command PLAYER_SETUP status=PVMFSuccess
10-28 19:19:52.159  1138  5303 V PVPlayer: send PLAYER_HELPER
10-28 19:19:52.159  1138  6628 V PlayerDriver: Send player code: 3
10-28 19:19:52.159  1138  6628 V PlayerDriver: CommandCompleted
10-28 19:19:52.159  1138  6628 V PlayerDriver: Completed command PLAYER_HELPER status=PVMFSuccess
10-28 19:19:52.159  1138  5303 V PVPlayer: setDataSource(33, 788636, 5380)
10-28 19:19:52.159  1138  1138 V PVPlayer: prepareAsync
10-28 19:19:52.159  1138  1138 V PVPlayer:   data source = sharedfd://38:788636:5380
10-28 19:19:52.159  1138  6628 V PlayerDriver: Send player code: 4
10-28 19:19:52.159  1138  6628 V PlayerDriver: handleSetDataSource
10-28 19:19:52.159  1138  6628 V PlayerDriver: handleSetDataSource- scanning for extension
10-28 19:19:52.159  1138  6628 D         : enter PVOMA1MOTRecognizerPlugin::Recognize
10-28 19:19:52.159  1138  6628 D         : PVOMA1MOTRecognizerPlugin:Recognize MOT_SVC_drm_openSession failed and session =-4
10-28 19:19:52.159  1138  6628 V PlayerDriver: CommandCompleted
10-28 19:19:52.159  1138  6628 V PlayerDriver: Completed command PLAYER_SET_DATA_SOURCE status=PVMFSuccess
10-28 19:19:52.159  1138  6628 V PVPlayer: run_init s=0, cancelled=0
10-28 19:19:52.159  1138  6628 V PlayerDriver: Send player code: 7
10-28 19:19:52.167  1138  6628 V PlayerDriver: release string is 2.2 len 3
10-28 19:19:52.167  1138  6628 V PlayerDriver: CommandCompleted
10-28 19:19:52.167  1138  6628 V PlayerDriver: Completed command PLAYER_INIT status=PVMFSuccess
10-28 19:19:52.167  1138  6628 V PVPlayer: run_set_video_surface s=0, cancelled=0
10-28 19:19:52.167  1138  6628 V PVPlayer: run_set_audio_output s=0, cancelled=0
10-28 19:19:52.167  1138  6628 V PlayerDriver: Send player code: 6
10-28 19:19:52.167  1138  6628 V PlayerDriver: Create realtime output
10-28 19:19:52.167  1138  6628 V PlayerDriver: canSetA2DPDirectMode() A2DP direct disabled
10-28 19:19:52.167  1138  6628 V PlayerDriver: CommandCompleted
10-28 19:19:52.167  1138  6628 V PlayerDriver: Completed command PLAYER_SET_AUDIO_SINK status=PVMFSuccess
10-28 19:19:52.167  1138  6628 V PVPlayer: run_prepare s=0, cancelled=0
10-28 19:19:52.167  1138  6628 V PlayerDriver: Send player code: 8
10-28 19:19:52.167  1138  6628 V PlayerDriver: disable natpkt - 0
10-28 19:19:52.167  1138  6628 V PlayerDriver: HandleInformationalEvent: UNKNOWN PVMFStatus
10-28 19:19:52.167  1138  6628 V PlayerDriver: HandleInformationalEvent: type=44 UNHANDLED
10-28 19:19:52.167  3503  3508 W MediaPlayer: info/warning (1, 44)
10-28 19:19:52.167  3503  3503 I MediaPlayer: Info (1,44)
10-28 19:19:52.167  1138  6628 V PlayerDriver: CommandCompleted
10-28 19:19:52.167  1138  6628 V PlayerDriver: Completed command PLAYER_PREPARE status=PVMFSuccess
10-28 19:19:52.167  1138  6628 V PlayerDriver: PLAYER_PREPARE complete mDownloadContextData=0x0, mDataReadyReceived=0
10-28 19:19:52.167  1138  6628 V PVPlayer: check_for_live_streaming s=0, cancelled=0
10-28 19:19:52.167  1138  6628 E ProfileVideoFrameDrops: PVMediaOutputNodePort :: Early 0 frames :: OnTime 0 frames :: Late 0 frames :: Total 3 frames
10-28 19:19:52.167  1138  6628 E ProfileVideoFrameDrops: PVMediaOutputNodePort :: Early 0.000000 % :: OnTime -0.000000 % :: Late -0.000000 % 
10-28 19:19:52.331  3503  6613 D ServerConnectorImpl: Created session 2a88baaf1e57e8e9eed0d68c015efe42
10-28 19:19:52.347  3503  6613 I ServerConnectorImpl: Creating TCP connection to 74.125.47.126:19294
10-28 19:19:52.636  3503  6613 I ServerConnectorImpl: startRecognize RecognitionParameters{session=2a88baaf1e57e8e9eed0d68c015efe42,request=1}
10-28 19:19:55.105  3503  6617 I RecognitionController: onBeginningOfSpeech
10-28 19:19:56.113  3503  6617 I RecognitionController: onEndOfSpeech
10-28 19:19:56.113  1235  2149 I AudioService:  AudioFocus  abandonAudioFocus() from android.media.AudioManager@45916778
10-28 19:19:56.136  1138  6616 D AudioHardwareMot: Input 0x60338 entering standby
10-28 19:19:56.144  1138  6616 D AudioHardwareMot: AudioStreamInMot::setParameters() routing=0
10-28 19:19:56.144  1138  6616 D AudioHardwareMot: set input routing 0
10-28 19:19:56.144  1138  6616 D AudioHardwareMot: doRouting called
10-28 19:19:56.144  1138  6616 D AudioHardwareMot: Stereo output exists; using 0x2
10-28 19:19:56.144  1138  6616 D AudioHardwareMot: Routing to speaker
10-28 19:19:56.144  1138  6616 D AudioPostProcessor: slider opened, coeffs device for handset =0
10-28 19:19:56.472  1235  1407 D LocationMasfClient: getNetworkLocation(): Returning cache location with accuracy 3137.0
10-28 19:19:56.480  1235  1364 D libgps  : libgps_get_interface() : returning interface
10-28 19:19:56.480  1235  1364 D libgps  : GpsInterface_inject_location( 43.094912, -77.687331, 3137.000 )
10-28 19:19:56.714  3503  6630 I RecognitionController: State change: RECOGNIZING -> RECOGNIZED
10-28 19:19:56.714  3503  6613 I RecognitionController: Final state: RECOGNIZED
10-28 19:19:56.808  3503  6613 D dalvikvm: GC_FOR_MALLOC freed 3056 objects / 342816 bytes in 91ms
10-28 19:19:56.839  3503  6613 I ServerConnectorImpl: ClientReport{session_id=2a88baaf1e57e8e9eed0d68c015efe42,request_id=1,application_id=intent-speech-api,client_perceived_request_status=0,request_ack_latency_ms=281,total_latency_ms=4071,user_perceived_latency_ms=598,endpoint_trigger_type=3,}
10-28 19:19:56.839  1235  1454 I AudioService:  AudioFocus  abandonAudioFocus() from android.media.AudioManager@45916778
10-28 19:19:56.847  3503  5250 I ClientReportSender: Sending 1 client reports over HTTP
10-28 19:19:56.847  3503  6613 I RecognitionController: State change: RECOGNIZED -> PAUSED
10-28 19:19:56.855  1235  1491 I AudioService:  AudioFocus  abandonAudioFocus() from android.media.AudioManager@45916778
10-28 19:19:56.855  3503  3503 I RecognitionController: State change: PAUSED -> PAUSED
10-28 19:19:56.862  1235  1487 I AudioService:  AudioFocus  abandonAudioFocus() from android.media.AudioManager@45916778
10-28 19:19:56.870  6054  6054 V SMSDelegate: onActivityResult(int, int, Intent)
10-28 19:19:56.870  6054  6054 V SMSDelegate: Received speech: re
10-28 19:19:56.870  6054  6054 V CommandAction: Checking against string: re
10-28 19:19:56.878  6054  6054 V CommandAction: Found match for user command: .*
10-28 19:19:56.878  6054  6054 V CommandAction: Found match for user command: .*
10-28 19:19:56.878  6054  6054 I TTS received: : Unsupported command for this window, please try again.
10-28 19:19:56.878  1437  1442 V TtsService: TTS service received Unsupported command for this window, please try again.
10-28 19:19:56.878  1437  1442 V TtsService: TTS processing: Unsupported command for this window, please try again.
10-28 19:19:56.886  6054  6054 I TTS received: : Unrecognized string was: re
10-28 19:19:56.886  1437  1441 V TtsService: TTS service received Unrecognized string was: re
10-28 19:19:56.886  1437  6631 V TtsService: TtsService.setLanguage(eng, USA, )
10-28 19:19:56.886  1437  6631 I SVOX Pico Engine: Language already loaded (en-US == en-US)
10-28 19:19:56.886  1437  6631 I SynthProxy: setting speech rate to 100
10-28 19:19:56.886  1437  6631 I SynthProxy: setting pitch to 100
10-28 19:19:56.933  1235  1454 W InputManagerService: Starting input on non-focused client com.android.internal.view.IInputMethodClient$Stub$Proxy@45b873e8 (uid=10060 pid=3503)
10-28 19:19:58.083  1437  6631 W AudioTrack: obtainBuffer timed out (is the CPU pegged?) 0x23cef8 user=000067c0, server=000057c0
10-28 19:19:58.083  1138  1232 D AudioHardwareMot: AudioStreamOut::wake: disabling SRC
10-28 19:19:58.101  1138  1232 D AudioHardwareMot: Output 0xb668 exiting standby
10-28 19:20:00.011  1235  1243 D KeyguardUpdateMonitor: received broadcast android.intent.action.TIME_TICK
10-28 19:20:00.011  1235  1259 D KeyguardUpdateMonitor: handleTimeUpdate
10-28 19:20:01.745  1437  6631 V TtsService: TTS processing: Unrecognized string was: re
10-28 19:20:01.745  1437  6632 V TtsService: TtsService.setLanguage(eng, USA, )
10-28 19:20:01.745  1437  6632 I SVOX Pico Engine: Language already loaded (en-US == en-US)
10-28 19:20:01.745  1437  6632 I SynthProxy: setting speech rate to 100
10-28 19:20:01.753  1437  6632 I SynthProxy: setting pitch to 100
10-28 19:20:06.144  1316  1316 I AtCmdDelegate: handle message:1
10-28 19:20:06.199  1235  1454 D AlarmManagerService: Kernel timezone updated to 240 minutes west of GMT
10-28 19:20:07.480  1138  1232 D AudioHardwareMot: AudioStreamOutMot::standby called
10-28 19:20:07.480  1138  1232 D AudioHardwareMot: Output 0xb668 entering standby
10-28 19:20:07.488  1138  1232 D AudioHardwareMot: Closing Output device
10-28 19:20:11.636  1235  1243 I InputManagerService: received close system dialog event
10-28 19:20:11.644  6054  6054 V SMSDelegate: User pressed search.
10-28 19:20:11.644  1235  1488 I ActivityManager: Starting activity: Intent { act=android.speech.action.RECOGNIZE_SPEECH cmp=com.google.android.voicesearch/.IntentApiActivity (has extras) }
