10-28 19:21:08.324  6054  6055 W SQLiteCompiledSql: 	at com.snakefish.visms.SmsDbAdapter.fetchAllThreads(SmsDbAdapter.java:197)
10-28 19:21:08.324  6054  6055 W SQLiteCompiledSql: 	at com.snakefish.visms.ConversationsActivity.fillInbox(ConversationsActivity.java:145)
10-28 19:21:08.324  6054  6055 W SQLiteCompiledSql: 	at com.snakefish.visms.ConversationsActivity.onCreate(ConversationsActivity.java:79)
10-28 19:21:08.324  6054  6055 W SQLiteCompiledSql: 	at android.app.Instrumentation.callActivityOnCreate(Instrumentation.java:1047)
10-28 19:21:08.324  6054  6055 W SQLiteCompiledSql: 	at android.app.ActivityThread.performLaunchActivity(ActivityThread.java:2701)
10-28 19:21:08.324  6054  6055 W SQLiteCompiledSql: 	at android.app.ActivityThread.handleLaunchActivity(ActivityThread.java:2753)
10-28 19:21:08.324  6054  6055 W SQLiteCompiledSql: 	at android.app.ActivityThread.access$2500(ActivityThread.java:129)
10-28 19:21:08.324  6054  6055 W SQLiteCompiledSql: 	at android.app.ActivityThread$H.handleMessage(ActivityThread.java:2107)
10-28 19:21:08.324  6054  6055 W SQLiteCompiledSql: 	at android.os.Handler.dispatchMessage(Handler.java:99)
10-28 19:21:08.324  6054  6055 W SQLiteCompiledSql: 	at android.os.Looper.loop(Looper.java:143)
10-28 19:21:08.324  6054  6055 W SQLiteCompiledSql: 	at android.app.ActivityThread.main(ActivityThread.java:4701)
10-28 19:21:08.324  6054  6055 W SQLiteCompiledSql: 	at java.lang.reflect.Method.invokeNative(Native Method)
10-28 19:21:08.324  6054  6055 W SQLiteCompiledSql: 	at java.lang.reflect.Method.invoke(Method.java:521)
10-28 19:21:08.324  6054  6055 W SQLiteCompiledSql: 	at com.android.internal.os.ZygoteInit$MethodAndArgsCaller.run(ZygoteInit.java:868)
10-28 19:21:08.324  6054  6055 W SQLiteCompiledSql: 	at com.android.internal.os.ZygoteInit.main(ZygoteInit.java:626)
10-28 19:21:08.324  6054  6055 W SQLiteCompiledSql: 	at dalvik.system.NativeStart.main(Native Method)
10-28 19:21:08.324  6054  6055 E Database: close() was never explicitly called on database '/data/data/com.snakefish.visms/databases/snakefish_sms' 
10-28 19:21:08.324  6054  6055 E Database: android.database.sqlite.DatabaseObjectNotClosedException: Application did not close the cursor or database object that was opened here
10-28 19:21:08.324  6054  6055 E Database: 	at android.database.sqlite.SQLiteDatabase.<init>(SQLiteDatabase.java:1882)
10-28 19:21:08.324  6054  6055 E Database: 	at android.database.sqlite.SQLiteDatabase.openDatabase(SQLiteDatabase.java:889)
10-28 19:21:08.324  6054  6055 E Database: 	at android.database.sqlite.SQLiteDatabase.openOrCreateDatabase(SQLiteDatabase.java:923)
10-28 19:21:08.324  6054  6055 E Database: 	at android.database.sqlite.SQLiteDatabase.openOrCreateDatabase(SQLiteDatabase.java:916)
10-28 19:21:08.324  6054  6055 E Database: 	at android.app.ContextImpl.openOrCreateDatabase(ContextImpl.java:585)
10-28 19:21:08.324  6054  6055 E Database: 	at android.content.ContextWrapper.openOrCreateDatabase(ContextWrapper.java:203)
10-28 19:21:08.324  6054  6055 E Database: 	at android.database.sqlite.SQLiteOpenHelper.getWritableDatabase(SQLiteOpenHelper.java:98)
10-28 19:21:08.324  6054  6055 E Database: 	at com.snakefish.visms.SmsDbAdapter.open(SmsDbAdapter.java:108)
10-28 19:21:08.324  6054  6055 E Database: 	at com.snakefish.visms.ConversationsActivity.onCreate(ConversationsActivity.java:61)
10-28 19:21:08.324  6054  6055 E Database: 	at android.app.Instrumentation.callActivityOnCreate(Instrumentation.java:1047)
10-28 19:21:08.324  6054  6055 E Database: 	at android.app.ActivityThread.performLaunchActivity(ActivityThread.java:2701)
10-28 19:21:08.324  6054  6055 E Database: 	at android.app.ActivityThread.handleLaunchActivity(ActivityThread.java:2753)
10-28 19:21:08.324  6054  6055 E Database: 	at android.app.ActivityThread.access$2500(ActivityThread.java:129)
10-28 19:21:08.324  6054  6055 E Database: 	at android.app.ActivityThread$H.handleMessage(ActivityThread.java:2107)
10-28 19:21:08.324  6054  6055 E Database: 	at android.os.Handler.dispatchMessage(Handler.java:99)
10-28 19:21:08.324  6054  6055 E Database: 	at android.os.Looper.loop(Looper.java:143)
10-28 19:21:08.324  6054  6055 E Database: 	at android.app.ActivityThread.main(ActivityThread.java:4701)
10-28 19:21:08.324  6054  6055 E Database: 	at java.lang.reflect.Method.invokeNative(Native Method)
10-28 19:21:08.324  6054  6055 E Database: 	at java.lang.reflect.Method.invoke(Method.java:521)
10-28 19:21:08.324  6054  6055 E Database: 	at com.android.internal.os.ZygoteInit$MethodAndArgsCaller.run(ZygoteInit.java:868)
10-28 19:21:08.324  6054  6055 E Database: 	at com.android.internal.os.ZygoteInit.main(ZygoteInit.java:626)
10-28 19:21:08.324  6054  6055 E Database: 	at dalvik.system.NativeStart.main(Native Method)
10-28 19:21:08.355  6054  6054 I TTS received: : Message screen
10-28 19:21:08.355  1437  1441 V TtsService: TTS service received Message screen
10-28 19:21:08.355  1437  1441 I TtsService: Stopping
10-28 19:21:08.355  1437  1441 I TtsService: Stopped
10-28 19:21:08.355  1437  1441 V TtsService: TTS processing: Message screen
10-28 19:21:08.363  1437  6675 V TtsService: TtsService.setLanguage(eng, USA, )
10-28 19:21:08.363  1437  6675 I SVOX Pico Engine: Language already loaded (en-US == en-US)
10-28 19:21:08.363  1437  6675 I SynthProxy: setting speech rate to 100
10-28 19:21:08.363  1437  6675 I SynthProxy: setting pitch to 100
10-28 19:21:08.425  1138  1232 D AudioHardwareMot: AudioStreamOut::wake: disabling SRC
10-28 19:21:08.433  1138  1232 D AudioHardwareMot: Output 0xb668 exiting standby
10-28 19:21:08.550  1138  1232 D AudioHardwareMot: AudioStreamOutMot::setParameters() fm_attenuate=0;fm_mute=0
10-28 19:21:08.628  1235  1257 I ActivityManager: Displayed activity com.snakefish.visms/.TextActivity: 377 ms (total 377 ms)
10-28 19:21:08.652  1138  1233 V PVPlayer: reset
10-28 19:21:08.652  1138  6662 V PlayerDriver: Send player code: 19
10-28 19:21:08.652  1138  6662 V PlayerDriver: handleCancelAllCommands
10-28 19:21:08.652  1138  6662 V PlayerDriver: CommandCompleted
10-28 19:21:08.652  1138  6662 V PlayerDriver: Completed command PLAYER_CANCEL_ALL_COMMANDS status=PVMFSuccess
10-28 19:21:08.652  1138  6662 V PlayerDriver: Send player code: 12
10-28 19:21:08.652  1138  6662 V PlayerDriver: handleReset
10-28 19:21:08.652  1138  6662 V PlayerDriver: CommandCompleted
10-28 19:21:08.652  1138  6662 V PlayerDriver: Completed command PLAYER_RESET status=PVMFSuccess
10-28 19:21:08.652  1138  6662 V PlayerDriver: Send player code: 18
10-28 19:21:08.652  1138  6662 V PlayerDriver: handleRemoveDataSource
10-28 19:21:08.652  1138  6662 V PlayerDriver: CommandCompleted
10-28 19:21:08.652  1138  6662 V PlayerDriver: Completed command PLAYER_REMOVE_DATA_SOURCE status=PVMFSuccess
10-28 19:21:08.652  1138  1233 V PVPlayer: unmap file
10-28 19:21:08.652  1138  1233 V PVPlayer: PVPlayer destructor
10-28 19:21:08.652  1138  6662 V PlayerDriver: Send player code: 1
10-28 19:21:08.652  1138  6662 V PlayerDriver: DeletePlayer
10-28 19:21:08.652  1138  6662 D         : enter UnregisterAllRecognizers
10-28 19:21:08.659  1138  6662 V PlayerDriver: destructor
10-28 19:21:08.659  1138  6662 V PlayerDriver: OsclScheduler::Cleanup
10-28 19:21:08.659  1138  1281 V PVPlayer: reset
10-28 19:21:08.659  1138  6668 V PlayerDriver: Send player code: 19
10-28 19:21:08.659  1138  6668 V PlayerDriver: handleCancelAllCommands
10-28 19:21:08.659  1138  6668 V PlayerDriver: CommandCompleted
10-28 19:21:08.659  1138  6668 V PlayerDriver: Completed command PLAYER_CANCEL_ALL_COMMANDS status=PVMFSuccess
10-28 19:21:08.659  1138  6668 V PlayerDriver: Send player code: 12
10-28 19:21:08.659  1138  6668 V PlayerDriver: handleReset
10-28 19:21:08.659  1138  6668 V PlayerDriver: CommandCompleted
10-28 19:21:08.659  1138  6668 V PlayerDriver: Completed command PLAYER_RESET status=PVMFSuccess
10-28 19:21:08.659  1138  6668 V PlayerDriver: Send player code: 18
10-28 19:21:08.659  1138  6668 V PlayerDriver: handleRemoveDataSource
10-28 19:21:08.659  1138  6668 V PlayerDriver: CommandCompleted
10-28 19:21:08.659  1138  6668 V PlayerDriver: Completed command PLAYER_REMOVE_DATA_SOURCE status=PVMFSuccess
10-28 19:21:08.659  1138  1281 V PVPlayer: unmap file
10-28 19:21:08.659  1138  1281 V PVPlayer: PVPlayer destructor
10-28 19:21:08.659  1138  6668 V PlayerDriver: Send player code: 1
10-28 19:21:08.667  1138  6668 V PlayerDriver: DeletePlayer
10-28 19:21:08.667  1138  6668 D         : enter UnregisterAllRecognizers
10-28 19:21:08.667  1138  6668 V PlayerDriver: destructor
10-28 19:21:08.667  1138  6668 V PlayerDriver: OsclScheduler::Cleanup
10-28 19:21:08.667  1138  1233 V PVPlayer: reset
10-28 19:21:08.667  1138  6670 V PlayerDriver: Send player code: 19
10-28 19:21:08.667  1138  6670 V PlayerDriver: handleCancelAllCommands
10-28 19:21:08.667  1138  6670 V PlayerDriver: CommandCompleted
10-28 19:21:08.667  1138  6670 V PlayerDriver: Completed command PLAYER_CANCEL_ALL_COMMANDS status=PVMFSuccess
10-28 19:21:08.667  1138  6670 V PlayerDriver: Send player code: 12
10-28 19:21:08.667  1138  6670 V PlayerDriver: handleReset
10-28 19:21:08.667  1138  6670 V PlayerDriver: CommandCompleted
10-28 19:21:08.667  1138  6670 V PlayerDriver: Completed command PLAYER_RESET status=PVMFSuccess
10-28 19:21:08.667  1138  6670 V PlayerDriver: Send player code: 18
10-28 19:21:08.667  1138  6670 V PlayerDriver: handleRemoveDataSource
10-28 19:21:08.667  1138  6670 V PlayerDriver: CommandCompleted
10-28 19:21:08.667  1138  6670 V PlayerDriver: Completed command PLAYER_REMOVE_DATA_SOURCE status=PVMFSuccess
10-28 19:21:08.675  1138  1233 V PVPlayer: unmap file
10-28 19:21:08.675  1138  1233 V PVPlayer: PVPlayer destructor
10-28 19:21:08.675  1138  6670 V PlayerDriver: Send player code: 1
10-28 19:21:08.675  1138  6670 V PlayerDriver: DeletePlayer
10-28 19:21:08.675  1138  6670 D         : enter UnregisterAllRecognizers
10-28 19:21:08.675  1138  6670 V PlayerDriver: destructor
10-28 19:21:08.675  1138  6670 V PlayerDriver: OsclScheduler::Cleanup
10-28 19:21:08.675  1138  1281 V PVPlayer: reset
10-28 19:21:08.675  1138  6664 V PlayerDriver: Send player code: 19
10-28 19:21:08.675  1138  6664 V PlayerDriver: handleCancelAllCommands
10-28 19:21:08.675  1138  6664 V PlayerDriver: CommandCompleted
10-28 19:21:08.675  1138  6664 V PlayerDriver: Completed command PLAYER_CANCEL_ALL_COMMANDS status=PVMFSuccess
10-28 19:21:08.675  1138  6664 V PlayerDriver: Send player code: 12
10-28 19:21:08.675  1138  6664 V PlayerDriver: handleReset
10-28 19:21:08.675  1138  6664 V PlayerDriver: CommandCompleted
10-28 19:21:08.675  1138  6664 V PlayerDriver: Completed command PLAYER_RESET status=PVMFSuccess
10-28 19:21:08.675  1138  6664 V PlayerDriver: Send player code: 18
10-28 19:21:08.675  1138  6664 V PlayerDriver: handleRemoveDataSource
10-28 19:21:08.683  1138  6664 V PlayerDriver: CommandCompleted
10-28 19:21:08.683  1138  6664 V PlayerDriver: Completed command PLAYER_REMOVE_DATA_SOURCE status=PVMFSuccess
10-28 19:21:08.683  1138  1281 V PVPlayer: unmap file
10-28 19:21:08.683  1138  1281 V PVPlayer: PVPlayer destructor
10-28 19:21:08.683  1138  6664 V PlayerDriver: Send player code: 1
10-28 19:21:08.683  1138  6664 V PlayerDriver: DeletePlayer
10-28 19:21:08.683  1138  6664 D         : enter UnregisterAllRecognizers
10-28 19:21:08.683  1138  6664 V PlayerDriver: destructor
10-28 19:21:08.683  1138  6664 V PlayerDriver: OsclScheduler::Cleanup
10-28 19:21:08.691  1138  1233 V PVPlayer: reset
10-28 19:21:08.691  1138  6672 V PlayerDriver: Send player code: 19
10-28 19:21:08.691  1138  6672 V PlayerDriver: handleCancelAllCommands
10-28 19:21:08.691  1138  6672 V PlayerDriver: CommandCompleted
10-28 19:21:08.691  1138  6672 V PlayerDriver: Completed command PLAYER_CANCEL_ALL_COMMANDS status=PVMFSuccess
10-28 19:21:08.691  1138  6672 V PlayerDriver: Send player code: 12
10-28 19:21:08.691  1138  6672 V PlayerDriver: handleReset
10-28 19:21:08.691  1138  6672 V PlayerDriver: CommandCompleted
10-28 19:21:08.691  1138  6672 V PlayerDriver: Completed command PLAYER_RESET status=PVMFSuccess
10-28 19:21:08.691  1138  6672 V PlayerDriver: Send player code: 18
10-28 19:21:08.691  1138  6672 V PlayerDriver: handleRemoveDataSource
10-28 19:21:08.691  1138  6672 V PlayerDriver: CommandCompleted
10-28 19:21:08.691  1138  6672 V PlayerDriver: Completed command PLAYER_REMOVE_DATA_SOURCE status=PVMFSuccess
10-28 19:21:08.691  1138  1233 V PVPlayer: unmap file
10-28 19:21:08.691  1138  1233 V PVPlayer: PVPlayer destructor
10-28 19:21:08.698  1138  6672 V PlayerDriver: Send player code: 1
10-28 19:21:08.698  1138  6672 V PlayerDriver: DeletePlayer
10-28 19:21:08.698  1138  6672 D         : enter UnregisterAllRecognizers
10-28 19:21:08.698  1138  6672 V PlayerDriver: destructor
10-28 19:21:08.698  1138  6672 V PlayerDriver: OsclScheduler::Cleanup
10-28 19:21:08.698  1138  1281 V PVPlayer: reset
10-28 19:21:08.698  1138  6666 V PlayerDriver: Send player code: 19
10-28 19:21:08.698  1138  6666 V PlayerDriver: handleCancelAllCommands
10-28 19:21:08.698  1138  6666 V PlayerDriver: CommandCompleted
10-28 19:21:08.698  1138  6666 V PlayerDriver: Completed command PLAYER_CANCEL_ALL_COMMANDS status=PVMFSuccess
10-28 19:21:08.698  1138  6666 V PlayerDriver: Send player code: 12
10-28 19:21:08.698  1138  6666 V PlayerDriver: handleReset
10-28 19:21:08.698  1138  6666 V PlayerDriver: CommandCompleted
10-28 19:21:08.698  1138  6666 V PlayerDriver: Completed command PLAYER_RESET status=PVMFSuccess
10-28 19:21:08.698  1138  6666 V PlayerDriver: Send player code: 18
10-28 19:21:08.698  1138  6666 V PlayerDriver: handleRemoveDataSource
10-28 19:21:08.698  1138  6666 V PlayerDriver: CommandCompleted
10-28 19:21:08.698  1138  6666 V PlayerDriver: Completed command PLAYER_REMOVE_DATA_SOURCE status=PVMFSuccess
10-28 19:21:08.698  1138  1281 V PVPlayer: unmap file
10-28 19:21:08.698  1138  1281 V PVPlayer: PVPlayer destructor
10-28 19:21:08.698  1138  6666 V PlayerDriver: Send player code: 1
10-28 19:21:08.698  1138  6666 V PlayerDriver: DeletePlayer
10-28 19:21:08.698  1138  6666 D         : enter UnregisterAllRecognizers
10-28 19:21:08.698  1138  6666 V PlayerDriver: destructor
10-28 19:21:08.698  1138  6666 V PlayerDriver: OsclScheduler::Cleanup
10-28 19:21:08.698  1138  6666 D TIOMX_CORE: deinit count = 0
10-28 19:21:08.714  3503  3503 I SpeechServiceHttpClient: Closing the HTTP client.
10-28 19:21:09.972  1235  1407 D LocationMasfClient: getNetworkLocation(): Returning cache location with accuracy 3137.0
10-28 19:21:09.972  1235  1364 D libgps  : libgps_get_interface() : returning interface
10-28 19:21:09.972  1235  1364 D libgps  : GpsInterface_inject_location( 43.094912, -77.687331, 3137.000 )
10-28 19:21:12.484  1138  1232 D AudioHardwareMot: AudioStreamOutMot::standby called
10-28 19:21:12.484  1138  1232 D AudioHardwareMot: Output 0xb668 entering standby
10-28 19:21:12.488  1138  1232 D AudioHardwareMot: Closing Output device
10-28 19:21:13.152  1424  1424 D ChipWidgetProvider: a22417 debug in chipwidgetprovider function updatewidget the pendingUpdates is :android.util.SparseIntArray@459efd78
10-28 19:21:13.167  1424  1448 D SocialWidgetProvider: doUpdateWidget id: 2 x: 4 y: 1
10-28 19:21:13.199  1424  1448 D SocialWidgetProvider: filterType: 0
10-28 19:21:13.199  1424  1448 D SocialWidgetProvider: filter: read_state=1 AND pub_date>1288221673202 AND owner=0
10-28 19:21:13.206  1424  1448 D SocialWidgetProvider: ===== getImageDimens: width=103 height=141
10-28 19:21:13.206  1424  1448 D BlurContactsExtensions: ===== targetSize: width=103 height=141
10-28 19:21:13.222  1424  1448 D BlurContactsExtensions: ===== imageStream: imageWidth=100 imageHeight=95
10-28 19:21:13.222  1424  1448 D BlurContactsExtensions: ===== Using default android decode api...
10-28 19:21:13.222  1424  1448 D BlurContactsExtensions: ===== Android image decode:  downSample=1 downScaleX=0 downScaleY=0
10-28 19:21:13.230  1424  1448 D BlurContactsExtensions: ===== Cropping img: cropWidth=69 cropHeight=95
10-28 19:21:13.245  1424  1448 D DateUtil: now.getTimeZone(): Eastern Standard Time
10-28 19:21:13.253  1424  1448 V SocialWidgetProvider: DisplayName: Amanda Shaheen for RawContactId: 506
10-28 19:21:13.277  1424  1448 D SocialWidgetProvider: updated id 2:Hello hello baby, you called? I can't hear a thing.
10-28 19:21:13.316  1340  1340 D dalvikvm: GC_EXPLICIT freed 333 objects / 13536 bytes in 47ms
10-28 19:21:13.922  1235  1243 V DeviceStorageMonitorService: freeMemory=6643630080
10-28 19:21:13.922  1235  1243 V DeviceStorageMonitorService: Threshold Percentage=10
10-28 19:21:13.922  1235  1243 V DeviceStorageMonitorService: mTotalMemory = 70264913
10-28 19:21:13.922  1235  1243 I DeviceStorageMonitorService: Posting Message again
10-28 19:21:16.894  1713  1713 D BlrMsgWatcherService: Service Destroyed
10-28 19:21:16.949  1316  1316 I AtCmdDelegate: handle message:1
10-28 19:21:16.988  1235  1344 D AlarmManagerService: Kernel timezone updated to 240 minutes west of GMT
10-28 19:21:17.503  1466  1466 D ChipWidgetProvider: a22417 debug in chipwidgetprovider function updatewidget the pendingUpdates is :android.util.SparseIntArray@459eb0e8
10-28 19:21:17.659  1235  1889 D dalvikvm: GC_EXPLICIT freed 31383 objects / 1385712 bytes in 109ms
10-28 19:21:17.699  1317  2828 D BlurSNMessagingEngine: SNMessagingProvider::getDatabase called
10-28 19:21:17.714  1466  1476 D wubo    : a22417 in getContactName the address comin is :5704000104
10-28 19:21:17.714  1466  1476 D wubo    : a22417 in getContactName the TMConversationUtils.isMultiAddress(address) :false
10-28 19:21:17.714  1466  1476 D wubo    : case 1 a22417 in resolveSingleAddressToName the name  is :null
10-28 19:21:17.714  1466  1476 D wubo    : case 2 a22417 in resolveSingleAddressToName the name  is :null
10-28 19:21:17.777  1466  1476 D TextMsgTransport: case 1 wubo a22417 in getSender the name is :Jim Dudish
10-28 19:21:17.777  1466  1476 D TextMsgTransport: case 1 wubo a22417 in getSender the address is :5704000104
10-28 19:21:17.792  1466  1476 D TextMsgTransport: case 2 wubo a22417 in getSender the name is :Jim Dudish
10-28 19:21:17.792  1466  1476 V TextMsgTransport: DataId: 4488 ContactId: 649 DisplayName >Jim Dudish< when filtering for >5704000104<
10-28 19:21:17.816  1466  1476 D BlurContactsExtensions: ===== targetSize: width=125 height=150
10-28 19:21:17.941  1466  1476 D DateUtil: now.getTimeZone(): Eastern Standard Time
10-28 19:21:17.995  1340  1340 D dalvikvm: GC_EXPLICIT freed 353 objects / 13304 bytes in 37ms
10-28 19:21:19.699  1325  1325 D PollingManager: wake lock acquired
10-28 19:21:19.699  1325  1325 D PollingManager: decideWhoNeedsPolling(): polling PushService
10-28 19:21:19.722  1325  1325 D DevicePushListener: Finished sending keep alive
10-28 19:21:19.722  1325  1325 D PollingManager: modifyApp(): PushService
10-28 19:21:19.785  1325  1325 I PollingManager: calculateShortestInterval(): shortest interval is 75872
10-28 19:21:19.792  1325  1325 D PollingManager: wake lock released
10-28 19:21:28.550  3823  6676 I zomut.watchdog.monitor: init
10-28 19:21:28.558  3823  6676 I zomut.watchdog.monitor: begin
10-28 19:21:28.605  3823  6676 D dalvikvm: GC_FOR_MALLOC freed 6971 objects / 539664 bytes in 35ms
10-28 19:21:28.683  3823  6676 D dalvikvm: GC_FOR_MALLOC freed 2999 objects / 514544 bytes in 35ms
10-28 19:21:28.753  3823  6676 D dalvikvm: GC_FOR_MALLOC freed 3031 objects / 505568 bytes in 35ms
10-28 19:21:28.839  3823  6676 I zomut.watchdog.monitor: end
10-28 19:21:31.480  1312  1312 W KeyCharacterMap: Can't open keycharmap file
10-28 19:21:31.480  1312  1312 W KeyCharacterMap: Error loading keycharmap file '/system/usr/keychars/qtouch-touchscreen.kcm.bin'. hw.keyboards.65538.devname='qtouch-touchscreen'
10-28 19:21:31.480  1312  1312 W KeyCharacterMap: Using default keymap: /system/usr/keychars/qwerty.kcm.bin
10-28 19:21:31.480  6054  6054 W KeyCharacterMap: Can't open keycharmap file
10-28 19:21:31.480  6054  6054 W KeyCharacterMap: Error loading keycharmap file '/system/usr/keychars/qtouch-touchscreen.kcm.bin'. hw.keyboards.65538.devname='qtouch-touchscreen'
10-28 19:21:31.480  6054  6054 W KeyCharacterMap: Using default keymap: /system/usr/keychars/qwerty.kcm.bin
10-28 19:21:31.730  6054  6054 V SMSDelegate: User pressed search.
10-28 19:21:31.730  1235  1243 I InputManagerService: received close system dialog event
10-28 19:21:31.738  1235  1492 I ActivityManager: Starting activity: Intent { act=android.speech.action.RECOGNIZE_SPEECH cmp=com.google.android.voicesearch/.IntentApiActivity (has extras) }
10-28 19:21:31.753  1544  1544 D ComposeMsgActivity: Power Long Key Press - BroadcastReceiver - START
10-28 19:21:31.769  1544  1544 D ComposeMsgActivity: Power Long Key Press - BroadcastReceiver - END
10-28 19:21:31.800  1544  1544 V MessageUtils: MSG-TABLE - query START, uri=content://sms, projection=(_id body priority ), selection=thread_id=14 AND type=3, args=
10-28 19:21:31.855  1138  1233 V PVPlayer: PVPlayer constructor
10-28 19:21:31.878  3503  6679 I RecognitionController: startRecognition(#Intent;action=android.speech.action.RECOGNIZE_SPEECH;component=com.google.android.voicesearch/.IntentApiActivity;B.fullRecognitionResultsRequest=true;S.android.speech.extra.LANGUAGE_MODEL=free_form;S.android.speech.extra.PROMPT=State%20a%20voice%20command;S.calling_package=com.snakefish.visms;end)
10-28 19:21:31.878  3503  6679 I RecognitionController: State change: STARTING -> STARTING
10-28 19:21:31.886  1138  5303 D AudioHardwareMot: AudioHardwareMot::openInputStream enter
10-28 19:21:31.886  1138  5303 D AudioHardwareMot: AudioStreamInMot::set(0xafb0, 40000, 1, 10, 16000)
10-28 19:21:31.886  1138  5303 D AudioHardwareMot: Codec sampling rate already 16000
10-28 19:21:31.886  1138  5303 D AudioPostProcessor: Disabling beamformer due to unsupported sample rate
10-28 19:21:31.886  1138  5303 D AudioPostProcessor: Done updating beamformer library
10-28 19:21:31.886  1138  5303 D AudioHardwareMot: Input bufSize from kernel = 800
10-28 19:21:31.886  1138  5303 D AudioHardwareMot: Input 0x17228 entering standby
10-28 19:21:31.894  1384  1384 D GoogleLoginService: onBind: Intent { act=android.accounts.AccountAuthenticator cmp=com.google.android.gsf/.loginservice.GoogleLoginService }
10-28 19:21:31.933  6054  6054 W IInputConnectionWrapper: showStatusIcon on inactive InputConnection
10-28 19:21:31.933  1235  1344 I AudioService:  AudioFocus  requestAudioFocus() from android.media.AudioManager@459ff608
10-28 19:21:31.933  3503  6679 I RecognitionController: State change: STARTING -> RECOGNIZING
10-28 19:21:31.933  1235  1889 W InputManagerService: Starting input on non-focused client com.android.internal.view.IInputMethodClient$Stub$Proxy@45d1e930 (uid=10114 pid=6054)
10-28 19:21:31.941  3503  6679 I ServerConnectorImpl: Starting TCP session, url=http://www.google.com/m/voice-search
10-28 19:21:31.941  1138  6680 D AudioHardwareMot: AudioStreamInMot::setParameters() routing=262144;vr_mode=1
10-28 19:21:31.941  1138  6680 D AudioHardwareMot: set input routing 40000
10-28 19:21:31.941  1138  6680 D AudioHardwareMot: doRouting called
10-28 19:21:31.941  1138  6680 D AudioHardwareMot: Stereo output exists; using 0x2
10-28 19:21:31.941  1138  6680 D AudioHardwareMot: Routing to speaker
10-28 19:21:31.941  1138  6680 D AudioHardwareMot: Input path: DEVICE_IN_BUILTIN_MIC
10-28 19:21:31.941  1138  6680 D AudioHardwareMot: Input path: DEVICE_IN_BUILTIN_MIC single mic
10-28 19:21:31.941  1138  6680 D AudioHardwareMot: received vr_mode 1, which we don't care about yet
10-28 19:21:31.941  1138  6680 D AudioHardwareMot: Codec sampling rate already 16000
10-28 19:21:31.941  1138  6680 D AudioHardwareMot: Input 0x17228 exiting standby
10-28 19:21:31.941  1138  6680 D AudioHardwareMot: doRouting called
10-28 19:21:31.941  1138  6680 D AudioHardwareMot: Stereo output exists; using 0x2
10-28 19:21:31.941  1138  6680 D AudioHardwareMot: Routing to speaker
10-28 19:21:31.941  1138  6680 D AudioHardwareMot: Input path: DEVICE_IN_BUILTIN_MIC
10-28 19:21:31.941  1138  6680 D AudioHardwareMot: Input path: DEVICE_IN_BUILTIN_MIC single mic
10-28 19:21:31.995  1235  1257 I ActivityManager: Displayed activity com.google.android.voicesearch/.IntentApiActivity: 240 ms (total 240 ms)
10-28 19:21:32.011  1544  1544 V MessageUtils: MSG-TABLE - query END, counter=-23, cursor=android.content.ContentResolver$CursorWrapperInner@4595e600, stack= <- log <- verbose <- query <- queryDraftSmsMessage <- deleteTemporarySmsMessage
10-28 19:21:32.019  1544  1544 V MessageUtils: MSG-TABLE - close, counter=-24, cursor=android.content.ContentResolver$CursorWrapperInner@4595e600, stack= <- log <- verbose <- closeCursor <- deleteTemporarySmsMessage <- access$4800
10-28 19:21:32.027  1544  6683 V MessageUtils: MSG-TABLE - query START, uri=content://mms-sms/draft, projection=(thread_id ), selection=null, args=
10-28 19:21:32.034  1544  6683 V MessageUtils: MSG-TABLE - query END, counter=-23, cursor=android.content.ContentResolver$CursorWrapperInner@459665c8, stack= <- log <- verbose <- query <- rebuildCache <- access$000
10-28 19:21:32.050  1544  6683 V MessageUtils: MSG-TABLE - close, counter=-24, cursor=android.content.ContentResolver$CursorWrapperInner@459665c8, stack= <- log <- verbose <- closeCursor <- rebuildCache <- access$000
10-28 19:21:32.050  1138  1233 V PVPlayer: construct PlayerDriver
10-28 19:21:32.050  1138  1233 V PlayerDriver: constructor
10-28 19:21:32.058  1138  1233 V PlayerDriver: OpenCore hardware module loaded
10-28 19:21:32.058  1138  1233 V PlayerDriver: start player thread
10-28 19:21:32.058  1138  6684 V PlayerDriver: startPlayerThread
10-28 19:21:32.058  1138  6684 V PlayerDriver: InitializeForThread
10-28 19:21:32.058  1138  6684 V PlayerDriver: OMX_MasterInit
10-28 19:21:32.058  1138  6684 D omx_interface: TIOMXInterface: creating interface
10-28 19:21:32.058  1138  6684 D omx_interface: Calling DLOPEN on OMX_CORE_LIBRARY (libOMX_Core.so)
10-28 19:21:32.058  1138  6684 D omx_interface: DLOPEN SUCCEEDED (libOMX_Core.so)
10-28 19:21:32.058  1138  6684 D omx_interface: TIOMXInterface: library lookup success
10-28 19:21:32.066  1138  6684 D TIOMX_CORE: init count = 1
10-28 19:21:32.066  1138  6684 V PlayerDriver: OsclScheduler::Init
10-28 19:21:32.066  1138  6684 V PlayerDriver: CreatePlayer
10-28 19:21:32.081  1138  6684 D         : enter PVGetInterface
10-28 19:21:32.081  1138  6684 D         : enter Instance
10-28 19:21:32.081  1138  6684 D         : enter SharedLibraryLookup
10-28 19:21:32.081  1138  6684 D         : enter RegisterAllRecognizers
10-28 19:21:32.089  1138  6684 V PlayerDriver: AddToScheduler
10-28 19:21:32.089  1138  6684 V PlayerDriver: PendForExec
10-28 19:21:32.089  1138  6684 V PlayerDriver: OsclActiveScheduler::Current
10-28 19:21:32.089  1138  6684 V PlayerDriver: StartScheduler
10-28 19:21:32.089  1138  1233 V PVPlayer: send PLAYER_SETUP
10-28 19:21:32.089  1138  6684 V PlayerDriver: Send player code: 2
10-28 19:21:32.089  1138  6684 V PlayerDriver: CommandCompleted
10-28 19:21:32.089  1138  6684 V PlayerDriver: Completed command PLAYER_SETUP status=PVMFSuccess
10-28 19:21:32.089  1138  1233 V PVPlayer: send PLAYER_HELPER
10-28 19:21:32.089  1138  6684 V PlayerDriver: Send player code: 3
10-28 19:21:32.089  1138  6684 V PlayerDriver: CommandCompleted
10-28 19:21:32.089  1138  6684 V PlayerDriver: Completed command PLAYER_HELPER status=PVMFSuccess
10-28 19:21:32.089  1138  1233 V PVPlayer: setDataSource(25, 827356, 4560)
10-28 19:21:32.089  1138  1281 V PVPlayer: prepareAsync
10-28 19:21:32.089  1138  1281 V PVPlayer:   data source = sharedfd://32:827356:4560
10-28 19:21:32.089  1138  6684 V PlayerDriver: Send player code: 4
10-28 19:21:32.089  1138  6684 V PlayerDriver: handleSetDataSource
10-28 19:21:32.089  1138  6684 V PlayerDriver: handleSetDataSource- scanning for extension
10-28 19:21:32.089  1138  6684 D         : enter PVOMA1MOTRecognizerPlugin::Recognize
10-28 19:21:32.089  1138  6684 D         : PVOMA1MOTRecognizerPlugin:Recognize MOT_SVC_drm_openSession failed and session =-4
10-28 19:21:32.097  1138  6684 V PlayerDriver: CommandCompleted
10-28 19:21:32.097  1138  6684 V PlayerDriver: Completed command PLAYER_SET_DATA_SOURCE status=PVMFSuccess
10-28 19:21:32.097  1138  6684 V PVPlayer: run_init s=0, cancelled=0
10-28 19:21:32.097  1138  6684 V PlayerDriver: Send player code: 7
10-28 19:21:32.097  1138  6684 V PlayerDriver: release string is 2.2 len 3
10-28 19:21:32.097  1138  6684 V PlayerDriver: CommandCompleted
10-28 19:21:32.097  1138  6684 V PlayerDriver: Completed command PLAYER_INIT status=PVMFSuccess
10-28 19:21:32.097  1138  6684 V PVPlayer: run_set_video_surface s=0, cancelled=0
10-28 19:21:32.097  1138  6684 V PVPlayer: run_set_audio_output s=0, cancelled=0
10-28 19:21:32.097  1138  6684 V PlayerDriver: Send player code: 6
10-28 19:21:32.097  1138  6684 V PlayerDriver: Create realtime output
10-28 19:21:32.097  1138  6684 V PlayerDriver: canSetA2DPDirectMode() A2DP direct disabled
10-28 19:21:32.097  1138  6684 V PlayerDriver: CommandCompleted
10-28 19:21:32.097  1138  6684 V PlayerDriver: Completed command PLAYER_SET_AUDIO_SINK status=PVMFSuccess
10-28 19:21:32.097  1138  6684 V PVPlayer: run_prepare s=0, cancelled=0
10-28 19:21:32.097  1138  6684 V PlayerDriver: Send player code: 8
10-28 19:21:32.097  1138  6684 V PlayerDriver: disable natpkt - 0
10-28 19:21:32.097  1138  6684 V PlayerDriver: HandleInformationalEvent: UNKNOWN PVMFStatus
10-28 19:21:32.097  1138  6684 V PlayerDriver: HandleInformationalEvent: type=44 UNHANDLED
10-28 19:21:32.097  3503  6230 W MediaPlayer: info/warning (1, 44)
10-28 19:21:32.097  3503  3503 I MediaPlayer: Info (1,44)
10-28 19:21:32.097  1138  6684 V PlayerDriver: CommandCompleted
10-28 19:21:32.105  1138  6684 V PlayerDriver: Completed command PLAYER_PREPARE status=PVMFSuccess
10-28 19:21:32.105  1138  6684 V PlayerDriver: PLAYER_PREPARE complete mDownloadContextData=0x0, mDataReadyReceived=0
10-28 19:21:32.105  1138  6684 V PVPlayer: check_for_live_streaming s=0, cancelled=0
10-28 19:21:32.105  1138  6684 E ProfileVideoFrameDrops: PVMediaOutputNodePort :: Early 0 frames :: OnTime 0 frames :: Late 0 frames :: Total 2 frames
10-28 19:21:32.105  1138  6684 E ProfileVideoFrameDrops: PVMediaOutputNodePort :: Early 0.000000 % :: OnTime -0.000000 % :: Late -0.000000 % 
10-28 19:21:32.105  1138  1233 V PVPlayer: PVPlayer constructor
10-28 19:21:32.113  1138  1233 V PVPlayer: construct PlayerDriver
10-28 19:21:32.113  1138  1233 V PlayerDriver: constructor
10-28 19:21:32.128  1138  1233 V PlayerDriver: OpenCore hardware module loaded
10-28 19:21:32.128  1138  1233 V PlayerDriver: start player thread
10-28 19:21:32.198  3503  6681 I RecognitionController: onReadyForSpeech, noise level:24.535423, snr:-0.031947087
10-28 19:21:32.198  3503  3503 I RecognitionActivity: Start-up latency 414 ms
10-28 19:21:32.323  1138  6686 V PlayerDriver: startPlayerThread
10-28 19:21:32.323  1138  6686 V PlayerDriver: InitializeForThread
10-28 19:21:32.323  1138  6686 V PlayerDriver: OMX_MasterInit
10-28 19:21:32.323  1138  6686 V PlayerDriver: OsclScheduler::Init
10-28 19:21:32.323  1138  6686 V PlayerDriver: CreatePlayer
10-28 19:21:32.323  1138  6686 D         : enter PVGetInterface
10-28 19:21:32.323  1138  6686 D         : enter Instance
10-28 19:21:32.323  1138  6686 D         : enter SharedLibraryLookup
10-28 19:21:32.323  1138  6686 D         : enter RegisterAllRecognizers
10-28 19:21:32.331  1138  6686 V PlayerDriver: AddToScheduler
10-28 19:21:32.331  1138  6686 V PlayerDriver: PendForExec
10-28 19:21:32.331  1138  6686 V PlayerDriver: OsclActiveScheduler::Current
10-28 19:21:32.331  1138  6686 V PlayerDriver: StartScheduler
10-28 19:21:32.331  1138  1233 V PVPlayer: send PLAYER_SETUP
10-28 19:21:32.331  1138  6686 V PlayerDriver: Send player code: 2
10-28 19:21:32.331  1138  6686 V PlayerDriver: CommandCompleted
10-28 19:21:32.331  1138  6686 V PlayerDriver: Completed command PLAYER_SETUP status=PVMFSuccess
10-28 19:21:32.331  1138  1233 V PVPlayer: send PLAYER_HELPER
10-28 19:21:32.331  1138  6686 V PlayerDriver: Send player code: 3
10-28 19:21:32.331  1138  6686 V PlayerDriver: CommandCompleted
10-28 19:21:32.331  1138  6686 V PlayerDriver: Completed command PLAYER_HELPER status=PVMFSuccess
10-28 19:21:32.331  1138  1233 V PVPlayer: setDataSource(33, 803876, 7002)
10-28 19:21:32.331  1138  1281 V PVPlayer: prepareAsync
10-28 19:21:32.331  1138  1281 V PVPlayer:   data source = sharedfd://34:803876:7002
10-28 19:21:32.331  1138  6686 V PlayerDriver: Send player code: 4
10-28 19:21:32.331  1138  6686 V PlayerDriver: handleSetDataSource
10-28 19:21:32.331  1138  6686 V PlayerDriver: handleSetDataSource- scanning for extension
10-28 19:21:32.331  1138  6686 D         : enter PVOMA1MOTRecognizerPlugin::Recognize
10-28 19:21:32.331  1138  6686 D         : PVOMA1MOTRecognizerPlugin:Recognize MOT_SVC_drm_openSession failed and session =-4
10-28 19:21:32.339  1138  6686 V PlayerDriver: CommandCompleted
10-28 19:21:32.339  1138  6686 V PlayerDriver: Completed command PLAYER_SET_DATA_SOURCE status=PVMFSuccess
10-28 19:21:32.339  1138  6686 V PVPlayer: run_init s=0, cancelled=0
10-28 19:21:32.339  1138  6686 V PlayerDriver: Send player code: 7
10-28 19:21:32.339  1138  6686 V PlayerDriver: release string is 2.2 len 3
10-28 19:21:32.339  1138  6686 V PlayerDriver: CommandCompleted
10-28 19:21:32.339  1138  6686 V PlayerDriver: Completed command PLAYER_INIT status=PVMFSuccess
10-28 19:21:32.339  1138  6686 V PVPlayer: run_set_video_surface s=0, cancelled=0
10-28 19:21:32.339  1138  6686 V PVPlayer: run_set_audio_output s=0, cancelled=0
10-28 19:21:32.339  1138  6686 V PlayerDriver: Send player code: 6
10-28 19:21:32.339  1138  6686 V PlayerDriver: Create realtime output
10-28 19:21:32.339  1138  6686 V PlayerDriver: canSetA2DPDirectMode() A2DP direct disabled
10-28 19:21:32.339  1138  6686 V PlayerDriver: CommandCompleted
10-28 19:21:32.339  1138  6686 V PlayerDriver: Completed command PLAYER_SET_AUDIO_SINK status=PVMFSuccess
10-28 19:21:32.339  1138  6686 V PVPlayer: run_prepare s=0, cancelled=0
10-28 19:21:32.339  1138  6686 V PlayerDriver: Send player code: 8
10-28 19:21:32.339  1138  6686 V PlayerDriver: disable natpkt - 0
10-28 19:21:32.339  1138  6686 V PlayerDriver: HandleInformationalEvent: UNKNOWN PVMFStatus
10-28 19:21:32.347  1138  6686 V PlayerDriver: HandleInformationalEvent: type=44 UNHANDLED
10-28 19:21:32.347  3503  6230 W MediaPlayer: info/warning (1, 44)
10-28 19:21:32.347  3503  3503 I MediaPlayer: Info (1,44)
10-28 19:21:32.347  1138  6686 V PlayerDriver: CommandCompleted
10-28 19:21:32.347  1138  6686 V PlayerDriver: Completed command PLAYER_PREPARE status=PVMFSuccess
10-28 19:21:32.347  1138  6686 V PlayerDriver: PLAYER_PREPARE complete mDownloadContextData=0x0, mDataReadyReceived=0
10-28 19:21:32.347  1138  6686 V PVPlayer: check_for_live_streaming s=0, cancelled=0
10-28 19:21:32.347  1138  6686 E ProfileVideoFrameDrops: PVMediaOutputNodePort :: Early 0 frames :: OnTime 0 frames :: Late 0 frames :: Total 4 frames
10-28 19:21:32.347  1138  6686 E ProfileVideoFrameDrops: PVMediaOutputNodePort :: Early 0.000000 % :: OnTime -0.000000 % :: Late -0.000000 % 
10-28 19:21:32.347  1138  1233 V PVPlayer: PVPlayer constructor
10-28 19:21:32.347  1138  1233 V PVPlayer: construct PlayerDriver
10-28 19:21:32.347  1138  1233 V PlayerDriver: constructor
10-28 19:21:32.347  1138  1233 V PlayerDriver: OpenCore hardware module loaded
10-28 19:21:32.347  1138  1233 V PlayerDriver: start player thread
10-28 19:21:32.347  1138  6688 V PlayerDriver: startPlayerThread
10-28 19:21:32.347  1138  6688 V PlayerDriver: InitializeForThread
10-28 19:21:32.347  1138  6688 V PlayerDriver: OMX_MasterInit
10-28 19:21:32.347  1138  6688 V PlayerDriver: OsclScheduler::Init
10-28 19:21:32.347  1138  6688 V PlayerDriver: CreatePlayer
10-28 19:21:32.347  1138  6688 D         : enter PVGetInterface
10-28 19:21:32.347  1138  6688 D         : enter Instance
10-28 19:21:32.347  1138  6688 D         : enter SharedLibraryLookup
10-28 19:21:32.347  1138  6688 D         : enter RegisterAllRecognizers
10-28 19:21:32.355  1138  6688 V PlayerDriver: AddToScheduler
10-28 19:21:32.355  1138  6688 V PlayerDriver: PendForExec
10-28 19:21:32.355  1138  6688 V PlayerDriver: OsclActiveScheduler::Current
10-28 19:21:32.355  1138  6688 V PlayerDriver: StartScheduler
10-28 19:21:32.355  1138  1233 V PVPlayer: send PLAYER_SETUP
10-28 19:21:32.355  1138  6688 V PlayerDriver: Send player code: 2
10-28 19:21:32.355  1138  6688 V PlayerDriver: CommandCompleted
10-28 19:21:32.355  1138  6688 V PlayerDriver: Completed command PLAYER_SETUP status=PVMFSuccess
10-28 19:21:32.355  1138  1233 V PVPlayer: send PLAYER_HELPER
10-28 19:21:32.355  1138  6688 V PlayerDriver: Send player code: 3
10-28 19:21:32.355  1138  6688 V PlayerDriver: CommandCompleted
10-28 19:21:32.355  1138  6688 V PlayerDriver: Completed command PLAYER_HELPER status=PVMFSuccess
10-28 19:21:32.355  1138  1233 V PVPlayer: setDataSource(33, 794068, 9758)
10-28 19:21:32.355  1138  1281 V PVPlayer: prepareAsync
10-28 19:21:32.355  1138  1281 V PVPlayer:   data source = sharedfd://35:794068:9758
10-28 19:21:32.355  1138  6688 V PlayerDriver: Send player code: 4
10-28 19:21:32.355  1138  6688 V PlayerDriver: handleSetDataSource
10-28 19:21:32.355  1138  6688 V PlayerDriver: handleSetDataSource- scanning for extension
10-28 19:21:32.355  1138  6688 D         : enter PVOMA1MOTRecognizerPlugin::Recognize
10-28 19:21:32.355  1138  6688 D         : PVOMA1MOTRecognizerPlugin:Recognize MOT_SVC_drm_openSession failed and session =-4
10-28 19:21:32.363  1138  6688 V PlayerDriver: CommandCompleted
10-28 19:21:32.363  1138  6688 V PlayerDriver: Completed command PLAYER_SET_DATA_SOURCE status=PVMFSuccess
10-28 19:21:32.363  1138  6688 V PVPlayer: run_init s=0, cancelled=0
10-28 19:21:32.363  1138  6688 V PlayerDriver: Send player code: 7
10-28 19:21:32.363  1138  6688 V PlayerDriver: release string is 2.2 len 3
10-28 19:21:32.363  1138  6688 V PlayerDriver: CommandCompleted
10-28 19:21:32.363  1138  6688 V PlayerDriver: Completed command PLAYER_INIT status=PVMFSuccess
10-28 19:21:32.363  1138  6688 V PVPlayer: run_set_video_surface s=0, cancelled=0
10-28 19:21:32.363  1138  6688 V PVPlayer: run_set_audio_output s=0, cancelled=0
10-28 19:21:32.363  1138  6688 V PlayerDriver: Send player code: 6
10-28 19:21:32.363  1138  6688 V PlayerDriver: Create realtime output
10-28 19:21:32.370  1138  6688 V PlayerDriver: canSetA2DPDirectMode() A2DP direct disabled
10-28 19:21:32.370  1138  6688 V PlayerDriver: CommandCompleted
10-28 19:21:32.370  1138  6688 V PlayerDriver: Completed command PLAYER_SET_AUDIO_SINK status=PVMFSuccess
10-28 19:21:32.370  1138  6688 V PVPlayer: run_prepare s=0, cancelled=0
10-28 19:21:32.370  1138  6688 V PlayerDriver: Send player code: 8
10-28 19:21:32.370  1138  6688 V PlayerDriver: disable natpkt - 0
10-28 19:21:32.370  1138  6688 V PlayerDriver: HandleInformationalEvent: UNKNOWN PVMFStatus
10-28 19:21:32.370  1138  6688 V PlayerDriver: HandleInformationalEvent: type=44 UNHANDLED
10-28 19:21:32.370  3503  3508 W MediaPlayer: info/warning (1, 44)
10-28 19:21:32.370  3503  3503 I MediaPlayer: Info (1,44)
10-28 19:21:32.370  1138  6688 V PlayerDriver: CommandCompleted
10-28 19:21:32.370  1138  6688 V PlayerDriver: Completed command PLAYER_PREPARE status=PVMFSuccess
10-28 19:21:32.370  1138  6688 V PlayerDriver: PLAYER_PREPARE complete mDownloadContextData=0x0, mDataReadyReceived=0
10-28 19:21:32.378  1138  1233 V PVPlayer: PVPlayer constructor
10-28 19:21:32.378  1138  6688 V PVPlayer: check_for_live_streaming s=0, cancelled=0
10-28 19:21:32.378  1138  6688 E ProfileVideoFrameDrops: PVMediaOutputNodePort :: Early 0 frames :: OnTime 0 frames :: Late 0 frames :: Total 6 frames
10-28 19:21:32.378  1138  6688 E ProfileVideoFrameDrops: PVMediaOutputNodePort :: Early 0.000000 % :: OnTime -0.000000 % :: Late -0.000000 % 
10-28 19:21:32.378  1138  1233 V PVPlayer: construct PlayerDriver
10-28 19:21:32.378  1138  1233 V PlayerDriver: constructor
10-28 19:21:32.378  1138  1233 V PlayerDriver: OpenCore hardware module loaded
10-28 19:21:32.378  1138  1233 V PlayerDriver: start player thread
10-28 19:21:32.378  1138  6690 V PlayerDriver: startPlayerThread
10-28 19:21:32.378  1138  6690 V PlayerDriver: InitializeForThread
10-28 19:21:32.378  1138  6690 V PlayerDriver: OMX_MasterInit
10-28 19:21:32.378  1138  6690 V PlayerDriver: OsclScheduler::Init
10-28 19:21:32.378  1138  6690 V PlayerDriver: CreatePlayer
10-28 19:21:32.378  1138  6690 D         : enter PVGetInterface
10-28 19:21:32.378  1138  6690 D         : enter Instance
10-28 19:21:32.378  1138  6690 D         : enter SharedLibraryLookup
10-28 19:21:32.378  1138  6690 D         : enter RegisterAllRecognizers
10-28 19:21:32.386  1138  6690 V PlayerDriver: AddToScheduler
10-28 19:21:32.386  1138  6690 V PlayerDriver: PendForExec
10-28 19:21:32.386  1138  6690 V PlayerDriver: OsclActiveScheduler::Current
10-28 19:21:32.386  1138  6690 V PlayerDriver: StartScheduler
10-28 19:21:32.386  1138  1233 V PVPlayer: send PLAYER_SETUP
10-28 19:21:32.386  1138  6690 V PlayerDriver: Send player code: 2
10-28 19:21:32.386  1138  6690 V PlayerDriver: CommandCompleted
10-28 19:21:32.386  1138  6690 V PlayerDriver: Completed command PLAYER_SETUP status=PVMFSuccess
10-28 19:21:32.386  1138  1233 V PVPlayer: send PLAYER_HELPER
10-28 19:21:32.386  1138  6690 V PlayerDriver: Send player code: 3
10-28 19:21:32.386  1138  6690 V PlayerDriver: CommandCompleted
10-28 19:21:32.386  1138  6690 V PlayerDriver: Completed command PLAYER_HELPER status=PVMFSuccess
10-28 19:21:32.386  1138  1233 V PVPlayer: setDataSource(33, 814976, 4198)
10-28 19:21:32.386  1138  5303 V PVPlayer: prepareAsync
10-28 19:21:32.386  1138  5303 V PVPlayer:   data source = sharedfd://36:814976:4198
10-28 19:21:32.386  1138  6690 V PlayerDriver: Send player code: 4
10-28 19:21:32.386  1138  6690 V PlayerDriver: handleSetDataSource
10-28 19:21:32.386  1138  6690 V PlayerDriver: handleSetDataSource- scanning for extension
10-28 19:21:32.386  1138  6690 D         : enter PVOMA1MOTRecognizerPlugin::Recognize
10-28 19:21:32.386  1138  6690 D         : PVOMA1MOTRecognizerPlugin:Recognize MOT_SVC_drm_openSession failed and session =-4
10-28 19:21:32.386  1138  6690 V PlayerDriver: CommandCompleted
10-28 19:21:32.386  1138  6690 V PlayerDriver: Completed command PLAYER_SET_DATA_SOURCE status=PVMFSuccess
10-28 19:21:32.386  1138  6690 V PVPlayer: run_init s=0, cancelled=0
10-28 19:21:32.386  1138  6690 V PlayerDriver: Send player code: 7
10-28 19:21:32.386  1138  6690 V PlayerDriver: release string is 2.2 len 3
10-28 19:21:32.394  1138  6690 V PlayerDriver: CommandCompleted
10-28 19:21:32.394  1138  6690 V PlayerDriver: Completed command PLAYER_INIT status=PVMFSuccess
10-28 19:21:32.394  1138  6690 V PVPlayer: run_set_video_surface s=0, cancelled=0
10-28 19:21:32.394  1138  6690 V PVPlayer: run_set_audio_output s=0, cancelled=0
10-28 19:21:32.394  1138  6690 V PlayerDriver: Send player code: 6
10-28 19:21:32.394  1138  6690 V PlayerDriver: Create realtime output
10-28 19:21:32.394  1138  6690 V PlayerDriver: canSetA2DPDirectMode() A2DP direct disabled
10-28 19:21:32.394  1138  6690 V PlayerDriver: CommandCompleted
10-28 19:21:32.394  1138  6690 V PlayerDriver: Completed command PLAYER_SET_AUDIO_SINK status=PVMFSuccess
10-28 19:21:32.394  1138  6690 V PVPlayer: run_prepare s=0, cancelled=0
10-28 19:21:32.394  1138  6690 V PlayerDriver: Send player code: 8
10-28 19:21:32.394  1138  6690 V PlayerDriver: disable natpkt - 0
10-28 19:21:32.402  1138  6690 V PlayerDriver: HandleInformationalEvent: UNKNOWN PVMFStatus
10-28 19:21:32.402  1138  6690 V PlayerDriver: HandleInformationalEvent: type=44 UNHANDLED
10-28 19:21:32.402  3503  3509 W MediaPlayer: info/warning (1, 44)
10-28 19:21:32.402  3503  3503 I MediaPlayer: Info (1,44)
10-28 19:21:32.402  1138  6690 V PlayerDriver: CommandCompleted
10-28 19:21:32.402  1138  6690 V PlayerDriver: Completed command PLAYER_PREPARE status=PVMFSuccess
10-28 19:21:32.402  1138  6690 V PlayerDriver: PLAYER_PREPARE complete mDownloadContextData=0x0, mDataReadyReceived=0
10-28 19:21:32.402  1138  1233 V PVPlayer: PVPlayer constructor
10-28 19:21:32.402  1138  6690 V PVPlayer: check_for_live_streaming s=0, cancelled=0
10-28 19:21:32.402  1138  6690 E ProfileVideoFrameDrops: PVMediaOutputNodePort :: Early 0 frames :: OnTime 0 frames :: Late 0 frames :: Total 2 frames
10-28 19:21:32.402  1138  6690 E ProfileVideoFrameDrops: PVMediaOutputNodePort :: Early 0.000000 % :: OnTime -0.000000 % :: Late -0.000000 % 
10-28 19:21:32.402  1138  1233 V PVPlayer: construct PlayerDriver
10-28 19:21:32.402  1138  1233 V PlayerDriver: constructor
10-28 19:21:32.402  1138  1233 V PlayerDriver: OpenCore hardware module loaded
10-28 19:21:32.402  1138  1233 V PlayerDriver: start player thread
10-28 19:21:32.402  1138  6692 V PlayerDriver: startPlayerThread
10-28 19:21:32.409  1138  6692 V PlayerDriver: InitializeForThread
10-28 19:21:32.409  1138  6692 V PlayerDriver: OMX_MasterInit
10-28 19:21:32.409  1138  6692 V PlayerDriver: OsclScheduler::Init
10-28 19:21:32.409  1138  6692 V PlayerDriver: CreatePlayer
10-28 19:21:32.409  1138  6692 D         : enter PVGetInterface
10-28 19:21:32.409  1138  6692 D         : enter Instance
10-28 19:21:32.409  1138  6692 D         : enter SharedLibraryLookup
10-28 19:21:32.409  1138  6692 D         : enter RegisterAllRecognizers
10-28 19:21:32.409  1138  6692 V PlayerDriver: AddToScheduler
10-28 19:21:32.409  1138  6692 V PlayerDriver: PendForExec
10-28 19:21:32.409  1138  6692 V PlayerDriver: OsclActiveScheduler::Current
10-28 19:21:32.409  1138  6692 V PlayerDriver: StartScheduler
10-28 19:21:32.417  1138  1233 V PVPlayer: send PLAYER_SETUP
10-28 19:21:32.417  1138  6692 V PlayerDriver: Send player code: 2
10-28 19:21:32.417  1138  6692 V PlayerDriver: CommandCompleted
10-28 19:21:32.417  1138  6692 V PlayerDriver: Completed command PLAYER_SETUP status=PVMFSuccess
10-28 19:21:32.417  1138  1233 V PVPlayer: send PLAYER_HELPER
10-28 19:21:32.417  1138  6692 V PlayerDriver: Send player code: 3
10-28 19:21:32.417  1138  6692 V PlayerDriver: CommandCompleted
10-28 19:21:32.417  1138  6692 V PlayerDriver: Completed command PLAYER_HELPER status=PVMFSuccess
10-28 19:21:32.417  1138  1233 V PVPlayer: setDataSource(33, 819224, 8076)
10-28 19:21:32.417  1138  1281 V PVPlayer: prepareAsync
10-28 19:21:32.417  1138  1281 V PVPlayer:   data source = sharedfd://37:819224:8076
10-28 19:21:32.417  1138  6692 V PlayerDriver: Send player code: 4
10-28 19:21:32.417  1138  6692 V PlayerDriver: handleSetDataSource
10-28 19:21:32.417  1138  6692 V PlayerDriver: handleSetDataSource- scanning for extension
10-28 19:21:32.417  1138  6692 D         : enter PVOMA1MOTRecognizerPlugin::Recognize
10-28 19:21:32.417  1138  6692 D         : PVOMA1MOTRecognizerPlugin:Recognize MOT_SVC_drm_openSession failed and session =-4
10-28 19:21:32.425  1138  6692 V PlayerDriver: CommandCompleted
10-28 19:21:32.425  1138  6692 V PlayerDriver: Completed command PLAYER_SET_DATA_SOURCE status=PVMFSuccess
10-28 19:21:32.425  1138  6692 V PVPlayer: run_init s=0, cancelled=0
10-28 19:21:32.425  1138  6692 V PlayerDriver: Send player code: 7
10-28 19:21:32.425  1138  6692 V PlayerDriver: release string is 2.2 len 3
10-28 19:21:32.425  1138  6692 V PlayerDriver: CommandCompleted
10-28 19:21:32.425  1138  6692 V PlayerDriver: Completed command PLAYER_INIT status=PVMFSuccess
10-28 19:21:32.425  1138  6692 V PVPlayer: run_set_video_surface s=0, cancelled=0
10-28 19:21:32.425  1138  6692 V PVPlayer: run_set_audio_output s=0, cancelled=0
10-28 19:21:32.425  1138  6692 V PlayerDriver: Send player code: 6
10-28 19:21:32.425  1138  6692 V PlayerDriver: Create realtime output
10-28 19:21:32.425  1138  6692 V PlayerDriver: canSetA2DPDirectMode() A2DP direct disabled
10-28 19:21:32.425  1138  6692 V PlayerDriver: CommandCompleted
10-28 19:21:32.425  1138  6692 V PlayerDriver: Completed command PLAYER_SET_AUDIO_SINK status=PVMFSuccess
10-28 19:21:32.425  1138  6692 V PVPlayer: run_prepare s=0, cancelled=0
10-28 19:21:32.425  1138  6692 V PlayerDriver: Send player code: 8
10-28 19:21:32.425  1138  6692 V PlayerDriver: disable natpkt - 0
10-28 19:21:32.425  1138  6692 V PlayerDriver: HandleInformationalEvent: UNKNOWN PVMFStatus
10-28 19:21:32.425  1138  6692 V PlayerDriver: HandleInformationalEvent: type=44 UNHANDLED
10-28 19:21:32.425  3503  6230 W MediaPlayer: info/warning (1, 44)
10-28 19:21:32.425  3503  3503 I MediaPlayer: Info (1,44)
10-28 19:21:32.425  1138  6692 V PlayerDriver: CommandCompleted
10-28 19:21:32.425  1138  6692 V PlayerDriver: Completed command PLAYER_PREPARE status=PVMFSuccess
10-28 19:21:32.425  1138  6692 V PlayerDriver: PLAYER_PREPARE complete mDownloadContextData=0x0, mDataReadyReceived=0
10-28 19:21:32.433  1138  6692 V PVPlayer: check_for_live_streaming s=0, cancelled=0
10-28 19:21:32.433  1138  6692 E ProfileVideoFrameDrops: PVMediaOutputNodePort :: Early 0 frames :: OnTime 0 frames :: Late 0 frames :: Total 5 frames
10-28 19:21:32.433  1138  6692 E ProfileVideoFrameDrops: PVMediaOutputNodePort :: Early 0.000000 % :: OnTime -0.000000 % :: Late -0.000000 % 
10-28 19:21:32.433  1138  1233 V PVPlayer: PVPlayer constructor
10-28 19:21:32.433  1138  1233 V PVPlayer: construct PlayerDriver
10-28 19:21:32.433  1138  1233 V PlayerDriver: constructor
10-28 19:21:32.433  1138  1233 V PlayerDriver: OpenCore hardware module loaded
10-28 19:21:32.433  1138  1233 V PlayerDriver: start player thread
10-28 19:21:32.433  1138  6694 V PlayerDriver: startPlayerThread
10-28 19:21:32.433  1138  6694 V PlayerDriver: InitializeForThread
10-28 19:21:32.433  1138  6694 V PlayerDriver: OMX_MasterInit
10-28 19:21:32.433  1138  6694 V PlayerDriver: OsclScheduler::Init
