10-28 19:33:54.081  6054  6055 W SQLiteCompiledSql: 	at com.snakefish.visms.TextActivity$RightButtonClickListener.onClick(TextActivity.java:269)
10-28 19:33:54.081  6054  6055 W SQLiteCompiledSql: 	at android.view.View.performClick(View.java:2408)
10-28 19:33:54.081  6054  6055 W SQLiteCompiledSql: 	at android.view.View$PerformClick.run(View.java:8818)
10-28 19:33:54.081  6054  6055 W SQLiteCompiledSql: 	at android.os.Handler.handleCallback(Handler.java:587)
10-28 19:33:54.081  6054  6055 W SQLiteCompiledSql: 	at android.os.Handler.dispatchMessage(Handler.java:92)
10-28 19:33:54.081  6054  6055 W SQLiteCompiledSql: 	at android.os.Looper.loop(Looper.java:143)
10-28 19:33:54.081  6054  6055 W SQLiteCompiledSql: 	at android.app.ActivityThread.main(ActivityThread.java:4701)
10-28 19:33:54.081  6054  6055 W SQLiteCompiledSql: 	at java.lang.reflect.Method.invokeNative(Native Method)
10-28 19:33:54.081  6054  6055 W SQLiteCompiledSql: 	at java.lang.reflect.Method.invoke(Method.java:521)
10-28 19:33:54.081  6054  6055 W SQLiteCompiledSql: 	at com.android.internal.os.ZygoteInit$MethodAndArgsCaller.run(ZygoteInit.java:868)
10-28 19:33:54.081  6054  6055 W SQLiteCompiledSql: 	at com.android.internal.os.ZygoteInit.main(ZygoteInit.java:626)
10-28 19:33:54.081  6054  6055 W SQLiteCompiledSql: 	at dalvik.system.NativeStart.main(Native Method)
10-28 19:33:54.081  6054  6055 E Cursor  : Finalizing a Cursor that has not been deactivated or closed. database = /data/data/com.snakefish.visms/databases/snakefish_sms, table = inbox, query = SELECT thread_id FROM inbox WHERE address=5859572470
10-28 19:33:54.081  6054  6055 E Cursor  : android.database.sqlite.DatabaseObjectNotClosedException: Application did not close the cursor or database object that was opened here
10-28 19:33:54.081  6054  6055 E Cursor  : 	at android.database.sqlite.SQLiteCursor.<init>(SQLiteCursor.java:210)
10-28 19:33:54.081  6054  6055 E Cursor  : 	at android.database.sqlite.SQLiteDirectCursorDriver.query(SQLiteDirectCursorDriver.java:53)
10-28 19:33:54.081  6054  6055 E Cursor  : 	at android.database.sqlite.SQLiteDatabase.rawQueryWithFactory(SQLiteDatabase.java:1417)
10-28 19:33:54.081  6054  6055 E Cursor  : 	at android.database.sqlite.SQLiteDatabase.queryWithFactory(SQLiteDatabase.java:1301)
10-28 19:33:54.081  6054  6055 E Cursor  : 	at android.database.sqlite.SQLiteDatabase.query(SQLiteDatabase.java:1256)
10-28 19:33:54.081  6054  6055 E Cursor  : 	at android.database.sqlite.SQLiteDatabase.query(SQLiteDatabase.java:1336)
10-28 19:33:54.081  6054  6055 E Cursor  : 	at com.snakefish.visms.SmsDbAdapter.getThreadId(SmsDbAdapter.java:271)
10-28 19:33:54.081  6054  6055 E Cursor  : 	at com.snakefish.visms.TextActivity.sendMessage(TextActivity.java:185)
10-28 19:33:54.081  6054  6055 E Cursor  : 	at com.snakefish.visms.TextActivity$RightButtonClickListener.doWork(TextActivity.java:273)
10-28 19:33:54.081  6054  6055 E Cursor  : 	at com.snakefish.visms.TextActivity$RightButtonClickListener.onClick(TextActivity.java:269)
10-28 19:33:54.081  6054  6055 E Cursor  : 	at android.view.View.performClick(View.java:2408)
10-28 19:33:54.081  6054  6055 E Cursor  : 	at android.view.View$PerformClick.run(View.java:8818)
10-28 19:33:54.081  6054  6055 E Cursor  : 	at android.os.Handler.handleCallback(Handler.java:587)
10-28 19:33:54.081  6054  6055 E Cursor  : 	at android.os.Handler.dispatchMessage(Handler.java:92)
10-28 19:33:54.081  6054  6055 E Cursor  : 	at android.os.Looper.loop(Looper.java:143)
10-28 19:33:54.081  6054  6055 E Cursor  : 	at android.app.ActivityThread.main(ActivityThread.java:4701)
10-28 19:33:54.081  6054  6055 E Cursor  : 	at java.lang.reflect.Method.invokeNative(Native Method)
10-28 19:33:54.081  6054  6055 E Cursor  : 	at java.lang.reflect.Method.invoke(Method.java:521)
10-28 19:33:54.081  6054  6055 E Cursor  : 	at com.android.internal.os.ZygoteInit$MethodAndArgsCaller.run(ZygoteInit.java:868)
10-28 19:33:54.081  6054  6055 E Cursor  : 	at com.android.internal.os.ZygoteInit.main(ZygoteInit.java:626)
10-28 19:33:54.081  6054  6055 E Cursor  : 	at dalvik.system.NativeStart.main(Native Method)
10-28 19:33:54.089  6054  6055 W SQLiteCompiledSql: Releasing statement in a finalizer. Please ensure that you explicitly call close() on your cursor: SELECT thread_id FROM inbox WHERE address=5859572470
10-28 19:33:54.089  6054  6055 W SQLiteCompiledSql: android.database.sqlite.DatabaseObjectNotClosedException: Application did not close the cursor or database object that was opened here
10-28 19:33:54.089  6054  6055 W SQLiteCompiledSql: 	at android.database.sqlite.SQLiteCompiledSql.<init>(SQLiteCompiledSql.java:62)
10-28 19:33:54.089  6054  6055 W SQLiteCompiledSql: 	at android.database.sqlite.SQLiteProgram.<init>(SQLiteProgram.java:80)
10-28 19:33:54.089  6054  6055 W SQLiteCompiledSql: 	at android.database.sqlite.SQLiteQuery.<init>(SQLiteQuery.java:46)
10-28 19:33:54.089  6054  6055 W SQLiteCompiledSql: 	at android.database.sqlite.SQLiteDirectCursorDriver.query(SQLiteDirectCursorDriver.java:42)
10-28 19:33:54.089  6054  6055 W SQLiteCompiledSql: 	at android.database.sqlite.SQLiteDatabase.rawQueryWithFactory(SQLiteDatabase.java:1417)
10-28 19:33:54.089  6054  6055 W SQLiteCompiledSql: 	at android.database.sqlite.SQLiteDatabase.queryWithFactory(SQLiteDatabase.java:1301)
10-28 19:33:54.089  6054  6055 W SQLiteCompiledSql: 	at android.database.sqlite.SQLiteDatabase.query(SQLiteDatabase.java:1256)
10-28 19:33:54.089  6054  6055 W SQLiteCompiledSql: 	at android.database.sqlite.SQLiteDatabase.query(SQLiteDatabase.java:1336)
10-28 19:33:54.089  6054  6055 W SQLiteCompiledSql: 	at com.snakefish.visms.SmsDbAdapter.getThreadId(SmsDbAdapter.java:271)
10-28 19:33:54.089  6054  6055 W SQLiteCompiledSql: 	at com.snakefish.visms.TextActivity.sendMessage(TextActivity.java:185)
10-28 19:33:54.089  6054  6055 W SQLiteCompiledSql: 	at com.snakefish.visms.TextActivity$RightButtonClickListener.doWork(TextActivity.java:273)
10-28 19:33:54.089  6054  6055 W SQLiteCompiledSql: 	at com.snakefish.visms.TextActivity$RightButtonClickListener.onClick(TextActivity.java:269)
10-28 19:33:54.089  6054  6055 W SQLiteCompiledSql: 	at android.view.View.performClick(View.java:2408)
10-28 19:33:54.089  6054  6055 W SQLiteCompiledSql: 	at android.view.View$PerformClick.run(View.java:8818)
10-28 19:33:54.089  6054  6055 W SQLiteCompiledSql: 	at android.os.Handler.handleCallback(Handler.java:587)
10-28 19:33:54.089  6054  6055 W SQLiteCompiledSql: 	at android.os.Handler.dispatchMessage(Handler.java:92)
10-28 19:33:54.089  6054  6055 W SQLiteCompiledSql: 	at android.os.Looper.loop(Looper.java:143)
10-28 19:33:54.089  6054  6055 W SQLiteCompiledSql: 	at android.app.ActivityThread.main(ActivityThread.java:4701)
10-28 19:33:54.089  6054  6055 W SQLiteCompiledSql: 	at java.lang.reflect.Method.invokeNative(Native Method)
10-28 19:33:54.089  6054  6055 W SQLiteCompiledSql: 	at java.lang.reflect.Method.invoke(Method.java:521)
10-28 19:33:54.089  6054  6055 W SQLiteCompiledSql: 	at com.android.internal.os.ZygoteInit$MethodAndArgsCaller.run(ZygoteInit.java:868)
10-28 19:33:54.089  6054  6055 W SQLiteCompiledSql: 	at com.android.internal.os.ZygoteInit.main(ZygoteInit.java:626)
10-28 19:33:54.089  6054  6055 W SQLiteCompiledSql: 	at dalvik.system.NativeStart.main(Native Method)
10-28 19:33:54.089  6054  6055 E Database: close() was never explicitly called on database '/data/data/com.snakefish.visms/databases/snakefish_sms' 
10-28 19:33:54.089  6054  6055 E Database: android.database.sqlite.DatabaseObjectNotClosedException: Application did not close the cursor or database object that was opened here
10-28 19:33:54.089  6054  6055 E Database: 	at android.database.sqlite.SQLiteDatabase.<init>(SQLiteDatabase.java:1882)
10-28 19:33:54.089  6054  6055 E Database: 	at android.database.sqlite.SQLiteDatabase.openDatabase(SQLiteDatabase.java:889)
10-28 19:33:54.089  6054  6055 E Database: 	at android.database.sqlite.SQLiteDatabase.openOrCreateDatabase(SQLiteDatabase.java:923)
10-28 19:33:54.089  6054  6055 E Database: 	at android.database.sqlite.SQLiteDatabase.openOrCreateDatabase(SQLiteDatabase.java:916)
10-28 19:33:54.089  6054  6055 E Database: 	at android.app.ContextImpl.openOrCreateDatabase(ContextImpl.java:585)
10-28 19:33:54.089  6054  6055 E Database: 	at android.content.ContextWrapper.openOrCreateDatabase(ContextWrapper.java:203)
10-28 19:33:54.089  6054  6055 E Database: 	at android.database.sqlite.SQLiteOpenHelper.getWritableDatabase(SQLiteOpenHelper.java:98)
10-28 19:33:54.089  6054  6055 E Database: 	at com.snakefish.visms.SmsDbAdapter.open(SmsDbAdapter.java:108)
10-28 19:33:54.089  6054  6055 E Database: 	at com.snakefish.visms.TextActivity.sendMessage(TextActivity.java:179)
10-28 19:33:54.089  6054  6055 E Database: 	at com.snakefish.visms.TextActivity$RightButtonClickListener.doWork(TextActivity.java:273)
10-28 19:33:54.089  6054  6055 E Database: 	at com.snakefish.visms.TextActivity$RightButtonClickListener.onClick(TextActivity.java:269)
10-28 19:33:54.089  6054  6055 E Database: 	at android.view.View.performClick(View.java:2408)
10-28 19:33:54.089  6054  6055 E Database: 	at android.view.View$PerformClick.run(View.java:8818)
10-28 19:33:54.089  6054  6055 E Database: 	at android.os.Handler.handleCallback(Handler.java:587)
10-28 19:33:54.089  6054  6055 E Database: 	at android.os.Handler.dispatchMessage(Handler.java:92)
10-28 19:33:54.089  6054  6055 E Database: 	at android.os.Looper.loop(Looper.java:143)
10-28 19:33:54.089  6054  6055 E Database: 	at android.app.ActivityThread.main(ActivityThread.java:4701)
10-28 19:33:54.089  6054  6055 E Database: 	at java.lang.reflect.Method.invokeNative(Native Method)
10-28 19:33:54.089  6054  6055 E Database: 	at java.lang.reflect.Method.invoke(Method.java:521)
10-28 19:33:54.089  6054  6055 E Database: 	at com.android.internal.os.ZygoteInit$MethodAndArgsCaller.run(ZygoteInit.java:868)
10-28 19:33:54.089  6054  6055 E Database: 	at com.android.internal.os.ZygoteInit.main(ZygoteInit.java:626)
10-28 19:33:54.089  6054  6055 E Database: 	at dalvik.system.NativeStart.main(Native Method)
10-28 19:33:54.097  6054  6055 E Database: close() was never explicitly called on database '/data/data/com.snakefish.visms/databases/snakefish_sms' 
10-28 19:33:54.097  6054  6055 E Database: android.database.sqlite.DatabaseObjectNotClosedException: Application did not close the cursor or database object that was opened here
10-28 19:33:54.097  6054  6055 E Database: 	at android.database.sqlite.SQLiteDatabase.<init>(SQLiteDatabase.java:1882)
10-28 19:33:54.097  6054  6055 E Database: 	at android.database.sqlite.SQLiteDatabase.openDatabase(SQLiteDatabase.java:889)
10-28 19:33:54.097  6054  6055 E Database: 	at android.database.sqlite.SQLiteDatabase.openOrCreateDatabase(SQLiteDatabase.java:923)
10-28 19:33:54.097  6054  6055 E Database: 	at android.database.sqlite.SQLiteDatabase.openOrCreateDatabase(SQLiteDatabase.java:916)
10-28 19:33:54.097  6054  6055 E Database: 	at android.app.ContextImpl.openOrCreateDatabase(ContextImpl.java:585)
10-28 19:33:54.097  6054  6055 E Database: 	at android.content.ContextWrapper.openOrCreateDatabase(ContextWrapper.java:203)
10-28 19:33:54.097  6054  6055 E Database: 	at android.database.sqlite.SQLiteOpenHelper.getWritableDatabase(SQLiteOpenHelper.java:98)
10-28 19:33:54.097  6054  6055 E Database: 	at com.snakefish.visms.SmsDbAdapter.open(SmsDbAdapter.java:108)
10-28 19:33:54.097  6054  6055 E Database: 	at com.snakefish.visms.MainChatWindow.onCreate(MainChatWindow.java:76)
10-28 19:33:54.097  6054  6055 E Database: 	at android.app.Instrumentation.callActivityOnCreate(Instrumentation.java:1047)
10-28 19:33:54.097  6054  6055 E Database: 	at android.app.ActivityThread.performLaunchActivity(ActivityThread.java:2701)
10-28 19:33:54.097  6054  6055 E Database: 	at android.app.ActivityThread.handleLaunchActivity(ActivityThread.java:2753)
10-28 19:33:54.097  6054  6055 E Database: 	at android.app.ActivityThread.access$2500(ActivityThread.java:129)
10-28 19:33:54.097  6054  6055 E Database: 	at android.app.ActivityThread$H.handleMessage(ActivityThread.java:2107)
10-28 19:33:54.097  6054  6055 E Database: 	at android.os.Handler.dispatchMessage(Handler.java:99)
10-28 19:33:54.097  6054  6055 E Database: 	at android.os.Looper.loop(Looper.java:143)
10-28 19:33:54.097  6054  6055 E Database: 	at android.app.ActivityThread.main(ActivityThread.java:4701)
10-28 19:33:54.097  6054  6055 E Database: 	at java.lang.reflect.Method.invokeNative(Native Method)
10-28 19:33:54.097  6054  6055 E Database: 	at java.lang.reflect.Method.invoke(Method.java:521)
10-28 19:33:54.097  6054  6055 E Database: 	at com.android.internal.os.ZygoteInit$MethodAndArgsCaller.run(ZygoteInit.java:868)
10-28 19:33:54.097  6054  6055 E Database: 	at com.android.internal.os.ZygoteInit.main(ZygoteInit.java:626)
10-28 19:33:54.097  6054  6055 E Database: 	at dalvik.system.NativeStart.main(Native Method)
10-28 19:34:00.011  1235  1243 D KeyguardUpdateMonitor: received broadcast android.intent.action.TIME_TICK
10-28 19:34:00.011  1235  1259 D KeyguardUpdateMonitor: handleTimeUpdate
10-28 19:34:02.253  1512  1526 D GroupCache: Groups database table has changed. Refreshing the groups cache
10-28 19:34:02.253  1512  1526 V GroupCache: Queue group cache refresh request, delayed (ms): 3000
10-28 19:34:05.300  1294  1409 D DEBUG   : Selection used is -null
10-28 19:34:05.308  1512  1526 D GroupCache: Getting user-defined groups
10-28 19:34:05.316  1512  1526 D GroupCache: Encountered group title, Family
10-28 19:34:05.324  1512  1526 D GroupCache: Encountered group title, Imported Contacts
10-28 19:34:05.331  1512  1526 D GroupCache: Encountered group title, Usability
10-28 19:34:05.331  1512  1526 D GroupCache: Encountered source name, null
10-28 19:34:05.339  1512  1526 D SourceCache: Returning stroed ICON FOR-com.motorola.android.buacontactadapter:Phone:
10-28 19:34:05.339  1512  1526 D GroupCache: Encountered source name, blur
10-28 19:34:05.339  1512  1526 D GroupCache: Encountered source name, null
10-28 19:34:05.339  1512  1526 D GroupCache: Encountered source name, facebook
10-28 19:34:05.339  1512  1526 D SourceCache: Returning stroed ICON FOR-com.motorola.blur.service.bsutils.MOTHER_USER_CREDS_TYPE:a0000022712d6a6532772297749992488@random.svcmot.com:facebook
10-28 19:34:05.339  1512  1526 D GroupCache: Encountered source name, facebook
10-28 19:34:05.339  1512  1526 D SourceCache: Returning stroed ICON FOR-com.motorola.blur.service.bsutils.MOTHER_USER_CREDS_TYPE:a0000022712d6a6532772297749992488@random.svcmot.com:facebook
10-28 19:34:05.339  1512  1526 D GroupCache: Notifying observers of the group cache that its state has changed
10-28 19:34:13.943  1235  1243 V DeviceStorageMonitorService: freeMemory=6643625984
10-28 19:34:13.943  1235  1243 V DeviceStorageMonitorService: Threshold Percentage=10
10-28 19:34:13.943  1235  1243 V DeviceStorageMonitorService: mTotalMemory = 70264913
10-28 19:34:13.943  1235  1243 I DeviceStorageMonitorService: Posting Message again
10-28 19:34:17.037  1235  1243 D KeyguardUpdateMonitor: received broadcast android.intent.action.TIME_SET
10-28 19:34:17.037  1235  1259 D KeyguardUpdateMonitor: handleTimeUpdate
10-28 19:34:17.076  1325  1982 I SyncDataListener: Received SYNC Signal
10-28 19:34:17.115  1325  1982 I SyncDataListener: Preparing to send SYNC intent
10-28 19:34:17.123  1563  6833 D CalAppWidgetService: SERVICE RUN: widgetId: 9
10-28 19:34:17.123  1563  6833 D CalAppWidgetService: spanX: 4
10-28 19:34:17.123  1563  6833 D CalAppWidgetService: spanX: 1
10-28 19:34:17.162  1563  1563 D AlertReceiver: onReceive: a=android.intent.action.TIME_SET Intent { act=android.intent.action.TIME_SET flg=0x20000000 cmp=com.android.calendar/.AlertReceiver }
10-28 19:34:17.178  1325  1982 I SyncDataListener: Finished sending SYNC intent
10-28 19:34:17.193  1561  1561 I FotaAutoUpdate: autoUpdateFeatureOn:falseautoUpdateAirtimeFree:falseautoUpdateInterval:1209600autoUpdateImplicitDeferInterval:86400autoUpdateAfterMDNChangeInterval:120
10-28 19:34:17.201  1561  1561 I FotaAutoUpdate: onStart Called:android.intent.action.TIME_SET
10-28 19:34:17.201  1561  1561 V FotaAutoUpdate: mServiceHandler is not null
10-28 19:34:17.209  1325  1611 I SyncActivityLog: not:Push notification received for sync app id 50
10-28 19:34:17.217  1563  6834 D AlertService: 0 Action = android.intent.action.TIME_SET
10-28 19:34:17.217  1561  6835 I FotaAutoUpdate: handleMessage(android.intent.action.TIME_SET)
10-28 19:34:17.240  1563  6833 D CalAppWidgetService: Widget Calendar Selection string: Calendars.SELECTED=1
10-28 19:34:17.264  1563  6834 D Calendar: missed alarms found: 0
10-28 19:34:17.264  1563  6833 D CalAppWidgetService: WVGA device
10-28 19:34:17.264  1563  6833 D CalAppWidgetService: 4x1
10-28 19:34:17.271  1563  6833 D CalAppWidgetService: setHeader() - went into high density if
10-28 19:34:17.326  1563  6833 D CalAppWidgetService: no requested update or expired wakelock, bailing
10-28 19:34:17.365  1340  1340 D dalvikvm: GC_EXPLICIT freed 4412 objects / 206248 bytes in 44ms
10-28 19:34:17.396  1563  6834 D AlertService: alert count:1
10-28 19:34:17.396  1563  6834 D AlertService: alarmTime:1288303200000 alertId:37 eventId:181 state: 1 minutes:120 declined:false beginTime:1288310400000 endTime:1288396800000
10-28 19:34:17.404  1424  1912 V FeedReceiverService: Matching contact (Raw ID) 511
10-28 19:34:17.404  1424  1912 V FeedReceiverService: decodeStatus first: Beta testing my Halloween costume today out swing dancing.
10-28 19:34:17.404  1424  1912 V FeedReceiverService: decodeStatus - decoded: Beta testing my Halloween costume today out swing dancing.
10-28 19:34:17.404  1424  1912 D FeedReceiverService: FeedLoop: added status 514
10-28 19:34:17.404  1424  1912 V FeedReceiverService: addStatusToFriendFeed - Adding status to friend feed for person=511
10-28 19:34:17.412  1424  1912 V FeedReceiverService: Inserting new feed item for status.
10-28 19:34:17.527  1325  1606 I TLSStateManager: org.apache.harmony.nio.internal.SocketChannelImpl@45917ac0: Read 909 bytes into buffer
10-28 19:34:17.613  1325  1982 I StatusDataListener: Received Status.DATA message
10-28 19:34:17.631  1424  1912 V FeedReceiverService: UpdateStatusDataFromService: (id:501240541) isMe: false
10-28 19:34:17.639  1424  1912 V FeedReceiverService: Status: sync_anchor: "78859031233429801"
10-28 19:34:17.639  1424  1912 V FeedReceiverService: action: UPDATE
10-28 19:34:17.639  1424  1912 V FeedReceiverService: timestamp: 1288307789000
10-28 19:34:17.639  1424  1912 V FeedReceiverService: message: "Hello hello baby, you called? I can\'t hear a thing."
10-28 19:34:17.639  1424  1912 V FeedReceiverService: providerParams: "{\"statusUid\":170458402971565}"
10-28 19:34:17.639  1424  1912 V FeedReceiverService: isMe: false
10-28 19:34:17.639  1424  1912 V FeedReceiverService: statusId: "170458402971565"
10-28 19:34:17.639  1424  1912 V FeedReceiverService: , message: Hello hello baby, you called? I can't hear a thing.
10-28 19:34:17.639  1424  1912 V FeedReceiverService: Source: 1
10-28 19:34:17.639  1424  1912 V FeedReceiverService: Timestamp:1288307789000
10-28 19:34:17.639  1424  1912 V FeedReceiverService: MOOD ID: 0
10-28 19:34:17.639  1424  1912 V FeedReceiverService: MOOD: null
10-28 19:34:17.639  1424  1912 V FeedReceiverService: External ID: 
10-28 19:34:17.639  1424  1912 V FeedReceiverService: looking up 501240541 from facebook
10-28 19:34:17.654  1325  1611 I SyncActivityLog: not:Received notification for NewsRetrievalService.  Delay of 0 ms with signature 62432386.
10-28 19:34:17.667  1325  1982 I StatusSignalAdapter: Preparing to broadcast Status intent with 2 statuses
10-28 19:34:17.678  1325  1611 V SyncActivityLog: not:Stored signature 62432386 for NewsRetrievalService matches 62432386.  Enqueueing.
10-28 19:34:17.678  1325  1611 V SyncEngineController: Enqueuing NewsRetrievalService.  Previous task is done.
10-28 19:34:17.685  1563  6834 D AlertService: ###### creating new alarm notification, numReminders: 1 QUIET
10-28 19:34:17.714  1424  1912 D FeedReceiverService: Status push received.
10-28 19:34:17.714  1424  1912 D BlurPDWT: translate - entered
10-28 19:34:17.714  1424  1912 D BlurPDWT: Preparing to parse out StatusEvents from JSON strings
10-28 19:34:17.732  1325  1611 I SyncActivityLog: not:Creating new sync task for handler name NewsRetrievalService.  Queue size 0.  Forced true
10-28 19:34:17.738  1424  1912 D BlurPDWT: translate - exiting with 2 events
10-28 19:34:17.738  1424  1912 D FeedReceiverService: updateStatusDataFromService: adding 2 statuses
10-28 19:34:17.745  1325  1982 I StatusSignalAdapter: Finished broadcasting Status intent
10-28 19:34:17.745  1424  1912 V FeedReceiverService: UpdateStatusDataFromService: (id:503880763) isMe: false
10-28 19:34:17.745  1424  1912 V FeedReceiverService: Status: sync_anchor: "78859031233429800"
10-28 19:34:17.745  1424  1912 V FeedReceiverService: action: UPDATE
10-28 19:34:17.745  1424  1912 V FeedReceiverService: timestamp: 1288308555000
10-28 19:34:17.745  1424  1912 V FeedReceiverService: message: "Beta testing my Halloween costume today out swing dancing."
10-28 19:34:17.745  1424  1912 V FeedReceiverService: providerParams: "{\"statusUid\":151743101535219}"
10-28 19:34:17.745  1424  1912 V FeedReceiverService: isMe: false
10-28 19:34:17.745  1424  1912 V FeedReceiverService: statusId: "151743101535219"
10-28 19:34:17.745  1424  1912 V FeedReceiverService: , message: Beta testing my Halloween costume today out swing dancing.
10-28 19:34:17.745  1424  1912 V FeedReceiverService: Source: 1
10-28 19:34:17.745  1424  1912 V FeedReceiverService: Timestamp:1288308555000
10-28 19:34:17.745  1424  1912 V FeedReceiverService: MOOD ID: 0
10-28 19:34:17.745  1424  1912 V FeedReceiverService: MOOD: null
10-28 19:34:17.745  1424  1912 V FeedReceiverService: External ID: 
10-28 19:34:17.745  1424  1912 V FeedReceiverService: looking up 503880763 from facebook
10-28 19:34:17.777  1316  1316 I AtCmdDelegate: handle message:1
10-28 19:34:17.784  1325  1982 I StatusDataListener: Finished processing Status.DATA message
10-28 19:34:17.792  1235  1240 D AlarmManagerService: Kernel timezone updated to 240 minutes west of GMT
10-28 19:34:17.795  1325  1984 I SyncActivityLog: ctlr:Starting sync task for NewsRetrievalService
10-28 19:34:17.800  1316  1316 D SystemClock: Setting time of day to sec=1288308857
10-28 19:34:17.810  1424  1912 V FeedReceiverService: Matching contact (Raw ID) 506
10-28 19:34:17.810  1424  1912 V FeedReceiverService: decodeStatus first: Hello hello baby, you called? I can't hear a thing.
10-28 19:34:17.810  1424  1912 V FeedReceiverService: decodeStatus - decoded: Hello hello baby, you called? I can't hear a thing.
10-28 19:34:17.810  1424  1912 D FeedReceiverService: FeedLoop: added status 515
10-28 19:34:17.818  1424  1912 V FeedReceiverService: addStatusToFriendFeed - Adding status to friend feed for person=506
10-28 19:34:17.850  1325  1984 I SyncActivityLog: ctlr:Still enqueued: NewsRetrievalService; 
10-28 19:34:17.850  1325  1984 V ServiceBinder: bind() 0, Intent { act=com.motorola.blur.news.NewsRetrievalServiceSyncHandler }
10-28 19:34:17.857  1325  1325 V ServiceBinder: onServiceConnected() ComponentInfo{com.motorola.blur.news/com.motorola.blur.news.NewsRetrievalService}
10-28 19:34:17.857  1325  1984 V SyncActivityLog: ctlr:Executing sync protocol for NewsRetrievalService. Sync is  forced.
10-28 19:34:17.857  1447  5691 V BlurSyncProtocolHandler: executeSync: handlerName: NewsRetrievalService, isForced: true
10-28 19:34:17.857  1447  2017 V BlurSyncProtocolHandler: Beginning sync of News feed sync handler mediator.  Forced: true. Batching prohibited: false. Timeout of 120 seconds for completion.
10-28 19:34:17.896  1424  1912 V FeedReceiverService: Updating existing feed item for status.
10-28 19:34:17.928  1325  1909 I SyncActivityLog: prot:News feed sync handler mediator: Starting sync
10-28 19:34:17.990  1325  1926 I SyncActivityLog: prot:News feed sync handler mediator: Getting the client's last anchor
10-28 19:34:18.006  1447  2017 D NewsFeedSyncAdapter: getLastClientAnchor() for service blur
10-28 19:34:18.006  1447  2017 V 2WySncPrtclMdtr: Client is at anchor 78859031233430512
10-28 19:34:18.006  1447  2017 V ServiceBinder: bind() 0, Intent { act=com.motorola.blur.service.blur.Actions.BIND_SYNC_WSPROXY_SVC }
10-28 19:34:18.115  1235  1487 D dalvikvm: GC_EXPLICIT freed 41140 objects / 1755184 bytes in 115ms
10-28 19:34:18.139  1447  1447 V ServiceBinder: onServiceConnected() ComponentInfo{com.motorola.blur.service.blur/com.motorola.blur.service.blur.sync.ws.impl.BlurSyncWSClient2}
10-28 19:34:18.193  1325  1923 I SyncActivityLog: prot:News feed sync handler mediator: Calling Blur ws update through proxy.  Attempt 1
10-28 19:34:18.295  1325  1909 V SyncActivityLog: prot:Cache miss for sync app id 50. Must make batching call to cloud.
10-28 19:34:18.343  1512  1526 D GroupCache: Groups database table has changed. Refreshing the groups cache
10-28 19:34:18.343  1512  1526 V GroupCache: Queue group cache refresh request, delayed (ms): 3000
10-28 19:34:18.373  1325  1909 V SyncUpdateManager: Batching app ids: [20, 60, 50, 40, 70, 31, 80, 2, 5]; is secure: false
10-28 19:34:18.396  1325  1626 D WSBase  : processing request: sync/1/updates
10-28 19:34:18.459  1424  1424 D ChipWidgetProvider: Received intent Intent { act=com.motorola.blur.friendfeed.STATUS_ADDED cmp=com.motorola.blur.friendfeed/.widget.SocialWidgetProvider }
10-28 19:34:18.459  1424  1424 D ChipWidgetProvider: a22417 debug in chipwidgetprovider function updatewidget the pendingUpdates is :android.util.SparseIntArray@459efd78
10-28 19:34:18.467  1325  1626 I WSBase  : doRequest(): url: http://ws-cloud216-blur.svcmot.com:80/blur-services-1.0/ws/sync/1/updates/0000019A50D8/4503599654260952?k=android&l=100000019a50d8&f=pb&p=163&h=71/ulL7XssCHuN4slUDhJ61LC.b&of=0&ssl=0
10-28 19:34:18.467  1424  1912 V StatusSyncManager: add - adding new push data to queue
10-28 19:34:18.467  1424  1912 V StatusSyncManager: add - finished adding push data to queue
10-28 19:34:18.467  1424  1913 V StatusSyncManager: Preparing to process 1 anchor lists
10-28 19:34:18.467  1424  1913 V StatusSyncManager: Preparing to process status anchor: Friend: 503880763, Provider: 1, SyncAnchor: 78859031233429800, Type: PUSH
10-28 19:34:18.467  1424  1913 V StatusSyncManager: processStatusAnchor - entered locked code
10-28 19:34:18.475  1424  1448 D SocialWidgetProvider: doUpdateWidget id: 2 x: 4 y: 1
10-28 19:34:18.490  1424  1448 D SocialWidgetProvider: filterType: 0
10-28 19:34:18.490  1424  1448 D SocialWidgetProvider: filter: read_state=1 AND pub_date>1288222458495 AND owner=0
10-28 19:34:18.498  1424  1448 D SocialWidgetProvider: ===== getImageDimens: width=103 height=141
10-28 19:34:18.498  1424  1448 D BlurContactsExtensions: ===== targetSize: width=103 height=141
10-28 19:34:18.521  1424  1448 D BlurContactsExtensions: ===== imageStream: imageWidth=100 imageHeight=150
10-28 19:34:18.521  1424  1448 D BlurContactsExtensions: ===== Using default android decode api...
10-28 19:34:18.521  1424  1448 D BlurContactsExtensions: ===== Android image decode:  downSample=1 downScaleX=0 downScaleY=1
10-28 19:34:18.529  1424  1448 D BlurContactsExtensions: ===== Cropping img: cropWidth=100 cropHeight=136
10-28 19:34:18.545  1424  1448 D DateUtil: now.getTimeZone(): Eastern Standard Time
10-28 19:34:18.560  1424  1913 V StatusSyncManager: processStatusAnchor - exited locked code
10-28 19:34:18.560  1424  1913 V StatusSyncManager: Finished processing status anchor
10-28 19:34:18.560  1424  1913 V StatusSyncManager: Preparing to process status anchor: Friend: 501240541, Provider: 1, SyncAnchor: 78859031233429801, Type: PUSH
10-28 19:34:18.560  1424  1913 V StatusSyncManager: processStatusAnchor - entered locked code
10-28 19:34:18.560  1424  1448 V SocialWidgetProvider: DisplayName: Ryan Mackenzie Clough for RawContactId: 511
10-28 19:34:18.607  1424  1448 D SocialWidgetProvider: updated id 2:Beta testing my Halloween costume today out swing dancing.
10-28 19:34:18.615  1340  1340 D dalvikvm: GC_EXPLICIT freed 381 objects / 14320 bytes in 38ms
10-28 19:34:18.631  1424  1913 V StatusSyncManager: processStatusAnchor - exited locked code
10-28 19:34:18.631  1424  1913 V StatusSyncManager: Finished processing status anchor
10-28 19:34:18.631  1424  1913 V StatusSyncManager: Finished processing 2 anchors
10-28 19:34:18.631  1424  1913 V StatusSyncManager: Checking for unmatched sync anchors true
10-28 19:34:18.631  1424  1913 V StatusSyncManager: Finished checking for unmatched sync anchors
10-28 19:34:19.115  1325  1626 D dalvikvm: GC_FOR_MALLOC freed 11251 objects / 824984 bytes in 57ms
10-28 19:34:19.131  1325  1909 V SyncActivityLog: prot:Client sync app id 20 is already up-to-date.
10-28 19:34:19.139  1325  1626 D WSBase  : doRequest(): sync/1/updates resp length: 1060
10-28 19:34:19.178  1325  1909 V SyncActivityLog: prot:Client sync app id 60 is already up-to-date.
10-28 19:34:19.201  1325  1909 V SyncActivityLog: prot:Client sync app id 40 is already up-to-date.
10-28 19:34:19.225  1325  1909 V SyncActivityLog: prot:Client sync app id 70 is already up-to-date.
10-28 19:34:19.256  1325  1909 V SyncActivityLog: prot:Caching update for sync app id 31 from anchor 78859031233429799 to 78859031233429801 and is_more false
10-28 19:34:19.373  1325  1909 I SyncActivityLog: not:Forcing sync now of sync app id 31
10-28 19:34:19.412  1325  1909 I SyncActivityLog: not:Received notification for StatusSyncHandler.  Delay of 0 ms with signature 62434477.
10-28 19:34:19.420  1325  1611 V SyncActivityLog: not:Stored signature 62434477 for StatusSyncHandler matches 62434477.  Enqueueing.
10-28 19:34:19.420  1325  1611 V SyncEngineController: Enqueuing StatusSyncHandler.  Previous task is done.
10-28 19:34:19.420  1325  1909 V SyncActivityLog: prot:Client sync app id 80 is already up-to-date.
10-28 19:34:19.482  1325  1611 I SyncActivityLog: not:Creating new sync task for handler name StatusSyncHandler.  Queue size 0.  Forced true
10-28 19:34:19.482  1325  1909 V SyncActivityLog: prot:Client sync app id 2 is already up-to-date.
10-28 19:34:19.537  1325  1909 V SyncActivityLog: prot:Client sync app id 5 is already up-to-date.
10-28 19:34:19.568  1447  2017 V GtUpdtFrmWSColl: No further changes on server for app id 50
10-28 19:34:19.646  1325  1926 I SyncActivityLog: prot:News feed sync handler mediator: Updating adapter with server changes.  Attempt 1
10-28 19:34:19.646  1447  2017 D NewsFeedSyncAdapter: update(): for service blur, conflict strategy: SERVER_ALWAYS_WINS
10-28 19:34:19.670  1447  2017 D NewsRetrievalService: getNewsFromService: Received 1 entries
10-28 19:34:19.771  1447  2017 D NewsRetrievalService: Received articles for: feedId 6(1) 
10-28 19:34:19.779  1447  1447 D ChipWidgetProvider: Received intent Intent { act=android.appwidget.action.APPWIDGET_UPDATE cmp=com.motorola.blur.news/.widget.NewsWidgetProvider }
10-28 19:34:19.779  1447  1447 D ChipWidgetProvider: a22417 debug in chipwidgetprovider function updatewidget the pendingUpdates is :android.util.SparseIntArray@459d00c0
10-28 19:34:19.842  1447  1467 D DateUtil: now.getTimeZone(): Eastern Standard Time
10-28 19:34:19.951  1340  1340 D dalvikvm: GC_EXPLICIT freed 1025 objects / 88832 bytes in 39ms
10-28 19:34:19.967  1325  1630 D WSBase  : processing request: photos/1/dl
10-28 19:34:20.092  1325  1630 I WSBase  : doRequest(): url: http://ws-cloud216-blur.svcmot.com:80/blur-services-1.0/ws/photos/1/dl/0000019A50D8/4503599654260952/1395594AB17B2B557DB7A298D4C5632A?k=android&l=100000019a50d8&f=pb&p=0&of=0&dk=1395594AB17B2B557DB7A298D4C5632A&ssl=0
10-28 19:34:20.100  1340  1340 D dalvikvm: GC_EXPLICIT freed 430 objects / 21040 bytes in 42ms
10-28 19:34:20.162  1447  2017 D NewsFeedSyncAdapter: getLastClientAnchor() for service blur
10-28 19:34:20.225  1325  2967 I SyncActivityLog: prot:News feed sync handler mediator: Acking change in the client's anchor
10-28 19:34:20.326  1447  2017 V 2WySncPrtclMdtr: Acknowledged that client anchor is 78859031233430519
10-28 19:34:20.396  1325  1923 I SyncActivityLog: prot:News feed sync handler mediator: Checking for local changes
10-28 19:34:20.404  1447  2017 V 2WySncPrtclMdtr: No client changes.
10-28 19:34:20.459  1325  1358 I SyncActivityLog: prot:News feed sync handler mediator: Success.
10-28 19:34:20.467  1447  2017 V ServiceBinder: unbind(): 1, Intent { act=com.motorola.blur.service.blur.Actions.BIND_SYNC_WSPROXY_SVC }
10-28 19:34:20.537  1325  1984 I SyncActivityLog: ctlr:Sync protocol for NewsRetrievalService completed with status Ok.  Extended status: Success.
10-28 19:34:20.537  1325  1984 V SyncEngineController: Broadcasting sync completed intent with data type news/blur
10-28 19:34:20.537  1447  1447 D ChipWidgetProvider: Received intent Intent { act=com.motorola.blur.service.blur.Actions.SYNC_HANDLER_COMPLETED typ=news/blur cmp=com.motorola.blur.news/.widget.NewsWidgetProvider }
10-28 19:34:20.537  1325  1984 V SyncEngineController: Resetting backoff level for NewsRetrievalService
10-28 19:34:20.545  1447  1447 D ChipWidgetProvider: a22417 debug in chipwidgetprovider function updatewidget the pendingUpdates is :android.util.SparseIntArray@459d00c0
10-28 19:34:20.545  1325  1984 V ServiceBinder: unbind(): 1, Intent { act=com.motorola.blur.news.NewsRetrievalServiceSyncHandler }
10-28 19:34:20.568  1325  1630 D WSBase  : doRequest(): photos/1/dl resp length: 2092
10-28 19:34:20.600  1447  1825 D DateUtil: now.getTimeZone(): Eastern Standard Time
10-28 19:34:20.631  1325  1984 I SyncActivityLog: ctlr:Starting sync task for StatusSyncHandler
10-28 19:34:20.662  1325  1984 I SyncActivityLog: ctlr:Still enqueued: StatusSyncHandler; 
10-28 19:34:20.662  1325  1984 V ServiceBinder: bind() 0, Intent { act=com.motorola.blur.service.blur.status.StatusSyncHandler }
10-28 19:34:20.678  1325  1325 V ServiceBinder: onServiceConnected() ComponentInfo{com.motorola.blur.friendfeed/com.motorola.blur.friendfeed.FeedReceiverService}
10-28 19:34:20.678  1325  1984 V SyncActivityLog: ctlr:Executing sync protocol for StatusSyncHandler. Sync is  forced.
10-28 19:34:20.678  1424  1885 V BlurSyncProtocolHandler: executeSync: handlerName: StatusSyncHandler, isForced: true
10-28 19:34:20.678  1424  2021 V BlurSyncProtocolHandler: Beginning sync of Friendfeed sync handler mediator.  Forced: true. Batching prohibited: false. Timeout of 120 seconds for completion.
10-28 19:34:20.685  1340  1340 D dalvikvm: GC_EXPLICIT freed 538 objects / 25080 bytes in 71ms
10-28 19:34:20.764  1340  1340 D dalvikvm: GC_EXPLICIT freed 343 objects / 13680 bytes in 39ms
10-28 19:34:20.779  1447  1447 I NewsBroadcastReceiver: action: com.motorola.blur.service.blur.mediamule.photodownload.respdata: null
10-28 19:34:20.795  1447  1447 D ChipWidgetProvider: Received intent Intent { act=android.appwidget.action.APPWIDGET_UPDATE cmp=com.motorola.blur.news/.widget.NewsWidgetProvider }
10-28 19:34:20.795  1447  1447 D ChipWidgetProvider: a22417 debug in chipwidgetprovider function updatewidget the pendingUpdates is :android.util.SparseIntArray@459d00c0
10-28 19:34:20.842  1447  1467 D DateUtil: now.getTimeZone(): Eastern Standard Time
10-28 19:34:20.850  1325  2181 I SyncActivityLog: prot:Friendfeed sync handler mediator: Starting sync
10-28 19:34:20.935  1340  1340 D dalvikvm: GC_EXPLICIT freed 958 objects / 82808 bytes in 54ms
10-28 19:34:20.959  1325  1923 I SyncActivityLog: prot:Friendfeed sync handler mediator: Getting the client's last anchor
10-28 19:34:20.975  1424  2021 V StatusSyncManager: Detected last status sync anchor as 78859031233429799
10-28 19:34:20.975  1424  2021 V 2WySncPrtclMdtr: Client is at anchor 78859031233429799
10-28 19:34:20.975  1424  2021 V ServiceBinder: bind() 0, Intent { act=com.motorola.blur.service.blur.Actions.BIND_SYNC_WSPROXY_SVC }
10-28 19:34:20.975  1424  1424 V ServiceBinder: onServiceConnected() ComponentInfo{com.motorola.blur.service.blur/com.motorola.blur.service.blur.sync.ws.impl.BlurSyncWSClient2}
10-28 19:34:21.037  1340  1340 D dalvikvm: GC_EXPLICIT freed 444 objects / 18656 bytes in 42ms
10-28 19:34:21.069  1325  1358 I SyncActivityLog: prot:Friendfeed sync handler mediator: Calling Blur ws update through proxy.  Attempt 1
10-28 19:34:21.162  1325  1909 I SyncActivityLog: prot:Update cache hit for sync app id 31
10-28 19:34:21.217  1424  2021 V GtUpdtFrmWSColl: No further changes on server for app id 31
10-28 19:34:21.287  1325  1926 I SyncActivityLog: prot:Friendfeed sync handler mediator: Updating adapter with server changes.  Attempt 1
10-28 19:34:21.295  1424  2021 D BlurSSA : updateClient - entered with server changes
10-28 19:34:21.295  1424  2021 V StatusSyncManager: Checking for unmatched sync anchors false
10-28 19:34:21.295  1424  2021 V StatusSyncManager: Finished checking for unmatched sync anchors
10-28 19:34:21.295  1424  2021 D BlurSSA : updateClient - preparing to parse out change list
10-28 19:34:21.303  1424  2021 D BlurSSA : updateClient - successfully parsed out change list
10-28 19:34:21.303  1424  2021 V StatusSyncManager: Preparing to process 1 anchor lists
10-28 19:34:21.303  1424  2021 V StatusSyncManager: Preparing to process status anchor: Friend: 501240541, Provider: 1, SyncAnchor: 78859031233429801, Type: SYNC
10-28 19:34:21.303  1424  2021 V StatusSyncManager: processStatusAnchor - entered locked code
10-28 19:34:21.350  1424  2021 V StatusSyncManager: processStatusAnchor - exited locked code
10-28 19:34:21.350  1424  2021 V StatusSyncManager: Finished processing status anchor
10-28 19:34:21.350  1424  2021 V StatusSyncManager: Preparing to process status anchor: Friend: 503880763, Provider: 1, SyncAnchor: 78859031233429800, Type: SYNC
10-28 19:34:21.350  1424  2021 V StatusSyncManager: processStatusAnchor - entered locked code
10-28 19:34:21.404  1424  2021 V StatusSyncManager: processStatusAnchor - exited locked code
10-28 19:34:21.404  1424  2021 V StatusSyncManager: Finished processing status anchor
10-28 19:34:21.404  1424  2021 V StatusSyncManager: Finished processing 2 anchors
10-28 19:34:21.404  1424  2021 D BlurSSA : updateClient - exiting
10-28 19:34:21.412  1424  2021 V StatusSyncManager: Detected last status sync anchor as 78859031233429801
10-28 19:34:21.412  1294  1302 D DEBUG   : Selection used is -null
10-28 19:34:21.428  1512  1526 D GroupCache: Getting user-defined groups
10-28 19:34:21.428  1512  1526 D GroupCache: Encountered group title, Family
10-28 19:34:21.435  1512  1526 D GroupCache: Encountered group title, Imported Contacts
10-28 19:34:21.435  1512  1526 D GroupCache: Encountered group title, Usability
10-28 19:34:21.443  1512  1526 D GroupCache: Encountered source name, null
10-28 19:34:21.443  1512  1526 D SourceCache: Returning stroed ICON FOR-com.motorola.android.buacontactadapter:Phone:
10-28 19:34:21.443  1512  1526 D GroupCache: Encountered source name, blur
10-28 19:34:21.443  1512  1526 D GroupCache: Encountered source name, null
10-28 19:34:21.443  1512  1526 D GroupCache: Encountered source name, facebook
10-28 19:34:21.443  1512  1526 D SourceCache: Returning stroed ICON FOR-com.motorola.blur.service.bsutils.MOTHER_USER_CREDS_TYPE:a0000022712d6a6532772297749992488@random.svcmot.com:facebook
10-28 19:34:21.443  1512  1526 D GroupCache: Encountered source name, facebook
10-28 19:34:21.443  1512  1526 D SourceCache: Returning stroed ICON FOR-com.motorola.blur.service.bsutils.MOTHER_USER_CREDS_TYPE:a0000022712d6a6532772297749992488@random.svcmot.com:facebook
10-28 19:34:21.443  1512  1526 D GroupCache: Notifying observers of the group cache that its state has changed
10-28 19:34:21.467  1325  1800 I SyncActivityLog: prot:Friendfeed sync handler mediator: Acking change in the client's anchor
10-28 19:34:21.553  1424  2021 V 2WySncPrtclMdtr: Acknowledged that client anchor is 78859031233429801
10-28 19:34:21.623  1325  2967 I SyncActivityLog: prot:Friendfeed sync handler mediator: Checking for local changes
10-28 19:34:21.623  1424  2021 V 2WySncPrtclMdtr: No client changes.
10-28 19:34:21.693  1325  2181 I SyncActivityLog: prot:Friendfeed sync handler mediator: Success.
10-28 19:34:21.693  1424  2021 V ServiceBinder: unbind(): 1, Intent { act=com.motorola.blur.service.blur.Actions.BIND_SYNC_WSPROXY_SVC }
10-28 19:34:21.756  1325  1984 I SyncActivityLog: ctlr:Sync protocol for StatusSyncHandler completed with status Ok.  Extended status: Success.
10-28 19:34:21.756  1325  1984 V SyncEngineController: Broadcasting sync completed intent with data type status_anchors/blur
10-28 19:34:21.756  1325  1984 V SyncEngineController: Resetting backoff level for StatusSyncHandler
10-28 19:34:21.764  1325  1984 V ServiceBinder: unbind(): 1, Intent { act=com.motorola.blur.service.blur.status.StatusSyncHandler }
10-28 19:34:25.576  1316  1316 I AtCmdDelegate: handle message:1
10-28 19:34:25.615  1235  1490 D AlarmManagerService: Kernel timezone updated to 240 minutes west of GMT
10-28 19:34:32.771  1340  1340 W KeyCharacterMap: Can't open keycharmap file
10-28 19:34:32.771  1340  1340 W KeyCharacterMap: Error loading keycharmap file '/system/usr/keychars/qtouch-touchscreen.kcm.bin'. hw.keyboards.65538.devname='qtouch-touchscreen'
10-28 19:34:32.771  1340  1340 W KeyCharacterMap: Using default keymap: /system/usr/keychars/qwerty.kcm.bin
10-28 19:34:32.982  1544  1544 D ComposeMsgActivity: Power Long Key Press - BroadcastReceiver - START
10-28 19:34:32.982  1544  1544 D ComposeMsgActivity: Power Long Key Press - BroadcastReceiver - END
10-28 19:34:32.982  1235  1243 I InputManagerService: received close system dialog event
10-28 19:34:32.990  1544  1544 V MessageUtils: MSG-TABLE - query START, uri=content://sms, projection=(_id body priority ), selection=thread_id=14 AND type=3, args=
10-28 19:34:33.029  1235  2149 I ActivityManager: Starting activity: Intent { act=android.search.action.GLOBAL_SEARCH flg=0x10000000 cmp=com.google.android.googlequicksearchbox/.SearchActivity (has extras) }
10-28 19:34:33.037  1544  1544 V MessageUtils: MSG-TABLE - query END, counter=-23, cursor=android.content.ContentResolver$CursorWrapperInner@45911430, stack= <- log <- verbose <- query <- queryDraftSmsMessage <- deleteTemporarySmsMessage
10-28 19:34:33.037  1544  1544 V MessageUtils: MSG-TABLE - close, counter=-24, cursor=android.content.ContentResolver$CursorWrapperInner@45911430, stack= <- log <- verbose <- closeCursor <- deleteTemporarySmsMessage <- access$4800
10-28 19:34:33.045  1544  6837 V MessageUtils: MSG-TABLE - query START, uri=content://mms-sms/draft, projection=(thread_id ), selection=null, args=
10-28 19:34:33.100  1235  2089 I WindowManager: Setting rotation to 3, animFlags=1
10-28 19:34:33.100  1235  2089 I ActivityManager: Config changed: { scale=1.0 imsi=310/4 loc=en_US touch=3 keys=2/1/2 nav=2/1 orien=2 layout=34 uiMode=17 seq=42}
10-28 19:34:33.131  1844  1844 W WidgetAidService: BroadcastReceiver onReceive called
10-28 19:34:33.131  1844  1844 D WidgetAidService: ACTION_HOME_SCREEN_CHANGED - -1
10-28 19:34:33.193  1544  1544 V Mms     : onConfigurationChanged
10-28 19:34:33.326  1235  1243 D dalvikvm: GC_EXTERNAL_ALLOC freed 12378 objects / 544128 bytes in 102ms
10-28 19:34:33.521  1824  1828 I dalvikvm: Jit: resizing JitTable from 8192 to 16384
10-28 19:34:33.584  1235  2149 D SearchManagerService: enter SearchManagerService getSearchablesInGlobalSearch
10-28 19:34:33.725  1844  1844 D WidgetAidService: HomeScreen has lost focus, store the previous state and move to pause
10-28 19:34:33.725  1844  1844 D WidgetAidService: Ignoring the HOME_SCREEN_CHANGED notification as the player is either in paused/playing state
10-28 19:34:33.732  1235  1257 I ActivityManager: Displayed activity com.google.android.googlequicksearchbox/.SearchActivity: 631 ms (total 631 ms)
10-28 19:34:33.748  1340  1340 W IInputConnectionWrapper: showStatusIcon on inactive InputConnection
10-28 19:34:33.795  1235  1344 W InputManagerService: Starting input on non-focused client com.android.internal.view.IInputMethodClient$Stub$Proxy@45d20d90 (uid=10089 pid=1865)
10-28 19:34:33.857  1544  6837 V MessageUtils: MSG-TABLE - query END, counter=-23, cursor=android.content.ContentResolver$CursorWrapperInner@4590aa00, stack= <- log <- verbose <- query <- rebuildCache <- access$000
10-28 19:34:33.865  1544  6837 V MessageUtils: MSG-TABLE - close, counter=-24, cursor=android.content.ContentResolver$CursorWrapperInner@4590aa00, stack= <- log <- verbose <- closeCursor <- rebuildCache <- access$000
10-28 19:34:33.912  1235  1492 W InputManagerService: Starting input on non-focused client com.android.internal.view.IInputMethodClient$Stub$Proxy@45d20d90 (uid=10089 pid=1865)
10-28 19:34:33.951  1235  1487 W InputManagerService: Starting input on non-focused client com.android.internal.view.IInputMethodClient$Stub$Proxy@45d20d90 (uid=10089 pid=1865)
10-28 19:34:34.060  1312  1312 D dalvikvm: GC_EXTERNAL_ALLOC freed 11390 objects / 497968 bytes in 50ms
10-28 19:34:34.068  3823  6838 I zomut.watchdog.monitor: init
10-28 19:34:34.068  3823  6838 I zomut.watchdog.monitor: begin
10-28 19:34:34.225  1851  6841 D QSB.SuggestionProvider: chars=0;feeds=qs,ns,onebox,list,rp,yt;loc=true;auth=false
10-28 19:34:34.365  1851  6841 D dalvikvm: GC_FOR_MALLOC freed 4631 objects / 281624 bytes in 36ms
10-28 19:34:34.451  3823  6838 D dalvikvm: GC_FOR_MALLOC freed 6889 objects / 552560 bytes in 65ms
10-28 19:34:34.521  3823  6838 D dalvikvm: GC_FOR_MALLOC freed 2999 objects / 505208 bytes in 36ms
10-28 19:34:34.592  3823  6838 D dalvikvm: GC_FOR_MALLOC freed 3047 objects / 514384 bytes in 36ms
10-28 19:34:34.662  3823  6838 I zomut.watchdog.monitor: end
10-28 19:34:34.967  1466  1466 D ChipWidgetProvider: a22417 debug in chipwidgetprovider function updatewidget the pendingUpdates is :android.util.SparseIntArray@459eb0e8
10-28 19:34:35.068  1466  1476 D dalvikvm: GC_EXPLICIT freed 8576 objects / 395168 bytes in 85ms
10-28 19:34:35.131  1317  1331 D BlurSNMessagingEngine: SNMessagingProvider::getDatabase called
10-28 19:34:35.162  1466  1476 D wubo    : a22417 in getContactName the address comin is :5704000104
10-28 19:34:35.162  1466  1476 D wubo    : a22417 in getContactName the TMConversationUtils.isMultiAddress(address) :false
10-28 19:34:35.162  1466  1476 D wubo    : case 1 a22417 in resolveSingleAddressToName the name  is :null
10-28 19:34:35.162  1466  1476 D wubo    : case 2 a22417 in resolveSingleAddressToName the name  is :null
10-28 19:34:35.256  1851  6841 D QSB.SuggestionProvider: suggestions=
10-28 19:34:35.373  1466  1476 D TextMsgTransport: case 1 wubo a22417 in getSender the name is :Jim Dudish
10-28 19:34:35.373  1466  1476 D TextMsgTransport: case 1 wubo a22417 in getSender the address is :5704000104
10-28 19:34:35.396  1466  1476 D TextMsgTransport: case 2 wubo a22417 in getSender the name is :Jim Dudish
10-28 19:34:35.404  1466  1476 V TextMsgTransport: DataId: 4488 ContactId: 649 DisplayName >Jim Dudish< when filtering for >5704000104<
10-28 19:34:35.435  1466  1476 D BlurContactsExtensions: ===== targetSize: width=192 height=110
10-28 19:34:35.568  1466  1476 D DateUtil: now.getTimeZone(): Eastern Standard Time
10-28 19:34:35.623  1340  1340 D dalvikvm: GC_EXPLICIT freed 580 objects / 23104 bytes in 38ms
10-28 19:34:35.912  1235  1257 D dalvikvm: GC_EXPLICIT freed 4905 objects / 215504 bytes in 124ms
10-28 19:34:36.271  1316  1316 I AtCmdDelegate: handle message:1
10-28 19:34:36.342  1235  1346 D AlarmManagerService: Kernel timezone updated to 240 minutes west of GMT
10-28 19:34:37.404  1235  1454 I WindowManager: Setting rotation to 0, animFlags=1
10-28 19:34:37.436  1235  1240 I ActivityManager: Config changed: { scale=1.0 imsi=310/4 loc=en_US touch=3 keys=2/1/2 nav=2/1 orien=1 layout=34 uiMode=17 seq=43}
10-28 19:34:37.506  1544  1544 V Mms     : onConfigurationChanged
10-28 19:34:37.779  1844  1844 W WidgetAidService: BroadcastReceiver onReceive called
10-28 19:34:37.779  1844  1844 D WidgetAidService: ACTION_HOME_SCREEN_CHANGED - 3
10-28 19:34:37.810  1844  1844 D WidgetAidService: HomeScreen gained focus/panned
10-28 19:34:37.818  1844  1844 D WidgetAidService: widgetScreenIndex - 5
10-28 19:34:37.834  1235  2149 W InputManagerService: Starting input on non-focused client com.android.internal.view.IInputMethodClient$Stub$Proxy@45d20d90 (uid=10089 pid=1865)
10-28 19:34:37.834  1235  1239 W InputManagerService: Starting input on non-focused client com.android.internal.view.IInputMethodClient$Stub$Proxy@45d20d90 (uid=10089 pid=1865)
10-28 19:34:37.850  1851  1851 W IInputConnectionWrapper: showStatusIcon on inactive InputConnection
10-28 19:34:39.217  1235  1407 D LocationMasfClient: getNetworkLocation(): Returning cache location with accuracy 2567.0
10-28 19:34:39.217  1235  1364 D libgps  : libgps_get_interface() : returning interface
10-28 19:34:39.217  1235  1364 D libgps  : GpsInterface_inject_location( 43.062362, -77.667750, 2567.000 )
10-28 19:34:39.756  1235  1257 D dalvikvm: GC_EXPLICIT freed 3112 objects / 138952 bytes in 130ms
10-28 19:34:43.490  1316  1316 I AtCmdDelegate: handle message:1
10-28 19:34:43.514  1235  2149 D AlarmManagerService: Kernel timezone updated to 240 minutes west of GMT
10-28 19:35:00.014  1235  1243 D KeyguardUpdateMonitor: received broadcast android.intent.action.TIME_TICK
10-28 19:35:00.014  1235  1259 D KeyguardUpdateMonitor: handleTimeUpdate
10-28 19:35:05.154  1851  1851 D dalvikvm: GC_EXPLICIT freed 2162 objects / 144528 bytes in 74ms
10-28 19:35:13.178  1235  1243 V DeviceStorageMonitorService: freeMemory=6643621888
10-28 19:35:13.178  1235  1243 V DeviceStorageMonitorService: Threshold Percentage=10
10-28 19:35:13.178  1235  1243 V DeviceStorageMonitorService: mTotalMemory = 70264913
10-28 19:35:13.178  1235  1243 I DeviceStorageMonitorService: Posting Message again
