10-28 19:45:02.842  1138  1232 D AudioHardwareMot: Output 0xb668 exiting standby
10-28 19:45:02.904  1512  1512 W IInputConnectionWrapper: showStatusIcon on inactive InputConnection
10-28 19:45:02.904  1235  1239 W InputManagerService: Starting input on non-focused client com.android.internal.view.IInputMethodClient$Stub$Proxy@45bcc318 (uid=10005 pid=1512)
10-28 19:45:02.998  1138  1232 D AudioHardwareMot: AudioStreamOutMot::setParameters() fm_attenuate=0;fm_mute=0
10-28 19:45:03.740  5759  5759 D dalvikvm: GC_FOR_MALLOC freed 9636 objects / 519696 bytes in 51ms
10-28 19:45:05.045  1294  2032 D DEBUG   : Selection used is -null
10-28 19:45:05.053  1512  1526 D GroupCache: Getting user-defined groups
10-28 19:45:05.053  1512  1526 D GroupCache: Encountered group title, Family
10-28 19:45:05.068  1512  1526 D GroupCache: Encountered group title, Imported Contacts
10-28 19:45:05.076  1512  1526 D GroupCache: Encountered group title, Usability
10-28 19:45:05.084  1512  1526 D GroupCache: Encountered source name, null
10-28 19:45:05.084  1512  1526 D SourceCache: Returning stroed ICON FOR-com.motorola.android.buacontactadapter:Phone:
10-28 19:45:05.084  1512  1526 D GroupCache: Encountered source name, blur
10-28 19:45:05.084  1512  1526 D GroupCache: Encountered source name, null
10-28 19:45:05.084  1512  1526 D GroupCache: Encountered source name, facebook
10-28 19:45:05.084  1512  1526 D SourceCache: Returning stroed ICON FOR-com.motorola.blur.service.bsutils.MOTHER_USER_CREDS_TYPE:a0000022712d6a6532772297749992488@random.svcmot.com:facebook
10-28 19:45:05.084  1512  1526 D GroupCache: Encountered source name, facebook
10-28 19:45:05.084  1512  1526 D SourceCache: Returning stroed ICON FOR-com.motorola.blur.service.bsutils.MOTHER_USER_CREDS_TYPE:a0000022712d6a6532772297749992488@random.svcmot.com:facebook
10-28 19:45:05.084  1512  1526 D GroupCache: Notifying observers of the group cache that its state has changed
10-28 19:45:07.213  1138  1232 D AudioHardwareMot: AudioStreamOutMot::standby called
10-28 19:45:07.213  1138  1232 D AudioHardwareMot: Output 0xb668 entering standby
10-28 19:45:07.220  1138  1232 D AudioHardwareMot: Closing Output device
10-28 19:45:08.506  1235  1346 I ActivityManager: Starting activity: Intent { cmp=com.snakefish.visms/.TextActivity (has extras) }
10-28 19:45:08.600  6054  6054 I TTS received: : Message screen
10-28 19:45:08.600  1437  1441 V TtsService: TTS service received Message screen
10-28 19:45:08.600  1437  1441 I TtsService: Stopping
10-28 19:45:08.600  1437  1441 I TtsService: Stopped
10-28 19:45:08.600  1437  1441 V TtsService: TTS processing: Message screen
10-28 19:45:08.607  1437  7137 V TtsService: TtsService.setLanguage(eng, USA, )
10-28 19:45:08.607  1437  7137 I SVOX Pico Engine: Language already loaded (en-US == en-US)
10-28 19:45:08.607  1437  7137 I SynthProxy: setting speech rate to 100
10-28 19:45:08.607  1437  7137 I SynthProxy: setting pitch to 100
10-28 19:45:08.670  1138  1232 D AudioHardwareMot: AudioStreamOut::wake: disabling SRC
10-28 19:45:08.679  1138  1232 D AudioHardwareMot: Output 0xb668 exiting standby
10-28 19:45:08.787  1138  1232 D AudioHardwareMot: AudioStreamOutMot::setParameters() fm_attenuate=0;fm_mute=0
10-28 19:45:08.881  1235  1257 I ActivityManager: Displayed activity com.snakefish.visms/.TextActivity: 339 ms (total 339 ms)
10-28 19:45:12.736  1138  1232 D AudioHardwareMot: AudioStreamOutMot::standby called
10-28 19:45:12.736  1138  1232 D AudioHardwareMot: Output 0xb668 entering standby
10-28 19:45:12.744  1138  1232 D AudioHardwareMot: Closing Output device
10-28 19:45:13.227  1235  1243 V DeviceStorageMonitorService: freeMemory=6643621888
10-28 19:45:13.227  1235  1243 V DeviceStorageMonitorService: Threshold Percentage=10
10-28 19:45:13.227  1235  1243 V DeviceStorageMonitorService: mTotalMemory = 70264913
10-28 19:45:13.227  1235  1243 I DeviceStorageMonitorService: Posting Message again
10-28 19:45:26.076  1312  1312 D LatinKeyboard: touch inside SPACE key, is it moved in?  true
10-28 19:45:26.076  1312  1312 D LatinKeyboard: touch inside SPACE key, is it moved in?  true
10-28 19:45:26.107  1312  1312 D LatinKeyboard: touch inside SPACE key, is it moved in?  true
10-28 19:45:26.154  1312  1312 D LatinKeyboard: touch inside SPACE key, is it moved in?  false
10-28 19:45:26.186  1312  1312 D LatinKeyboard: touch inside SPACE key, is it moved in?  false
10-28 19:45:26.209  1312  1312 D LatinKeyboard: touch inside SPACE key, is it moved in?  false
10-28 19:45:26.225  1312  1312 D LatinKeyboard: touch inside SPACE key, is it moved in?  false
10-28 19:45:26.252  1312  1312 D LatinKeyboard: touch inside SPACE key, is it moved in?  false
10-28 19:45:27.459  1312  1312 D LatinKeyboard: touch inside SPACE key, is it moved in?  true
10-28 19:45:27.459  1312  1312 D LatinKeyboard: touch inside SPACE key, is it moved in?  true
10-28 19:45:27.482  1312  1312 D LatinKeyboard: touch inside SPACE key, is it moved in?  true
10-28 19:45:27.529  1312  1312 D LatinKeyboard: touch inside SPACE key, is it moved in?  false
10-28 19:45:27.553  1312  1312 D LatinKeyboard: touch inside SPACE key, is it moved in?  false
10-28 19:45:27.561  1312  1312 D LatinKeyboard: touch inside SPACE key, is it moved in?  false
10-28 19:45:27.595  1312  1312 D LatinKeyboard: touch inside SPACE key, is it moved in?  false
10-28 19:45:30.529  1312  1312 D LatinKeyboard: touch inside SPACE key, is it moved in?  true
10-28 19:45:30.537  1312  1312 D LatinKeyboard: touch inside SPACE key, is it moved in?  true
10-28 19:45:30.568  1312  1312 D LatinKeyboard: touch inside SPACE key, is it moved in?  false
10-28 19:45:30.600  1312  1312 D LatinKeyboard: touch inside SPACE key, is it moved in?  false
10-28 19:45:30.615  1312  1312 D LatinKeyboard: touch inside SPACE key, is it moved in?  false
10-28 19:45:30.639  1312  1312 D LatinKeyboard: touch inside SPACE key, is it moved in?  false
10-28 19:45:30.670  1312  1312 D LatinKeyboard: touch inside SPACE key, is it moved in?  false
10-28 19:45:30.670  1312  1312 D LatinKeyboard: touch inside SPACE key, is it moved in?  false
10-28 19:45:38.975  3823  7138 I zomut.watchdog.monitor: init
10-28 19:45:38.990  3823  7138 I zomut.watchdog.monitor: begin
10-28 19:45:39.068  3823  7138 D dalvikvm: GC_FOR_MALLOC freed 4092 objects / 551496 bytes in 36ms
10-28 19:45:39.146  3823  7138 D dalvikvm: GC_FOR_MALLOC freed 3028 objects / 505576 bytes in 35ms
10-28 19:45:39.264  3823  7138 D dalvikvm: GC_FOR_MALLOC freed 4805 objects / 500000 bytes in 35ms
10-28 19:45:39.287  3823  7138 I zomut.watchdog.monitor: end
10-28 19:45:40.303  1466  1466 D ChipWidgetProvider: a22417 debug in chipwidgetprovider function updatewidget the pendingUpdates is :android.util.SparseIntArray@459eb0e8
10-28 19:45:40.365  1317  1576 D BlurSNMessagingEngine: SNMessagingProvider::getDatabase called
10-28 19:45:40.381  1466  1489 D wubo    : a22417 in getContactName the address comin is :5704000104
10-28 19:45:40.381  1466  1489 D wubo    : a22417 in getContactName the TMConversationUtils.isMultiAddress(address) :false
10-28 19:45:40.381  1466  1489 D wubo    : case 1 a22417 in resolveSingleAddressToName the name  is :null
10-28 19:45:40.381  1466  1489 D wubo    : case 2 a22417 in resolveSingleAddressToName the name  is :null
10-28 19:45:40.443  1466  1489 D TextMsgTransport: case 1 wubo a22417 in getSender the name is :Jim Dudish
10-28 19:45:40.443  1466  1489 D TextMsgTransport: case 1 wubo a22417 in getSender the address is :5704000104
10-28 19:45:40.459  1466  1489 D TextMsgTransport: case 2 wubo a22417 in getSender the name is :Jim Dudish
10-28 19:45:40.459  1466  1489 V TextMsgTransport: DataId: 4488 ContactId: 649 DisplayName >Jim Dudish< when filtering for >5704000104<
10-28 19:45:40.482  1466  1489 D BlurContactsExtensions: ===== targetSize: width=125 height=150
10-28 19:45:40.646  1466  1489 D DateUtil: now.getTimeZone(): Eastern Standard Time
10-28 19:45:40.732  1340  1340 D dalvikvm: GC_EXPLICIT freed 557 objects / 22376 bytes in 62ms
10-28 19:45:54.803  6054  6054 V SmsDbAdapter: Entering value with threadId = 1
10-28 19:45:54.936  6054  6054 I TTS received: : Message sent
10-28 19:45:54.936  1437  1442 V TtsService: TTS service received Message sent
10-28 19:45:54.936  1437  1442 I TtsService: Stopping
10-28 19:45:54.943  1437  1442 I TtsService: Stopped
10-28 19:45:54.943  1437  1442 V TtsService: TTS processing: Message sent
10-28 19:45:54.943  1437  7140 V TtsService: TtsService.setLanguage(eng, USA, )
10-28 19:45:54.943  1437  7140 I SVOX Pico Engine: Language already loaded (en-US == en-US)
10-28 19:45:54.951  1437  7140 I SynthProxy: setting speech rate to 100
10-28 19:45:54.951  1437  7140 I SynthProxy: setting pitch to 100
10-28 19:45:55.021  1138  1232 D AudioHardwareMot: AudioStreamOut::wake: disabling SRC
10-28 19:45:55.030  1138  1232 D AudioHardwareMot: Output 0xb668 exiting standby
10-28 19:45:55.143  1138  1232 D AudioHardwareMot: AudioStreamOutMot::setParameters() fm_attenuate=0;fm_mute=0
10-28 19:45:59.073  1138  1232 D AudioHardwareMot: AudioStreamOutMot::standby called
10-28 19:45:59.073  1138  1232 D AudioHardwareMot: Output 0xb668 entering standby
10-28 19:45:59.076  1138  1232 D AudioHardwareMot: Closing Output device
10-28 19:46:00.014  1235  1243 D KeyguardUpdateMonitor: received broadcast android.intent.action.TIME_TICK
10-28 19:46:00.014  1235  1259 D KeyguardUpdateMonitor: handleTimeUpdate
10-28 19:46:13.228  1235  1243 V DeviceStorageMonitorService: freeMemory=6643621888
10-28 19:46:13.228  1235  1243 V DeviceStorageMonitorService: Threshold Percentage=10
10-28 19:46:13.228  1235  1243 V DeviceStorageMonitorService: mTotalMemory = 70264913
10-28 19:46:13.228  1235  1243 I DeviceStorageMonitorService: Posting Message again
10-28 19:46:34.154  1512  1526 D GroupCache: Groups database table has changed. Refreshing the groups cache
10-28 19:46:34.154  1512  1526 V GroupCache: Queue group cache refresh request, delayed (ms): 3000
10-28 19:46:37.209  1294  2086 D DEBUG   : Selection used is -null
10-28 19:46:37.209  1512  1526 D GroupCache: Getting user-defined groups
10-28 19:46:37.209  1512  1526 D GroupCache: Encountered group title, Family
10-28 19:46:37.217  1512  1526 D GroupCache: Encountered group title, Imported Contacts
10-28 19:46:37.225  1512  1526 D GroupCache: Encountered group title, Usability
10-28 19:46:37.232  1512  1526 D GroupCache: Encountered source name, null
10-28 19:46:37.232  1512  1526 D SourceCache: Returning stroed ICON FOR-com.motorola.android.buacontactadapter:Phone:
10-28 19:46:37.232  1512  1526 D GroupCache: Encountered source name, blur
10-28 19:46:37.232  1512  1526 D GroupCache: Encountered source name, null
10-28 19:46:37.232  1512  1526 D GroupCache: Encountered source name, facebook
10-28 19:46:37.232  1512  1526 D SourceCache: Returning stroed ICON FOR-com.motorola.blur.service.bsutils.MOTHER_USER_CREDS_TYPE:a0000022712d6a6532772297749992488@random.svcmot.com:facebook
10-28 19:46:37.232  1512  1526 D GroupCache: Encountered source name, facebook
10-28 19:46:37.232  1512  1526 D SourceCache: Returning stroed ICON FOR-com.motorola.blur.service.bsutils.MOTHER_USER_CREDS_TYPE:a0000022712d6a6532772297749992488@random.svcmot.com:facebook
10-28 19:46:37.232  1512  1526 D GroupCache: Notifying observers of the group cache that its state has changed
10-28 19:46:39.342  3823  7141 I zomut.watchdog.monitor: init
10-28 19:46:39.350  3823  7141 I zomut.watchdog.monitor: begin
10-28 19:46:39.420  3823  7141 D dalvikvm: GC_FOR_MALLOC freed 5156 objects / 568904 bytes in 35ms
10-28 19:46:39.490  3823  7141 D dalvikvm: GC_FOR_MALLOC freed 3011 objects / 505304 bytes in 34ms
10-28 19:46:39.584  3823  7141 D dalvikvm: GC_FOR_MALLOC freed 4140 objects / 502208 bytes in 34ms
10-28 19:46:39.623  3823  7141 I zomut.watchdog.monitor: end
10-28 19:46:40.649  1466  1466 D ChipWidgetProvider: a22417 debug in chipwidgetprovider function updatewidget the pendingUpdates is :android.util.SparseIntArray@459eb0e8
10-28 19:46:40.764  1466  1476 D dalvikvm: GC_EXPLICIT freed 11143 objects / 505096 bytes in 102ms
10-28 19:46:40.803  1317  1334 D BlurSNMessagingEngine: SNMessagingProvider::getDatabase called
10-28 19:46:40.818  1466  1476 D wubo    : a22417 in getContactName the address comin is :5704000104
10-28 19:46:40.826  1466  1476 D wubo    : a22417 in getContactName the TMConversationUtils.isMultiAddress(address) :false
10-28 19:46:40.826  1466  1476 D wubo    : case 1 a22417 in resolveSingleAddressToName the name  is :null
10-28 19:46:40.826  1466  1476 D wubo    : case 2 a22417 in resolveSingleAddressToName the name  is :null
10-28 19:46:40.889  1466  1476 D TextMsgTransport: case 1 wubo a22417 in getSender the name is :Jim Dudish
10-28 19:46:40.889  1466  1476 D TextMsgTransport: case 1 wubo a22417 in getSender the address is :5704000104
10-28 19:46:40.904  1466  1476 D TextMsgTransport: case 2 wubo a22417 in getSender the name is :Jim Dudish
10-28 19:46:40.904  1466  1476 V TextMsgTransport: DataId: 4488 ContactId: 649 DisplayName >Jim Dudish< when filtering for >5704000104<
10-28 19:46:40.928  1466  1476 D BlurContactsExtensions: ===== targetSize: width=125 height=150
10-28 19:46:41.045  1466  1476 D DateUtil: now.getTimeZone(): Eastern Standard Time
10-28 19:46:41.107  1340  1340 D dalvikvm: GC_EXPLICIT freed 337 objects / 12536 bytes in 37ms
10-28 19:46:50.420  1325  1325 D PollingManager: wake lock acquired
10-28 19:46:50.420  1325  1325 D PollingManager: decideWhoNeedsPolling(): polling PushService
10-28 19:46:50.428  1325  1325 D PollingManager: wake lock acquired
10-28 19:46:50.428  1325  1325 D PollingManager: decideWhoNeedsPolling(): polling WeatherService
10-28 19:46:50.451  1325  1325 D DevicePushListener: Finished sending keep alive
10-28 19:46:50.451  1325  1325 D PollingManager: modifyApp(): PushService
10-28 19:46:50.506  1325  1325 I PollingManager: calculateShortestInterval(): shortest interval is 75872
10-28 19:46:50.514  1325  1325 D PollingManager: wake lock released
10-28 19:46:50.521  1408  1408 D WeatherService: TEMPLOG: got intent in PollingManagerCallback, intent=Intent { act=com.motorola.blur.weather.UPDATE_STALE_FORECASTS (has extras) }
10-28 19:46:50.545  1408  1408 D WeatherService: TEMPLOG: got ACTION_UPDATE_STALE_FORECASTS intent
10-28 19:46:50.545  1408  1408 I WeatherService: Received a request to update all stale forecasts
10-28 19:46:50.545  1408  1819 D WeatherService: TEMPLOG: loop_id from intent-1
10-28 19:46:50.553  1325  1325 D PollingManager: wake lock released
10-28 19:46:50.561  1408  1819 D TEMP    : updateStaleForecasts loopID=-1
10-28 19:46:50.561  1408  1819 I WeatherService: ***updateStale
10-28 19:46:50.561  1408  1819 D WeatherService: TEMPLOG: updateCurrentLocationForecast, loopID=-1
10-28 19:46:50.568  1408  1819 D AWClient: TEMPLOG: getWeatherHelper locationCode=null latitude=43.06236267089844 longitude=-77.6677474975586
10-28 19:46:50.584  1408  1819 I AWClient: **** HTTP URI is http://motox.accu-weather.com/widget/motox/forecast-feed.asp?lat=43.06236267089844&lon=-77.6677474975586&metric=1&langId=eng
10-28 19:46:50.584  1408  1819 D AWClient: requesting weather forecast using uri: http://motox.accu-weather.com/widget/motox/forecast-feed.asp?lat=43.06236267089844&lon=-77.6677474975586&metric=1&langId=eng
10-28 19:46:51.529  1408  1819 D AWClient: http client execute done
10-28 19:46:51.709  1408  1819 I WeatherService: ** updateForecastForCurrentLocation
10-28 19:46:51.740  1408  1408 D ChipWidgetProvider: Received intent Intent { act=com.motorola.blur.weather.ACTION_FORECAST_UPDATE cmp=com.motorola.blur.weather/.WeatherWidgetProvider }
10-28 19:46:51.740  1408  1408 D ChipWidgetProvider: a22417 debug in chipwidgetprovider function updatewidget the pendingUpdates is :android.util.SparseIntArray@459d30a0
10-28 19:46:51.748  1408  1428 I WeatherWidgetProvider: doUpdateWidget 7 x:4 y:1
10-28 19:46:51.771  1408  1428 I WeatherWidgetProvider: ****** settings {"displayName":"Weather","location_codes":[],"temperature_unit":"Fahrenheit"}
10-28 19:46:51.803  1408  1428 I WeatherWidgetProvider: isPortrait is true
10-28 19:46:51.803  1408  1428 I WeatherWidgetProvider: ******* temp1
10-28 19:46:51.803  1408  1428 I WeatherWidgetProvider: ******* temp2
10-28 19:46:51.810  1408  1819 V WeatherService: No locations that meet the criteria, forecast._id >= 0 
10-28 19:46:51.826  1408  1428 I WeatherWidgetProvider: ******* temp3
10-28 19:46:51.881  1408  1819 D WeatherService: There are no stale locations found in database
10-28 19:46:51.904  1340  1340 D dalvikvm: GC_EXPLICIT freed 2309 objects / 107776 bytes in 42ms
10-28 19:46:51.912  1408  1428 W ChipWidgetProvider: Widget span not found for id=27
10-28 19:46:51.912  1408  1428 I WeatherWidgetProvider: doUpdateWidget 27 x:2 y:1
10-28 19:46:51.928  1408  1428 I WeatherWidgetProvider: isPortrait is true
10-28 19:46:51.928  1408  1428 I WeatherWidgetProvider: ******* temp1
10-28 19:46:51.928  1408  1428 I WeatherWidgetProvider: ******* temp2
10-28 19:46:51.943  1408  1428 I WeatherWidgetProvider: ******* temp4
10-28 19:47:00.014  1235  1243 D KeyguardUpdateMonitor: received broadcast android.intent.action.TIME_TICK
10-28 19:47:00.014  1235  1259 D KeyguardUpdateMonitor: handleTimeUpdate
10-28 19:47:13.228  1235  1243 V DeviceStorageMonitorService: freeMemory=6643621888
10-28 19:47:13.228  1235  1243 V DeviceStorageMonitorService: Threshold Percentage=10
10-28 19:47:13.228  1235  1243 V DeviceStorageMonitorService: mTotalMemory = 70264913
10-28 19:47:13.228  1235  1243 I DeviceStorageMonitorService: Posting Message again
10-28 19:47:15.396  3823  3823 D dalvikvm: GC_EXPLICIT freed 3880 objects / 208984 bytes in 96ms
10-28 19:47:22.100  1677  1677 D dalvikvm: GC_EXPLICIT freed 831 objects / 35576 bytes in 73ms
10-28 19:47:28.842  1424  1424 D dalvikvm: GC_EXPLICIT freed 5830 objects / 553888 bytes in 99ms
10-28 19:47:33.834  1713  1713 D dalvikvm: GC_EXPLICIT freed 2305 objects / 193112 bytes in 86ms
10-28 19:47:39.678  3823  7142 I zomut.watchdog.monitor: init
10-28 19:47:39.678  3823  7142 I zomut.watchdog.monitor: begin
10-28 19:47:39.756  3823  7142 D dalvikvm: GC_FOR_MALLOC freed 2574 objects / 460592 bytes in 35ms
10-28 19:47:39.826  3823  7142 D dalvikvm: GC_FOR_MALLOC freed 3045 objects / 514504 bytes in 35ms
10-28 19:47:39.936  3823  7142 D dalvikvm: GC_FOR_MALLOC freed 4993 objects / 492024 bytes in 35ms
10-28 19:47:39.951  3823  7142 I zomut.watchdog.monitor: end
10-28 19:47:41.053  1466  1466 D ChipWidgetProvider: a22417 debug in chipwidgetprovider function updatewidget the pendingUpdates is :android.util.SparseIntArray@459eb0e8
10-28 19:47:41.170  1317  1576 D dalvikvm: GC_EXPLICIT freed 4053 objects / 258784 bytes in 51ms
10-28 19:47:41.178  1317  1576 D BlurSNMessagingEngine: SNMessagingProvider::getDatabase called
10-28 19:47:41.193  1466  1489 D wubo    : a22417 in getContactName the address comin is :5704000104
10-28 19:47:41.193  1466  1489 D wubo    : a22417 in getContactName the TMConversationUtils.isMultiAddress(address) :false
10-28 19:47:41.193  1466  1489 D wubo    : case 1 a22417 in resolveSingleAddressToName the name  is :null
10-28 19:47:41.193  1466  1489 D wubo    : case 2 a22417 in resolveSingleAddressToName the name  is :null
10-28 19:47:41.256  1466  1489 D TextMsgTransport: case 1 wubo a22417 in getSender the name is :Jim Dudish
10-28 19:47:41.256  1466  1489 D TextMsgTransport: case 1 wubo a22417 in getSender the address is :5704000104
10-28 19:47:41.271  1466  1489 D TextMsgTransport: case 2 wubo a22417 in getSender the name is :Jim Dudish
10-28 19:47:41.271  1466  1489 V TextMsgTransport: DataId: 4488 ContactId: 649 DisplayName >Jim Dudish< when filtering for >5704000104<
10-28 19:47:41.295  1466  1489 D BlurContactsExtensions: ===== targetSize: width=125 height=150
10-28 19:47:41.420  1466  1489 D DateUtil: now.getTimeZone(): Eastern Standard Time
10-28 19:47:41.475  1340  1340 D dalvikvm: GC_EXPLICIT freed 436 objects / 16888 bytes in 38ms
10-28 19:48:00.014  1235  1243 D KeyguardUpdateMonitor: received broadcast android.intent.action.TIME_TICK
10-28 19:48:00.014  1235  1259 D KeyguardUpdateMonitor: handleTimeUpdate
10-28 19:48:13.233  1235  1243 V DeviceStorageMonitorService: freeMemory=6643621888
10-28 19:48:13.233  1235  1243 V DeviceStorageMonitorService: Threshold Percentage=10
10-28 19:48:13.233  1235  1243 V DeviceStorageMonitorService: mTotalMemory = 70264913
10-28 19:48:13.233  1235  1243 I DeviceStorageMonitorService: Posting Message again
10-28 19:48:39.990  3823  7143 I zomut.watchdog.monitor: init
10-28 19:48:39.998  3823  7143 I zomut.watchdog.monitor: begin
10-28 19:48:40.068  3823  7143 D dalvikvm: GC_FOR_MALLOC freed 4893 objects / 564616 bytes in 35ms
10-28 19:48:40.139  3823  7143 D dalvikvm: GC_FOR_MALLOC freed 3032 objects / 506872 bytes in 35ms
10-28 19:48:40.232  3823  7143 D dalvikvm: GC_FOR_MALLOC freed 4153 objects / 494840 bytes in 34ms
10-28 19:48:40.271  3823  7143 I zomut.watchdog.monitor: end
10-28 19:48:41.420  1466  1466 D ChipWidgetProvider: a22417 debug in chipwidgetprovider function updatewidget the pendingUpdates is :android.util.SparseIntArray@459eb0e8
10-28 19:48:41.490  1317  2828 D BlurSNMessagingEngine: SNMessagingProvider::getDatabase called
10-28 19:48:41.506  1466  1476 D wubo    : a22417 in getContactName the address comin is :5704000104
10-28 19:48:41.506  1466  1476 D wubo    : a22417 in getContactName the TMConversationUtils.isMultiAddress(address) :false
10-28 19:48:41.506  1466  1476 D wubo    : case 1 a22417 in resolveSingleAddressToName the name  is :null
10-28 19:48:41.506  1466  1476 D wubo    : case 2 a22417 in resolveSingleAddressToName the name  is :null
10-28 19:48:41.568  1466  1476 D TextMsgTransport: case 1 wubo a22417 in getSender the name is :Jim Dudish
10-28 19:48:41.568  1466  1476 D TextMsgTransport: case 1 wubo a22417 in getSender the address is :5704000104
10-28 19:48:41.584  1466  1476 D TextMsgTransport: case 2 wubo a22417 in getSender the name is :Jim Dudish
10-28 19:48:41.584  1466  1476 V TextMsgTransport: DataId: 4488 ContactId: 649 DisplayName >Jim Dudish< when filtering for >5704000104<
10-28 19:48:41.607  1466  1476 D BlurContactsExtensions: ===== targetSize: width=125 height=150
10-28 19:48:41.732  1466  1476 D DateUtil: now.getTimeZone(): Eastern Standard Time
10-28 19:48:41.787  1340  1340 D dalvikvm: GC_EXPLICIT freed 375 objects / 13472 bytes in 36ms
10-28 19:48:45.060  1651  1651 D dalvikvm: GC_EXPLICIT freed 344 objects / 16688 bytes in 71ms
10-28 19:48:50.060  1408  1408 D dalvikvm: GC_EXPLICIT freed 3862 objects / 477816 bytes in 67ms
10-28 19:49:00.014  1235  1243 D KeyguardUpdateMonitor: received broadcast android.intent.action.TIME_TICK
10-28 19:49:00.014  1235  1259 D KeyguardUpdateMonitor: handleTimeUpdate
10-28 19:49:13.234  1235  1243 V DeviceStorageMonitorService: freeMemory=6643621888
10-28 19:49:13.234  1235  1243 V DeviceStorageMonitorService: Threshold Percentage=10
10-28 19:49:13.234  1235  1243 V DeviceStorageMonitorService: mTotalMemory = 70264913
10-28 19:49:13.234  1235  1243 I DeviceStorageMonitorService: Posting Message again
10-28 19:49:19.381  1424  1424 D ChipWidgetProvider: a22417 debug in chipwidgetprovider function updatewidget the pendingUpdates is :android.util.SparseIntArray@459efd78
10-28 19:49:19.396  1424  1481 D SocialWidgetProvider: doUpdateWidget id: 2 x: 4 y: 1
10-28 19:49:19.428  1424  1481 D SocialWidgetProvider: filterType: 0
10-28 19:49:19.428  1424  1481 D SocialWidgetProvider: filter: read_state=1 AND pub_date>1288223359431 AND owner=0
10-28 19:49:19.435  1424  1481 D SocialWidgetProvider: ===== getImageDimens: width=103 height=141
10-28 19:49:19.443  1424  1481 D BlurContactsExtensions: ===== targetSize: width=103 height=141
10-28 19:49:19.490  1294  1928 D dalvikvm: GC_FOR_MALLOC freed 7672 objects / 497584 bytes in 41ms
10-28 19:49:19.498  1424  1481 D BlurContactsExtensions: ===== imageStream: imageWidth=100 imageHeight=150
10-28 19:49:19.498  1424  1481 D BlurContactsExtensions: ===== Using default android decode api...
10-28 19:49:19.498  1424  1481 D BlurContactsExtensions: ===== Android image decode:  downSample=1 downScaleX=0 downScaleY=1
10-28 19:49:19.506  1424  1481 D BlurContactsExtensions: ===== Cropping img: cropWidth=100 cropHeight=136
10-28 19:49:19.521  1424  1481 D DateUtil: now.getTimeZone(): Eastern Standard Time
10-28 19:49:19.537  1424  1481 V SocialWidgetProvider: DisplayName: Ryan Mackenzie Clough for RawContactId: 511
10-28 19:49:19.560  1424  1481 D SocialWidgetProvider: updated id 2:Beta testing my Halloween costume today out swing dancing.
10-28 19:49:19.592  1340  1340 D dalvikvm: GC_EXPLICIT freed 305 objects / 11728 bytes in 38ms
10-28 19:49:36.287  1844  1844 W WidgetAidService: BroadcastReceiver onReceive called
10-28 19:49:36.318  1844  1844 D WidgetAidService: ACTION_HOME_SCREEN_CHANGED - 3
10-28 19:49:36.318  1235  1235 W InputManagerService: Starting input on non-focused client com.android.internal.view.IInputMethodClient$Stub$Proxy@45d1e930 (uid=10114 pid=6054)
10-28 19:49:36.365  1844  1844 D WidgetAidService: HomeScreen gained focus/panned
10-28 19:49:36.529  1844  1844 D WidgetAidService: widgetScreenIndex - 5
10-28 19:49:40.451  1235  1492 D dalvikvm: GC_EXPLICIT freed 39483 objects / 1780856 bytes in 124ms
10-28 19:49:40.475  3823  7146 I zomut.watchdog.monitor: init
10-28 19:49:40.482  3823  7146 I zomut.watchdog.monitor: begin
10-28 19:49:40.545  3823  7146 D dalvikvm: GC_FOR_MALLOC freed 5826 objects / 575584 bytes in 35ms
10-28 19:49:40.615  3823  7146 D dalvikvm: GC_FOR_MALLOC freed 2992 objects / 504184 bytes in 35ms
10-28 19:49:40.701  3823  7146 D dalvikvm: GC_FOR_MALLOC freed 3819 objects / 507784 bytes in 34ms
10-28 19:49:40.756  3823  7146 I zomut.watchdog.monitor: end
10-28 19:49:41.734  1466  1466 D ChipWidgetProvider: a22417 debug in chipwidgetprovider function updatewidget the pendingUpdates is :android.util.SparseIntArray@459eb0e8
10-28 19:49:41.803  1317  1576 D BlurSNMessagingEngine: SNMessagingProvider::getDatabase called
10-28 19:49:41.818  1466  1489 D wubo    : a22417 in getContactName the address comin is :5704000104
10-28 19:49:41.818  1466  1489 D wubo    : a22417 in getContactName the TMConversationUtils.isMultiAddress(address) :false
10-28 19:49:41.818  1466  1489 D wubo    : case 1 a22417 in resolveSingleAddressToName the name  is :null
10-28 19:49:41.818  1466  1489 D wubo    : case 2 a22417 in resolveSingleAddressToName the name  is :null
10-28 19:49:41.881  1466  1489 D TextMsgTransport: case 1 wubo a22417 in getSender the name is :Jim Dudish
10-28 19:49:41.881  1466  1489 D TextMsgTransport: case 1 wubo a22417 in getSender the address is :5704000104
10-28 19:49:41.896  1466  1489 D TextMsgTransport: case 2 wubo a22417 in getSender the name is :Jim Dudish
10-28 19:49:41.896  1466  1489 V TextMsgTransport: DataId: 4488 ContactId: 649 DisplayName >Jim Dudish< when filtering for >5704000104<
10-28 19:49:41.920  1466  1489 D BlurContactsExtensions: ===== targetSize: width=125 height=150
10-28 19:49:42.045  1466  1489 D DateUtil: now.getTimeZone(): Eastern Standard Time
10-28 19:49:42.100  1340  1340 D dalvikvm: GC_EXPLICIT freed 1076 objects / 61608 bytes in 38ms
10-28 19:49:48.678  1512  1526 D GroupCache: Groups database table has changed. Refreshing the groups cache
10-28 19:49:48.678  1512  1526 V GroupCache: Queue group cache refresh request, delayed (ms): 3000
10-28 19:49:51.701  1294  2082 D DEBUG   : Selection used is -null
10-28 19:49:51.701  1512  1526 D GroupCache: Getting user-defined groups
10-28 19:49:51.709  1512  1526 D GroupCache: Encountered group title, Family
10-28 19:49:51.717  1512  1526 D GroupCache: Encountered group title, Imported Contacts
10-28 19:49:51.725  1512  1526 D GroupCache: Encountered group title, Usability
10-28 19:49:51.732  1512  1526 D GroupCache: Encountered source name, null
10-28 19:49:51.732  1512  1526 D SourceCache: Returning stroed ICON FOR-com.motorola.android.buacontactadapter:Phone:
10-28 19:49:51.732  1512  1526 D GroupCache: Encountered source name, blur
10-28 19:49:51.732  1512  1526 D GroupCache: Encountered source name, null
10-28 19:49:51.732  1512  1526 D GroupCache: Encountered source name, facebook
10-28 19:49:51.732  1512  1526 D SourceCache: Returning stroed ICON FOR-com.motorola.blur.service.bsutils.MOTHER_USER_CREDS_TYPE:a0000022712d6a6532772297749992488@random.svcmot.com:facebook
10-28 19:49:51.732  1512  1526 D GroupCache: Encountered source name, facebook
10-28 19:49:51.732  1512  1526 D SourceCache: Returning stroed ICON FOR-com.motorola.blur.service.bsutils.MOTHER_USER_CREDS_TYPE:a0000022712d6a6532772297749992488@random.svcmot.com:facebook
10-28 19:49:51.732  1512  1526 D GroupCache: Notifying observers of the group cache that its state has changed
10-28 19:50:00.021  1235  1243 D KeyguardUpdateMonitor: received broadcast android.intent.action.TIME_TICK
10-28 19:50:00.021  1235  1259 D KeyguardUpdateMonitor: handleTimeUpdate
10-28 19:50:13.236  1235  1243 V DeviceStorageMonitorService: freeMemory=6643621888
10-28 19:50:13.236  1235  1243 V DeviceStorageMonitorService: Threshold Percentage=10
10-28 19:50:13.236  1235  1243 V DeviceStorageMonitorService: mTotalMemory = 70264913
10-28 19:50:13.236  1235  1243 I DeviceStorageMonitorService: Posting Message again
10-28 19:50:40.811  3823  7147 I zomut.watchdog.monitor: init
10-28 19:50:40.818  3823  7147 I zomut.watchdog.monitor: begin
10-28 19:50:40.881  3823  7147 D dalvikvm: GC_FOR_MALLOC freed 6071 objects / 548536 bytes in 39ms
10-28 19:50:40.951  3823  7147 D dalvikvm: GC_FOR_MALLOC freed 3030 objects / 506712 bytes in 34ms
10-28 19:50:41.037  3823  7147 D dalvikvm: GC_FOR_MALLOC freed 3144 objects / 512312 bytes in 35ms
10-28 19:50:41.092  3823  7147 I zomut.watchdog.monitor: end
10-28 19:50:42.049  1466  1466 D ChipWidgetProvider: a22417 debug in chipwidgetprovider function updatewidget the pendingUpdates is :android.util.SparseIntArray@459eb0e8
10-28 19:50:42.123  1317  2828 D BlurSNMessagingEngine: SNMessagingProvider::getDatabase called
10-28 19:50:42.170  1466  1476 D dalvikvm: GC_EXPLICIT freed 10658 objects / 478288 bytes in 38ms
10-28 19:50:42.185  1466  1476 D wubo    : a22417 in getContactName the address comin is :5704000104
10-28 19:50:42.185  1466  1476 D wubo    : a22417 in getContactName the TMConversationUtils.isMultiAddress(address) :false
10-28 19:50:42.185  1466  1476 D wubo    : case 1 a22417 in resolveSingleAddressToName the name  is :null
10-28 19:50:42.185  1466  1476 D wubo    : case 2 a22417 in resolveSingleAddressToName the name  is :null
10-28 19:50:42.256  1466  1476 D TextMsgTransport: case 1 wubo a22417 in getSender the name is :Jim Dudish
10-28 19:50:42.256  1466  1476 D TextMsgTransport: case 1 wubo a22417 in getSender the address is :5704000104
10-28 19:50:42.271  1466  1476 D TextMsgTransport: case 2 wubo a22417 in getSender the name is :Jim Dudish
10-28 19:50:42.271  1466  1476 V TextMsgTransport: DataId: 4488 ContactId: 649 DisplayName >Jim Dudish< when filtering for >5704000104<
10-28 19:50:42.303  1466  1476 D BlurContactsExtensions: ===== targetSize: width=125 height=150
10-28 19:50:42.420  1466  1476 D DateUtil: now.getTimeZone(): Eastern Standard Time
10-28 19:50:42.475  1340  1340 D dalvikvm: GC_EXPLICIT freed 602 objects / 24520 bytes in 37ms
10-28 19:51:00.014  1235  1243 D KeyguardUpdateMonitor: received broadcast android.intent.action.TIME_TICK
10-28 19:51:00.014  1235  1259 D KeyguardUpdateMonitor: handleTimeUpdate
10-28 19:51:00.451  1512  1526 D GroupCache: Groups database table has changed. Refreshing the groups cache
10-28 19:51:00.451  1512  1526 V GroupCache: Queue group cache refresh request, delayed (ms): 3000
10-28 19:51:03.498  1294  2078 D DEBUG   : Selection used is -null
10-28 19:51:03.506  1512  1526 D GroupCache: Getting user-defined groups
10-28 19:51:03.506  1512  1526 D GroupCache: Encountered group title, Family
10-28 19:51:03.514  1512  1526 D GroupCache: Encountered group title, Imported Contacts
10-28 19:51:03.521  1512  1526 D GroupCache: Encountered group title, Usability
10-28 19:51:03.529  1512  1526 D GroupCache: Encountered source name, null
10-28 19:51:03.529  1512  1526 D SourceCache: Returning stroed ICON FOR-com.motorola.android.buacontactadapter:Phone:
10-28 19:51:03.529  1512  1526 D GroupCache: Encountered source name, blur
10-28 19:51:03.529  1512  1526 D GroupCache: Encountered source name, null
10-28 19:51:03.529  1512  1526 D GroupCache: Encountered source name, facebook
10-28 19:51:03.529  1512  1526 D SourceCache: Returning stroed ICON FOR-com.motorola.blur.service.bsutils.MOTHER_USER_CREDS_TYPE:a0000022712d6a6532772297749992488@random.svcmot.com:facebook
10-28 19:51:03.529  1512  1526 D GroupCache: Encountered source name, facebook
10-28 19:51:03.529  1512  1526 D SourceCache: Returning stroed ICON FOR-com.motorola.blur.service.bsutils.MOTHER_USER_CREDS_TYPE:a0000022712d6a6532772297749992488@random.svcmot.com:facebook
10-28 19:51:03.529  1512  1526 D GroupCache: Notifying observers of the group cache that its state has changed
10-28 19:51:13.238  1235  1243 V DeviceStorageMonitorService: freeMemory=6643621888
10-28 19:51:13.238  1235  1243 V DeviceStorageMonitorService: Threshold Percentage=10
10-28 19:51:13.238  1235  1243 V DeviceStorageMonitorService: mTotalMemory = 70264913
10-28 19:51:13.238  1235  1243 I DeviceStorageMonitorService: Posting Message again
10-28 19:51:41.162  3823  7148 I zomut.watchdog.monitor: init
10-28 19:51:41.170  3823  7148 I zomut.watchdog.monitor: begin
10-28 19:51:41.225  3823  7148 D dalvikvm: GC_FOR_MALLOC freed 6849 objects / 558136 bytes in 35ms
10-28 19:51:41.303  3823  7148 D dalvikvm: GC_FOR_MALLOC freed 2975 objects / 503712 bytes in 35ms
10-28 19:51:41.373  3823  7148 D dalvikvm: GC_FOR_MALLOC freed 3054 objects / 514808 bytes in 39ms
10-28 19:51:41.451  3823  7148 I zomut.watchdog.monitor: end
10-28 19:51:41.717  1317  1317 V StorageMonRcvr: onReceive received intent: Intent { act=com.motorola.blur.service.blur.Actions.CHECK_STORAGE_USAGE flg=0x4 cmp=com.motorola.blur.service.storagemon/.StorageMonitorBroadcastReceiver (has extras) }
10-28 19:51:41.725  1317  1317 V StorageMonRcvr: onReceive() called start service on the StorageMonitorService: com.motorola.blur.service.storagemon.StorageMonitorService
10-28 19:51:41.732  1317  1317 V StorageMonSvc: onStart() called with startId=106, intent=Intent { act=com.motorola.blur.service.blur.Actions.CHECK_STORAGE_USAGE flg=0x4 cmp=com.motorola.blur.service.storagemon/.StorageMonitorService (has extras) }
10-28 19:51:41.787  1317  1921 I StorageMonSvc: run() starting with intent: Intent { act=com.motorola.blur.service.blur.Actions.CHECK_STORAGE_USAGE flg=0x4 cmp=com.motorola.blur.service.storagemon/.StorageMonitorService (has extras) }
10-28 19:51:41.787  1317  1921 V StorageMonSvc: run() running storage check on all packages...
10-28 19:51:41.787  1317  1921 V StorageMon: getFilesystemFreeBlocks() totalBlockCount=1715452, blockSize=4096, freeBlocks=1621978
10-28 19:51:41.787  1317  1921 V StorageMonSvc: checkStorageUsage() no packageName specified.  Running for all packages
10-28 19:51:41.787  1317  1921 V StorageMon: checkStorageUsage() starting for package: com.motorola.blur.service.email
10-28 19:51:41.787  1317  1921 V StorageMon: checkStorageUsage() using package manager to retrive package size for com.motorola.blur.service.email
10-28 19:51:41.787  1317  1921 V StorageMon: checkStorageUsage() found package stats for package: com.motorola.blur.service.email, cacheSize=0, codeSize=0, dataSize=61440, describeContents=0
10-28 19:51:41.787  1317  1921 V StorageMonSvc: checkStatus() monitor=com.motorola.blur.service.storagemon.StorageMonitor(com.motorola.blur.service.email,vnd.motorola.blur.ageable/vnd.motorola.blur.email,0,0), status=STORAGE_OK
10-28 19:51:41.787  1317  1921 V StorageMon: checkStorageUsage() starting for package: com.motorola.blur.news
10-28 19:51:41.787  1317  1921 V StorageMon: checkStorageUsage() using package manager to retrive package size for com.motorola.blur.news
10-28 19:51:41.795  1317  1921 V StorageMon: checkStorageUsage() found package stats for package: com.motorola.blur.news, cacheSize=0, codeSize=0, dataSize=1171456, describeContents=0
10-28 19:51:41.803  1317  1921 V StorageMonSvc: checkStatus() monitor=com.motorola.blur.service.storagemon.StorageMonitor(com.motorola.blur.news,vnd.motorola.blur.ageable/vnd.motorola.blur.news,0,0), status=STORAGE_OK
10-28 19:51:42.148  1317  1921 I StorageMonSvc: run() scheduling the next check.  mCheckIntervalMillis=1200000
10-28 19:51:42.428  1466  1466 D ChipWidgetProvider: a22417 debug in chipwidgetprovider function updatewidget the pendingUpdates is :android.util.SparseIntArray@459eb0e8
10-28 19:51:42.506  1317  2523 D BlurSNMessagingEngine: SNMessagingProvider::getDatabase called
10-28 19:51:42.521  1466  1489 D wubo    : a22417 in getContactName the address comin is :5704000104
10-28 19:51:42.521  1466  1489 D wubo    : a22417 in getContactName the TMConversationUtils.isMultiAddress(address) :false
10-28 19:51:42.521  1466  1489 D wubo    : case 1 a22417 in resolveSingleAddressToName the name  is :null
10-28 19:51:42.521  1466  1489 D wubo    : case 2 a22417 in resolveSingleAddressToName the name  is :null
10-28 19:51:42.584  1466  1489 D TextMsgTransport: case 1 wubo a22417 in getSender the name is :Jim Dudish
10-28 19:51:42.584  1466  1489 D TextMsgTransport: case 1 wubo a22417 in getSender the address is :5704000104
10-28 19:51:42.600  1466  1489 D TextMsgTransport: case 2 wubo a22417 in getSender the name is :Jim Dudish
10-28 19:51:42.600  1466  1489 V TextMsgTransport: DataId: 4488 ContactId: 649 DisplayName >Jim Dudish< when filtering for >5704000104<
10-28 19:51:42.623  1466  1470 I dalvikvm: Jit: resizing JitTable from 4096 to 8192
10-28 19:51:42.639  1466  1489 D BlurContactsExtensions: ===== targetSize: width=125 height=150
10-28 19:51:42.764  1466  1489 D DateUtil: now.getTimeZone(): Eastern Standard Time
10-28 19:51:42.826  1340  1340 D dalvikvm: GC_EXPLICIT freed 335 objects / 12224 bytes in 36ms
10-28 19:52:00.021  1235  1243 D KeyguardUpdateMonitor: received broadcast android.intent.action.TIME_TICK
10-28 19:52:00.021  1235  1259 D KeyguardUpdateMonitor: handleTimeUpdate
10-28 19:52:07.350  1844  1844 W WidgetAidService: BroadcastReceiver onReceive called
10-28 19:52:07.350  1844  1844 D WidgetAidService: ACTION_HOME_SCREEN_CHANGED - 3
10-28 19:52:07.381  1844  1844 D WidgetAidService: HomeScreen gained focus/panned
10-28 19:52:07.451  1844  1844 D WidgetAidService: widgetScreenIndex - 5
10-28 19:52:12.834  1512  1526 D GroupCache: Groups database table has changed. Refreshing the groups cache
10-28 19:52:12.850  1512  1526 V GroupCache: Queue group cache refresh request, delayed (ms): 3000
10-28 19:52:13.045  1844  1844 W WidgetAidService: BroadcastReceiver onReceive called
10-28 19:52:13.045  1844  1844 D WidgetAidService: ACTION_HOME_SCREEN_CHANGED - 3
10-28 19:52:13.076  1844  1844 D WidgetAidService: HomeScreen gained focus/panned
10-28 19:52:13.232  1235  1243 V DeviceStorageMonitorService: freeMemory=6643617792
10-28 19:52:13.232  1235  1243 V DeviceStorageMonitorService: Threshold Percentage=10
10-28 19:52:13.232  1235  1243 V DeviceStorageMonitorService: mTotalMemory = 70264913
10-28 19:52:13.232  1235  1243 I DeviceStorageMonitorService: Posting Message again
10-28 19:52:13.264  1844  1844 D WidgetAidService: widgetScreenIndex - 5
10-28 19:52:14.271  1844  1844 W WidgetAidService: BroadcastReceiver onReceive called
10-28 19:52:14.271  1844  1844 D WidgetAidService: ACTION_HOME_SCREEN_CHANGED - 3
10-28 19:52:14.310  1844  1844 D WidgetAidService: HomeScreen gained focus/panned
10-28 19:52:14.435  1844  1844 D WidgetAidService: widgetScreenIndex - 5
10-28 19:52:15.537  1844  1844 W WidgetAidService: BroadcastReceiver onReceive called
10-28 19:52:15.537  1844  1844 D WidgetAidService: ACTION_HOME_SCREEN_CHANGED - 3
10-28 19:52:15.568  1844  1844 D WidgetAidService: HomeScreen gained focus/panned
10-28 19:52:15.732  1844  1844 D WidgetAidService: widgetScreenIndex - 5
10-28 19:52:15.920  1294  2078 D DEBUG   : Selection used is -null
10-28 19:52:15.928  1512  1526 D GroupCache: Getting user-defined groups
10-28 19:52:15.928  1512  1526 D GroupCache: Encountered group title, Family
10-28 19:52:15.935  1512  1526 D GroupCache: Encountered group title, Imported Contacts
10-28 19:52:15.935  1512  1526 D GroupCache: Encountered group title, Usability
10-28 19:52:15.943  1512  1526 D GroupCache: Encountered source name, null
10-28 19:52:15.943  1512  1526 D SourceCache: Returning stroed ICON FOR-com.motorola.android.buacontactadapter:Phone:
10-28 19:52:15.943  1512  1526 D GroupCache: Encountered source name, blur
10-28 19:52:15.943  1512  1526 D GroupCache: Encountered source name, null
10-28 19:52:15.951  1512  1526 D GroupCache: Encountered source name, facebook
10-28 19:52:15.951  1512  1526 D SourceCache: Returning stroed ICON FOR-com.motorola.blur.service.bsutils.MOTHER_USER_CREDS_TYPE:a0000022712d6a6532772297749992488@random.svcmot.com:facebook
10-28 19:52:15.951  1512  1526 D GroupCache: Encountered source name, facebook
10-28 19:52:15.951  1512  1526 D SourceCache: Returning stroed ICON FOR-com.motorola.blur.service.bsutils.MOTHER_USER_CREDS_TYPE:a0000022712d6a6532772297749992488@random.svcmot.com:facebook
10-28 19:52:15.951  1512  1526 D GroupCache: Notifying observers of the group cache that its state has changed
10-28 19:52:17.951  1844  1844 W WidgetAidService: BroadcastReceiver onReceive called
10-28 19:52:17.982  1844  1844 D WidgetAidService: ACTION_HOME_SCREEN_CHANGED - 3
10-28 19:52:18.014  1844  1844 D WidgetAidService: HomeScreen gained focus/panned
10-28 19:52:18.146  1844  1844 D WidgetAidService: widgetScreenIndex - 5
10-28 19:52:41.498  3823  7149 I zomut.watchdog.monitor: init
10-28 19:52:41.506  3823  7149 I zomut.watchdog.monitor: begin
10-28 19:52:41.560  3823  7149 D dalvikvm: GC_FOR_MALLOC freed 6885 objects / 544560 bytes in 35ms
10-28 19:52:41.631  3823  7149 D dalvikvm: GC_FOR_MALLOC freed 3001 objects / 514152 bytes in 35ms
10-28 19:52:41.701  3823  7149 D dalvikvm: GC_FOR_MALLOC freed 3033 objects / 505384 bytes in 35ms
10-28 19:52:41.779  3823  7149 I zomut.watchdog.monitor: end
10-28 19:52:42.771  1466  1466 D ChipWidgetProvider: a22417 debug in chipwidgetprovider function updatewidget the pendingUpdates is :android.util.SparseIntArray@459eb0e8
10-28 19:52:42.834  1317  1331 D BlurSNMessagingEngine: SNMessagingProvider::getDatabase called
10-28 19:52:42.850  1466  1476 D wubo    : a22417 in getContactName the address comin is :5704000104
10-28 19:52:42.850  1466  1476 D wubo    : a22417 in getContactName the TMConversationUtils.isMultiAddress(address) :false
10-28 19:52:42.850  1466  1476 D wubo    : case 1 a22417 in resolveSingleAddressToName the name  is :null
10-28 19:52:42.850  1466  1476 D wubo    : case 2 a22417 in resolveSingleAddressToName the name  is :null
10-28 19:52:42.912  1466  1476 D TextMsgTransport: case 1 wubo a22417 in getSender the name is :Jim Dudish
10-28 19:52:42.912  1466  1476 D TextMsgTransport: case 1 wubo a22417 in getSender the address is :5704000104
10-28 19:52:42.928  1466  1476 D TextMsgTransport: case 2 wubo a22417 in getSender the name is :Jim Dudish
10-28 19:52:42.928  1466  1476 V TextMsgTransport: DataId: 4488 ContactId: 649 DisplayName >Jim Dudish< when filtering for >5704000104<
10-28 19:52:42.951  1466  1476 D BlurContactsExtensions: ===== targetSize: width=125 height=150
10-28 19:52:43.068  1466  1476 D DateUtil: now.getTimeZone(): Eastern Standard Time
10-28 19:52:43.123  1340  1340 D dalvikvm: GC_EXPLICIT freed 770 objects / 27984 bytes in 39ms
10-28 19:52:52.186  1408  1408 I WeatherUtil: Broadcast received
10-28 19:52:52.186  1408  1408 I WeatherUtil: Registering for fast location updates
10-28 19:52:52.186  1408  1408 I WeatherUtil: Registering with high frequency
10-28 19:52:57.248  1235  1407 D LocationMasfClient: getNetworkLocation(): Returning cache location with accuracy 3137.0
10-28 19:52:57.256  1235  1364 D libgps  : libgps_get_interface() : returning interface
10-28 19:52:57.256  1235  1364 D libgps  : GpsInterface_inject_location( 43.094912, -77.687331, 3137.000 )
10-28 19:52:57.264  1408  1818 I WeatherUtil: *** onLocationChanged, provider network 43.094912, -77.687331
10-28 19:52:57.287  1408  1408 I WeatherService: Updating current location foreacast
10-28 19:52:57.295  1408  1820 D WeatherService: TEMPLOG: updateCurrentLocationAndForecastIfNecessary, loopID=-1 override =true
10-28 19:52:57.295  1408  1820 D AWClient: TEMPLOG: getWeatherHelper locationCode=null latitude=43.094912 longitude=-77.687331
10-28 19:52:57.310  1408  1820 I AWClient: **** HTTP URI is http://motox.accu-weather.com/widget/motox/forecast-feed.asp?lat=43.094912&lon=-77.687331&metric=1&langId=eng
10-28 19:52:57.310  1408  1820 D AWClient: requesting weather forecast using uri: http://motox.accu-weather.com/widget/motox/forecast-feed.asp?lat=43.094912&lon=-77.687331&metric=1&langId=eng
10-28 19:52:57.928  1316  1316 I AtCmdDelegate: handle message:1
10-28 19:52:57.943  1408  1820 D AWClient: http client execute done
10-28 19:52:57.967  1235  2149 D AlarmManagerService: Kernel timezone updated to 240 minutes west of GMT
10-28 19:52:57.975  1316  1316 D SystemClock: Setting time of day to sec=1288309978
10-28 19:52:58.072  1235  1243 D KeyguardUpdateMonitor: received broadcast android.intent.action.TIME_SET
10-28 19:52:58.072  1235  1259 D KeyguardUpdateMonitor: handleTimeUpdate
10-28 19:52:58.158  1563  7151 D CalAppWidgetService: SERVICE RUN: widgetId: 9
10-28 19:52:58.158  1563  7151 D CalAppWidgetService: spanX: 4
10-28 19:52:58.158  1563  7151 D CalAppWidgetService: spanX: 1
10-28 19:52:58.181  1408  1820 I WeatherService: ** updateForecastForCurrentLocation
10-28 19:52:58.204  1563  1563 D AlertReceiver: onReceive: a=android.intent.action.TIME_SET Intent { act=android.intent.action.TIME_SET flg=0x20000000 cmp=com.android.calendar/.AlertReceiver }
10-28 19:52:58.236  1561  1561 I FotaAutoUpdate: autoUpdateFeatureOn:falseautoUpdateAirtimeFree:falseautoUpdateInterval:1209600autoUpdateImplicitDeferInterval:86400autoUpdateAfterMDNChangeInterval:120
10-28 19:52:58.236  1408  1408 D ChipWidgetProvider: Received intent Intent { act=com.motorola.blur.weather.ACTION_FORECAST_UPDATE cmp=com.motorola.blur.weather/.WeatherWidgetProvider }
10-28 19:52:58.243  1561  1561 I FotaAutoUpdate: onStart Called:android.intent.action.TIME_SET
10-28 19:52:58.243  1408  1408 D ChipWidgetProvider: a22417 debug in chipwidgetprovider function updatewidget the pendingUpdates is :android.util.SparseIntArray@459d30a0
10-28 19:52:58.243  1561  1561 V FotaAutoUpdate: mServiceHandler is not null
10-28 19:52:58.251  1408  1428 I WeatherWidgetProvider: doUpdateWidget 7 x:4 y:1
10-28 19:52:58.283  1563  7152 D AlertService: 0 Action = android.intent.action.TIME_SET
10-28 19:52:58.283  1561  7153 I FotaAutoUpdate: handleMessage(android.intent.action.TIME_SET)
10-28 19:52:58.283  1408  1428 I WeatherWidgetProvider: ****** settings {"displayName":"Weather","location_codes":[],"temperature_unit":"Fahrenheit"}
10-28 19:52:58.314  1563  7151 D CalAppWidgetService: Widget Calendar Selection string: Calendars.SELECTED=1
10-28 19:52:58.329  1563  7152 D Calendar: missed alarms found: 0
10-28 19:52:58.329  1563  7151 D CalAppWidgetService: WVGA device
10-28 19:52:58.329  1563  7151 D CalAppWidgetService: 4x1
10-28 19:52:58.345  1408  1820 D WeatherService: Broadcasting ACTION_CURRENT_LOCATION_UPDATED
10-28 19:52:58.345  1563  7151 D CalAppWidgetService: setHeader() - went into high density if
10-28 19:52:58.345  1408  1428 I WeatherWidgetProvider: isPortrait is true
10-28 19:52:58.345  1408  1428 I WeatherWidgetProvider: ******* temp1
10-28 19:52:58.345  1408  1428 I WeatherWidgetProvider: ******* temp2
10-28 19:52:58.400  1563  7151 D CalAppWidgetService: no requested update or expired wakelock, bailing
10-28 19:52:58.415  1563  7152 D AlertService: alert count:1
10-28 19:52:58.415  1563  7152 D AlertService: alarmTime:1288303200000 alertId:37 eventId:181 state: 1 minutes:120 declined:false beginTime:1288310400000 endTime:1288396800000
10-28 19:52:58.431  1340  1340 D dalvikvm: GC_EXPLICIT freed 2629 objects / 119376 bytes in 53ms
10-28 19:52:58.454  1408  1428 I WeatherWidgetProvider: ******* temp3
10-28 19:52:58.493  1408  1428 W ChipWidgetProvider: Widget span not found for id=27
10-28 19:52:58.493  1408  1428 I WeatherWidgetProvider: doUpdateWidget 27 x:2 y:1
10-28 19:52:58.572  1563  7152 D AlertService: ###### creating new alarm notification, numReminders: 1 QUIET
10-28 19:52:58.572  1340  1340 D dalvikvm: GC_EXPLICIT freed 504 objects / 19224 bytes in 42ms
10-28 19:52:58.595  1408  1428 I WeatherWidgetProvider: isPortrait is true
10-28 19:52:58.595  1408  1428 I WeatherWidgetProvider: ******* temp1
10-28 19:52:58.595  1408  1428 I WeatherWidgetProvider: ******* temp2
10-28 19:52:58.603  1408  1428 I WeatherWidgetProvider: ******* temp4
10-28 19:53:00.009  1235  1243 D KeyguardUpdateMonitor: received broadcast android.intent.action.TIME_TICK
10-28 19:53:00.009  1235  1259 D KeyguardUpdateMonitor: handleTimeUpdate
10-28 19:53:06.978  1316  1316 I AtCmdDelegate: handle message:1
10-28 19:53:07.017  1235  1347 D AlarmManagerService: Kernel timezone updated to 240 minutes west of GMT
10-28 19:53:13.322  1235  1243 V DeviceStorageMonitorService: freeMemory=6643617792
10-28 19:53:13.322  1235  1243 V DeviceStorageMonitorService: Threshold Percentage=10
10-28 19:53:13.322  1235  1243 V DeviceStorageMonitorService: mTotalMemory = 70264913
10-28 19:53:13.322  1235  1243 I DeviceStorageMonitorService: Posting Message again
10-28 19:53:13.868  1760  1760 D dalvikvm: GC_EXPLICIT freed 3251 objects / 273576 bytes in 75ms
