10-29 14:12:50.920  1135  3733 D         : enter RegisterAllRecognizers
10-29 14:12:50.920  1135  3733 V PlayerDriver: AddToScheduler
10-29 14:12:50.920  1135  3733 V PlayerDriver: PendForExec
10-29 14:12:50.920  1135  3733 V PlayerDriver: OsclActiveScheduler::Current
10-29 14:12:50.920  1135  3733 V PlayerDriver: StartScheduler
10-29 14:12:50.920  1135  1135 V PVPlayer: send PLAYER_SETUP
10-29 14:12:50.920  1135  3733 V PlayerDriver: Send player code: 2
10-29 14:12:50.920  1135  3733 V PlayerDriver: CommandCompleted
10-29 14:12:50.920  1135  3733 V PlayerDriver: Completed command PLAYER_SETUP status=PVMFSuccess
10-29 14:12:50.920  1135  1135 V PVPlayer: send PLAYER_HELPER
10-29 14:12:50.920  1135  3733 V PlayerDriver: Send player code: 3
10-29 14:12:50.920  1135  3733 V PlayerDriver: CommandCompleted
10-29 14:12:50.920  1135  3733 V PlayerDriver: Completed command PLAYER_HELPER status=PVMFSuccess
10-29 14:12:50.920  1135  1135 V PVPlayer: setDataSource(33, 819224, 8076)
10-29 14:12:50.920  1135  1281 V PVPlayer: prepareAsync
10-29 14:12:50.920  1135  1281 V PVPlayer:   data source = sharedfd://37:819224:8076
10-29 14:12:50.920  1135  3733 V PlayerDriver: Send player code: 4
10-29 14:12:50.920  1135  3733 V PlayerDriver: handleSetDataSource
10-29 14:12:50.920  1135  3733 V PlayerDriver: handleSetDataSource- scanning for extension
10-29 14:12:50.928  1135  3733 D         : enter PVOMA1MOTRecognizerPlugin::Recognize
10-29 14:12:50.928  1135  3733 D         : PVOMA1MOTRecognizerPlugin:Recognize MOT_SVC_drm_openSession failed and session =-4
10-29 14:12:50.928  1135  3733 V PlayerDriver: CommandCompleted
10-29 14:12:50.928  1135  3733 V PlayerDriver: Completed command PLAYER_SET_DATA_SOURCE status=PVMFSuccess
10-29 14:12:50.928  1135  3733 V PVPlayer: run_init s=0, cancelled=0
10-29 14:12:50.928  1135  3733 V PlayerDriver: Send player code: 7
10-29 14:12:50.928  1135  3733 V PlayerDriver: release string is 2.2 len 3
10-29 14:12:50.928  1135  3733 V PlayerDriver: CommandCompleted
10-29 14:12:50.928  1135  3733 V PlayerDriver: Completed command PLAYER_INIT status=PVMFSuccess
10-29 14:12:50.928  1135  3733 V PVPlayer: run_set_video_surface s=0, cancelled=0
10-29 14:12:50.928  1135  3733 V PVPlayer: run_set_audio_output s=0, cancelled=0
10-29 14:12:50.928  1135  3733 V PlayerDriver: Send player code: 6
10-29 14:12:50.928  1135  3733 V PlayerDriver: Create realtime output
10-29 14:12:50.928  1135  3733 V PlayerDriver: canSetA2DPDirectMode() A2DP direct disabled
10-29 14:12:50.928  1135  3733 V PlayerDriver: CommandCompleted
10-29 14:12:50.928  1135  3733 V PlayerDriver: Completed command PLAYER_SET_AUDIO_SINK status=PVMFSuccess
10-29 14:12:50.928  1135  3733 V PVPlayer: run_prepare s=0, cancelled=0
10-29 14:12:50.928  1135  3733 V PlayerDriver: Send player code: 8
10-29 14:12:50.928  1135  3733 V PlayerDriver: disable natpkt - 0
10-29 14:12:50.928  1135  3733 V PlayerDriver: HandleInformationalEvent: UNKNOWN PVMFStatus
10-29 14:12:50.928  1135  3733 V PlayerDriver: HandleInformationalEvent: type=44 UNHANDLED
10-29 14:12:50.928  2936  2942 W MediaPlayer: info/warning (1, 44)
10-29 14:12:50.936  2936  2936 I MediaPlayer: Info (1,44)
10-29 14:12:50.936  1135  3733 V PlayerDriver: CommandCompleted
10-29 14:12:50.936  1135  3733 V PlayerDriver: Completed command PLAYER_PREPARE status=PVMFSuccess
10-29 14:12:50.936  1135  3733 V PlayerDriver: PLAYER_PREPARE complete mDownloadContextData=0x0, mDataReadyReceived=0
10-29 14:12:50.936  1135  3733 V PVPlayer: check_for_live_streaming s=0, cancelled=0
10-29 14:12:50.936  1135  3733 E ProfileVideoFrameDrops: PVMediaOutputNodePort :: Early 0 frames :: OnTime 0 frames :: Late 0 frames :: Total 5 frames
10-29 14:12:50.936  1135  3733 E ProfileVideoFrameDrops: PVMediaOutputNodePort :: Early 0.000000 % :: OnTime -0.000000 % :: Late -0.000000 % 
10-29 14:12:50.944  1135  1233 V PVPlayer: PVPlayer constructor
10-29 14:12:50.944  1135  1233 V PVPlayer: construct PlayerDriver
10-29 14:12:50.951  1135  1233 V PlayerDriver: constructor
10-29 14:12:50.951  1135  1233 V PlayerDriver: OpenCore hardware module loaded
10-29 14:12:50.951  1135  1233 V PlayerDriver: start player thread
10-29 14:12:50.951  1135  3735 V PlayerDriver: startPlayerThread
10-29 14:12:50.951  1135  3735 V PlayerDriver: InitializeForThread
10-29 14:12:50.951  1135  3735 V PlayerDriver: OMX_MasterInit
10-29 14:12:50.951  1135  3735 V PlayerDriver: OsclScheduler::Init
10-29 14:12:50.951  1135  3735 V PlayerDriver: CreatePlayer
10-29 14:12:50.951  1135  3735 D         : enter PVGetInterface
10-29 14:12:50.951  1135  3735 D         : enter Instance
10-29 14:12:50.951  1135  3735 D         : enter SharedLibraryLookup
10-29 14:12:50.951  1135  3735 D         : enter RegisterAllRecognizers
10-29 14:12:50.951  1135  3735 V PlayerDriver: AddToScheduler
10-29 14:12:50.951  1135  3735 V PlayerDriver: PendForExec
10-29 14:12:50.951  1135  3735 V PlayerDriver: OsclActiveScheduler::Current
10-29 14:12:50.951  1135  3735 V PlayerDriver: StartScheduler
10-29 14:12:50.959  1135  1233 V PVPlayer: send PLAYER_SETUP
10-29 14:12:50.959  1135  3735 V PlayerDriver: Send player code: 2
10-29 14:12:50.959  1135  3735 V PlayerDriver: CommandCompleted
10-29 14:12:50.959  1135  3735 V PlayerDriver: Completed command PLAYER_SETUP status=PVMFSuccess
10-29 14:12:50.959  1135  1233 V PVPlayer: send PLAYER_HELPER
10-29 14:12:50.959  1135  3735 V PlayerDriver: Send player code: 3
10-29 14:12:50.959  1135  3735 V PlayerDriver: CommandCompleted
10-29 14:12:50.959  1135  3735 V PlayerDriver: Completed command PLAYER_HELPER status=PVMFSuccess
10-29 14:12:50.959  1135  1233 V PVPlayer: setDataSource(33, 788636, 5380)
10-29 14:12:50.959  1135  1135 V PVPlayer: prepareAsync
10-29 14:12:50.959  1135  1135 V PVPlayer:   data source = sharedfd://38:788636:5380
10-29 14:12:50.959  1135  3735 V PlayerDriver: Send player code: 4
10-29 14:12:50.959  1135  3735 V PlayerDriver: handleSetDataSource
10-29 14:12:50.959  1135  3735 V PlayerDriver: handleSetDataSource- scanning for extension
10-29 14:12:50.959  1135  3735 D         : enter PVOMA1MOTRecognizerPlugin::Recognize
10-29 14:12:50.959  1135  3735 D         : PVOMA1MOTRecognizerPlugin:Recognize MOT_SVC_drm_openSession failed and session =-4
10-29 14:12:50.959  1135  3735 V PlayerDriver: CommandCompleted
10-29 14:12:50.959  1135  3735 V PlayerDriver: Completed command PLAYER_SET_DATA_SOURCE status=PVMFSuccess
10-29 14:12:50.959  1135  3735 V PVPlayer: run_init s=0, cancelled=0
10-29 14:12:50.959  1135  3735 V PlayerDriver: Send player code: 7
10-29 14:12:50.959  1135  3735 V PlayerDriver: release string is 2.2 len 3
10-29 14:12:50.959  1135  3735 V PlayerDriver: CommandCompleted
10-29 14:12:50.959  1135  3735 V PlayerDriver: Completed command PLAYER_INIT status=PVMFSuccess
10-29 14:12:50.959  1135  3735 V PVPlayer: run_set_video_surface s=0, cancelled=0
10-29 14:12:50.959  1135  3735 V PVPlayer: run_set_audio_output s=0, cancelled=0
10-29 14:12:50.959  1135  3735 V PlayerDriver: Send player code: 6
10-29 14:12:50.959  1135  3735 V PlayerDriver: Create realtime output
10-29 14:12:50.959  1135  3735 V PlayerDriver: canSetA2DPDirectMode() A2DP direct disabled
10-29 14:12:50.959  1135  3735 V PlayerDriver: CommandCompleted
10-29 14:12:50.959  1135  3735 V PlayerDriver: Completed command PLAYER_SET_AUDIO_SINK status=PVMFSuccess
10-29 14:12:50.959  1135  3735 V PVPlayer: run_prepare s=0, cancelled=0
10-29 14:12:50.967  1135  3735 V PlayerDriver: Send player code: 8
10-29 14:12:50.967  1135  3735 V PlayerDriver: disable natpkt - 0
10-29 14:12:50.967  1135  3735 V PlayerDriver: HandleInformationalEvent: UNKNOWN PVMFStatus
10-29 14:12:50.967  1135  3735 V PlayerDriver: HandleInformationalEvent: type=44 UNHANDLED
10-29 14:12:50.967  2936  2941 W MediaPlayer: info/warning (1, 44)
10-29 14:12:50.967  2936  2936 I MediaPlayer: Info (1,44)
10-29 14:12:50.967  1135  3735 V PlayerDriver: CommandCompleted
10-29 14:12:50.967  1135  3735 V PlayerDriver: Completed command PLAYER_PREPARE status=PVMFSuccess
10-29 14:12:50.967  1135  3735 V PlayerDriver: PLAYER_PREPARE complete mDownloadContextData=0x0, mDataReadyReceived=0
10-29 14:12:50.967  1135  3735 V PVPlayer: check_for_live_streaming s=0, cancelled=0
10-29 14:12:50.967  1135  3735 E ProfileVideoFrameDrops: PVMediaOutputNodePort :: Early 0 frames :: OnTime 0 frames :: Late 0 frames :: Total 3 frames
10-29 14:12:50.967  1135  3735 E ProfileVideoFrameDrops: PVMediaOutputNodePort :: Early 0.000000 % :: OnTime -0.000000 % :: Late -0.000000 % 
10-29 14:12:51.373  1235  1243 D LocationMasfClient: getNetworkLocation(): Returning cache location with accuracy 60.0
10-29 14:12:51.389  1235  1357 D libgps  : libgps_get_interface() : returning interface
10-29 14:12:51.389  1235  1357 D libgps  : GpsInterface_inject_location( 43.083823, -77.679309, 60.000 )
10-29 14:12:52.584  2936  3723 I RecognitionController: onEndOfSpeech
10-29 14:12:52.584  1235  1909 I AudioService:  AudioFocus  abandonAudioFocus() from android.media.AudioManager@459e5dc0
10-29 14:12:52.592  1135  3722 D AudioHardwareMot: Input 0x170b8 entering standby
10-29 14:12:52.608  1135  3722 D AudioHardwareMot: AudioStreamInMot::setParameters() routing=0
10-29 14:12:52.608  1135  3722 D AudioHardwareMot: set input routing 0
10-29 14:12:52.608  1135  3722 D AudioHardwareMot: doRouting called
10-29 14:12:52.608  1135  3722 D AudioHardwareMot: Stereo output exists; using 0x2
10-29 14:12:52.608  1135  3722 D AudioHardwareMot: Routing to speaker
10-29 14:12:52.608  1135  3722 D AudioPostProcessor: slider opened, coeffs device for handset =0
10-29 14:12:55.076  1235  1434 D WifiService: releaseWifiLockLocked: WifiLock{NetworkLocationProvider type=2 binder=android.os.Binder@45b89348}
10-29 14:12:57.327  1325  3604 I XMPPConnection: Preparing to connect user 4503599654260952 to service: jabber-cloud216-blur.svcmot.com on host: jabber-cloud216-blur.svcmot.com and port: 5222
10-29 14:13:00.006  1235  1243 D KeyguardUpdateMonitor: received broadcast android.intent.action.TIME_TICK
10-29 14:13:00.006  1235  1259 D KeyguardUpdateMonitor: handleTimeUpdate
10-29 14:13:06.998  2936  2936 I RecognitionController: State change: RECOGNIZING -> CANCELED
10-29 14:13:07.045  2936  2936 I RecognitionController: State change: CANCELED -> PAUSED
10-29 14:13:07.053  1235  1235 I AudioService:  AudioFocus  abandonAudioFocus() from android.media.AudioManager@459e5dc0
10-29 14:13:07.069  3696  3696 V SMSDelegate: onActivityResult(int, int, Intent)
10-29 14:13:07.116  1235  1936 W InputManagerService: Starting input on non-focused client com.android.internal.view.IInputMethodClient$Stub$Proxy@45c60be8 (uid=10060 pid=2936)
10-29 14:13:07.123  1135  1135 V PVPlayer: reset
10-29 14:13:07.123  1135  3725 V PlayerDriver: Send player code: 19
10-29 14:13:07.123  1135  3725 V PlayerDriver: handleCancelAllCommands
10-29 14:13:07.123  1135  3725 V PlayerDriver: CommandCompleted
10-29 14:13:07.123  1135  3725 V PlayerDriver: Completed command PLAYER_CANCEL_ALL_COMMANDS status=PVMFSuccess
10-29 14:13:07.123  1135  3725 V PlayerDriver: Send player code: 12
10-29 14:13:07.123  1135  3725 V PlayerDriver: handleReset
10-29 14:13:07.123  1135  3725 V PlayerDriver: CommandCompleted
10-29 14:13:07.123  1135  3725 V PlayerDriver: Completed command PLAYER_RESET status=PVMFSuccess
10-29 14:13:07.123  1135  3725 V PlayerDriver: Send player code: 18
10-29 14:13:07.123  1135  3725 V PlayerDriver: handleRemoveDataSource
10-29 14:13:07.123  1135  3725 V PlayerDriver: CommandCompleted
10-29 14:13:07.123  1135  3725 V PlayerDriver: Completed command PLAYER_REMOVE_DATA_SOURCE status=PVMFSuccess
10-29 14:13:07.123  1135  1135 V PVPlayer: unmap file
10-29 14:13:07.123  1135  1135 V PVPlayer: PVPlayer destructor
10-29 14:13:07.123  1135  3725 V PlayerDriver: Send player code: 1
10-29 14:13:07.123  1135  3725 V PlayerDriver: DeletePlayer
10-29 14:13:07.123  1135  3725 D         : enter UnregisterAllRecognizers
10-29 14:13:07.131  1135  3725 V PlayerDriver: destructor
10-29 14:13:07.131  1135  3725 V PlayerDriver: OsclScheduler::Cleanup
10-29 14:13:07.131  1135  1281 V PVPlayer: reset
10-29 14:13:07.131  1135  3731 V PlayerDriver: Send player code: 19
10-29 14:13:07.131  1135  3731 V PlayerDriver: handleCancelAllCommands
10-29 14:13:07.131  1135  3731 V PlayerDriver: CommandCompleted
10-29 14:13:07.131  1135  3731 V PlayerDriver: Completed command PLAYER_CANCEL_ALL_COMMANDS status=PVMFSuccess
10-29 14:13:07.131  1135  3731 V PlayerDriver: Send player code: 12
10-29 14:13:07.131  1135  3731 V PlayerDriver: handleReset
10-29 14:13:07.131  1135  3731 V PlayerDriver: CommandCompleted
10-29 14:13:07.131  1135  3731 V PlayerDriver: Completed command PLAYER_RESET status=PVMFSuccess
10-29 14:13:07.131  1135  3731 V PlayerDriver: Send player code: 18
10-29 14:13:07.131  1135  3731 V PlayerDriver: handleRemoveDataSource
10-29 14:13:07.131  1135  3731 V PlayerDriver: CommandCompleted
10-29 14:13:07.131  1135  3731 V PlayerDriver: Completed command PLAYER_REMOVE_DATA_SOURCE status=PVMFSuccess
10-29 14:13:07.131  1135  1281 V PVPlayer: unmap file
10-29 14:13:07.131  1135  1281 V PVPlayer: PVPlayer destructor
10-29 14:13:07.131  1135  3731 V PlayerDriver: Send player code: 1
10-29 14:13:07.131  1135  3731 V PlayerDriver: DeletePlayer
10-29 14:13:07.131  1135  3731 D         : enter UnregisterAllRecognizers
10-29 14:13:07.131  1135  3731 V PlayerDriver: destructor
10-29 14:13:07.131  1135  3731 V PlayerDriver: OsclScheduler::Cleanup
10-29 14:13:07.139  1135  1233 V PVPlayer: reset
10-29 14:13:07.139  1135  3733 V PlayerDriver: Send player code: 19
10-29 14:13:07.139  1135  3733 V PlayerDriver: handleCancelAllCommands
10-29 14:13:07.139  1135  3733 V PlayerDriver: CommandCompleted
10-29 14:13:07.139  1135  3733 V PlayerDriver: Completed command PLAYER_CANCEL_ALL_COMMANDS status=PVMFSuccess
10-29 14:13:07.139  1135  3733 V PlayerDriver: Send player code: 12
10-29 14:13:07.139  1135  3733 V PlayerDriver: handleReset
10-29 14:13:07.139  1135  3733 V PlayerDriver: CommandCompleted
10-29 14:13:07.139  1135  3733 V PlayerDriver: Completed command PLAYER_RESET status=PVMFSuccess
10-29 14:13:07.139  1135  3733 V PlayerDriver: Send player code: 18
10-29 14:13:07.139  1135  3733 V PlayerDriver: handleRemoveDataSource
10-29 14:13:07.139  1135  3733 V PlayerDriver: CommandCompleted
10-29 14:13:07.139  1135  3733 V PlayerDriver: Completed command PLAYER_REMOVE_DATA_SOURCE status=PVMFSuccess
10-29 14:13:07.139  1135  1233 V PVPlayer: unmap file
10-29 14:13:07.139  1135  1233 V PVPlayer: PVPlayer destructor
10-29 14:13:07.139  1135  3733 V PlayerDriver: Send player code: 1
10-29 14:13:07.139  1135  3733 V PlayerDriver: DeletePlayer
10-29 14:13:07.139  1135  3733 D         : enter UnregisterAllRecognizers
10-29 14:13:07.139  1135  3733 V PlayerDriver: destructor
10-29 14:13:07.139  1135  3733 V PlayerDriver: OsclScheduler::Cleanup
10-29 14:13:07.147  1135  1135 V PVPlayer: reset
10-29 14:13:07.147  1135  3727 V PlayerDriver: Send player code: 19
10-29 14:13:07.147  1135  3727 V PlayerDriver: handleCancelAllCommands
10-29 14:13:07.147  1135  3727 V PlayerDriver: CommandCompleted
10-29 14:13:07.147  1135  3727 V PlayerDriver: Completed command PLAYER_CANCEL_ALL_COMMANDS status=PVMFSuccess
10-29 14:13:07.147  1135  3727 V PlayerDriver: Send player code: 12
10-29 14:13:07.147  1135  3727 V PlayerDriver: handleReset
10-29 14:13:07.147  1135  3727 V PlayerDriver: CommandCompleted
10-29 14:13:07.147  1135  3727 V PlayerDriver: Completed command PLAYER_RESET status=PVMFSuccess
10-29 14:13:07.147  1135  3727 V PlayerDriver: Send player code: 18
10-29 14:13:07.147  1135  3727 V PlayerDriver: handleRemoveDataSource
10-29 14:13:07.147  1135  3727 V PlayerDriver: CommandCompleted
10-29 14:13:07.147  1135  3727 V PlayerDriver: Completed command PLAYER_REMOVE_DATA_SOURCE status=PVMFSuccess
10-29 14:13:07.147  1135  1135 V PVPlayer: unmap file
10-29 14:13:07.147  1135  1135 V PVPlayer: PVPlayer destructor
10-29 14:13:07.147  1135  3727 V PlayerDriver: Send player code: 1
10-29 14:13:07.147  1135  3727 V PlayerDriver: DeletePlayer
10-29 14:13:07.147  1135  3727 D         : enter UnregisterAllRecognizers
10-29 14:13:07.147  1135  3727 V PlayerDriver: destructor
10-29 14:13:07.147  1135  3727 V PlayerDriver: OsclScheduler::Cleanup
10-29 14:13:07.147  1135  1281 V PVPlayer: reset
10-29 14:13:07.147  1135  3735 V PlayerDriver: Send player code: 19
10-29 14:13:07.147  1135  3735 V PlayerDriver: handleCancelAllCommands
10-29 14:13:07.155  1135  3735 V PlayerDriver: CommandCompleted
10-29 14:13:07.155  1135  3735 V PlayerDriver: Completed command PLAYER_CANCEL_ALL_COMMANDS status=PVMFSuccess
10-29 14:13:07.155  1135  3735 V PlayerDriver: Send player code: 12
10-29 14:13:07.155  1135  3735 V PlayerDriver: handleReset
10-29 14:13:07.155  1135  3735 V PlayerDriver: CommandCompleted
10-29 14:13:07.155  1135  3735 V PlayerDriver: Completed command PLAYER_RESET status=PVMFSuccess
10-29 14:13:07.155  1135  3735 V PlayerDriver: Send player code: 18
10-29 14:13:07.155  1135  3735 V PlayerDriver: handleRemoveDataSource
10-29 14:13:07.155  1135  3735 V PlayerDriver: CommandCompleted
10-29 14:13:07.155  1135  3735 V PlayerDriver: Completed command PLAYER_REMOVE_DATA_SOURCE status=PVMFSuccess
10-29 14:13:07.155  1135  1281 V PVPlayer: unmap file
10-29 14:13:07.155  1135  1281 V PVPlayer: PVPlayer destructor
10-29 14:13:07.155  1135  3735 V PlayerDriver: Send player code: 1
10-29 14:13:07.155  1135  3735 V PlayerDriver: DeletePlayer
10-29 14:13:07.155  1135  3735 D         : enter UnregisterAllRecognizers
10-29 14:13:07.155  1135  3735 V PlayerDriver: destructor
10-29 14:13:07.155  1135  3735 V PlayerDriver: OsclScheduler::Cleanup
10-29 14:13:07.155  1135  1233 V PVPlayer: reset
10-29 14:13:07.155  1135  3729 V PlayerDriver: Send player code: 19
10-29 14:13:07.155  1135  3729 V PlayerDriver: handleCancelAllCommands
10-29 14:13:07.155  1135  3729 V PlayerDriver: CommandCompleted
10-29 14:13:07.162  1135  3729 V PlayerDriver: Completed command PLAYER_CANCEL_ALL_COMMANDS status=PVMFSuccess
10-29 14:13:07.162  1135  3729 V PlayerDriver: Send player code: 12
10-29 14:13:07.162  1135  3729 V PlayerDriver: handleReset
10-29 14:13:07.162  1135  3729 V PlayerDriver: CommandCompleted
10-29 14:13:07.162  1135  3729 V PlayerDriver: Completed command PLAYER_RESET status=PVMFSuccess
10-29 14:13:07.162  1135  3729 V PlayerDriver: Send player code: 18
10-29 14:13:07.162  1135  3729 V PlayerDriver: handleRemoveDataSource
10-29 14:13:07.162  1135  3729 V PlayerDriver: CommandCompleted
10-29 14:13:07.162  1135  3729 V PlayerDriver: Completed command PLAYER_REMOVE_DATA_SOURCE status=PVMFSuccess
10-29 14:13:07.162  1135  1233 V PVPlayer: unmap file
10-29 14:13:07.162  1135  1233 V PVPlayer: PVPlayer destructor
10-29 14:13:07.162  1135  3729 V PlayerDriver: Send player code: 1
10-29 14:13:07.162  1135  3729 V PlayerDriver: DeletePlayer
10-29 14:13:07.162  1135  3729 D         : enter UnregisterAllRecognizers
10-29 14:13:07.162  1135  3729 V PlayerDriver: destructor
10-29 14:13:07.162  1135  3729 V PlayerDriver: OsclScheduler::Cleanup
10-29 14:13:07.162  1135  3729 D TIOMX_CORE: deinit count = 0
10-29 14:13:07.170  1235  1434 D WifiService: acquireWifiLockLocked: WifiLock{NetworkLocationProvider type=2 binder=android.os.Binder@45b89348}
10-29 14:13:07.311  1325  1325 I LittleSister: onCellLocationChanged(): got cell location that isn't gsm, ignoring...
10-29 14:13:08.030  1235  1243 I InputManagerService: received close system dialog event
10-29 14:13:08.037  1235  1260 I ActivityManager: Starting activity: Intent { act=android.intent.action.MAIN cat=[android.intent.category.HOME] flg=0x10200000 cmp=com.motorola.blur.home/.HomeActivity }
10-29 14:13:08.076  1235  1351 W InputManagerService: Ignoring hideSoftInput of: com.android.internal.view.IInputMethodClient$Stub$Proxy@45df2240
10-29 14:13:08.084  2799  2799 W WidgetAidService: BroadcastReceiver onReceive called
10-29 14:13:08.108  2799  2799 D WidgetAidService: ACTION_HOME_SCREEN_CHANGED - 3
10-29 14:13:08.139  2799  2799 D WidgetAidService: HomeScreen gained focus/panned
10-29 14:13:08.186  2799  2799 D WidgetAidService: widgetScreenIndex - 5
10-29 14:13:09.936  2786  2786 I WifiToggle: OnReceive
10-29 14:13:09.936  2786  2786 I WifiToggle: getServiceState.ENABLED_STATE
10-29 14:13:09.944  2786  2786 I WifiToggle: OnReceive.hasCategory
10-29 14:13:09.944  2786  2786 I WifiToggle: Wifi ServiceAvailability Available
10-29 14:13:09.944  1235  1909 I WifiService: setWifiEnabled enable=false, persist=true, pid=2786, uid=10005
10-29 14:13:09.967  2567  2567 I wpa_supplicant: CTRL-EVENT-TERMINATING - signal 15 received
10-29 14:13:09.967  2567  2567 I wpa_supplicant: CTRL-EVENT-TERMINATING - signal 0 received
10-29 14:13:09.967  1235  2568 V WifiMonitor: Event [CTRL-EVENT-TERMINATING - signal 15 received]
10-29 14:13:09.967  1235  1262 V WifiStateTracker: Connection to supplicant lost
10-29 14:13:09.975  2567  2567 I wpa_supplicant: CTRL-EVENT-STATE-CHANGE id=0 state=0 BSSID=00:00:00:00:00:00
10-29 14:13:09.983  2786  2786 I WifiToggle: ToggleService
10-29 14:13:09.991  2786  2786 I WifiToggle: getServiceState.INTERMEDIATE_STATE
10-29 14:13:09.991  2786  2786 I WifiToggle: UpdateWidget - currentState=INTERMEDIATE_STATE
10-29 14:13:09.991  2786  2786 I WifiToggle: updateButtons
10-29 14:13:10.014  1235  1936 I ActivityManager: Start proc com.android.settings for broadcast com.android.settings/.widget.SettingsAppWidgetProvider: pid=3738 uid=1000 gids={3003, 3002, 3001, 1015, 2001}
10-29 14:13:10.100  1134  1134 D dalvikvm: GC_EXPLICIT freed 285 objects / 10816 bytes in 94ms
10-29 14:13:10.147  1336  1336 D dalvikvm: GC_EXPLICIT freed 539 objects / 25384 bytes in 124ms
10-29 14:13:10.170  1134  1134 D dalvikvm: GC_EXPLICIT freed 42 objects / 1920 bytes in 67ms
10-29 14:13:10.178  3738  3738 W dalvikvm: Refusing to reopen boot DEX '/system/framework/com.motorola.android.frameworks.jar'
10-29 14:13:10.256  1134  1134 D dalvikvm: GC_EXPLICIT freed 2 objects / 48 bytes in 81ms
10-29 14:13:10.280  1336  1336 D dalvikvm: GC_EXPLICIT freed 316 objects / 14088 bytes in 93ms
10-29 14:13:10.358  2786  2786 I WifiToggle: OnReceive
10-29 14:13:10.358  2786  2786 I WifiToggle: getServiceState.INTERMEDIATE_STATE
10-29 14:13:10.358  2786  2786 I WifiToggle: UpdateWidget - currentState=INTERMEDIATE_STATE
10-29 14:13:10.358  2786  2786 I WifiToggle: updateButtons
10-29 14:13:10.420  1336  1336 D dalvikvm: GC_EXPLICIT freed 135 objects / 5368 bytes in 40ms
10-29 14:13:10.459  1336  1336 D dalvikvm: GC_EXPLICIT freed 101 objects / 3816 bytes in 37ms
10-29 14:13:10.830  1235  1243 V DeviceStorageMonitorService: freeMemory=6643470336
10-29 14:13:10.830  1235  1243 V DeviceStorageMonitorService: Threshold Percentage=10
10-29 14:13:10.830  1235  1243 V DeviceStorageMonitorService: mTotalMemory = 70264913
10-29 14:13:10.830  1235  1243 I DeviceStorageMonitorService: Posting Message again
10-29 14:13:10.998  1235  1264 D WifiStateTracker: Reset connections and stopping DHCP
10-29 14:13:11.022  1235  1262 D NetworkStateTracker: setDetailed state, old =CONNECTED and new state=DISCONNECTED
10-29 14:13:11.022  1235  1262 D NetworkStateTracker: setTeardownRequested: false
10-29 14:13:11.022  1235  1245 I ActivityManager: Start proc com.motorola.batterymanager:deviceStats for broadcast com.motorola.batterymanager/.devicestatistics.DeviceStatisticsRcv: pid=3745 uid=10054 gids={}
10-29 14:13:11.022  1235  1262 D ConnectivityService: ConnectivityChange for WIFI: DISCONNECTED/DISCONNECTED
10-29 14:13:11.022  1235  1262 V ConnectivityService: Handle DISCONNECT for WIFI
10-29 14:13:11.022  1235  1262 W ConnectivityService: interface tiwlan0 is useless
10-29 14:13:11.022  1235  1262 D ConnectivityService: disconnecting a default network
10-29 14:13:11.022  1235  1262 D ConnectivityService: getMobileDataEnabled returning true
10-29 14:13:11.030  1235  1262 D NetworkStateTracker: setTeardownRequested: false
10-29 14:13:11.030  1235  1262 W MobileDataStateTracker: before enableApnType:default
10-29 14:13:11.030  1317  1544 D DataConnectionTracker: enableApnType(default), isApnTypeActive = false and state = IDLE
10-29 14:13:11.030  1317  1544 D DataConnectionTracker: setEnabled(0, true) with old state = false and enabledCount = 0
10-29 14:13:11.030  1317  1317 D DataConnectionTracker: EVENT_APN_ENABLE_REQUEST 0, 1
10-29 14:13:11.030  1317  1317 D DataConnectionTracker:  dataEnabled = false, enabledCount = 0, isApnTypeActive = false
10-29 14:13:11.045  1235  1243 D MobileDataStateTracker: default Received state= CONNECTING, old= DISCONNECTED, reason= dataEnabled, apnTypeList= default,mms,hipri
10-29 14:13:11.045  1235  1243 D NetworkStateTracker: setDetailed state, old =DISCONNECTED and new state=CONNECTING
10-29 14:13:11.053  1235  1262 D WifiStateTracker: Reset connections and stopping DHCP
10-29 14:13:11.053  1235  1262 V ConnectivityService: Attempting to switch to mobile
10-29 14:13:11.053  1235  1262 D ConnectivityService: handleConnectivityChange
10-29 14:13:11.053  1235  1262 D ConnectivityService: handleDnsConfig Change
10-29 14:13:11.084  2726  2726 D NetStatUtils: Receive a broadcast: android.intent.action.ANY_DATA_STATE
10-29 14:13:11.084  2726  2726 D NetStatUtils: Received android.intent.action.ANY_DATA_STATE broadcast - state = CONNECTING, unavailable = false
10-29 14:13:11.100  2726  2726 D NetStatUtils: This APN: internet is down now.
10-29 14:13:11.100  2726  2726 D NetStatUtils: This APN has been disconnected yet, no need to handle it anymore.
10-29 14:13:11.100  1235  1434 D NetworkLocationProvider: onDataConnectionStateChanged 2
10-29 14:13:11.123  2829  2829 V MmsSystemEventRcvr: onReceive() - START
10-29 14:13:11.123  2829  2829 V MmsSystemEventRcvr: Intent received: Intent { act=android.intent.action.ANY_DATA_STATE flg=0x20000000 cmp=com.motorola.blur.conversations/.transaction.MmsSystemEventReceiver (has extras) }
10-29 14:13:11.131  2829  2829 V MmsSystemEventRcvr: ACTION_ANY_DATA_CONNECTION_STATE_CHANGED event received: state=CONNECTING, reason=dataEnabled, APN: internet, APN types: default,mms,hipri
10-29 14:13:11.131  2829  2829 V MmsSystemEventRcvr: onReceive() - END
10-29 14:13:11.139  3745  3745 D MOT_DEVICE_STATS: onStartCommand: received action android.net.wifi.supplicant.CONNECTION_CHANGE
10-29 14:13:11.147  3745  3745 D MOT_DEVICE_STATS: handleMessage: Message=3
10-29 14:13:11.147  3745  3745 D SysClassNetUtils: updateWifiRxTxBytes;(Before) prevRxBytes=2358763prevTxBytes=261098cumRxBytes=275859596cumTxBytes=26223909currRxBytes=6658026currTxBytes=564503
10-29 14:13:12.029  1235  1264 D WifiStateTracker: Disabling interface
10-29 14:13:12.061  1235  1261 E Tethering: attempting to remove unknown iface (tiwlan0), ignoring
10-29 14:13:12.061  1235  1262 D ConnectivityService: sendStickyBroadcastExt, add feature=null
10-29 14:13:12.076  1320  1320 V PolicyMgrService: PolicyMgrService.sendIntentToSelf() - policyMgrContext = android.app.ContextImpl@457b7550
10-29 14:13:12.084  1235  1243 E BluetoothPanService: Received CONNECTIVITY_ACTION
10-29 14:13:12.092  1235  1243 D Tethering: Tethering got CONNECTIVITY_ACTION
10-29 14:13:12.100  1235  1267 D Tethering: MasterInitialState.processMessage what=3
10-29 14:13:12.100  1235  1267 E HierarchicalStateMachine: TetherMaster - unhandledMessage: msg.what=3
10-29 14:13:12.116  1320  1320 V PolicyMgrService: PolicyMgrService.sendIntentToSelf(Intent { act=android.net.conn.CONNECTIVITY_CHANGE flg=0x30000000 cmp=com.motorola.blur.policymgr.service/.PolicyMgrService (has extras) }) - successfull
10-29 14:13:12.123  1320  1320 V PolicyMgrService: onStart(intent=Intent { act=android.net.conn.CONNECTIVITY_CHANGE flg=0x30000000 cmp=com.motorola.blur.policymgr.service/.PolicyMgrService (has extras) }, startId=18) - enter
10-29 14:13:12.123  1320  1499 V PolicyMgrService: run(intent=Intent { act=android.net.conn.CONNECTIVITY_CHANGE flg=0x30000000 cmp=com.motorola.blur.policymgr.service/.PolicyMgrService (has extras) }) - enter
10-29 14:13:12.123  1320  1499 V PolicyMgrService: connectivity_action: NetworkInfo: type: WIFI[], state: DISCONNECTED/DISCONNECTED, reason: (unspecified), extra: (none), roaming: false, failover: false, isAvailable: false
10-29 14:13:12.123  1320  1499 V PolicyMgrService: netInfo.isConnected() = false
10-29 14:13:12.123  1320  1499 V PolicyMgrService: netInfo.getTypeName() = WIFI
10-29 14:13:12.123  1320  1499 V PolicyMgrService: run(intent=Intent { act=android.net.conn.CONNECTIVITY_CHANGE flg=0x30000000 cmp=com.motorola.blur.policymgr.service/.PolicyMgrService (has extras) }) - exit
10-29 14:13:12.123  1320  1320 V PolicyMgrService: onStart(intent=Intent { act=android.net.conn.CONNECTIVITY_CHANGE flg=0x30000000 cmp=com.motorola.blur.policymgr.service/.PolicyMgrService (has extras) }, startId=18) - exit
10-29 14:13:12.123  1235  1262 D ConnectivityService: ConnectivityChange for mobile: CONNECTING/CONNECTING
10-29 14:13:12.170  1398  1398 I GTalkService: [ServiceAutoStarter] --- connectivity changed
10-29 14:13:12.170  1398  1398 I GTalkService: [ServiceAutoStarter] --- start GTalk service ---
10-29 14:13:12.209  3147  3147 I MediaUploader: No need to wake up
10-29 14:13:12.241  2726  2726 D NetStatUtils: Receive a broadcast: android.net.conn.CONNECTIVITY_CHANGE
10-29 14:13:12.241  2726  2726 D NetStatUtils: NetworkInfo: type: WIFI[], state: DISCONNECTED/DISCONNECTED, reason: (unspecified), extra: (none), roaming: false, failover: false, isAvailable: false
10-29 14:13:12.241  1235  1434 D WifiService: releaseWifiLockLocked: WifiLock{NetworkLocationProvider type=2 binder=android.os.Binder@45b89348}
10-29 14:13:12.256  1325  1325 I PollingManager: connectivity_action: NetworkInfo: type: WIFI[], state: DISCONNECTED/DISCONNECTED, reason: (unspecified), extra: (none), roaming: false, failover: false, isAvailable: false
10-29 14:13:12.295  1325  1325 I PollingManager: not sending out intent since this notification wasn't for the active network or it was and nothing has changed: NetworkInfo: type: mobile[CDMA - EvDo rev. A], state: CONNECTED/CONNECTED, reason: dataEnabled, extra: internet, roaming: false, failover: false, isAvailable: true
10-29 14:13:12.647  1325  1325 I DeviceReconnectManager: Connection State Changed: NetworkInfo: type: WIFI[], state: DISCONNECTED/DISCONNECTED, reason: (unspecified), extra: (none), roaming: false, failover: false, isAvailable: false
10-29 14:13:12.709  1325  1697 I ChannelProcessingTask: Closing channel org.apache.harmony.nio.internal.SocketChannelImpl@45abdc70
10-29 14:13:12.748  1325  3604 I XMPPConnection: Shutting down connection for user 4503599654260952 to host jabber-cloud216-blur.svcmot.com
10-29 14:13:12.772  1235  1265 E MotWifiScan: disableMlbs: NOT disabling because not ON!
10-29 14:13:12.780  1322  1322 D PowerProfileWifiToggler: Receiver: Wifi State is disabled
10-29 14:13:12.787  1235  1271 D MotLocationMgrService: updateSettingsObserver
10-29 14:13:12.842  2786  2786 I WifiToggle: OnReceive
10-29 14:13:12.842  2786  2786 I WifiToggle: getServiceState.DISABLED_STATE
10-29 14:13:12.842  2786  2786 I WifiToggle: UpdateWidget - currentState=DISABLED_STATE
10-29 14:13:12.842  2786  2786 I WifiToggle: updateButtons
10-29 14:13:12.889  1325  1325 I LittleSister: onCellLocationChanged(): got cell location that isn't gsm, ignoring...
10-29 14:13:12.920  1336  1336 D dalvikvm: GC_EXPLICIT freed 309 objects / 13360 bytes in 44ms
10-29 14:13:12.975  1336  1336 D dalvikvm: GC_EXPLICIT freed 244 objects / 9608 bytes in 44ms
10-29 14:13:12.991  1235  1271 D MotLocationMgrService: updateProvidersLockeda_g_p_s
10-29 14:13:13.045  1325  3604 W DeviceReconnectManager: Failed to connect
10-29 14:13:13.045  1325  3604 W DeviceReconnectManager: com.motorola.blur.service.push.ReconnectManager$FailedToConnectException: 
10-29 14:13:13.045  1325  3604 W DeviceReconnectManager:   -- caused by: java.nio.channels.UnresolvedAddressException
10-29 14:13:13.045  1325  3604 W DeviceReconnectManager: 	at com.motorola.blur.service.push.XMPPConnectionManager$PushConnectionListener$1.onReconnect(XMPPConnectionManager.java:361)
10-29 14:13:13.045  1325  3604 W DeviceReconnectManager: 	at com.motorola.blur.service.blur.push.DeviceReconnectManager$2.run(DeviceReconnectManager.java:88)
10-29 14:13:13.045  1325  3604 W DeviceReconnectManager: 	at java.lang.Thread.run(Thread.java:1096)
10-29 14:13:13.045  1325  3604 W DeviceReconnectManager: Caused by: 
10-29 14:13:13.045  1325  3604 W DeviceReconnectManager:   -- caused by: java.nio.channels.UnresolvedAddressException
10-29 14:13:13.045  1325  3604 W DeviceReconnectManager: 	at org.jivesoftware.smack.XMPPConnection.connectUsingConfiguration(XMPPConnection.java:1016)
10-29 14:13:13.045  1325  3604 W DeviceReconnectManager: 	at org.jivesoftware.smack.XMPPConnection.connect(XMPPConnection.java:1552)
10-29 14:13:13.045  1325  3604 W DeviceReconnectManager: 	at org.jivesoftware.smack.XMPPConnection.connectShutdownOnException(XMPPConnection.java:1639)
10-29 14:13:13.045  1325  3604 W DeviceReconnectManager: 	at com.motorola.blur.service.push.XMPPConnectionManager.connect(XMPPConnectionManager.java:263)
10-29 14:13:13.045  1325  3604 W DeviceReconnectManager: 	at com.motorola.blur.service.push.XMPPConnectionManager.access$300(XMPPConnectionManager.java:40)
10-29 14:13:13.045  1325  3604 W DeviceReconnectManager: 	at com.motorola.blur.service.push.XMPPConnectionManager$PushConnectionListener$1.onReconnect(XMPPConnectionManager.java:355)
10-29 14:13:13.045  1325  3604 W DeviceReconnectManager: 	... 2 more
10-29 14:13:13.100  1325  3604 I DeviceReconnectManager: got (java.nio.channels.UnresolvedAddressException) telling my mother...
10-29 14:13:13.147  1325  3604 I BlurServiceMother: startConfiguringCloud(): request push connect issues needs a cloud, I'm already trying, leave me alone
10-29 14:13:13.459  1235  1235 D AlarmManagerService: Kernel timezone updated to 240 minutes west of GMT
10-29 14:13:13.717  1235  1261 D Tethering: ppp0 is not a tetherable iface, ignoring
10-29 14:13:14.811  1235  1243 D MobileDataStateTracker: replacing old mInterfaceName (ppp0) with ppp0 for hipri
10-29 14:13:14.819  1317  1317 D CDMASMSDISP: enter initSipStack!
10-29 14:13:14.819  1317  1317 D SMSONSIP: Enter checkSipServiceStatus!
10-29 14:13:14.819  1317  1317 D CDMASMSDISP: checkNVItemReady = true
10-29 14:13:14.834  2829  2829 V MmsSystemEventRcvr: onReceive() - START
10-29 14:13:14.834  1235  1243 D MobileDataStateTracker: replacing old mInterfaceName (ppp0) with ppp0 for mms
10-29 14:13:14.834  2829  2829 V MmsSystemEventRcvr: Intent received: Intent { act=android.intent.action.ANY_DATA_STATE flg=0x20000000 cmp=com.motorola.blur.conversations/.transaction.MmsSystemEventReceiver (has extras) }
10-29 14:13:14.834  2829  2829 V MmsSystemEventRcvr: ACTION_ANY_DATA_CONNECTION_STATE_CHANGED event received: state=CONNECTED, reason=dataEnabled, APN: internet, APN types: default,mms,hipri, interface name: ppp0
10-29 14:13:14.842  1235  1243 D MobileDataStateTracker: default Received state= CONNECTED, old= CONNECTING, reason= dataEnabled, apnTypeList= default,mms,hipri
10-29 14:13:14.842  2829  2829 D MmsSystemEventRcvr: Ignore ACTION_ANY_DATA_CONNECTION_STATE_CHANGED - ACTION_ANY_DATA_CONNECTION_STATE_CHANGED event received: state=CONNECTED, reason=dataEnabled, APN: internet, APN types: default,mms,hipri, interface name: ppp0
10-29 14:13:14.842  2829  2829 V MmsSystemEventRcvr: onReceive() - END
10-29 14:13:14.842  1235  1243 D NetworkStateTracker: setDetailed state, old =CONNECTING and new state=CONNECTED
10-29 14:13:14.842  1235  1262 D NetworkStateTracker: setTeardownRequested: false
10-29 14:13:14.842  1235  1262 D ConnectivityService: ConnectivityChange for mobile: CONNECTED/CONNECTED
10-29 14:13:14.842  1235  1262 D ConnectivityService: Handle CONNECT for mobile
10-29 14:13:14.842  1235  1262 D ConnectivityService: connecting to a default network
10-29 14:13:14.842  1235  1262 D ConnectivityService: Sending CONNECT bcast for mobile
10-29 14:13:14.850  1235  1262 E NetworkStateTracker: net.tcp.buffersize.evdo not found in system properties. Using defaults
10-29 14:13:14.850  1235  1262 V NetworkStateTracker: Setting TCP values: [65536,131072,262144,65536,131072,262144] which comes from [net.tcp.buffersize.default]
10-29 14:13:14.858  2726  2726 D NetStatUtils: Receive a broadcast: android.intent.action.ANY_DATA_STATE
10-29 14:13:14.866  2846  2846 V com.fusionone.android.sync.service.SyncService: onStart() invoked
10-29 14:13:14.866  2846  2846 V com.fusionone.android.sync.service.SyncService: handleNotification invoked: Intent { act=com.fusionone.android.sync.rpc.ISyncManager (has extras) }
10-29 14:13:14.866  1235  1262 D ConnectivityService: handleConnectivityChange
10-29 14:13:14.866  1235  1262 D ConnectivityService: handleDnsConfig Change
10-29 14:13:14.866  1235  1262 D ConnectivityService: connected: Mobile data state: mobile, CONNECTED
10-29 14:13:14.866  1235  1262 D ConnectivityService: adding dns 66.174.95.44 for mobile
10-29 14:13:14.873  2726  2726 D NetStatUtils: Received android.intent.action.ANY_DATA_STATE broadcast - state = CONNECTED, unavailable = false
10-29 14:13:14.873  1235  1262 D ConnectivityService: adding dns 66.174.92.14 for mobile
10-29 14:13:14.881  1235  1262 D WifiStateTracker: Reset connections and stopping DHCP
10-29 14:13:14.897  2726  2726 D NetStatUtils: The APN name is: internet and the interface is: ppp0
10-29 14:13:14.897  2726  2726 D NetStatUtils: This APN has been recorded before yet.
10-29 14:13:14.959  1235  1434 D NetworkLocationProvider: onDataConnectionStateChanged 2
10-29 14:13:14.983  1336  1336 D dalvikvm: GC_EXTERNAL_ALLOC freed 280 objects / 21200 bytes in 41ms
10-29 14:13:15.889  1336  1336 D dalvikvm: GC_EXTERNAL_ALLOC freed 139 objects / 7696 bytes in 43ms
10-29 14:13:15.897  1235  1243 E BluetoothPanService: Received CONNECTIVITY_ACTION
10-29 14:13:15.897  1235  1243 E BluetoothPanService: Received,CONNECTIVITY_ACTION, TYPE_MOBILE
10-29 14:13:15.897  1235  1243 E BluetoothPanService: Received, CONNECTIVITY_ACTION, TYPE_MOBILE, isConnected
10-29 14:13:15.897  1235  1262 D ConnectivityService: sendStickyBroadcastExt, add feature=null
10-29 14:13:15.905  1320  1320 V PolicyMgrService: PolicyMgrService.sendIntentToSelf() - policyMgrContext = android.app.ContextImpl@457b7c78
10-29 14:13:15.905  1235  1243 D Tethering: Tethering got CONNECTIVITY_ACTION
10-29 14:13:15.912  1320  1320 V PolicyMgrService: PolicyMgrService.sendIntentToSelf(Intent { act=android.net.conn.CONNECTIVITY_CHANGE flg=0x30000000 cmp=com.motorola.blur.policymgr.service/.PolicyMgrService (has extras) }) - successfull
10-29 14:13:15.912  1320  1320 V PolicyMgrService: onStart(intent=Intent { act=android.net.conn.CONNECTIVITY_CHANGE flg=0x30000000 cmp=com.motorola.blur.policymgr.service/.PolicyMgrService (has extras) }, startId=19) - enter
10-29 14:13:15.912  1320  1320 V PolicyMgrService: onStart(intent=Intent { act=android.net.conn.CONNECTIVITY_CHANGE flg=0x30000000 cmp=com.motorola.blur.policymgr.service/.PolicyMgrService (has extras) }, startId=19) - exit
10-29 14:13:15.912  1320  1499 V PolicyMgrService: run(intent=Intent { act=android.net.conn.CONNECTIVITY_CHANGE flg=0x30000000 cmp=com.motorola.blur.policymgr.service/.PolicyMgrService (has extras) }) - enter
10-29 14:13:15.912  1320  1499 V PolicyMgrService: connectivity_action: NetworkInfo: type: mobile[CDMA - EvDo rev. A], state: CONNECTED/CONNECTED, reason: dataEnabled, extra: internet, roaming: false, failover: false, isAvailable: true
10-29 14:13:15.912  1320  1499 V PolicyMgrService: netInfo.isConnected() = true
10-29 14:13:15.912  1320  1499 V PolicyMgrService: netInfo.getTypeName() = mobile
10-29 14:13:15.912  1320  1499 V PolicyMgrService: run(intent=Intent { act=android.net.conn.CONNECTIVITY_CHANGE flg=0x30000000 cmp=com.motorola.blur.policymgr.service/.PolicyMgrService (has extras) }) - exit
10-29 14:13:15.912  1320  1337 I dalvikvm: Jit: resizing JitTable from 8192 to 16384
10-29 14:13:15.920  1235  1267 D Tethering: MasterInitialState.processMessage what=3
10-29 14:13:15.920  1235  1267 E HierarchicalStateMachine: TetherMaster - unhandledMessage: msg.what=3
10-29 14:13:15.967  1325  1325 I PollingManager: connectivity_action: NetworkInfo: type: mobile[CDMA - EvDo rev. A], state: CONNECTED/CONNECTED, reason: dataEnabled, extra: internet, roaming: false, failover: false, isAvailable: true
10-29 14:13:15.983  1398  1398 I GTalkService: [ServiceAutoStarter] --- connectivity changed
10-29 14:13:15.983  1398  1398 I GTalkService: [ServiceAutoStarter] --- start GTalk service ---
10-29 14:13:16.022  2726  2726 D NetStatUtils: Receive a broadcast: android.net.conn.CONNECTIVITY_CHANGE
10-29 14:13:16.045  2726  2726 D NetStatUtils: NetworkInfo: type: mobile[CDMA - EvDo rev. A], state: CONNECTED/CONNECTED, reason: dataEnabled, extra: internet, roaming: false, failover: false, isAvailable: true
10-29 14:13:16.061  1325  1325 I PollingManager: not sending out intent since this notification wasn't for the active network or it was and nothing has changed: NetworkInfo: type: mobile[CDMA - EvDo rev. A], state: CONNECTED/CONNECTED, reason: dataEnabled, extra: internet, roaming: false, failover: false, isAvailable: true
10-29 14:13:16.092  1325  1325 I DeviceReconnectManager: Connection State Changed: NetworkInfo: type: mobile[CDMA - EvDo rev. A], state: CONNECTED/CONNECTED, reason: dataEnabled, extra: internet, roaming: false, failover: false, isAvailable: true
10-29 14:13:16.100  3147  3147 I MediaUploader: No need to wake up
10-29 14:13:16.139  2936  3719 D dalvikvm: GC_FOR_MALLOC freed 3899 objects / 311928 bytes in 300ms
10-29 14:13:16.147  2936  3719 E ServerConnectorImpl: Failed to create session
10-29 14:13:16.147  2936  3719 E ServerConnectorImpl: com.google.android.voicesearch.speechservice.ConnectionException: POST failed
10-29 14:13:16.147  2936  3719 E ServerConnectorImpl: 	at com.google.android.voicesearch.speechservice.SpeechServiceHttpClient.post(SpeechServiceHttpClient.java:176)
10-29 14:13:16.147  2936  3719 E ServerConnectorImpl: 	at com.google.android.voicesearch.speechservice.SpeechServiceHttpClient.post(SpeechServiceHttpClient.java:88)
10-29 14:13:16.147  2936  3719 E ServerConnectorImpl: 	at com.google.android.voicesearch.speechservice.ServerConnectorImpl.createTcpSession(ServerConnectorImpl.java:118)
10-29 14:13:16.147  2936  3719 E ServerConnectorImpl: 	at com.google.android.voicesearch.speechservice.ServerConnectorImpl.createSession(ServerConnectorImpl.java:98)
10-29 14:13:16.147  2936  3719 E ServerConnectorImpl: 	at com.google.android.voicesearch.speechservice.RecognitionController.runRecognitionMainLoop(RecognitionController.java:679)
10-29 14:13:16.147  2936  3719 E ServerConnectorImpl: 	at com.google.android.voicesearch.speechservice.RecognitionController.startRecognition(RecognitionController.java:463)
10-29 14:13:16.147  2936  3719 E ServerConnectorImpl: 	at com.google.android.voicesearch.speechservice.RecognitionController.access$200(RecognitionController.java:75)
10-29 14:13:16.147  2936  3719 E ServerConnectorImpl: 	at com.google.android.voicesearch.speechservice.RecognitionController$1.handleMessage(RecognitionController.java:300)
10-29 14:13:16.147  2936  3719 E ServerConnectorImpl: 	at android.os.Handler.dispatchMessage(Handler.java:99)
10-29 14:13:16.147  2936  3719 E ServerConnectorImpl: 	at android.os.Looper.loop(Looper.java:143)
10-29 14:13:16.147  2936  3719 E ServerConnectorImpl: 	at android.os.HandlerThread.run(HandlerThread.java:60)
10-29 14:13:16.147  2936  3719 E ServerConnectorImpl: Caused by: java.net.UnknownHostException: www.google.com
10-29 14:13:16.147  2936  3719 E ServerConnectorImpl: 	at java.net.InetAddress.lookupHostByName(InetAddress.java:513)
10-29 14:13:16.147  2936  3719 E ServerConnectorImpl: 	at java.net.InetAddress.getAllByNameImpl(InetAddress.java:278)
10-29 14:13:16.147  2936  3719 E ServerConnectorImpl: 	at java.net.InetAddress.getAllByName(InetAddress.java:242)
10-29 14:13:16.147  2936  3719 E ServerConnectorImpl: 	at org.apache.http.impl.conn.DefaultClientConnectionOperator.openConnection(DefaultClientConnectionOperator.java:136)
10-29 14:13:16.147  2936  3719 E ServerConnectorImpl: 	at org.apache.http.impl.conn.AbstractPoolEntry.open(AbstractPoolEntry.java:164)
10-29 14:13:16.147  2936  3719 E ServerConnectorImpl: 	at org.apache.http.impl.conn.AbstractPooledConnAdapter.open(AbstractPooledConnAdapter.java:119)
10-29 14:13:16.147  2936  3719 E ServerConnectorImpl: 	at org.apache.http.impl.client.DefaultRequestDirector.execute(DefaultRequestDirector.java:348)
10-29 14:13:16.147  2936  3719 E ServerConnectorImpl: 	at org.apache.http.impl.client.AbstractHttpClient.execute(AbstractHttpClient.java:555)
10-29 14:13:16.147  2936  3719 E ServerConnectorImpl: 	at org.apache.http.impl.client.AbstractHttpClient.execute(AbstractHttpClient.java:487)
10-29 14:13:16.147  2936  3719 E ServerConnectorImpl: 	at org.apache.http.impl.client.AbstractHttpClient.execute(AbstractHttpClient.java:465)
10-29 14:13:16.147  2936  3719 E ServerConnectorImpl: 	at android.net.http.AndroidHttpClient.execute(AndroidHttpClient.java:245)
10-29 14:13:16.147  2936  3719 E ServerConnectorImpl: 	at com.google.android.voicesearch.speechservice.SpeechServiceHttpClient.post(SpeechServiceHttpClient.java:167)
10-29 14:13:16.147  2936  3719 E ServerConnectorImpl: 	... 10 more
10-29 14:13:16.147  2936  3719 E RecognitionController: Ignoring error 2
10-29 14:13:16.201  2936  3719 I RecognitionController: Final state: PAUSED
10-29 14:13:16.201  2936  3719 I ServerConnectorImpl: Canceling recognition request
10-29 14:13:16.201  2936  3719 I ServerConnectorImpl: ClientReport{request_id=0,application_id=intent-speech-api,client_perceived_request_status=2,network_type=1,}
10-29 14:13:16.201  1235  1235 I AudioService:  AudioFocus  abandonAudioFocus() from android.media.AudioManager@459e5dc0
10-29 14:13:16.209  2936  3719 I RecognitionController: State change: PAUSED -> PAUSED
10-29 14:13:16.209  2936  2943 I ClientReportSender: Sending 1 client reports over HTTP
10-29 14:13:16.217  1235  1347 I AudioService:  AudioFocus  abandonAudioFocus() from android.media.AudioManager@459e5dc0
10-29 14:13:16.256  2936  2943 E ClientReportSender: Sending client reports failed
10-29 14:13:16.256  2936  2943 E ClientReportSender: com.google.android.voicesearch.speechservice.ConnectionException: POST failed
10-29 14:13:16.256  2936  2943 E ClientReportSender: 	at com.google.android.voicesearch.speechservice.SpeechServiceHttpClient.post(SpeechServiceHttpClient.java:176)
10-29 14:13:16.256  2936  2943 E ClientReportSender: 	at com.google.android.voicesearch.speechservice.SpeechServiceHttpClient.post(SpeechServiceHttpClient.java:119)
10-29 14:13:16.256  2936  2943 E ClientReportSender: 	at com.google.android.voicesearch.speechservice.ClientReportSender$SendReportTask.doInBackground(ClientReportSender.java:193)
10-29 14:13:16.256  2936  2943 E ClientReportSender: 	at com.google.android.voicesearch.speechservice.ClientReportSender$SendReportTask.doInBackground(ClientReportSender.java:168)
10-29 14:13:16.256  2936  2943 E ClientReportSender: 	at android.os.AsyncTask$2.call(AsyncTask.java:185)
10-29 14:13:16.256  2936  2943 E ClientReportSender: 	at java.util.concurrent.FutureTask$Sync.innerRun(FutureTask.java:305)
10-29 14:13:16.256  2936  2943 E ClientReportSender: 	at java.util.concurrent.FutureTask.run(FutureTask.java:137)
10-29 14:13:16.256  2936  2943 E ClientReportSender: 	at java.util.concurrent.ThreadPoolExecutor.runWorker(ThreadPoolExecutor.java:1068)
10-29 14:13:16.256  2936  2943 E ClientReportSender: 	at java.util.concurrent.ThreadPoolExecutor$Worker.run(ThreadPoolExecutor.java:561)
10-29 14:13:16.256  2936  2943 E ClientReportSender: 	at java.lang.Thread.run(Thread.java:1096)
10-29 14:13:16.256  2936  2943 E ClientReportSender: Caused by: java.net.UnknownHostException: www.google.com
10-29 14:13:16.256  2936  2943 E ClientReportSender: 	at java.net.InetAddress.lookupHostByName(InetAddress.java:504)
10-29 14:13:16.256  2936  2943 E ClientReportSender: 	at java.net.InetAddress.getAllByNameImpl(InetAddress.java:278)
10-29 14:13:16.256  2936  2943 E ClientReportSender: 	at java.net.InetAddress.getAllByName(InetAddress.java:242)
10-29 14:13:16.256  2936  2943 E ClientReportSender: 	at org.apache.http.impl.conn.DefaultClientConnectionOperator.openConnection(DefaultClientConnectionOperator.java:136)
10-29 14:13:16.256  2936  2943 E ClientReportSender: 	at org.apache.http.impl.conn.AbstractPoolEntry.open(AbstractPoolEntry.java:164)
10-29 14:13:16.256  2936  2943 E ClientReportSender: 	at org.apache.http.impl.conn.AbstractPooledConnAdapter.open(AbstractPooledConnAdapter.java:119)
10-29 14:13:16.256  2936  2943 E ClientReportSender: 	at org.apache.http.impl.client.DefaultRequestDirector.execute(DefaultRequestDirector.java:348)
10-29 14:13:16.256  2936  2943 E ClientReportSender: 	at org.apache.http.impl.client.AbstractHttpClient.execute(AbstractHttpClient.java:555)
10-29 14:13:16.256  2936  2943 E ClientReportSender: 	at org.apache.http.impl.client.AbstractHttpClient.execute(AbstractHttpClient.java:487)
10-29 14:13:16.256  2936  2943 E ClientReportSender: 	at org.apache.http.impl.client.AbstractHttpClient.execute(AbstractHttpClient.java:465)
10-29 14:13:16.256  2936  2943 E ClientReportSender: 	at android.net.http.AndroidHttpClient.execute(AndroidHttpClient.java:245)
10-29 14:13:16.256  2936  2943 E ClientReportSender: 	at com.google.android.voicesearch.speechservice.SpeechServiceHttpClient.post(SpeechServiceHttpClient.java:167)
10-29 14:13:16.256  2936  2943 E ClientReportSender: 	... 9 more
10-29 14:13:16.256  2936  2936 E ClientReportSender: 1 client reports failed to send
10-29 14:13:16.256  2936  2936 I SpeechServiceHttpClient: Closing the HTTP client.
