--------- beginning of /dev/log/system
10-28 12:57:16.381  1235  1243 V DeviceStorageMonitorService: freeMemory=6643990528
10-28 12:57:16.381  1235  1243 V DeviceStorageMonitorService: Threshold Percentage=10
10-28 12:57:16.381  1235  1243 V DeviceStorageMonitorService: mTotalMemory = 70264913
10-28 12:57:16.381  1235  1243 I DeviceStorageMonitorService: Posting Message again
10-28 12:57:50.811  1235  1243 D StatusBarPolicy: ERI alert sound is disabled.
10-28 12:59:34.717  1235  1243 D StatusBarPolicy: ERI alert sound is disabled.
10-28 12:59:39.904  1235  1262 D ConnectivityService: ConnectivityChange for mobile: DISCONNECTED/DISCONNECTED
10-28 12:59:39.904  1235  1262 V ConnectivityService: Handle DISCONNECT for mobile
10-28 12:59:39.904  1235  1262 W ConnectivityService: interface ppp0 is useless
10-28 12:59:39.904  1235  1262 D ConnectivityService: disconnecting a default network
10-28 12:59:39.904  1235  1262 D ConnectivityService: getMobileDataEnabled returning true
10-28 12:59:39.912  1235  1262 D ConnectivityService: handleConnectivityChange
10-28 12:59:39.912  1235  1262 D ConnectivityService: handleDnsConfig Change
10-28 12:59:40.955  1235  1262 D ConnectivityService: sendStickyBroadcastExt, add feature=null
10-28 12:59:40.998  1235  1262 D ConnectivityService: ConnectivityChange for mobile: CONNECTING/CONNECTING
10-28 12:59:44.764  1235  1262 D ConnectivityService: ConnectivityChange for mobile: CONNECTED/CONNECTED
10-28 12:59:44.764  1235  1262 D ConnectivityService: Handle CONNECT for mobile
10-28 12:59:44.764  1235  1262 D ConnectivityService: connecting to a default network
10-28 12:59:44.764  1235  1262 D ConnectivityService: Sending CONNECT bcast for mobile
10-28 12:59:44.772  1235  1262 D ConnectivityService: handleConnectivityChange
10-28 12:59:44.772  1235  1262 D ConnectivityService: handleDnsConfig Change
10-28 12:59:44.772  1235  1262 D ConnectivityService: connected: Mobile data state: mobile, CONNECTED
10-28 12:59:44.772  1235  1262 D ConnectivityService: adding dns 66.174.95.44 for mobile
10-28 12:59:44.779  1235  1262 D ConnectivityService: adding dns 66.174.92.14 for mobile
10-28 12:59:44.818  1235  1490 D ConnectivityService: stopUsingNetworkFeature for net 0: enableMMS, supportOem=false
10-28 12:59:44.818  1235  1490 D ConnectivityService: ignoring stopUsingNetworkFeature - not a live request
10-28 12:59:45.795  1235  1262 D ConnectivityService: sendStickyBroadcastExt, add feature=null
10-28 13:11:08.553  1235  1243 V DeviceStorageMonitorService: freeMemory=6643986432
10-28 13:11:08.553  1235  1243 V DeviceStorageMonitorService: Threshold Percentage=10
10-28 13:11:08.553  1235  1243 V DeviceStorageMonitorService: mTotalMemory = 70264913
10-28 13:11:08.553  1235  1243 I DeviceStorageMonitorService: Posting Message again
10-28 13:11:10.545  1235  1260 W WindowManager: No focus window, dropping: KeyEvent{action=1 code=26 repeat=0 meta=0 scancode=107 mFlags=8}
10-28 13:11:10.600  1235  1243 D WifiService: ACTION_SCREEN_ON -- Checked by Moto
10-28 13:11:11.764  1235  1235 W InputManagerService: Window already focused, ignoring focus gain of: com.android.internal.view.IInputMethodClient$Stub$Proxy@45daba38
10-28 13:11:13.240  1235  1243 I ActivityManager: Starting activity: Intent { act=android.intent.action.PROVIDER_CHANGED cat=[wyantb@gmail.com] dat=content://gmail-ls/unread/^i flg=0x4000000 cmp=com.google.android.gm/.ConversationListActivity bnds=[0,152][480,248] (has extras) }
10-28 13:11:13.240  1235  1243 W ActivityManager: startActivity called from non-Activity context; forcing Intent.FLAG_ACTIVITY_NEW_TASK for: Intent { act=android.intent.action.PROVIDER_CHANGED cat=[wyantb@gmail.com] dat=content://gmail-ls/unread/^i flg=0x4000000 cmp=com.google.android.gm/.ConversationListActivity bnds=[0,152][480,248] (has extras) }
10-28 13:11:13.436  1235  1344 I ActivityManager: Starting activity: Intent { cmp=com.google.android.gm/.HtmlConversationActivity (has extras) }
10-28 13:11:34.873  1235  2149 I ActivityManager: Starting activity: Intent { cmp=com.google.android.gm/.ComposeActivity (has extras) }
10-28 13:11:35.373  1235  1245 W ActivityManager: Activity pause timeout for HistoryRecord{45aeedf8 com.google.android.gm/.HtmlConversationActivity}
10-28 13:11:38.084  1235  1243 D StatusBarPolicy: ERI alert sound is disabled.
10-28 13:11:39.302  1235  1243 I InputManagerService: received close system dialog event
10-28 13:11:39.318  1235  1260 I ActivityManager: Starting activity: Intent { act=android.intent.action.MAIN cat=[android.intent.category.HOME] flg=0x10200000 cmp=com.motorola.blur.home/.HomeActivity }
10-28 13:11:39.334  1235  1890 W InputManagerService: Ignoring hideSoftInput of: com.android.internal.view.IInputMethodClient$Stub$Proxy@45e01988
10-28 13:11:39.412  1235  1492 W InputManagerService: Starting input on non-focused client com.android.internal.view.IInputMethodClient$Stub$Proxy@45a15960 (uid=10078 pid=1740)
10-28 13:11:48.279  1235  2149 D ConnectivityService: stopUsingNetworkFeature for net 0: enableMMS, supportOem=false
10-28 13:11:48.279  1235  2149 D ConnectivityService: ignoring stopUsingNetworkFeature - not a live request
10-28 13:11:49.654  1235  1243 D StatusBarPolicy: handleBatteryUpdate
10-28 13:12:08.869  1235  1243 V DeviceStorageMonitorService: freeMemory=6643986432
10-28 13:12:08.869  1235  1243 V DeviceStorageMonitorService: Threshold Percentage=10
10-28 13:12:08.869  1235  1243 V DeviceStorageMonitorService: mTotalMemory = 70264913
10-28 13:12:08.869  1235  1243 I DeviceStorageMonitorService: Posting Message again
10-28 13:12:14.685  1235  1262 D ConnectivityService: ConnectivityChange for mobile: DISCONNECTED/DISCONNECTED
10-28 13:12:14.685  1235  1262 V ConnectivityService: Handle DISCONNECT for mobile
10-28 13:12:14.685  1235  1262 W ConnectivityService: interface ppp0 is useless
10-28 13:12:14.685  1235  1262 D ConnectivityService: disconnecting a default network
10-28 13:12:14.685  1235  1262 D ConnectivityService: getMobileDataEnabled returning true
10-28 13:12:14.685  1235  1262 D ConnectivityService: handleConnectivityChange
10-28 13:12:14.685  1235  1262 D ConnectivityService: handleDnsConfig Change
10-28 13:12:15.727  1235  1262 D ConnectivityService: sendStickyBroadcastExt, add feature=null
10-28 13:12:15.888  1235  1262 D ConnectivityService: ConnectivityChange for mobile: CONNECTING/CONNECTING
10-28 13:12:21.193  1235  1262 D ConnectivityService: ConnectivityChange for mobile: CONNECTED/CONNECTED
10-28 13:12:21.193  1235  1262 D ConnectivityService: Handle CONNECT for mobile
10-28 13:12:21.193  1235  1262 D ConnectivityService: connecting to a default network
10-28 13:12:21.193  1235  1262 D ConnectivityService: Sending CONNECT bcast for mobile
10-28 13:12:21.193  1235  1262 D ConnectivityService: handleConnectivityChange
10-28 13:12:21.193  1235  1262 D ConnectivityService: handleDnsConfig Change
10-28 13:12:21.193  1235  1262 D ConnectivityService: connected: Mobile data state: mobile, CONNECTED
10-28 13:12:21.193  1235  1262 D ConnectivityService: adding dns 66.174.95.44 for mobile
10-28 13:12:21.201  1235  1262 D ConnectivityService: adding dns 69.78.96.14 for mobile
10-28 13:12:22.225  1235  1262 D ConnectivityService: sendStickyBroadcastExt, add feature=null
10-28 13:13:08.865  1235  1243 V DeviceStorageMonitorService: freeMemory=6643982336
10-28 13:13:08.865  1235  1243 V DeviceStorageMonitorService: Threshold Percentage=10
10-28 13:13:08.865  1235  1243 V DeviceStorageMonitorService: mTotalMemory = 70264913
10-28 13:13:08.865  1235  1243 I DeviceStorageMonitorService: Posting Message again
10-28 13:13:17.638  1235  1243 D StatusBarPolicy: ERI alert sound is disabled.
10-28 13:13:23.623  1235  1243 D StatusBar: DISABLE_EXPAND: yes
10-28 13:13:23.631  1235  1243 I InputManagerService: received close system dialog event
10-28 13:13:27.802  1235  1347 D ConnectivityService: stopUsingNetworkFeature for net 0: enableMMS, supportOem=false
10-28 13:13:27.802  1235  1347 D ConnectivityService: ignoring stopUsingNetworkFeature - not a live request
10-28 13:18:56.475  1235  1243 D WifiService: ACTION_SCREEN_ON -- Checked by Moto
10-28 13:18:57.904  1235  1346 W InputManagerService: Window already focused, ignoring focus gain of: com.android.internal.view.IInputMethodClient$Stub$Proxy@45e3b478
10-28 13:18:58.936  1235  1243 V DeviceStorageMonitorService: freeMemory=6643965952
10-28 13:18:58.936  1235  1243 V DeviceStorageMonitorService: Threshold Percentage=10
10-28 13:18:58.936  1235  1243 V DeviceStorageMonitorService: mTotalMemory = 70264913
10-28 13:18:58.936  1235  1243 I DeviceStorageMonitorService: Posting Message again
10-28 13:19:00.443  1235  1243 I ActivityManager: Starting activity: Intent { act=android.intent.action.PROVIDER_CHANGED cat=[wyantb@gmail.com] dat=content://gmail-ls/unread/^i flg=0x4000000 cmp=com.google.android.gm/.ConversationListActivity bnds=[0,152][480,248] (has extras) }
10-28 13:19:00.443  1235  1243 W ActivityManager: startActivity called from non-Activity context; forcing Intent.FLAG_ACTIVITY_NEW_TASK for: Intent { act=android.intent.action.PROVIDER_CHANGED cat=[wyantb@gmail.com] dat=content://gmail-ls/unread/^i flg=0x4000000 cmp=com.google.android.gm/.ConversationListActivity bnds=[0,152][480,248] (has extras) }
10-28 13:19:00.576  1235  2033 I ActivityManager: Starting activity: Intent { cmp=com.google.android.gm/.HtmlConversationActivity (has extras) }
10-28 13:19:09.842  1235  1346 W InputManagerService: Starting input on non-focused client com.android.internal.view.IInputMethodClient$Stub$Proxy@45a15960 (uid=10078 pid=1740)
10-28 13:19:13.748  1235  1240 I ActivityManager: Starting activity: Intent { act=android.intent.action.MAIN cat=[android.intent.category.LAUNCHER] flg=0x10200000 cmp=com.snakefish.visms/.ConversationsActivity }
10-28 13:19:14.186  1235  1239 W InputManagerService: Starting input on non-focused client com.android.internal.view.IInputMethodClient$Stub$Proxy@45bac1d0 (uid=10005 pid=1340)
10-28 13:19:15.404  1235  2089 I ActivityManager: Starting activity: Intent { cmp=com.snakefish.visms/.MainChatWindow (has extras) }
10-28 13:19:16.232  1235  1492 I ActivityManager: Starting activity: Intent { act=android.intent.action.PICK dat=content://com.android.contacts/contacts cmp=com.motorola.blur.contacts/.picker.PickIdentityActivity }
10-28 13:19:25.553  1235  1240 W InputManagerService: Starting input on non-focused client com.android.internal.view.IInputMethodClient$Stub$Proxy@45bcc318 (uid=10005 pid=1512)
10-28 13:19:27.459  1235  1890 W InputManagerService: Starting input on non-focused client com.android.internal.view.IInputMethodClient$Stub$Proxy@45a05068 (uid=10114 pid=4902)
10-28 13:19:27.811  1235  1491 I ActivityManager: Process com.google.android.apps.maps:FriendService (pid 1665) has died.
10-28 13:19:29.553  1235  1243 D StatusBar: DISABLE_EXPAND: yes
10-28 13:19:29.561  1235  1243 I InputManagerService: received close system dialog event
10-28 13:19:54.545  1235  1260 W WindowManager: No focus window, dropping: KeyEvent{action=1 code=26 repeat=0 meta=0 scancode=107 mFlags=8}
10-28 13:19:54.600  1235  1243 D WifiService: ACTION_SCREEN_ON -- Checked by Moto
10-28 13:19:55.779  1235  2033 I ActivityManager: Process com.motorola.globalunplug (pid 1529) has died.
10-28 13:19:55.779  1235  2033 W ActivityManager: Scheduling restart of crashed service com.motorola.globalunplug/.service.GlobalUnplugService in 5000ms
10-28 13:19:55.889  1235  1239 I ActivityManager: Process com.motorola.android.AudioEffectSettings (pid 1580) has died.
10-28 13:19:56.107  1235  1344 W InputManagerService: Window already focused, ignoring focus gain of: com.android.internal.view.IInputMethodClient$Stub$Proxy@45e21390
10-28 13:19:56.147  1235  1258 I InputDevice: Dropping bad point #0: newY=32 closestDy=770 maxDy=420
10-28 13:20:00.068  1235  1240 I ActivityManager: Starting activity: Intent { act=android.intent.action.MAIN cat=[android.intent.category.LAUNCHER] flg=0x10200000 cmp=com.snakefish.visms/.ConversationsActivity }
10-28 13:20:00.412  1235  1347 W InputManagerService: Starting input on non-focused client com.android.internal.view.IInputMethodClient$Stub$Proxy@45bac1d0 (uid=10005 pid=1340)
10-28 13:20:00.787  1235  1245 I ActivityManager: Start proc com.motorola.globalunplug for service com.motorola.globalunplug/.service.GlobalUnplugService: pid=5509 uid=10009 gids={}
10-28 13:20:02.131  1235  1490 I ActivityManager: Starting activity: Intent { cmp=com.snakefish.visms/.MainChatWindow (has extras) }
10-28 13:20:02.842  1235  2033 I ActivityManager: Starting activity: Intent { act=android.intent.action.PICK dat=content://com.android.contacts/contacts cmp=com.motorola.blur.contacts/.picker.PickIdentityActivity }
10-28 13:20:05.232  1235  1235 W InputManagerService: Starting input on non-focused client com.android.internal.view.IInputMethodClient$Stub$Proxy@45bcc318 (uid=10005 pid=1512)
10-28 13:20:06.553  1235  2033 I ActivityManager: Starting activity: Intent { cmp=com.snakefish.visms/.TextActivity (has extras) }
10-28 13:20:13.287  1235  1243 V DeviceStorageMonitorService: freeMemory=6643974144
10-28 13:20:13.287  1235  1243 V DeviceStorageMonitorService: Threshold Percentage=10
10-28 13:20:13.287  1235  1243 V DeviceStorageMonitorService: mTotalMemory = 70264913
10-28 13:20:13.287  1235  1243 I DeviceStorageMonitorService: Posting Message again
10-28 13:20:17.498  1235  1491 W InputManagerService: Starting input on non-focused client com.android.internal.view.IInputMethodClient$Stub$Proxy@45a05068 (uid=10114 pid=4902)
10-28 13:20:19.420  1235  1243 D StatusBar: DISABLE_EXPAND: yes
10-28 13:20:19.420  1235  1243 I InputManagerService: received close system dialog event
10-28 13:20:23.428  1235  1243 D StatusBarPolicy: handleBatteryUpdate
10-28 13:21:54.896  1235  1344 I ActivityManager: Process com.swype.android.inputmethod (pid 1521) has died.
10-28 13:21:54.904  1235  1344 I UsageStats: Something wrong here, didn't expect com.motorola.blur.home to be paused
10-28 13:24:19.303  1235  1243 V DeviceStorageMonitorService: freeMemory=6643974144
10-28 13:24:19.303  1235  1243 V DeviceStorageMonitorService: Threshold Percentage=10
10-28 13:24:19.303  1235  1243 V DeviceStorageMonitorService: mTotalMemory = 70264913
10-28 13:24:19.303  1235  1243 I DeviceStorageMonitorService: Posting Message again
10-28 13:27:31.531  1235  1243 V DeviceStorageMonitorService: freeMemory=6643945472
10-28 13:27:31.531  1235  1243 V DeviceStorageMonitorService: Threshold Percentage=10
10-28 13:27:31.531  1235  1243 V DeviceStorageMonitorService: mTotalMemory = 70264913
10-28 13:27:31.531  1235  1243 I DeviceStorageMonitorService: Posting Message again
10-28 13:28:08.615  1235  1243 D StatusBarPolicy: ERI alert sound is disabled.
10-28 13:28:41.037  1235  1889 D ConnectivityService: stopUsingNetworkFeature for net 0: enableMMS, supportOem=false
10-28 13:28:41.037  1235  1889 D ConnectivityService: ignoring stopUsingNetworkFeature - not a live request
10-28 13:29:35.912  1235  1280 V BackupManagerService: Backup requested but nothing pending
10-28 13:29:53.748  1235  1243 D StatusBarPolicy: ERI alert sound is disabled.
10-28 13:32:54.803  1235  2089 D ConnectivityService: stopUsingNetworkFeature for net 0: enableMMS, supportOem=false
10-28 13:32:54.803  1235  2089 D ConnectivityService: ignoring stopUsingNetworkFeature - not a live request
10-28 13:40:09.728  1235  1243 V DeviceStorageMonitorService: freeMemory=6643945472
10-28 13:40:09.728  1235  1243 V DeviceStorageMonitorService: Threshold Percentage=10
10-28 13:40:09.728  1235  1243 V DeviceStorageMonitorService: mTotalMemory = 70264913
10-28 13:40:09.728  1235  1243 I DeviceStorageMonitorService: Posting Message again
10-28 14:21:44.721  1235  1243 V DeviceStorageMonitorService: freeMemory=6643929088
10-28 14:21:44.721  1235  1243 V DeviceStorageMonitorService: Threshold Percentage=10
10-28 14:21:44.721  1235  1243 V DeviceStorageMonitorService: mTotalMemory = 70264913
10-28 14:21:44.721  1235  1243 I DeviceStorageMonitorService: Posting Message again
10-28 14:21:45.310  1235  1243 D StatusBarPolicy: handleBatteryUpdate
10-28 14:30:45.412  1235  1280 V BackupManagerService: Backup requested but nothing pending
10-28 14:55:38.983  1235  1243 V DeviceStorageMonitorService: freeMemory=6643920896
10-28 14:55:38.983  1235  1243 V DeviceStorageMonitorService: Threshold Percentage=10
10-28 14:55:38.983  1235  1243 V DeviceStorageMonitorService: mTotalMemory = 70264913
10-28 14:55:38.983  1235  1243 I DeviceStorageMonitorService: Posting Message again
10-28 15:27:19.071  1235  1243 V DeviceStorageMonitorService: freeMemory=6643908608
10-28 15:27:19.071  1235  1243 V DeviceStorageMonitorService: Threshold Percentage=10
10-28 15:27:19.071  1235  1243 V DeviceStorageMonitorService: mTotalMemory = 70264913
10-28 15:27:19.071  1235  1243 I DeviceStorageMonitorService: Posting Message again
10-28 15:28:46.006  1235  1255 I UsageStats: Unexpected resume of com.motorola.blur.home while already resumed in com.motorola.blur.home
10-28 15:28:46.029  1235  1243 D WifiService: ACTION_SCREEN_ON -- Checked by Moto
10-28 15:28:50.100  1235  1488 W InputManagerService: Window already focused, ignoring focus gain of: com.android.internal.view.IInputMethodClient$Stub$Proxy@45c75718
10-28 15:28:51.349  1235  1243 I ActivityManager: Starting activity: Intent { act=android.intent.action.PROVIDER_CHANGED cat=[wyantb@gmail.com] dat=content://gmail-ls/unread/^i flg=0x4000000 cmp=com.google.android.gm/.ConversationListActivity bnds=[0,152][480,248] (has extras) }
10-28 15:28:51.349  1235  1243 W ActivityManager: startActivity called from non-Activity context; forcing Intent.FLAG_ACTIVITY_NEW_TASK for: Intent { act=android.intent.action.PROVIDER_CHANGED cat=[wyantb@gmail.com] dat=content://gmail-ls/unread/^i flg=0x4000000 cmp=com.google.android.gm/.ConversationListActivity bnds=[0,152][480,248] (has extras) }
10-28 15:28:51.599  1235  2089 I ActivityManager: Starting activity: Intent { cmp=com.google.android.gm/.HtmlConversationActivity (has extras) }
10-28 15:29:00.591  1235  1243 I InputManagerService: received close system dialog event
10-28 15:29:00.622  1235  1260 I ActivityManager: Starting activity: Intent { act=android.intent.action.MAIN cat=[android.intent.category.HOME] flg=0x10200000 cmp=com.motorola.blur.home/.HomeActivity }
10-28 15:29:01.052  1235  1487 W InputManagerService: Ignoring hideSoftInput of: com.android.internal.view.IInputMethodClient$Stub$Proxy@45d1f9a8
10-28 15:29:01.145  1235  1346 W InputManagerService: Starting input on non-focused client com.android.internal.view.IInputMethodClient$Stub$Proxy@45a15960 (uid=10078 pid=1740)
10-28 15:29:02.153  1235  1243 D StatusBar: DISABLE_EXPAND: yes
10-28 15:29:02.153  1235  1243 I InputManagerService: received close system dialog event
10-28 15:31:55.115  1235  1280 V BackupManagerService: Backup requested but nothing pending
10-28 15:31:55.248  1235  1243 V DeviceStorageMonitorService: freeMemory=6643945472
10-28 15:31:55.248  1235  1243 V DeviceStorageMonitorService: Threshold Percentage=10
10-28 15:31:55.248  1235  1243 V DeviceStorageMonitorService: mTotalMemory = 70264913
10-28 15:31:55.248  1235  1243 I DeviceStorageMonitorService: Posting Message again
10-28 15:34:26.623  1235  1243 D StatusBarPolicy: handleBatteryUpdate
10-28 15:34:26.647  1235  1243 D StatusBarPolicy: ERI alert sound is disabled.
10-28 15:36:12.740  1235  1243 D StatusBarPolicy: ERI alert sound is disabled.
10-28 15:39:52.310  1235  1492 D ConnectivityService: stopUsingNetworkFeature for net 0: enableMMS, supportOem=false
10-28 15:39:52.310  1235  1492 D ConnectivityService: ignoring stopUsingNetworkFeature - not a live request
10-28 15:44:13.333  1235  1243 V DeviceStorageMonitorService: freeMemory=6643920896
10-28 15:44:13.333  1235  1243 V DeviceStorageMonitorService: Threshold Percentage=10
10-28 15:44:13.333  1235  1243 V DeviceStorageMonitorService: mTotalMemory = 70264913
10-28 15:44:13.333  1235  1243 I DeviceStorageMonitorService: Posting Message again
10-28 15:45:15.709  1235  1243 V DeviceStorageMonitorService: freeMemory=6643920896
10-28 15:45:15.709  1235  1243 V DeviceStorageMonitorService: Threshold Percentage=10
10-28 15:45:15.709  1235  1243 V DeviceStorageMonitorService: mTotalMemory = 70264913
10-28 15:45:15.709  1235  1243 I DeviceStorageMonitorService: Posting Message again
10-28 15:46:20.071  1235  1243 V DeviceStorageMonitorService: freeMemory=6643920896
10-28 15:46:20.071  1235  1243 V DeviceStorageMonitorService: Threshold Percentage=10
10-28 15:46:20.071  1235  1243 V DeviceStorageMonitorService: mTotalMemory = 70264913
10-28 15:46:20.071  1235  1243 I DeviceStorageMonitorService: Posting Message again
10-28 15:47:53.162  1235  1243 D StatusBarPolicy: handleBatteryUpdate
10-28 15:47:56.017  1235  1243 V DeviceStorageMonitorService: freeMemory=6643920896
10-28 15:47:56.017  1235  1243 V DeviceStorageMonitorService: Threshold Percentage=10
10-28 15:47:56.017  1235  1243 V DeviceStorageMonitorService: mTotalMemory = 70264913
10-28 15:47:56.017  1235  1243 I DeviceStorageMonitorService: Posting Message again
10-28 15:55:36.615  1235  1243 D StatusBarPolicy: ERI alert sound is disabled.
10-28 15:55:50.748  1235  2149 D ConnectivityService: stopUsingNetworkFeature for net 0: enableMMS, supportOem=false
10-28 15:55:50.748  1235  2149 D ConnectivityService: ignoring stopUsingNetworkFeature - not a live request
10-28 15:57:24.740  1235  1243 D StatusBarPolicy: ERI alert sound is disabled.
10-28 16:04:08.740  1235  1235 D ConnectivityService: stopUsingNetworkFeature for net 0: enableMMS, supportOem=false
10-28 16:04:08.740  1235  1235 D ConnectivityService: ignoring stopUsingNetworkFeature - not a live request
10-28 16:10:41.760  1235  1243 V DeviceStorageMonitorService: freeMemory=6643916800
10-28 16:10:41.760  1235  1243 V DeviceStorageMonitorService: Threshold Percentage=10
10-28 16:10:41.760  1235  1243 V DeviceStorageMonitorService: mTotalMemory = 70264913
10-28 16:10:41.760  1235  1243 I DeviceStorageMonitorService: Posting Message again
10-28 16:16:27.897  1235  1243 D WifiService: ACTION_SCREEN_ON -- Checked by Moto
10-28 16:16:32.889  1235  1487 W InputManagerService: Window already focused, ignoring focus gain of: com.android.internal.view.IInputMethodClient$Stub$Proxy@45cf2e78
10-28 16:16:39.573  1235  1243 I ActivityManager: Starting activity: Intent { act=android.intent.action.PROVIDER_CHANGED cat=[wyantb@gmail.com] dat=content://gmail-ls/unread/^i flg=0x4000000 cmp=com.google.android.gm/.ConversationListActivity bnds=[0,152][480,248] (has extras) }
10-28 16:16:39.573  1235  1243 W ActivityManager: startActivity called from non-Activity context; forcing Intent.FLAG_ACTIVITY_NEW_TASK for: Intent { act=android.intent.action.PROVIDER_CHANGED cat=[wyantb@gmail.com] dat=content://gmail-ls/unread/^i flg=0x4000000 cmp=com.google.android.gm/.ConversationListActivity bnds=[0,152][480,248] (has extras) }
10-28 16:16:39.738  1235  1454 I ActivityManager: Starting activity: Intent { cmp=com.google.android.gm/.HtmlConversationActivity (has extras) }
10-28 16:16:44.948  1235  1260 I ActivityManager: Starting activity: Intent { act=android.intent.action.MAIN cat=[android.intent.category.HOME] flg=0x10200000 cmp=com.motorola.blur.home/.HomeActivity }
10-28 16:16:44.964  1235  1243 I InputManagerService: received close system dialog event
10-28 16:16:45.105  1235  2149 W InputManagerService: Ignoring hideSoftInput of: com.android.internal.view.IInputMethodClient$Stub$Proxy@45d994a8
10-28 16:16:45.175  1235  1239 W InputManagerService: Starting input on non-focused client com.android.internal.view.IInputMethodClient$Stub$Proxy@45a15960 (uid=10078 pid=1740)
10-28 16:16:46.417  1235  1243 D StatusBar: DISABLE_EXPAND: yes
10-28 16:16:46.417  1235  1243 I InputManagerService: received close system dialog event
10-28 16:20:44.240  1235  1243 V DeviceStorageMonitorService: freeMemory=6643916800
10-28 16:20:44.240  1235  1243 V DeviceStorageMonitorService: Threshold Percentage=10
10-28 16:20:44.240  1235  1243 V DeviceStorageMonitorService: mTotalMemory = 70264913
10-28 16:20:44.240  1235  1243 I DeviceStorageMonitorService: Posting Message again
10-28 16:22:03.826  1235  1243 D WifiService: ACTION_SCREEN_ON -- Checked by Moto
10-28 16:22:05.537  1235  1889 W InputManagerService: Window already focused, ignoring focus gain of: com.android.internal.view.IInputMethodClient$Stub$Proxy@45a3f258
10-28 16:22:08.061  1235  1243 I ActivityManager: Starting activity: Intent { act=android.intent.action.PROVIDER_CHANGED cat=[wyantb@gmail.com] dat=content://gmail-ls/unread/^i flg=0x4000000 cmp=com.google.android.gm/.ConversationListActivity bnds=[0,152][480,248] (has extras) }
10-28 16:22:08.068  1235  1243 W ActivityManager: startActivity called from non-Activity context; forcing Intent.FLAG_ACTIVITY_NEW_TASK for: Intent { act=android.intent.action.PROVIDER_CHANGED cat=[wyantb@gmail.com] dat=content://gmail-ls/unread/^i flg=0x4000000 cmp=com.google.android.gm/.ConversationListActivity bnds=[0,152][480,248] (has extras) }
10-28 16:22:08.248  1235  1239 I ActivityManager: Starting activity: Intent { cmp=com.google.android.gm/.HtmlConversationActivity (has extras) }
10-28 16:22:15.303  1235  1243 I InputManagerService: received close system dialog event
10-28 16:22:15.318  1235  1260 I ActivityManager: Starting activity: Intent { act=android.intent.action.MAIN cat=[android.intent.category.HOME] flg=0x10200000 cmp=com.motorola.blur.home/.HomeActivity }
10-28 16:22:15.436  1235  1344 W InputManagerService: Ignoring hideSoftInput of: com.android.internal.view.IInputMethodClient$Stub$Proxy@45cc5918
10-28 16:22:15.576  1235  1491 W InputManagerService: Starting input on non-focused client com.android.internal.view.IInputMethodClient$Stub$Proxy@45a15960 (uid=10078 pid=1740)
10-28 16:22:16.701  1235  1243 D StatusBar: DISABLE_EXPAND: yes
10-28 16:22:16.709  1235  1243 I InputManagerService: received close system dialog event
10-28 16:25:25.576  1235  1243 D StatusBarPolicy: handleBatteryUpdate
10-28 16:25:26.022  1235  2033 I ActivityManager: Process com.motorola.android.datamanager (pid 1734) has died.
10-28 16:25:26.022  1235  2033 W ActivityManager: Scheduling restart of crashed service com.motorola.android.datamanager/.DataManagerService in 5000ms
10-28 16:25:26.029  1235  2033 I UsageStats: Something wrong here, didn't expect com.motorola.blur.home to be paused
10-28 16:26:54.623  1235  1243 V DeviceStorageMonitorService: freeMemory=6643912704
10-28 16:26:54.623  1235  1243 V DeviceStorageMonitorService: Threshold Percentage=10
10-28 16:26:54.623  1235  1243 V DeviceStorageMonitorService: mTotalMemory = 70264913
10-28 16:26:54.623  1235  1243 I DeviceStorageMonitorService: Posting Message again
10-28 16:32:52.920  1235  1245 I ActivityManager: Start proc com.motorola.android.datamanager for service com.motorola.android.datamanager/.DataManagerService: pid=5759 uid=10090 gids={}
10-28 16:33:04.795  1235  1280 V BackupManagerService: Backup requested but nothing pending
10-28 16:52:34.068  1235  1243 V DeviceStorageMonitorService: freeMemory=6643896320
10-28 16:52:34.068  1235  1243 V DeviceStorageMonitorService: Threshold Percentage=10
10-28 16:52:34.068  1235  1243 V DeviceStorageMonitorService: mTotalMemory = 70264913
10-28 16:52:34.068  1235  1243 I DeviceStorageMonitorService: Posting Message again
10-28 16:53:42.178  1235  1243 V DeviceStorageMonitorService: freeMemory=6643896320
10-28 16:53:42.178  1235  1243 V DeviceStorageMonitorService: Threshold Percentage=10
10-28 16:53:42.178  1235  1243 V DeviceStorageMonitorService: mTotalMemory = 70264913
10-28 16:53:42.178  1235  1243 I DeviceStorageMonitorService: Posting Message again
10-28 16:54:42.256  1235  1243 V DeviceStorageMonitorService: freeMemory=6643871744
10-28 16:54:42.256  1235  1243 V DeviceStorageMonitorService: Threshold Percentage=10
10-28 16:54:42.256  1235  1243 V DeviceStorageMonitorService: mTotalMemory = 70264913
10-28 16:54:42.256  1235  1243 I DeviceStorageMonitorService: Posting Message again
10-28 16:55:48.607  1235  1243 D StatusBarPolicy: handleBatteryUpdate
10-28 17:09:57.912  1235  1255 I UsageStats: Unexpected resume of com.motorola.blur.home while already resumed in com.motorola.blur.home
10-28 17:09:57.951  1235  1243 D WifiService: ACTION_SCREEN_ON -- Checked by Moto
10-28 17:10:02.209  1235  2149 W InputManagerService: Window already focused, ignoring focus gain of: com.android.internal.view.IInputMethodClient$Stub$Proxy@45cfb920
10-28 17:10:04.287  1235  1243 I ActivityManager: Starting activity: Intent { act=android.intent.action.PROVIDER_CHANGED cat=[wyantb@gmail.com] dat=content://gmail-ls/unread/^i flg=0x4000000 cmp=com.google.android.gm/.ConversationListActivity bnds=[0,152][480,248] (has extras) }
10-28 17:10:04.287  1235  1243 W ActivityManager: startActivity called from non-Activity context; forcing Intent.FLAG_ACTIVITY_NEW_TASK for: Intent { act=android.intent.action.PROVIDER_CHANGED cat=[wyantb@gmail.com] dat=content://gmail-ls/unread/^i flg=0x4000000 cmp=com.google.android.gm/.ConversationListActivity bnds=[0,152][480,248] (has extras) }
10-28 17:10:04.490  1235  1889 I ActivityManager: Starting activity: Intent { cmp=com.google.android.gm/.HtmlConversationActivity (has extras) }
10-28 17:10:05.365  1235  1243 I InputManagerService: received close system dialog event
10-28 17:10:05.365  1235  1260 I ActivityManager: Starting activity: Intent { act=android.intent.action.MAIN cat=[android.intent.category.HOME] flg=0x10200000 cmp=com.motorola.blur.home/.HomeActivity }
10-28 17:10:05.866  1235  1245 W ActivityManager: Activity pause timeout for HistoryRecord{45b96c98 com.google.android.gm/.HtmlConversationActivity}
10-28 17:10:05.896  1235  1490 W InputManagerService: Ignoring hideSoftInput of: com.android.internal.view.IInputMethodClient$Stub$Proxy@45bcf330
10-28 17:10:06.186  1235  2089 W InputManagerService: Starting input on non-focused client com.android.internal.view.IInputMethodClient$Stub$Proxy@45a15960 (uid=10078 pid=1740)
10-28 17:10:06.717  1235  1243 D StatusBar: DISABLE_EXPAND: yes
10-28 17:10:06.725  1235  1243 I InputManagerService: received close system dialog event
10-28 17:10:16.818  1235  1243 V DeviceStorageMonitorService: freeMemory=6643855360
10-28 17:10:16.818  1235  1243 V DeviceStorageMonitorService: Threshold Percentage=10
10-28 17:10:16.818  1235  1243 V DeviceStorageMonitorService: mTotalMemory = 70264913
10-28 17:10:16.818  1235  1243 I DeviceStorageMonitorService: Posting Message again
10-28 17:18:01.623  1235  1243 D StatusBarPolicy: ERI alert sound is disabled.
10-28 17:19:46.686  1235  1243 D StatusBarPolicy: ERI alert sound is disabled.
10-28 17:28:42.873  1235  1235 D ConnectivityService: stopUsingNetworkFeature for net 0: enableMMS, supportOem=false
10-28 17:28:42.873  1235  1235 D ConnectivityService: ignoring stopUsingNetworkFeature - not a live request
10-28 17:29:40.795  1235  1243 V DeviceStorageMonitorService: freeMemory=6643847168
10-28 17:29:40.795  1235  1243 V DeviceStorageMonitorService: Threshold Percentage=10
10-28 17:29:40.795  1235  1243 V DeviceStorageMonitorService: mTotalMemory = 70264913
10-28 17:29:40.795  1235  1243 I DeviceStorageMonitorService: Posting Message again
10-28 17:34:14.467  1235  1280 V BackupManagerService: Backup requested but nothing pending
10-28 17:50:32.615  1235  1243 D StatusBarPolicy: ERI alert sound is disabled.
10-28 17:52:18.725  1235  1243 D StatusBarPolicy: ERI alert sound is disabled.
10-28 17:53:18.436  1235  2089 D ConnectivityService: stopUsingNetworkFeature for net 0: enableMMS, supportOem=false
10-28 17:53:18.436  1235  2089 D ConnectivityService: ignoring stopUsingNetworkFeature - not a live request
10-28 17:53:53.615  1235  1243 V DeviceStorageMonitorService: freeMemory=6643838976
10-28 17:53:53.615  1235  1243 V DeviceStorageMonitorService: Threshold Percentage=10
10-28 17:53:53.615  1235  1243 V DeviceStorageMonitorService: mTotalMemory = 70264913
10-28 17:53:53.615  1235  1243 I DeviceStorageMonitorService: Posting Message again
10-28 17:54:34.709  1235  1243 D StatusBarPolicy: handleBatteryUpdate
10-28 17:54:50.629  1235  1243 D StatusBarPolicy: handleBatteryUpdate
10-28 17:54:50.660  1235  1243 D WifiService: ACTION_SCREEN_ON -- Checked by Moto
10-28 17:54:51.738  1235  1243 I StorageNotification: UMS connection changed to true (media state mounted)
10-28 17:54:51.785  1235  1243 D StatusBarPolicy: handleBatteryUpdate
10-28 17:54:51.800  1235  1243 D StatusBarPolicy: handleBatteryUpdate
10-28 17:54:52.207  1126  1227 D VoldCmdListener: volume shared /mnt/sdcard ums
10-28 17:54:52.293  1126  1227 D VoldCmdListener: asec list
10-28 17:54:52.644  1126  1227 D VoldCmdListener: storage users /mnt/sdcard
10-28 17:54:53.183  1126  1227 D VoldCmdListener: volume unmount /mnt/sdcard force
10-28 17:54:53.183  1126  1227 D Vold    : Volume sdcard state changing 4 (Mounted) -> 5 (Unmounting)
10-28 17:54:54.200  1126  1227 I Vold    : /mnt/secure/staging/.android_secure sucessfully unmounted
10-28 17:54:54.200  1126  1227 I Vold    : /mnt/secure/asec sucessfully unmounted
10-28 17:54:54.215  1126  1227 I Vold    : /mnt/secure/staging sucessfully unmounted
10-28 17:54:54.215  1126  1227 I Vold    : /mnt/sdcard unmounted sucessfully
10-28 17:54:54.215  1126  1227 D Vold    : Volume sdcard state changing 5 (Unmounting) -> 1 (Idle-Unmounted)
10-28 17:54:54.222  1126  1227 D VoldCmdListener: volume share /mnt/sdcard ums
10-28 17:54:54.222  1126  1227 D Vold    : Volume sdcard state changing 1 (Idle-Unmounted) -> 7 (Shared-Unmounted)
10-28 17:54:54.230  1235  1243 I StorageNotification: Media {/mnt/sdcard} state changed from {mounted} -> {unmounted}
10-28 17:54:54.270  1126  1227 D VoldCmdListener: volume shared /mnt/sdcard ums
10-28 17:54:54.270  1235  1243 V DeviceStorageMonitorService: freeMemory=6643830784
10-28 17:54:54.270  1235  1243 V DeviceStorageMonitorService: Threshold Percentage=10
10-28 17:54:54.270  1235  1243 V DeviceStorageMonitorService: mTotalMemory = 70264913
10-28 17:54:54.270  1235  1243 I DeviceStorageMonitorService: Posting Message again
10-28 17:54:54.270  1235  1243 I StorageNotification: Media {/mnt/sdcard} state changed from {unmounted} -> {shared}
10-28 17:55:54.269  1235  1243 V DeviceStorageMonitorService: freeMemory=6643838976
10-28 17:55:54.269  1235  1243 V DeviceStorageMonitorService: Threshold Percentage=10
10-28 17:55:54.269  1235  1243 V DeviceStorageMonitorService: mTotalMemory = 70264913
10-28 17:55:54.269  1235  1243 I DeviceStorageMonitorService: Posting Message again
10-28 17:56:21.300  1235  1243 D StatusBarPolicy: handleBatteryUpdate
10-28 17:56:54.275  1235  1243 V DeviceStorageMonitorService: freeMemory=6643838976
10-28 17:56:54.275  1235  1243 V DeviceStorageMonitorService: Threshold Percentage=10
10-28 17:56:54.275  1235  1243 V DeviceStorageMonitorService: mTotalMemory = 70264913
10-28 17:56:54.275  1235  1243 I DeviceStorageMonitorService: Posting Message again
10-28 17:57:13.597  1235  2089 I ActivityManager: Process com.motorola.android.dm.service (pid 1644) has died.
10-28 17:57:54.277  1235  1243 V DeviceStorageMonitorService: freeMemory=6643777536
10-28 17:57:54.277  1235  1243 V DeviceStorageMonitorService: Threshold Percentage=10
10-28 17:57:54.277  1235  1243 V DeviceStorageMonitorService: mTotalMemory = 70264913
10-28 17:57:54.277  1235  1243 I DeviceStorageMonitorService: Posting Message again
10-28 17:58:49.660  1235  1454 W InputManagerService: Window already focused, ignoring focus gain of: com.android.internal.view.IInputMethodClient$Stub$Proxy@45ccd020
10-28 17:58:51.829  1235  1243 I StorageNotification: UMS connection changed to false (media state shared)
10-28 17:58:51.868  1235  5898 W MountService: Disabling UMS after cable disconnect
10-28 17:58:51.876  1126  1227 D VoldCmdListener: volume unshare /mnt/sdcard ums
10-28 17:58:51.876  1126  1227 D Vold    : Volume sdcard state changing 7 (Shared-Unmounted) -> 1 (Idle-Unmounted)
10-28 17:58:51.884  1126  1227 D VoldCmdListener: volume mount /mnt/sdcard
10-28 17:58:51.884  1126  1227 I Vold    : /dev/block/vold/179:1 being considered for volume sdcard
10-28 17:58:51.884  1126  1227 D Vold    : Volume sdcard state changing 1 (Idle-Unmounted) -> 3 (Checking)
10-28 17:58:51.907  1235  1243 I StorageNotification: Media {/mnt/sdcard} state changed from {shared} -> {checking}
10-28 17:58:52.251  1235  1243 D StatusBarPolicy: handleBatteryUpdate
10-28 17:58:52.736  1235  1344 I ActivityManager: Starting activity: Intent { act=android.intent.action.MAIN cat=[android.intent.category.LAUNCHER] flg=0x10200000 cmp=com.snakefish.visms/.ConversationsActivity }
10-28 17:58:53.275  1235  1492 W InputManagerService: Starting input on non-focused client com.android.internal.view.IInputMethodClient$Stub$Proxy@45bac1d0 (uid=10005 pid=1340)
10-28 17:58:53.392  1235  1243 V DeviceStorageMonitorService: freeMemory=6643777536
10-28 17:58:53.392  1235  1243 V DeviceStorageMonitorService: Threshold Percentage=10
10-28 17:58:53.392  1235  1243 V DeviceStorageMonitorService: mTotalMemory = 70264913
10-28 17:58:53.392  1235  1243 I DeviceStorageMonitorService: Posting Message again
10-28 17:58:54.173  1235  1889 I ActivityManager: Process com.motorola.usb (pid 1671) has died.
10-28 17:58:54.173  1235  1889 W ActivityManager: Scheduling restart of crashed service com.motorola.usb/.UsbService in 5000ms
10-28 17:58:54.259  1235  1235 I ActivityManager: Process com.android.bluetooth (pid 1688) has died.
10-28 17:58:54.290  1235  2149 I ActivityManager: Process com.motorola.cmas (pid 1726) has died.
10-28 17:58:54.368  1235  1491 I ActivityManager: Starting activity: Intent { cmp=com.snakefish.visms/.MainChatWindow (has extras) }
10-28 17:58:54.540  1235  1488 I ActivityManager: Process com.stumbleupon.android.app:remote (pid 1777) has died.
10-28 17:58:54.571  1235  1344 I ActivityManager: Process com.akproduction.notepad (pid 1757) has died.
10-28 17:58:54.712  1235  1347 I ActivityManager: Process com.motorola.android.buacontactadapter (pid 1706) has died.
10-28 17:58:54.712  1235  1347 W ActivityManager: Scheduling restart of crashed service com.motorola.android.buacontactadapter/.AuthenticationService in 14459ms
10-28 17:58:54.767  1235  2149 I ActivityManager: Process com.akproduction.notepad:initializeReminders (pid 1749) has died.
10-28 17:58:54.993  1235  1344 I ActivityManager: Process com.motorola.vclipboard (pid 1505) has died.
10-28 17:58:55.056  1235  1487 I ActivityManager: Process com.rechild.advancedtaskkiller (pid 1786) has died.
10-28 17:58:55.134  1235  1454 I ActivityManager: Process com.google.android.talk (pid 2251) has died.
10-28 17:58:55.142  1235  2089 I WindowManager: WIN DEATH: Window{45d4cce0 com.google.android.talk/com.google.android.talk.ChatScreen paused=false}
10-28 17:58:55.298  1235  1487 I ActivityManager: Process com.motorola.atcmd (pid 3316) has died.
10-28 17:58:55.978  1235  2149 I ActivityManager: Process com.motorola.mediasync (pid 3319) has died.
10-28 17:58:56.861  1235  1490 I ActivityManager: Starting activity: Intent { cmp=com.snakefish.visms/.MainChatWindow (has extras) }
10-28 17:58:57.681  1235  1344 I ActivityManager: Starting activity: Intent { cmp=com.snakefish.visms/.TextActivity (has extras) }
10-28 17:58:59.165  1126  1227 I Vold    : Filesystem check completed OK
10-28 17:58:59.189  1235  1245 I ActivityManager: Start proc com.motorola.usb for service com.motorola.usb/.UsbService: pid=5910 uid=10058 gids={}
10-28 17:58:59.196  1126  1227 I Vold    : Device /dev/block/vold/179:1, target /mnt/sdcard mounted @ /mnt/secure/staging
10-28 17:58:59.196  1126  1227 D Vold    : Volume sdcard state changing 3 (Checking) -> 4 (Mounted)
10-28 17:58:59.204  1235  1243 I StorageNotification: Media {/mnt/sdcard} state changed from {checking} -> {mounted}
10-28 17:58:59.400  1126  1227 D VoldCmdListener: asec list
10-28 17:58:59.540  1235  1249 W PackageManager: Not granting permission android.permission.BIND_INPUT_METHOD to package com.arcsoft.photoworkshop (protectionLevel=2 flags=0xbe45)
10-28 17:58:59.571  1235  1249 W PackageManager: Unknown permission com.google.android.providers.gmail.permission.READ_GMAIL in package com.motorola.batterymanager
10-28 17:58:59.571  1235  1249 W PackageManager: Unknown permission android.permission.ADD_SYSTEM_SERVICE in package com.motorola.hiddenmenu
10-28 17:58:59.571  1235  1249 W PackageManager: Not granting permission android.permission.SEND_DOWNLOAD_COMPLETED_INTENTS to package com.android.browser (protectionLevel=2 flags=0x1be45)
10-28 17:58:59.571  1235  1249 W PackageManager: Not granting permission android.permission.SET_PREFERRED_APPLICATIONS to package com.android.browser (protectionLevel=2 flags=0x1be45)
10-28 17:58:59.571  1235  1249 W PackageManager: Unknown permission com.android.email.permission.ACCESS_PROVIDER in package com.motorola.android.provisioning
10-28 17:58:59.571  1235  1249 W PackageManager: Unknown permission com.motorola.permission.WRITE_EMAILS_SETTINGS in package com.motorola.android.provisioning
10-28 17:58:59.571  1235  1249 W PackageManager: Unknown permission com.motorola.permission.READ_EMAILS_SETTINGS in package com.motorola.android.provisioning
10-28 17:58:59.579  1235  1249 W PackageManager: Unknown permission android.permission.ADD_SYSTEM_SERVICE in package com.motorola.mynet
10-28 17:58:59.579  1235  1249 W PackageManager: Unknown permission android.permission.READ_SETTINGS in package com.motorola.mynet
10-28 17:58:59.579  1235  1249 W PackageManager: Unknown permission android.permission.ACCESS_DOWNLOAD_DATA in package com.motorola.android.omadownload
10-28 17:58:59.587  1235  1249 W PackageManager: Unknown permission android.permission.BLUETOOTH_PERM in package com.nuance.android.vsuite.vsuiteapp
10-28 17:58:59.587  1235  1249 W PackageManager: Unknown permission com.android.providers.im.permission.READ_ONLY in package com.google.android.apps.maps
10-28 17:58:59.587  1235  1249 W PackageManager: Unknown permission android.permission.BACKUP_DATA in package com.android.providers.settings
10-28 17:58:59.587  1235  1249 W PackageManager: Unknown permission mobi.mgeek.TunnyBrowser.permission.READ_HISTORY_BOOKMARKS in package mobi.mgeek.TunnyBrowser
10-28 17:58:59.587  1235  1249 W PackageManager: Unknown permission mobi.mgeek.TunnyBrowser.permission.WRITE_HISTORY_BOOKMARKS in package mobi.mgeek.TunnyBrowser
10-28 17:58:59.587  1235  1249 W PackageManager: Not granting permission android.permission.SET_PREFERRED_APPLICATIONS to package mobi.mgeek.TunnyBrowser (protectionLevel=2 flags=0xbe46)
10-28 17:58:59.595  1235  1249 W PackageManager: Not granting permission android.permission.ACCESS_CHECKIN_PROPERTIES to package com.google.android.apps.googlevoice (protectionLevel=3 flags=0xbe44)
10-28 17:58:59.595  1235  1249 W PackageManager: Unknown permission com.google.android.apps.googlevoice.REMOTE_INTENT in package com.google.android.apps.googlevoice
10-28 17:58:59.595  1235  1249 W PackageManager: Unknown permission com.google.android.permission.RECEIVE_DATA_MESSAGE in package com.google.android.apps.googlevoice
10-28 17:58:59.595  1235  1249 W PackageManager: Unknown permission com.google.android.permission.SEND_DATA_MESSAGE in package com.google.android.apps.googlevoice
10-28 17:58:59.595  1235  1249 W PackageManager: Unknown permission android.permission.WRITE_SDCARD in package com.motorola.mediasync
10-28 17:58:59.595  1235  1249 W PackageManager: Unknown permission com.motorola.android.permission.MOT_USB in package com.motorola.mediashare
10-28 17:58:59.595  1235  1249 W PackageManager: Unknown permission android.permission.BACKUP_DATA in package com.android.inputmethod.latin
10-28 17:58:59.595  1235  1249 W PackageManager: Unknown permission com.google.android.providers.gmail.permission.WRITE_GMAIL in package com.qo.android.moto
10-28 17:58:59.595  1235  1249 W PackageManager: Unknown permission com.google.android.providers.gmail.permission.READ_GMAIL in package com.qo.android.moto
10-28 17:58:59.595  1235  1249 W PackageManager: Unknown permission com.android.email.permission.ACCESS_PROVIDER in package com.qo.android.moto
10-28 17:58:59.603  1235  1249 W PackageManager: Unknown permission android.permission.READ_VVM in package com.motorola.vvm
10-28 17:58:59.603  1235  1249 W PackageManager: Unknown permission android.permission.WRITE_VVM in package com.motorola.vvm
10-28 17:58:59.603  1235  1249 W PackageManager: Not granting permission com.motorola.blur.contacts.permission.SOCIAL_CONTACT_WRITE to package com.motorola.vvm (protectionLevel=2 flags=0xbe45)
10-28 17:58:59.603  1235  1249 W PackageManager: Not granting permission com.motorola.blur.contacts.permission.SOCIAL_CONTACT_READ to package com.motorola.vvm (protectionLevel=2 flags=0xbe45)
10-28 17:58:59.603  1235  1249 W PackageManager: Unknown permission android.permission.WRITE_SDCARD in package com.arcsoft.videoeditorlite
10-28 17:58:59.603  1235  1249 W PackageManager: Unknown permission android.permission.READ_SETTINGS in package com.motorola.vclipboard
10-28 17:58:59.603  1235  1249 W PackageManager: Unknown permission com.android.email.permission.ACCESS_PROVIDER in package com.motorola.android.dm.service
10-28 17:58:59.603  1235  1249 W PackageManager: Unknown permission com.motorola.permission.WRITE_EMAILS_SETTINGS in package com.motorola.android.dm.service
10-28 17:58:59.603  1235  1249 W PackageManager: Unknown permission com.motorola.permission.READ_EMAILS_SETTINGS in package com.motorola.android.dm.service
10-28 17:58:59.603  1235  1249 W PackageManager: Not granting permission android.permission.SEND_DOWNLOAD_COMPLETED_INTENTS to package com.motorola.Blockbuster (protectionLevel=2 flags=0xbe45)
10-28 17:58:59.603  1235  1249 W PackageManager: Unknown permission android.permission.LOCATION in package com.motorola.Blockbuster
10-28 17:58:59.603  1235  1249 W PackageManager: Unknown permission com.android.email.permission.READ_ATTACHMENT in package com.google.android.apps.uploader
10-28 17:58:59.603  1235  1249 W PackageManager: Not granting permission android.permission.SEND_DOWNLOAD_COMPLETED_INTENTS to package com.android.vending (protectionLevel=2 flags=0x2be05)
10-28 17:58:59.611  1235  1249 W PackageManager: Unknown permission android.permission.RECEIVE_BOOT_COMP in package org.dayup.gtask
10-28 17:59:06.907  1235  1344 I ActivityManager: Starting activity: Intent { cmp=com.snakefish.visms/.MainChatWindow (has extras) }
10-28 17:59:09.189  1235  1245 I ActivityManager: Start proc com.motorola.android.buacontactadapter for service com.motorola.android.buacontactadapter/.AuthenticationService: pid=5921 uid=10005 gids={3002, 3001, 3003, 1015}
10-28 17:59:12.329  1235  1491 W InputManagerService: Starting input on non-focused client com.android.internal.view.IInputMethodClient$Stub$Proxy@45a05068 (uid=10114 pid=4902)
10-28 17:59:16.298  1235  2033 W InputManagerService: Window already focused, ignoring focus gain of: com.android.internal.view.IInputMethodClient$Stub$Proxy@45ea0300
10-28 17:59:20.923  1235  2033 I ActivityManager: Starting activity: Intent { act=android.settings.SETTINGS flg=0x10200000 cmp=com.android.settings/.Settings }
10-28 17:59:21.126  1235  1890 I ActivityManager: Start proc com.android.settings for activity com.android.settings/.Settings: pid=5930 uid=1000 gids={3003, 3002, 3001, 1015, 2001}
10-28 17:59:21.173  1235  1240 W InputManagerService: Window already focused, ignoring focus gain of: com.android.internal.view.IInputMethodClient$Stub$Proxy@45c228d8
10-28 17:59:23.462  1235  1890 I ActivityManager: Starting activity: Intent { act=android.intent.action.MAIN cmp=com.android.settings/.ApplicationSettings }
10-28 17:59:25.329  1235  1890 I ActivityManager: Starting activity: Intent { act=android.intent.action.MAIN cmp=com.android.settings/.ManageApplications }
10-28 17:59:43.751  1235  1488 W InputManagerService: Starting input on non-focused client com.android.internal.view.IInputMethodClient$Stub$Proxy@45e42f50 (uid=1000 pid=5930)
10-28 17:59:47.493  1235  1344 I ActivityManager: Starting activity: Intent { act=android.intent.action.MAIN cat=[android.intent.category.LAUNCHER] flg=0x10200000 cmp=com.snakefish.visms/.ConversationsActivity }
10-28 17:59:47.923  1235  1240 W InputManagerService: Starting input on non-focused client com.android.internal.view.IInputMethodClient$Stub$Proxy@45bac1d0 (uid=10005 pid=1340)
10-28 17:59:49.236  1235  1490 W InputManagerService: Starting input on non-focused client com.android.internal.view.IInputMethodClient$Stub$Proxy@45a05068 (uid=10114 pid=4902)
10-28 17:59:51.579  1235  1487 I ActivityManager: Starting activity: Intent { act=android.settings.SETTINGS flg=0x10200000 cmp=com.android.settings/.Settings }
10-28 17:59:53.392  1235  1243 V DeviceStorageMonitorService: freeMemory=6643834880
10-28 17:59:53.392  1235  1243 V DeviceStorageMonitorService: Threshold Percentage=10
10-28 17:59:53.392  1235  1243 V DeviceStorageMonitorService: mTotalMemory = 70264913
10-28 17:59:53.392  1235  1243 I DeviceStorageMonitorService: Posting Message again
10-28 17:59:54.017  1235  2033 I ActivityManager: Starting activity: Intent { act=android.intent.action.MAIN cmp=com.android.settings/.ApplicationSettings }
10-28 17:59:55.712  1235  2033 I ActivityManager: Starting activity: Intent { act=android.intent.action.MAIN cmp=com.android.settings/.ManageApplications }
10-28 17:59:59.322  1235  1344 I ActivityManager: Starting activity: Intent { act=android.intent.action.VIEW cmp=com.android.settings/.InstalledAppDetails (has extras) }
10-28 18:00:00.634  1235  1344 I ActivityManager: Starting activity: Intent { act=android.intent.action.DELETE dat=package:com.snakefish.visms cmp=com.android.packageinstaller/.UninstallerActivity }
