10-29 14:10:46.659  2718  2718 E GlobalUnplugService: plugged = true,mBatteryPlugged=true
10-29 14:10:46.659  1235  1243 D StatusBarPolicy: handleBatteryUpdate
10-29 14:10:46.659  1235  1243 D WifiService: ACTION_BATTERY_CHANGED pluggedType: 2
10-29 14:11:00.011  1235  1243 D KeyguardUpdateMonitor: received broadcast android.intent.action.TIME_TICK
10-29 14:11:00.011  1235  1259 D KeyguardUpdateMonitor: handleTimeUpdate
10-29 14:11:11.628  1235  1243 V DeviceStorageMonitorService: freeMemory=6643478528
10-29 14:11:11.628  1235  1243 V DeviceStorageMonitorService: Threshold Percentage=10
10-29 14:11:11.628  1235  1243 V DeviceStorageMonitorService: mTotalMemory = 70264913
10-29 14:11:11.628  1235  1243 I DeviceStorageMonitorService: Posting Message again
10-29 14:11:20.230  1768  3692 I zomut.watchdog.monitor: init
10-29 14:11:20.245  1768  3692 I zomut.watchdog.monitor: begin
10-29 14:11:20.284  1768  3692 D dalvikvm: GC_FOR_MALLOC freed 6133 objects / 531928 bytes in 31ms
10-29 14:11:20.339  1768  3692 D dalvikvm: GC_FOR_MALLOC freed 2595 objects / 418152 bytes in 30ms
10-29 14:11:20.402  1768  3692 D dalvikvm: GC_FOR_MALLOC freed 2400 objects / 403456 bytes in 30ms
10-29 14:11:20.480  1768  3692 I zomut.watchdog.monitor: end
10-29 14:11:30.042  1768  1768 D dalvikvm: GC_EXPLICIT freed 5887 objects / 510808 bytes in 74ms
10-29 14:11:39.886  1320  1320 V StorageMonRcvr: onReceive received intent: Intent { act=com.motorola.blur.service.blur.Actions.CHECK_STORAGE_USAGE flg=0x4 cmp=com.motorola.blur.service.storagemon/.StorageMonitorBroadcastReceiver (has extras) }
10-29 14:11:39.894  1320  1320 V StorageMonRcvr: onReceive() called start service on the StorageMonitorService: com.motorola.blur.service.storagemon.StorageMonitorService
10-29 14:11:39.902  1320  1320 V StorageMonSvc: onStart() called with startId=26, intent=Intent { act=com.motorola.blur.service.blur.Actions.CHECK_STORAGE_USAGE flg=0x4 cmp=com.motorola.blur.service.storagemon/.StorageMonitorService (has extras) }
10-29 14:11:39.964  1320  1939 I StorageMonSvc: run() starting with intent: Intent { act=com.motorola.blur.service.blur.Actions.CHECK_STORAGE_USAGE flg=0x4 cmp=com.motorola.blur.service.storagemon/.StorageMonitorService (has extras) }
10-29 14:11:39.964  1320  1939 V StorageMonSvc: run() running storage check on all packages...
10-29 14:11:39.964  1320  1939 V StorageMon: getFilesystemFreeBlocks() totalBlockCount=1715452, blockSize=4096, freeBlocks=1621943
10-29 14:11:39.964  1320  1939 V StorageMonSvc: checkStorageUsage() no packageName specified.  Running for all packages
10-29 14:11:39.964  1320  1939 V StorageMon: checkStorageUsage() starting for package: com.motorola.blur.service.email
10-29 14:11:39.964  1320  1939 V StorageMon: checkStorageUsage() using package manager to retrive package size for com.motorola.blur.service.email
10-29 14:11:39.972  1320  1939 V StorageMon: checkStorageUsage() found package stats for package: com.motorola.blur.service.email, cacheSize=0, codeSize=0, dataSize=61440, describeContents=0
10-29 14:11:39.972  1320  1939 V StorageMonSvc: checkStatus() monitor=com.motorola.blur.service.storagemon.StorageMonitor(com.motorola.blur.service.email,vnd.motorola.blur.ageable/vnd.motorola.blur.email,0,0), status=STORAGE_OK
10-29 14:11:39.972  1320  1939 V StorageMon: checkStorageUsage() starting for package: com.motorola.blur.news
10-29 14:11:39.980  1320  1939 V StorageMon: checkStorageUsage() using package manager to retrive package size for com.motorola.blur.news
10-29 14:11:39.988  1320  1939 V StorageMon: checkStorageUsage() found package stats for package: com.motorola.blur.news, cacheSize=0, codeSize=0, dataSize=1171456, describeContents=0
10-29 14:11:39.988  1320  1939 V StorageMonSvc: checkStatus() monitor=com.motorola.blur.service.storagemon.StorageMonitor(com.motorola.blur.news,vnd.motorola.blur.ageable/vnd.motorola.blur.news,0,0), status=STORAGE_OK
10-29 14:11:40.066  1320  1939 I StorageMonSvc: run() scheduling the next check.  mCheckIntervalMillis=1200000
10-29 14:12:00.019  1235  1243 D KeyguardUpdateMonitor: received broadcast android.intent.action.TIME_TICK
10-29 14:12:00.019  1235  1259 D KeyguardUpdateMonitor: handleTimeUpdate
10-29 14:12:11.630  1235  1243 V DeviceStorageMonitorService: freeMemory=6643474432
10-29 14:12:11.630  1235  1243 V DeviceStorageMonitorService: Threshold Percentage=10
10-29 14:12:11.630  1235  1243 V DeviceStorageMonitorService: mTotalMemory = 70264913
10-29 14:12:11.630  1235  1243 I DeviceStorageMonitorService: Posting Message again
10-29 14:12:20.527  1768  3694 I zomut.watchdog.monitor: init
10-29 14:12:20.527  1768  3694 I zomut.watchdog.monitor: begin
10-29 14:12:20.589  1768  3694 D dalvikvm: GC_FOR_MALLOC freed 2706 objects / 423296 bytes in 30ms
10-29 14:12:20.659  1768  3694 D dalvikvm: GC_FOR_MALLOC freed 2443 objects / 406144 bytes in 32ms
10-29 14:12:20.738  1768  3694 I zomut.watchdog.monitor: end
10-29 14:12:23.331  1325  1325 D PollingManager: wake lock acquired
10-29 14:12:23.339  1325  1325 D PollingManager: decideWhoNeedsPolling(): polling EmailEngine
10-29 14:12:23.386  1325  1325 D PollingManager: wake lock released
10-29 14:12:23.394  1320  1941 V BlurEmailEngine: Acquired wake lock; count=1
10-29 14:12:23.409  1320  1941 V BlurEmailEngine: Total number of outstanding POLL requests: 0
10-29 14:12:23.409  1320  1941 V BlurEmailEngine: Released wake lock; count=0
10-29 14:12:28.566  1317  1397 I global  : Default buffer size used in BufferedOutputStream constructor. It would be better to be explicit if an 8k buffer is required.
10-29 14:12:28.573  1317  1317 D SMSDispatcher: New SMS Message Received
10-29 14:12:28.683  2846  2846 V sms     : received SMS is not '//F1' sms!
10-29 14:12:28.691  2829  2829 V SmsReceiver: beginStartingService - START
10-29 14:12:28.691  2829  2829 V SmsReceiver: beginStartingService - synchronized
10-29 14:12:28.691  2829  2829 V SmsReceiver: beginStartingService - Power waked lock request
10-29 14:12:28.691  2829  2829 V SmsReceiver: beginStartingService - Power waked lock done
10-29 14:12:28.691  2829  2829 V SmsReceiver: beginStartingService - Power waked lock acquire request
10-29 14:12:28.691  2829  2829 V SmsReceiver: beginStartingService - Power waked lock acquire done
10-29 14:12:28.691  2829  2829 V MessageUtils: MSG-THREAD START - startService, intent=Intent { act=android.provider.Telephony.SMS_RECEIVED cmp=com.motorola.blur.conversations/.transaction.SmsReceiverService (has extras) }
10-29 14:12:28.691  2829  2829 V SmsReceiver: beginStartingService - END
10-29 14:12:28.698  1235  2033 I ActivityManager: Start proc com.snakefish.visms for broadcast com.snakefish.visms/.SmsMessageReceiver: pid=3696 uid=10114 gids={}
10-29 14:12:28.722  2829  3695 V MessageUtils: MSG-THREAD END - startService
10-29 14:12:28.738  2829  2829 V SmsReceiverService: onCreate() - START
10-29 14:12:28.753  2829  2829 V SmsReceiverService: onCreate() - END
10-29 14:12:28.753  2829  2829 V SmsReceiverService: onStartCommand() - START, startId=1, intent=Intent { act=android.provider.Telephony.SMS_RECEIVED cmp=com.motorola.blur.conversations/.transaction.SmsReceiverService (has extras) }
10-29 14:12:28.753  2829  2829 V SmsReceiverService: onStartCommand() - END
10-29 14:12:28.761  2829  3700 V SmsReceiverService: Handling incoming message - START: { what=0 when=5680923 arg1=1 obj=Intent { act=android.provider.Telephony.SMS_RECEIVED cmp=com.motorola.blur.conversations/.transaction.SmsReceiverService (has extras) } }
10-29 14:12:28.761  2829  3700 V SmsReceiverService: handleSmsReceived() - START
10-29 14:12:28.808  1235  1240 I ActivityManager: Starting activity: Intent { flg=0x30000000 cmp=com.snakefish.visms/.IncomingMessage (has extras) }
10-29 14:12:28.823  2829  3700 V MessageUtils: MSG-TABLE - query START, uri=content://com.android.contacts/data, projection=(data1 data3 display_name contact_id contact_status ), selection=PHONE_NUMBERS_EQUAL(data1,?) AND mimetype='vnd.android.cursor.item/phone_v2', args=(5704000104 )
10-29 14:12:28.878  2799  2799 W WidgetAidService: BroadcastReceiver onReceive called
10-29 14:12:28.878  2799  2799 D WidgetAidService: ACTION_HOME_SCREEN_CHANGED - -1
10-29 14:12:28.941  2799  2799 D WidgetAidService: HomeScreen has lost focus, store the previous state and move to pause
10-29 14:12:28.948  2799  2799 D WidgetAidService: Ignoring the HOME_SCREEN_CHANGED notification as the player is either in paused/playing state
10-29 14:12:28.956  3696  3696 V SmsDbAdapter: Entering value with threadId = 0
10-29 14:12:28.995  2829  3700 V MessageUtils: MSG-TABLE - query END, counter=1, cursor=android.content.ContentResolver$CursorWrapperInner@459c9bd0, stack= <- log <- verbose <- query <- queryContactInfoByNumber <- getContactInfoForPhoneNumber
10-29 14:12:29.042  2829  3700 V MessageUtils: MSG-TABLE - close, counter=0, cursor=android.content.ContentResolver$CursorWrapperInner@459c9bd0, stack= <- log <- verbose <- closeCursor <- queryContactInfoByNumber <- getContactInfoForPhoneNumber
10-29 14:12:29.050  3696  3696 I TTS received: : New message received
10-29 14:12:29.050  1445  1449 V TtsService: TTS service received New message received
10-29 14:12:29.050  1445  1449 I TtsService: Stopping
10-29 14:12:29.050  1445  1449 I TtsService: Stopped
10-29 14:12:29.050  1445  1449 V TtsService: TTS processing: New message received
10-29 14:12:29.066  1445  3704 V TtsService: TtsService.setLanguage(eng, USA, )
10-29 14:12:29.073  1445  3704 I SVOX Pico Engine: Language already loaded (en-US == en-US)
10-29 14:12:29.097  1445  3704 I SynthProxy: setting speech rate to 100
10-29 14:12:29.097  1445  3704 I SynthProxy: setting pitch to 100
10-29 14:12:29.206  1135  1232 D AudioHardwareMot: AudioStreamOutMot::setParameters() routing=2
10-29 14:12:29.206  1135  1232 D AudioHardwareMot: set output routing 1
10-29 14:12:29.206  1135  1232 D AudioHardwareMot: doRouting called
10-29 14:12:29.206  1135  1232 D AudioHardwareMot: Stereo output exists; using 0x2
10-29 14:12:29.206  1135  1232 D AudioHardwareMot: Routing to speaker
10-29 14:12:29.206  1135  1232 D AudioHardwareMot: doRouting: setup input path
10-29 14:12:29.206  1135  1232 D AudioHardwareMot: doRouting: setup output path
10-29 14:12:29.215  1135  1232 D AudioHardwareMot: configPostProcessor() called with accy = 0
10-29 14:12:29.215  1135  1232 D AudioPostProcessor: configPostProcessing() called, inputAccy= 33, outputAccy= 0, sampleRate= 44100, ringtoneMode= 0
10-29 14:12:29.215  1135  1232 D AudioPostProcessor: updatePostProcessor calling SuperAPI parser with: accy=8 config=0 SE_level_index=1
10-29 14:12:29.215  1135  1232 D AudioPostProcessor: slider opened, coeffs device for handset =0
10-29 14:12:29.215  1135  1232 D AudioHardwareMot: Gain for Input accy = 0 is 1c1c
10-29 14:12:29.215  1135  1232 D AudioHardwareMot: Gain for Output accy = 0 is 11
10-29 14:12:29.215  1135  1232 D AudioHardwareMot: setVoiceVolume(0.428571) Setting in-call volume to 3 (available range is 0 to 7)
10-29 14:12:29.215  1135  1232 D AudioMgrRIL: setting volume, volume = 3
10-29 14:12:29.230  2829  3700 V MessageSettings: getAnonymousRecipientPrompt, result=50856042
10-29 14:12:29.238  1235  1257 I ActivityManager: Displayed activity com.snakefish.visms/.IncomingMessage: 388 ms (total 388 ms)
10-29 14:12:29.253  2829  3700 V Telephony: getOrCreateThreadId uri: content://mms-sms/threadID?recipient=5704000104
10-29 14:12:29.261  1135  1232 D AudioHardwareMot: AudioStreamOut::wake: disabling SRC
10-29 14:12:29.269  1135  1232 D AudioHardwareMot: Output 0xb668 exiting standby
10-29 14:12:29.316  2829  3700 V Telephony: getOrCreateThreadId cursor cnt: 1
10-29 14:12:29.363  1398  1398 D GoogleLoginService: onBind: Intent { act=android.accounts.AccountAuthenticator cmp=com.google.android.gsf/.loginservice.GoogleLoginService }
10-29 14:12:29.425  1317  1330 I dalvikvm: Jit: resizing JitTable from 8192 to 16384
10-29 14:12:29.581  2829  3700 V Recycler: deleteOldMessagesByThread this: com.motorola.blur.conversations.util.Recycler@459cf498 threadId: 9
10-29 14:12:29.589  2829  3700 V Recycler: deleteMessagesForThread
10-29 14:12:29.589  2829  3700 V MessageUtils: MSG-TABLE - query START, uri=content://mms-sms/sortedConversations/9, projection=(sort_index ), selection=null, args=
10-29 14:12:29.667  1317  1472 D dalvikvm: GC_FOR_MALLOC freed 12554 objects / 628248 bytes in 69ms
10-29 14:12:29.675  2829  3700 V MessageUtils: MSG-TABLE - query END, counter=1, cursor=android.content.ContentResolver$CursorWrapperInner@459f4158, stack= <- log <- verbose <- query <- deleteMessagesForThread <- deleteOldMessagesByThread
10-29 14:12:29.675  2829  3700 V Recycler: deleteMessagesForThread keep: 200 count: 21 numberToDelete: -179
10-29 14:12:29.683  2829  3700 V MessageUtils: MSG-TABLE - close, counter=0, cursor=android.content.ContentResolver$CursorWrapperInner@459f4158, stack= <- log <- verbose <- closeCursor <- deleteMessagesForThread <- deleteOldMessagesByThread
10-29 14:12:29.683  2829  3700 D SmsReceiverService: SMS-STATUS - SMS Received, messageUri: content://sms/96, errorCode: 0, address: 5704000104, body: Dooooooooooood.
10-29 14:12:29.698  2829  3700 V MessageUtils: MSG-TABLE - query START, uri=content://mms, projection=(thread_id date _id sub sub_cs ), selection=(msg_box=1 AND seen=0 AND (m_type=132)), args=
10-29 14:12:29.706  2829  3700 V MessageUtils: MSG-TABLE - query END, counter=1, cursor=android.content.ContentResolver$CursorWrapperInner@459ec400, stack= <- log <- verbose <- query <- getMmsNewMessageNotificationInfo <- updateNewMessageIndicator
10-29 14:12:29.706  2829  3700 V MessageUtils: MSG-TABLE - close, counter=0, cursor=android.content.ContentResolver$CursorWrapperInner@459ec400, stack= <- log <- verbose <- closeCursor <- getMmsNewMessageNotificationInfo <- updateNewMessageIndicator
10-29 14:12:29.714  2829  3700 V MessageUtils: MSG-TABLE - query START, uri=content://sms, projection=(thread_id date address subject body priority ), selection=(type = 1 AND seen = 0), args=
10-29 14:12:29.722  2829  3700 V MessageUtils: MSG-TABLE - query END, counter=1, cursor=android.content.ContentResolver$CursorWrapperInner@459efbc0, stack= <- log <- verbose <- query <- getSmsNewMessageNotificationInfo <- updateNewMessageIndicator
10-29 14:12:29.730  2829  3700 V Flex    : MSG-STATUS Checking flex sms_priority_enable. Value = true
10-29 14:12:29.738  2829  3700 D wubo    : a22417 in getContactName the address comin is :5704000104
10-29 14:12:29.745  2829  3700 D wubo    : a22417 in getContactName the TMConversationUtils.isMultiAddress(address) :false
10-29 14:12:29.769  2829  3700 D wubo    : case 1 a22417 in resolveSingleAddressToName the name  is :null
10-29 14:12:29.769  2829  3700 D wubo    : case 2 a22417 in resolveSingleAddressToName the name  is :null
10-29 14:12:29.870  2829  3700 D wubo    : a22417 in getContactName the address comin is :5704000104
10-29 14:12:29.870  2829  3700 D wubo    : a22417 in getContactName the TMConversationUtils.isMultiAddress(address) :false
10-29 14:12:29.878  2829  3700 D wubo    : case 1 a22417 in resolveSingleAddressToName the name  is :null
10-29 14:12:29.878  2829  3700 D wubo    : case 2 a22417 in resolveSingleAddressToName the name  is :null
10-29 14:12:29.956  2829  3700 V MessageUtils: MSG-TABLE - close, counter=0, cursor=android.content.ContentResolver$CursorWrapperInner@459efbc0, stack= <- log <- verbose <- closeCursor <- getSmsNewMessageNotificationInfo <- updateNewMessageIndicator
10-29 14:12:30.042  1320  2221 V BlurEmailEngine: EmailProvider.onInsert() content://com.motorola.blur.service.email.engine.EmailProvider/account_status/38
10-29 14:12:30.050  2829  3700 V AccountStatusHelpers:  updateStatus() - inserted new status row, values=notify_id=227755 type=2 account_id=-100 extra=1
10-29 14:12:30.222  2829  3700 D wubo    : a22417 in getContactName the address comin is :5704000104
10-29 14:12:30.230  2829  3700 D wubo    : a22417 in getContactName the TMConversationUtils.isMultiAddress(address) :false
10-29 14:12:30.230  1465  1465 D ChipWidgetProvider: Received intent Intent { act=com.motorola.blur.messaging.SMS_RECEIVED_ACTION dat=content://sms/96 cmp=com.motorola.blur.home.message/.MessageWidgetProvider (has extras) }
10-29 14:12:30.230  1465  1465 D ChipWidgetProvider: a22417 debug in chipwidgetprovider function updatewidget the pendingUpdates is :android.util.SparseIntArray@459eb0a0
10-29 14:12:30.261  2763  2763 D BlurNewMessageActionRec: received Intent { act=com.motorola.blur.messaging.SMS_RECEIVED_ACTION dat=content://sms/96 cmp=com.motorola.blur.contacts.data/.BlurNewMessageActionReceiver (has extras) }
10-29 14:12:30.284  2763  2763 D BlrMsgWatcherService: started with Intent { act=com.motorola.blur.MessageWatcher.ACTION_MESSAGES_AVAILABLE (has extras) }
10-29 14:12:30.284  2763  2763 D BlrMsgWatcherService: Going to sleep ...zzz
10-29 14:12:30.284  2829  3700 D wubo    : case 1 a22417 in resolveSingleAddressToName the name  is :null
10-29 14:12:30.284  2829  3700 D wubo    : case 2 a22417 in resolveSingleAddressToName the name  is :null
10-29 14:12:30.308  1465  3707 V ServiceThreadPool: beforeExecute():  active threads: 1, current pool size: 4, largest pool size: 7
10-29 14:12:30.355  1465  3707 V MessageWidgetProvider: initialized CharsetUtil in0ms
10-29 14:12:30.370  1320  1479 D BlurSNMessagingEngine: SNMessagingProvider::getDatabase called
10-29 14:12:30.441  1465  1488 D wubo    : a22417 in getContactName the address comin is :5704000104
10-29 14:12:30.441  1465  1488 D wubo    : a22417 in getContactName the TMConversationUtils.isMultiAddress(address) :false
10-29 14:12:30.488  1465  1488 D wubo    : case 1 a22417 in resolveSingleAddressToName the name  is :null
10-29 14:12:30.488  1465  1488 D wubo    : case 2 a22417 in resolveSingleAddressToName the name  is :null
10-29 14:12:30.613  2763  3708 D BlrMsgWatcherService: SmsObserver: lastUpdate=1288312086805
10-29 14:12:30.659  1465  1488 D TextMsgTransport: case 1 wubo a22417 in getSender the name is :Jim Dudish
10-29 14:12:30.659  1465  1488 D TextMsgTransport: case 1 wubo a22417 in getSender the address is :5704000104
10-29 14:12:30.683  1465  1488 D TextMsgTransport: case 2 wubo a22417 in getSender the name is :Jim Dudish
10-29 14:12:30.683  1465  1488 V TextMsgTransport: DataId: 4488 ContactId: 649 DisplayName >Jim Dudish< when filtering for >5704000104<
10-29 14:12:30.706  1465  1488 D BlurContactsExtensions: ===== targetSize: width=125 height=150
10-29 14:12:30.847  2763  3708 D BlrMsgWatcherService: 1 new items since 1288312086805 for SmsObserver
10-29 14:12:30.855  2763  3708 D BlrMsgWatcherService: findPerson query start, uri = content://com.motorola.blur.contacts.extensions/phone_lookup/5704000104?limit=1
10-29 14:12:30.863  1465  1488 D DateUtil: now.getTimeZone(): Eastern Standard Time
10-29 14:12:30.948  1294  1311 D DEBUG   : Selection used is -null
10-29 14:12:30.956  1336  1336 D dalvikvm: GC_EXPLICIT freed 878 objects / 42272 bytes in 43ms
10-29 14:12:30.964  2763  3708 D BlrMsgWatcherService: findPerson cursor count =1
10-29 14:12:30.995  2763  3708 V BlrMsgWatcherService: RawContactId: 647 Communication history: 10 [Limit: 10]
10-29 14:12:30.995  2763  3708 V BlrMsgWatcherService: Earliest time: 1288309321644 Data ID: 4509
10-29 14:12:31.003  2763  3708 V BlrMsgWatcherService: Updating oldest data row... content://com.android.contacts/data/4509
10-29 14:12:31.425  2756  2762 D GroupCache: Groups database table has changed. Refreshing the groups cache
10-29 14:12:31.433  2756  2762 V GroupCache: Queue group cache refresh request, delayed (ms): 3000
10-29 14:12:31.441  2763  3708 D BlrMsgWatcherService: lastUpdate now 1288375948795
10-29 14:12:31.503  2829  3700 D MessagingUtils HDMI: isHdmiOn status : false
10-29 14:12:31.503  2829  3700 D SmsReceiverService: HDMI handleHdmiSmsReceived from address : Jim Dudish
10-29 14:12:31.503  2829  3700 V SmsReceiverService: handleSmsReceived() - END
10-29 14:12:31.503  2829  3700 V SmsReceiver: finishStartingService - START
10-29 14:12:31.503  2829  3700 V SmsReceiver: finishStartingService - release
10-29 14:12:31.503  2829  2829 V SmsReceiverService: onDestroy()
10-29 14:12:31.511  2829  3700 V SmsReceiver: finishStartingService - END
10-29 14:12:31.511  2829  3700 V SmsReceiverService: Handling incoming message - END
10-29 14:12:31.738  1235  1944 I ActivityManager: Starting activity: Intent { cmp=com.snakefish.visms/.MainChatWindow (has extras) }
10-29 14:12:31.808  3696  3696 V MainChatWindow, populateConversationList: Thread ID: 0
10-29 14:12:31.808  3696  3696 I System.out: android.database.sqlite.SQLiteDatabase@458eead0
10-29 14:12:31.823  3696  3696 I TTS received: : Conversation screen
10-29 14:12:31.823  1445  1450 V TtsService: TTS service received Conversation screen
10-29 14:12:31.823  1445  1450 I TtsService: Stopping
10-29 14:12:31.823  1445  1450 I TtsService: Stopped
10-29 14:12:31.823  1445  1450 V TtsService: TTS processing: Conversation screen
10-29 14:12:31.823  1445  3710 V TtsService: TtsService.setLanguage(eng, USA, )
10-29 14:12:31.823  1445  3710 I SVOX Pico Engine: Language already loaded (en-US == en-US)
10-29 14:12:31.823  1445  3710 I SynthProxy: setting speech rate to 100
10-29 14:12:31.823  1445  3710 I SynthProxy: setting pitch to 100
10-29 14:12:32.027  1135  1232 D AudioHardwareMot: AudioStreamOutMot::setParameters() fm_attenuate=0;fm_mute=0
10-29 14:12:32.153  1235  1257 I ActivityManager: Displayed activity com.snakefish.visms/.MainChatWindow: 404 ms (total 404 ms)
10-29 14:12:32.863  1235  1239 D AlarmManagerService: Kernel timezone updated to 240 minutes west of GMT
10-29 14:12:32.878  1317  1317 D SystemClock: Setting time of day to sec=1288375952
10-29 14:12:32.092  1235  1243 D KeyguardUpdateMonitor: received broadcast android.intent.action.TIME_SET
10-29 14:12:32.100  1235  1259 D KeyguardUpdateMonitor: handleTimeUpdate
10-29 14:12:32.162  1547  3712 D CalAppWidgetService: SERVICE RUN: widgetId: 9
10-29 14:12:32.170  1325  1325 I LittleSister: onCellLocationChanged(): got cell location that isn't gsm, ignoring...
10-29 14:12:32.186  1547  3712 D CalAppWidgetService: spanX: 4
10-29 14:12:32.186  1547  1547 D AlertReceiver: onReceive: a=android.intent.action.TIME_SET Intent { act=android.intent.action.TIME_SET flg=0x20000000 cmp=com.android.calendar/.AlertReceiver }
10-29 14:12:32.186  1547  3712 D CalAppWidgetService: spanX: 1
10-29 14:12:32.209  1547  3712 D CalAppWidgetService: Widget Calendar Selection string: Calendars.SELECTED=1
10-29 14:12:32.225  1547  3712 D CalAppWidgetService: WVGA device
10-29 14:12:32.225  1547  3712 D CalAppWidgetService: 4x1
10-29 14:12:32.241  2974  2974 I FotaAutoUpdate: autoUpdateFeatureOn:falseautoUpdateAirtimeFree:falseautoUpdateInterval:1209600autoUpdateImplicitDeferInterval:86400autoUpdateAfterMDNChangeInterval:120
10-29 14:12:32.256  2974  2974 I FotaAutoUpdate: onStart Called:android.intent.action.TIME_SET
10-29 14:12:32.373  1547  3713 D AlertService: 0 Action = android.intent.action.TIME_SET
10-29 14:12:32.381  1235  1240 D dalvikvm: GC_EXPLICIT freed 30647 objects / 1365304 bytes in 127ms
10-29 14:12:32.491  2974  2974 V FotaAutoUpdate: mServiceHandler is not null
10-29 14:12:32.491  2974  3714 I FotaAutoUpdate: handleMessage(android.intent.action.TIME_SET)
10-29 14:12:32.506  1547  3712 D CalAppWidgetService: setHeader() - went into high density if
10-29 14:12:32.655  1547  3712 D CalAppWidgetService: no requested update or expired wakelock, bailing
10-29 14:12:32.678  1336  1336 D dalvikvm: GC_EXPLICIT freed 1108 objects / 43888 bytes in 83ms
10-29 14:12:32.709  1547  3713 D Calendar: missed alarms found: 0
10-29 14:12:32.748  1547  3713 D AlertService: No fired or scheduled alerts
10-29 14:12:33.686  1294  1880 D DEBUG   : Selection used is -null
10-29 14:12:33.686  2756  2762 D GroupCache: Getting user-defined groups
10-29 14:12:33.686  2756  2762 D GroupCache: Encountered group title, Family
10-29 14:12:33.694  2756  2762 D GroupCache: Encountered group title, Imported Contacts
10-29 14:12:33.701  2756  2762 D GroupCache: Encountered group title, Usability
10-29 14:12:33.709  2756  2762 D GroupCache: Encountered source name, null
10-29 14:12:33.709  2756  2762 D SourceCache: Returning stroed ICON FOR-com.motorola.android.buacontactadapter:Phone:
10-29 14:12:33.709  2756  2762 D GroupCache: Encountered source name, blur
10-29 14:12:33.709  2756  2762 D GroupCache: Encountered source name, null
10-29 14:12:33.709  2756  2762 D GroupCache: Encountered source name, facebook
10-29 14:12:33.709  2756  2762 D SourceCache: Returning stroed ICON FOR-com.motorola.blur.service.bsutils.MOTHER_USER_CREDS_TYPE:a0000022712d6a6532772297749992488@random.svcmot.com:facebook
10-29 14:12:33.709  2756  2762 D GroupCache: Encountered source name, facebook
10-29 14:12:33.709  2756  2762 D SourceCache: Returning stroed ICON FOR-com.motorola.blur.service.bsutils.MOTHER_USER_CREDS_TYPE:a0000022712d6a6532772297749992488@random.svcmot.com:facebook
10-29 14:12:33.709  2756  2762 D GroupCache: Notifying observers of the group cache that its state has changed
10-29 14:12:35.523  1135  1232 D AudioHardwareMot: AudioStreamOutMot::standby called
10-29 14:12:35.523  1135  1232 D AudioHardwareMot: Output 0xb668 entering standby
10-29 14:12:35.537  1135  1232 D AudioHardwareMot: Closing Output device
10-29 14:12:37.498  3696  3696 W KeyCharacterMap: Can't open keycharmap file
10-29 14:12:37.498  3696  3696 W KeyCharacterMap: Error loading keycharmap file '/system/usr/keychars/qtouch-touchscreen.kcm.bin'. hw.keyboards.65538.devname='qtouch-touchscreen'
10-29 14:12:37.498  3696  3696 W KeyCharacterMap: Using default keymap: /system/usr/keychars/qwerty.kcm.bin
10-29 14:12:49.701  1235  1243 I InputManagerService: received close system dialog event
10-29 14:12:49.709  3696  3696 V SMSDelegate: User pressed search.
10-29 14:12:49.717  1235  2033 I ActivityManager: Starting activity: Intent { act=android.speech.action.RECOGNIZE_SPEECH cmp=com.google.android.voicesearch/.IntentApiActivity (has extras) }
10-29 14:12:49.842  2936  2936 D VoiceSearchLogger: masf client string = googlemobile,2.0.1,android-2.2-cdma_droid2,dc,en_US
10-29 14:12:49.897  2936  2936 D dalvikvm: GC_EXTERNAL_ALLOC freed 1944 objects / 112456 bytes in 31ms
10-29 14:12:50.030  1235  1351 D WifiService: acquireWifiLockLocked: WifiLock{NetworkLocationProvider type=2 binder=android.os.Binder@45b89348}
10-29 14:12:50.037  2936  3719 I RecognitionController: startRecognition(#Intent;action=android.speech.action.RECOGNIZE_SPEECH;component=com.google.android.voicesearch/.IntentApiActivity;B.fullRecognitionResultsRequest=true;S.android.speech.extra.LANGUAGE_MODEL=free_form;S.android.speech.extra.PROMPT=State%20a%20voice%20command;S.calling_package=com.snakefish.visms;end)
10-29 14:12:50.037  2936  3719 I RecognitionController: State change: STARTING -> STARTING
10-29 14:12:50.053  1135  1232 D AudioHardwareMot: Output bufSize from kernel = 8192
10-29 14:12:50.061  1135  1233 D AudioHardwareMot: AudioHardwareMot::openInputStream enter
10-29 14:12:50.061  1135  1233 D AudioHardwareMot: AudioStreamInMot::set(0xafb0, 40000, 1, 10, 16000)
10-29 14:12:50.061  1135  1233 D AudioHardwareMot: Setting Codec sampling rate to 16000
10-29 14:12:50.069  1135  1233 D AudioPostProcessor: Disabling beamformer due to unsupported sample rate
10-29 14:12:50.069  1135  1233 D AudioPostProcessor: Done updating beamformer library
10-29 14:12:50.069  1135  1233 D AudioHardwareMot: Input bufSize from kernel = 800
10-29 14:12:50.116  1135  1233 D AudioHardwareMot: Input 0x170b8 entering standby
10-29 14:12:50.170  1398  1398 D GoogleLoginService: onBind: Intent { act=android.accounts.AccountAuthenticator cmp=com.google.android.gsf/.loginservice.GoogleLoginService }
10-29 14:12:50.194  1235  2033 I AudioService:  AudioFocus  requestAudioFocus() from android.media.AudioManager@459e5dc0
10-29 14:12:50.194  2936  3719 I RecognitionController: State change: STARTING -> RECOGNIZING
10-29 14:12:50.201  2936  3719 I ServerConnectorImpl: Starting TCP session, url=http://www.google.com/m/voice-search
10-29 14:12:50.209  1135  3722 D AudioHardwareMot: AudioStreamInMot::setParameters() routing=262144;vr_mode=1
10-29 14:12:50.209  1135  3722 D AudioHardwareMot: set input routing 40000
10-29 14:12:50.209  1135  3722 D AudioHardwareMot: doRouting called
10-29 14:12:50.209  1135  3722 D AudioHardwareMot: Stereo output exists; using 0x2
10-29 14:12:50.209  1135  3722 D AudioHardwareMot: Routing to speaker
10-29 14:12:50.209  1135  3722 D AudioHardwareMot: Input path: DEVICE_IN_BUILTIN_MIC
10-29 14:12:50.209  1135  3722 D AudioHardwareMot: Input path: DEVICE_IN_BUILTIN_MIC single mic
10-29 14:12:50.209  1135  3722 D AudioHardwareMot: received vr_mode 1, which we don't care about yet
10-29 14:12:50.217  1135  3722 D AudioHardwareMot: Codec sampling rate already 16000
10-29 14:12:50.217  1135  3722 D AudioHardwareMot: Input 0x170b8 exiting standby
10-29 14:12:50.217  1135  3722 D AudioHardwareMot: doRouting called
10-29 14:12:50.217  1135  3722 D AudioHardwareMot: Stereo output exists; using 0x2
10-29 14:12:50.217  1135  3722 D AudioHardwareMot: Routing to speaker
10-29 14:12:50.217  1135  3722 D AudioHardwareMot: Input path: DEVICE_IN_BUILTIN_MIC
10-29 14:12:50.217  1135  3722 D AudioHardwareMot: Input path: DEVICE_IN_BUILTIN_MIC single mic
10-29 14:12:50.241  1325  1325 I LittleSister: onCellLocationChanged(): got cell location that isn't gsm, ignoring...
10-29 14:12:50.248  1235  1257 I ActivityManager: Displayed activity com.google.android.voicesearch/.IntentApiActivity: 511 ms (total 511 ms)
10-29 14:12:50.319  1135  1135 V PVPlayer: PVPlayer constructor
10-29 14:12:50.319  1135  1135 V PVPlayer: construct PlayerDriver
10-29 14:12:50.327  1135  1135 V PlayerDriver: constructor
10-29 14:12:50.373  1135  1135 V PlayerDriver: OpenCore hardware module loaded
10-29 14:12:50.373  1135  1135 V PlayerDriver: start player thread
10-29 14:12:50.389  1135  3725 V PlayerDriver: startPlayerThread
10-29 14:12:50.389  1135  3725 V PlayerDriver: InitializeForThread
10-29 14:12:50.389  1135  3725 V PlayerDriver: OMX_MasterInit
10-29 14:12:50.475  2936  3723 I RecognitionController: onReadyForSpeech, noise level:24.578163, snr:-5.0811057
10-29 14:12:50.475  2936  2936 I RecognitionActivity: Start-up latency 722 ms
10-29 14:12:50.506  1135  3725 D omx_interface: TIOMXInterface: creating interface
10-29 14:12:50.506  1135  3725 D omx_interface: Calling DLOPEN on OMX_CORE_LIBRARY (libOMX_Core.so)
10-29 14:12:50.530  1135  3725 D omx_interface: DLOPEN SUCCEEDED (libOMX_Core.so)
10-29 14:12:50.545  1135  3725 D omx_interface: TIOMXInterface: library lookup success
10-29 14:12:50.662  1135  3725 D TIOMX_CORE: init count = 1
10-29 14:12:50.662  1135  3725 V PlayerDriver: OsclScheduler::Init
10-29 14:12:50.662  1135  3725 V PlayerDriver: CreatePlayer
10-29 14:12:50.709  1135  3725 D         : enter PVGetInterface
10-29 14:12:50.709  1135  3725 D         : enter Instance
10-29 14:12:50.709  1135  3725 D         : enter SharedLibraryLookup
10-29 14:12:50.709  1135  3725 D         : enter RegisterAllRecognizers
10-29 14:12:50.733  1135  3725 V PlayerDriver: AddToScheduler
10-29 14:12:50.733  1135  3725 V PlayerDriver: PendForExec
10-29 14:12:50.733  1135  3725 V PlayerDriver: OsclActiveScheduler::Current
10-29 14:12:50.733  1135  3725 V PlayerDriver: StartScheduler
10-29 14:12:50.756  1135  1135 V PVPlayer: send PLAYER_SETUP
10-29 14:12:50.756  1135  3725 V PlayerDriver: Send player code: 2
10-29 14:12:50.756  1135  3725 V PlayerDriver: CommandCompleted
10-29 14:12:50.756  1135  3725 V PlayerDriver: Completed command PLAYER_SETUP status=PVMFSuccess
10-29 14:12:50.756  1135  1135 V PVPlayer: send PLAYER_HELPER
10-29 14:12:50.756  1135  3725 V PlayerDriver: Send player code: 3
10-29 14:12:50.756  1135  3725 V PlayerDriver: CommandCompleted
10-29 14:12:50.756  1135  3725 V PlayerDriver: Completed command PLAYER_HELPER status=PVMFSuccess
10-29 14:12:50.756  1135  1135 V PVPlayer: setDataSource(26, 827356, 4560)
10-29 14:12:50.756  1135  1281 V PVPlayer: prepareAsync
10-29 14:12:50.756  1135  1281 V PVPlayer:   data source = sharedfd://32:827356:4560
10-29 14:12:50.756  1135  3725 V PlayerDriver: Send player code: 4
10-29 14:12:50.756  1135  3725 V PlayerDriver: handleSetDataSource
10-29 14:12:50.764  1135  3725 V PlayerDriver: handleSetDataSource- scanning for extension
10-29 14:12:50.780  1135  3725 D         : enter PVOMA1MOTRecognizerPlugin::Recognize
10-29 14:12:50.787  1135  3725 D         : PVOMA1MOTRecognizerPlugin:Recognize MOT_SVC_drm_openSession failed and session =-4
10-29 14:12:50.787  1135  3725 V PlayerDriver: CommandCompleted
10-29 14:12:50.787  1135  3725 V PlayerDriver: Completed command PLAYER_SET_DATA_SOURCE status=PVMFSuccess
10-29 14:12:50.787  1135  3725 V PVPlayer: run_init s=0, cancelled=0
10-29 14:12:50.795  1135  3725 V PlayerDriver: Send player code: 7
10-29 14:12:50.795  1135  3725 V PlayerDriver: release string is 2.2 len 3
10-29 14:12:50.795  1135  3725 V PlayerDriver: CommandCompleted
10-29 14:12:50.795  1135  3725 V PlayerDriver: Completed command PLAYER_INIT status=PVMFSuccess
10-29 14:12:50.795  1135  3725 V PVPlayer: run_set_video_surface s=0, cancelled=0
10-29 14:12:50.795  1135  3725 V PVPlayer: run_set_audio_output s=0, cancelled=0
10-29 14:12:50.795  1135  3725 V PlayerDriver: Send player code: 6
10-29 14:12:50.795  1135  3725 V PlayerDriver: Create realtime output
10-29 14:12:50.803  1135  3725 V PlayerDriver: canSetA2DPDirectMode() A2DP direct disabled
10-29 14:12:50.803  1135  3725 V PlayerDriver: CommandCompleted
10-29 14:12:50.803  1135  3725 V PlayerDriver: Completed command PLAYER_SET_AUDIO_SINK status=PVMFSuccess
10-29 14:12:50.803  1135  3725 V PVPlayer: run_prepare s=0, cancelled=0
10-29 14:12:50.803  1135  3725 V PlayerDriver: Send player code: 8
10-29 14:12:50.803  1135  3725 V PlayerDriver: disable natpkt - 0
10-29 14:12:50.811  1135  3725 V PlayerDriver: HandleInformationalEvent: UNKNOWN PVMFStatus
10-29 14:12:50.811  1135  3725 V PlayerDriver: HandleInformationalEvent: type=44 UNHANDLED
10-29 14:12:50.811  2936  3415 W MediaPlayer: info/warning (1, 44)
10-29 14:12:50.811  2936  2936 I MediaPlayer: Info (1,44)
10-29 14:12:50.811  1135  3725 V PlayerDriver: CommandCompleted
10-29 14:12:50.811  1135  3725 V PlayerDriver: Completed command PLAYER_PREPARE status=PVMFSuccess
10-29 14:12:50.811  1135  3725 V PlayerDriver: PLAYER_PREPARE complete mDownloadContextData=0x0, mDataReadyReceived=0
10-29 14:12:50.811  1135  3725 V PVPlayer: check_for_live_streaming s=0, cancelled=0
10-29 14:12:50.811  1135  3725 E ProfileVideoFrameDrops: PVMediaOutputNodePort :: Early 0 frames :: OnTime 0 frames :: Late 0 frames :: Total 2 frames
10-29 14:12:50.811  1135  3725 E ProfileVideoFrameDrops: PVMediaOutputNodePort :: Early 0.000000 % :: OnTime -0.000000 % :: Late -0.000000 % 
10-29 14:12:50.811  1135  1233 V PVPlayer: PVPlayer constructor
10-29 14:12:50.811  1135  1233 V PVPlayer: construct PlayerDriver
10-29 14:12:50.819  1135  1233 V PlayerDriver: constructor
10-29 14:12:50.819  1135  1233 V PlayerDriver: OpenCore hardware module loaded
10-29 14:12:50.819  1135  1233 V PlayerDriver: start player thread
10-29 14:12:50.819  1135  3727 V PlayerDriver: startPlayerThread
10-29 14:12:50.819  1135  3727 V PlayerDriver: InitializeForThread
10-29 14:12:50.819  1135  3727 V PlayerDriver: OMX_MasterInit
10-29 14:12:50.819  1135  3727 V PlayerDriver: OsclScheduler::Init
10-29 14:12:50.819  1135  3727 V PlayerDriver: CreatePlayer
10-29 14:12:50.819  1135  3727 D         : enter PVGetInterface
10-29 14:12:50.819  1135  3727 D         : enter Instance
10-29 14:12:50.819  1135  3727 D         : enter SharedLibraryLookup
10-29 14:12:50.819  1135  3727 D         : enter RegisterAllRecognizers
10-29 14:12:50.819  1135  3727 V PlayerDriver: AddToScheduler
10-29 14:12:50.819  1135  3727 V PlayerDriver: PendForExec
10-29 14:12:50.819  1135  3727 V PlayerDriver: OsclActiveScheduler::Current
10-29 14:12:50.819  1135  3727 V PlayerDriver: StartScheduler
10-29 14:12:50.826  1135  1233 V PVPlayer: send PLAYER_SETUP
10-29 14:12:50.826  1135  3727 V PlayerDriver: Send player code: 2
10-29 14:12:50.826  1135  3727 V PlayerDriver: CommandCompleted
10-29 14:12:50.826  1135  3727 V PlayerDriver: Completed command PLAYER_SETUP status=PVMFSuccess
10-29 14:12:50.826  1135  1233 V PVPlayer: send PLAYER_HELPER
10-29 14:12:50.826  1135  3727 V PlayerDriver: Send player code: 3
10-29 14:12:50.826  1135  3727 V PlayerDriver: CommandCompleted
10-29 14:12:50.826  1135  3727 V PlayerDriver: Completed command PLAYER_HELPER status=PVMFSuccess
10-29 14:12:50.826  1135  1233 V PVPlayer: setDataSource(33, 803876, 7002)
10-29 14:12:50.826  1135  1281 V PVPlayer: prepareAsync
10-29 14:12:50.826  1135  1281 V PVPlayer:   data source = sharedfd://34:803876:7002
10-29 14:12:50.826  1135  3727 V PlayerDriver: Send player code: 4
10-29 14:12:50.826  1135  3727 V PlayerDriver: handleSetDataSource
10-29 14:12:50.826  1135  3727 V PlayerDriver: handleSetDataSource- scanning for extension
10-29 14:12:50.826  1135  3727 D         : enter PVOMA1MOTRecognizerPlugin::Recognize
10-29 14:12:50.826  1135  3727 D         : PVOMA1MOTRecognizerPlugin:Recognize MOT_SVC_drm_openSession failed and session =-4
10-29 14:12:50.826  1135  3727 V PlayerDriver: CommandCompleted
10-29 14:12:50.826  1135  3727 V PlayerDriver: Completed command PLAYER_SET_DATA_SOURCE status=PVMFSuccess
10-29 14:12:50.826  1135  3727 V PVPlayer: run_init s=0, cancelled=0
10-29 14:12:50.826  1135  3727 V PlayerDriver: Send player code: 7
10-29 14:12:50.826  1135  3727 V PlayerDriver: release string is 2.2 len 3
10-29 14:12:50.834  1135  3727 V PlayerDriver: CommandCompleted
10-29 14:12:50.834  1135  3727 V PlayerDriver: Completed command PLAYER_INIT status=PVMFSuccess
10-29 14:12:50.834  1135  3727 V PVPlayer: run_set_video_surface s=0, cancelled=0
10-29 14:12:50.834  1135  3727 V PVPlayer: run_set_audio_output s=0, cancelled=0
10-29 14:12:50.834  1135  3727 V PlayerDriver: Send player code: 6
10-29 14:12:50.834  1135  3727 V PlayerDriver: Create realtime output
10-29 14:12:50.834  1135  3727 V PlayerDriver: canSetA2DPDirectMode() A2DP direct disabled
10-29 14:12:50.834  1135  3727 V PlayerDriver: CommandCompleted
10-29 14:12:50.834  1135  3727 V PlayerDriver: Completed command PLAYER_SET_AUDIO_SINK status=PVMFSuccess
10-29 14:12:50.834  1135  3727 V PVPlayer: run_prepare s=0, cancelled=0
10-29 14:12:50.834  1135  3727 V PlayerDriver: Send player code: 8
10-29 14:12:50.842  1135  3727 V PlayerDriver: disable natpkt - 0
10-29 14:12:50.850  1135  3727 V PlayerDriver: HandleInformationalEvent: UNKNOWN PVMFStatus
10-29 14:12:50.850  1135  3727 V PlayerDriver: HandleInformationalEvent: type=44 UNHANDLED
10-29 14:12:50.850  2936  2942 W MediaPlayer: info/warning (1, 44)
10-29 14:12:50.850  2936  2936 I MediaPlayer: Info (1,44)
10-29 14:12:50.850  1135  3727 V PlayerDriver: CommandCompleted
10-29 14:12:50.850  1135  3727 V PlayerDriver: Completed command PLAYER_PREPARE status=PVMFSuccess
10-29 14:12:50.850  1135  3727 V PlayerDriver: PLAYER_PREPARE complete mDownloadContextData=0x0, mDataReadyReceived=0
10-29 14:12:50.850  1135  3727 V PVPlayer: check_for_live_streaming s=0, cancelled=0
10-29 14:12:50.858  1135  3727 E ProfileVideoFrameDrops: PVMediaOutputNodePort :: Early 0 frames :: OnTime 0 frames :: Late 0 frames :: Total 4 frames
10-29 14:12:50.858  1135  3727 E ProfileVideoFrameDrops: PVMediaOutputNodePort :: Early 0.000000 % :: OnTime -0.000000 % :: Late -0.000000 % 
10-29 14:12:50.858  1135  1233 V PVPlayer: PVPlayer constructor
10-29 14:12:50.858  1135  1233 V PVPlayer: construct PlayerDriver
10-29 14:12:50.858  1135  1233 V PlayerDriver: constructor
10-29 14:12:50.858  1135  1233 V PlayerDriver: OpenCore hardware module loaded
10-29 14:12:50.858  1135  1233 V PlayerDriver: start player thread
10-29 14:12:50.858  1135  3729 V PlayerDriver: startPlayerThread
10-29 14:12:50.858  1135  3729 V PlayerDriver: InitializeForThread
10-29 14:12:50.858  1135  3729 V PlayerDriver: OMX_MasterInit
10-29 14:12:50.858  1135  3729 V PlayerDriver: OsclScheduler::Init
10-29 14:12:50.858  1135  3729 V PlayerDriver: CreatePlayer
10-29 14:12:50.858  1135  3729 D         : enter PVGetInterface
10-29 14:12:50.858  1135  3729 D         : enter Instance
10-29 14:12:50.858  1135  3729 D         : enter SharedLibraryLookup
10-29 14:12:50.858  1135  3729 D         : enter RegisterAllRecognizers
10-29 14:12:50.858  1135  3729 V PlayerDriver: AddToScheduler
10-29 14:12:50.865  1135  3729 V PlayerDriver: PendForExec
10-29 14:12:50.865  1135  3729 V PlayerDriver: OsclActiveScheduler::Current
10-29 14:12:50.865  1135  3729 V PlayerDriver: StartScheduler
10-29 14:12:50.865  1135  1233 V PVPlayer: send PLAYER_SETUP
10-29 14:12:50.865  1135  3729 V PlayerDriver: Send player code: 2
10-29 14:12:50.865  1135  3729 V PlayerDriver: CommandCompleted
10-29 14:12:50.865  1135  3729 V PlayerDriver: Completed command PLAYER_SETUP status=PVMFSuccess
10-29 14:12:50.865  1135  1233 V PVPlayer: send PLAYER_HELPER
10-29 14:12:50.865  1135  3729 V PlayerDriver: Send player code: 3
10-29 14:12:50.865  1135  3729 V PlayerDriver: CommandCompleted
10-29 14:12:50.865  1135  3729 V PlayerDriver: Completed command PLAYER_HELPER status=PVMFSuccess
10-29 14:12:50.865  1135  1233 V PVPlayer: setDataSource(33, 794068, 9758)
10-29 14:12:50.865  1135  1135 V PVPlayer: prepareAsync
10-29 14:12:50.865  1135  1135 V PVPlayer:   data source = sharedfd://35:794068:9758
10-29 14:12:50.865  1135  3729 V PlayerDriver: Send player code: 4
10-29 14:12:50.865  1135  3729 V PlayerDriver: handleSetDataSource
10-29 14:12:50.865  1135  3729 V PlayerDriver: handleSetDataSource- scanning for extension
10-29 14:12:50.865  1135  3729 D         : enter PVOMA1MOTRecognizerPlugin::Recognize
10-29 14:12:50.865  1135  3729 D         : PVOMA1MOTRecognizerPlugin:Recognize MOT_SVC_drm_openSession failed and session =-4
10-29 14:12:50.865  1135  3729 V PlayerDriver: CommandCompleted
10-29 14:12:50.865  1135  3729 V PlayerDriver: Completed command PLAYER_SET_DATA_SOURCE status=PVMFSuccess
10-29 14:12:50.865  1135  3729 V PVPlayer: run_init s=0, cancelled=0
10-29 14:12:50.865  1135  3729 V PlayerDriver: Send player code: 7
10-29 14:12:50.865  1135  3729 V PlayerDriver: release string is 2.2 len 3
10-29 14:12:50.865  1135  3729 V PlayerDriver: CommandCompleted
10-29 14:12:50.873  2936  3723 I RecognitionController: onBeginningOfSpeech
10-29 14:12:50.873  1135  3729 V PlayerDriver: Completed command PLAYER_INIT status=PVMFSuccess
10-29 14:12:50.881  1135  3729 V PVPlayer: run_set_video_surface s=0, cancelled=0
10-29 14:12:50.881  1135  3729 V PVPlayer: run_set_audio_output s=0, cancelled=0
10-29 14:12:50.881  1135  3729 V PlayerDriver: Send player code: 6
10-29 14:12:50.881  1135  3729 V PlayerDriver: Create realtime output
10-29 14:12:50.881  1135  3729 V PlayerDriver: canSetA2DPDirectMode() A2DP direct disabled
10-29 14:12:50.881  1135  3729 V PlayerDriver: CommandCompleted
10-29 14:12:50.881  1135  3729 V PlayerDriver: Completed command PLAYER_SET_AUDIO_SINK status=PVMFSuccess
10-29 14:12:50.881  1135  3729 V PVPlayer: run_prepare s=0, cancelled=0
10-29 14:12:50.881  1135  3729 V PlayerDriver: Send player code: 8
10-29 14:12:50.881  1135  3729 V PlayerDriver: disable natpkt - 0
10-29 14:12:50.881  1135  3729 V PlayerDriver: HandleInformationalEvent: UNKNOWN PVMFStatus
10-29 14:12:50.881  1135  3729 V PlayerDriver: HandleInformationalEvent: type=44 UNHANDLED
10-29 14:12:50.881  2936  2941 W MediaPlayer: info/warning (1, 44)
10-29 14:12:50.881  2936  2936 I MediaPlayer: Info (1,44)
10-29 14:12:50.881  1135  3729 V PlayerDriver: CommandCompleted
10-29 14:12:50.881  1135  3729 V PlayerDriver: Completed command PLAYER_PREPARE status=PVMFSuccess
10-29 14:12:50.881  1135  3729 V PlayerDriver: PLAYER_PREPARE complete mDownloadContextData=0x0, mDataReadyReceived=0
10-29 14:12:50.881  1135  3729 V PVPlayer: check_for_live_streaming s=0, cancelled=0
10-29 14:12:50.889  1135  3729 E ProfileVideoFrameDrops: PVMediaOutputNodePort :: Early 0 frames :: OnTime 0 frames :: Late 0 frames :: Total 6 frames
10-29 14:12:50.889  1135  3729 E ProfileVideoFrameDrops: PVMediaOutputNodePort :: Early 0.000000 % :: OnTime -0.000000 % :: Late -0.000000 % 
10-29 14:12:50.889  1135  1281 V PVPlayer: PVPlayer constructor
10-29 14:12:50.889  1135  1281 V PVPlayer: construct PlayerDriver
10-29 14:12:50.889  1135  1281 V PlayerDriver: constructor
10-29 14:12:50.889  1135  1281 V PlayerDriver: OpenCore hardware module loaded
10-29 14:12:50.889  1135  1281 V PlayerDriver: start player thread
10-29 14:12:50.889  1135  3731 V PlayerDriver: startPlayerThread
10-29 14:12:50.889  1135  3731 V PlayerDriver: InitializeForThread
10-29 14:12:50.889  1135  3731 V PlayerDriver: OMX_MasterInit
10-29 14:12:50.889  1135  3731 V PlayerDriver: OsclScheduler::Init
10-29 14:12:50.889  1135  3731 V PlayerDriver: CreatePlayer
10-29 14:12:50.889  1135  3731 D         : enter PVGetInterface
10-29 14:12:50.889  1135  3731 D         : enter Instance
10-29 14:12:50.889  1135  3731 D         : enter SharedLibraryLookup
10-29 14:12:50.889  1135  3731 D         : enter RegisterAllRecognizers
10-29 14:12:50.897  1135  3731 V PlayerDriver: AddToScheduler
10-29 14:12:50.897  1135  3731 V PlayerDriver: PendForExec
10-29 14:12:50.897  1135  3731 V PlayerDriver: OsclActiveScheduler::Current
10-29 14:12:50.897  1135  3731 V PlayerDriver: StartScheduler
10-29 14:12:50.897  1135  1281 V PVPlayer: send PLAYER_SETUP
10-29 14:12:50.897  1135  3731 V PlayerDriver: Send player code: 2
10-29 14:12:50.897  1135  3731 V PlayerDriver: CommandCompleted
10-29 14:12:50.897  1135  3731 V PlayerDriver: Completed command PLAYER_SETUP status=PVMFSuccess
10-29 14:12:50.897  1135  1281 V PVPlayer: send PLAYER_HELPER
10-29 14:12:50.897  1135  3731 V PlayerDriver: Send player code: 3
10-29 14:12:50.897  1135  3731 V PlayerDriver: CommandCompleted
10-29 14:12:50.897  1135  3731 V PlayerDriver: Completed command PLAYER_HELPER status=PVMFSuccess
10-29 14:12:50.905  1135  1281 V PVPlayer: setDataSource(33, 814976, 4198)
10-29 14:12:50.905  1135  1233 V PVPlayer: prepareAsync
10-29 14:12:50.905  1135  1233 V PVPlayer:   data source = sharedfd://36:814976:4198
10-29 14:12:50.905  1135  3731 V PlayerDriver: Send player code: 4
10-29 14:12:50.905  1135  3731 V PlayerDriver: handleSetDataSource
10-29 14:12:50.905  1135  3731 V PlayerDriver: handleSetDataSource- scanning for extension
10-29 14:12:50.905  1135  3731 D         : enter PVOMA1MOTRecognizerPlugin::Recognize
10-29 14:12:50.905  1135  3731 D         : PVOMA1MOTRecognizerPlugin:Recognize MOT_SVC_drm_openSession failed and session =-4
10-29 14:12:50.905  1135  3731 V PlayerDriver: CommandCompleted
10-29 14:12:50.905  1135  3731 V PlayerDriver: Completed command PLAYER_SET_DATA_SOURCE status=PVMFSuccess
10-29 14:12:50.905  1135  3731 V PVPlayer: run_init s=0, cancelled=0
10-29 14:12:50.905  1135  3731 V PlayerDriver: Send player code: 7
10-29 14:12:50.905  1135  3731 V PlayerDriver: release string is 2.2 len 3
10-29 14:12:50.905  1135  3731 V PlayerDriver: CommandCompleted
10-29 14:12:50.905  1135  3731 V PlayerDriver: Completed command PLAYER_INIT status=PVMFSuccess
10-29 14:12:50.905  1135  3731 V PVPlayer: run_set_video_surface s=0, cancelled=0
10-29 14:12:50.905  1135  3731 V PVPlayer: run_set_audio_output s=0, cancelled=0
10-29 14:12:50.905  1135  3731 V PlayerDriver: Send player code: 6
10-29 14:12:50.905  1135  3731 V PlayerDriver: Create realtime output
10-29 14:12:50.905  1135  3731 V PlayerDriver: canSetA2DPDirectMode() A2DP direct disabled
10-29 14:12:50.905  1135  3731 V PlayerDriver: CommandCompleted
10-29 14:12:50.905  1135  3731 V PlayerDriver: Completed command PLAYER_SET_AUDIO_SINK status=PVMFSuccess
10-29 14:12:50.905  1135  3731 V PVPlayer: run_prepare s=0, cancelled=0
10-29 14:12:50.905  1135  3731 V PlayerDriver: Send player code: 8
10-29 14:12:50.905  1135  3731 V PlayerDriver: disable natpkt - 0
10-29 14:12:50.912  1135  3731 V PlayerDriver: HandleInformationalEvent: UNKNOWN PVMFStatus
10-29 14:12:50.912  1135  3731 V PlayerDriver: HandleInformationalEvent: type=44 UNHANDLED
10-29 14:12:50.912  2936  3415 W MediaPlayer: info/warning (1, 44)
10-29 14:12:50.912  2936  2936 I MediaPlayer: Info (1,44)
10-29 14:12:50.912  1135  3731 V PlayerDriver: CommandCompleted
10-29 14:12:50.912  1135  3731 V PlayerDriver: Completed command PLAYER_PREPARE status=PVMFSuccess
10-29 14:12:50.912  1135  3731 V PlayerDriver: PLAYER_PREPARE complete mDownloadContextData=0x0, mDataReadyReceived=0
10-29 14:12:50.912  1135  3731 V PVPlayer: check_for_live_streaming s=0, cancelled=0
10-29 14:12:50.912  1135  3731 E ProfileVideoFrameDrops: PVMediaOutputNodePort :: Early 0 frames :: OnTime 0 frames :: Late 0 frames :: Total 2 frames
10-29 14:12:50.912  1135  3731 E ProfileVideoFrameDrops: PVMediaOutputNodePort :: Early 0.000000 % :: OnTime -0.000000 % :: Late -0.000000 % 
10-29 14:12:50.912  1135  1135 V PVPlayer: PVPlayer constructor
10-29 14:12:50.912  1135  1135 V PVPlayer: construct PlayerDriver
10-29 14:12:50.912  1135  1135 V PlayerDriver: constructor
10-29 14:12:50.912  1135  1135 V PlayerDriver: OpenCore hardware module loaded
10-29 14:12:50.912  1135  1135 V PlayerDriver: start player thread
10-29 14:12:50.912  1135  3733 V PlayerDriver: startPlayerThread
10-29 14:12:50.912  1135  3733 V PlayerDriver: InitializeForThread
10-29 14:12:50.912  1135  3733 V PlayerDriver: OMX_MasterInit
10-29 14:12:50.912  1135  3733 V PlayerDriver: OsclScheduler::Init
10-29 14:12:50.912  1135  3733 V PlayerDriver: CreatePlayer
10-29 14:12:50.920  1135  3733 D         : enter PVGetInterface
10-29 14:12:50.920  1135  3733 D         : enter Instance
10-29 14:12:50.920  1135  3733 D         : enter SharedLibraryLookup
