10-28 18:00:00.743  1235  2089 I ActivityManager: Start proc com.android.packageinstaller for activity com.android.packageinstaller/.UninstallerActivity: pid=5949 uid=10043 gids={}
10-28 18:00:03.181  1235  1239 I ActivityManager: Starting activity: Intent { act=android.intent.action.VIEW cmp=com.android.packageinstaller/.UninstallAppProgress (has extras) }
10-28 18:00:03.298  1235  1245 I ActivityManager: Force stopping package com.snakefish.visms uid=10114
10-28 18:00:03.915  1235  1249 I ActivityManager: Force stopping package com.snakefish.visms uid=10114
10-28 18:00:07.040  1235  1243 I InputManagerService: received close system dialog event
10-28 18:00:07.064  1235  1260 I ActivityManager: Starting activity: Intent { act=android.intent.action.MAIN cat=[android.intent.category.HOME] flg=0x10200000 cmp=com.motorola.blur.home/.HomeActivity }
10-28 18:00:07.103  1235  1889 W InputManagerService: Ignoring hideSoftInput of: com.android.internal.view.IInputMethodClient$Stub$Proxy@45d2cdf8
10-28 18:00:07.189  1235  2149 W InputManagerService: Starting input on non-focused client com.android.internal.view.IInputMethodClient$Stub$Proxy@45e42f50 (uid=1000 pid=5930)
10-28 18:00:53.396  1235  1243 V DeviceStorageMonitorService: freeMemory=6643978240
10-28 18:00:53.396  1235  1243 V DeviceStorageMonitorService: Threshold Percentage=10
10-28 18:00:53.396  1235  1243 V DeviceStorageMonitorService: mTotalMemory = 70264913
10-28 18:00:53.396  1235  1243 I DeviceStorageMonitorService: Posting Message again
10-28 18:01:53.394  1235  1243 V DeviceStorageMonitorService: freeMemory=6643978240
10-28 18:01:53.394  1235  1243 V DeviceStorageMonitorService: Threshold Percentage=10
10-28 18:01:53.394  1235  1243 V DeviceStorageMonitorService: mTotalMemory = 70264913
10-28 18:01:53.394  1235  1243 I DeviceStorageMonitorService: Posting Message again
10-28 18:02:53.399  1235  1243 V DeviceStorageMonitorService: freeMemory=6643978240
10-28 18:02:53.399  1235  1243 V DeviceStorageMonitorService: Threshold Percentage=10
10-28 18:02:53.399  1235  1243 V DeviceStorageMonitorService: mTotalMemory = 70264913
10-28 18:02:53.399  1235  1243 I DeviceStorageMonitorService: Posting Message again
10-28 18:03:11.204  1235  1243 D StatusBarPolicy: handleBatteryUpdate
10-28 18:03:53.400  1235  1243 V DeviceStorageMonitorService: freeMemory=6643978240
10-28 18:03:53.400  1235  1243 V DeviceStorageMonitorService: Threshold Percentage=10
10-28 18:03:53.400  1235  1243 V DeviceStorageMonitorService: mTotalMemory = 70264913
10-28 18:03:53.400  1235  1243 I DeviceStorageMonitorService: Posting Message again
10-28 18:04:53.403  1235  1243 V DeviceStorageMonitorService: freeMemory=6643978240
10-28 18:04:53.403  1235  1243 V DeviceStorageMonitorService: Threshold Percentage=10
10-28 18:04:53.403  1235  1243 V DeviceStorageMonitorService: mTotalMemory = 70264913
10-28 18:04:53.403  1235  1243 I DeviceStorageMonitorService: Posting Message again
10-28 18:05:04.993  1235  1243 D StatusBarPolicy: handleBatteryUpdate
10-28 18:05:04.993  1235  1243 D StatusBarPolicy: plugged =false
10-28 18:05:05.900  1235  1243 D StatusBarPolicy: handleBatteryUpdate
10-28 18:05:05.915  1235  1243 D WifiService: ACTION_SCREEN_ON -- Checked by Moto
10-28 18:05:29.017  1235  1454 W InputManagerService: Window already focused, ignoring focus gain of: com.android.internal.view.IInputMethodClient$Stub$Proxy@45c68e78
10-28 18:05:40.001  1235  2033 I ActivityManager: Starting activity: Intent { act=android.intent.action.MAIN cat=[android.intent.category.LAUNCHER] flg=0x10200000 cmp=com.motorola.vvm/.ui.VvmMainActivity bnds=[365,640][475,758] }
10-28 18:05:40.212  1235  1490 I ActivityManager: Starting activity: Intent { cmp=com.motorola.vvm/.ui.VoicemailCountActivity }
10-28 18:05:53.405  1235  1243 V DeviceStorageMonitorService: freeMemory=6643978240
10-28 18:05:53.405  1235  1243 V DeviceStorageMonitorService: Threshold Percentage=10
10-28 18:05:53.405  1235  1243 V DeviceStorageMonitorService: mTotalMemory = 70264913
10-28 18:05:53.405  1235  1243 I DeviceStorageMonitorService: Posting Message again
10-28 18:06:15.142  1235  1243 I ActivityManager: Starting activity: Intent { flg=0x14000000 cmp=com.motorola.mediashare/.HomeSyncMain bnds=[0,289][480,385] }
10-28 18:06:15.322  1235  1239 I ActivityManager: Starting activity: Intent { cmp=com.motorola.mediashare/.HomeSyncMediaShareMain }
10-28 18:06:21.611  1235  1243 I InputManagerService: received close system dialog event
10-28 18:06:21.626  1235  1260 I ActivityManager: Starting activity: Intent { act=android.intent.action.MAIN cat=[android.intent.category.HOME] flg=0x10200000 cmp=com.motorola.blur.home/.HomeActivity }
10-28 18:06:36.447  1235  1243 D StatusBarPolicy: handleBatteryUpdate
10-28 18:06:36.447  1235  1243 D StatusBarPolicy: plugged =false
10-28 18:06:40.126  1235  1243 D StatusBar: DISABLE_EXPAND: yes
10-28 18:06:40.134  1235  1243 I InputManagerService: received close system dialog event
10-28 18:06:53.407  1235  1243 V DeviceStorageMonitorService: freeMemory=6643978240
10-28 18:06:53.407  1235  1243 V DeviceStorageMonitorService: Threshold Percentage=10
10-28 18:06:53.407  1235  1243 V DeviceStorageMonitorService: mTotalMemory = 70264913
10-28 18:06:53.407  1235  1243 I DeviceStorageMonitorService: Posting Message again
10-28 18:13:51.615  1235  1243 D WifiService: ACTION_SCREEN_ON -- Checked by Moto
10-28 18:13:53.279  1235  1235 W InputManagerService: Window already focused, ignoring focus gain of: com.android.internal.view.IInputMethodClient$Stub$Proxy@45e27c40
10-28 18:14:14.029  1235  1243 V DeviceStorageMonitorService: freeMemory=6643974144
10-28 18:14:14.029  1235  1243 V DeviceStorageMonitorService: Threshold Percentage=10
10-28 18:14:14.029  1235  1243 V DeviceStorageMonitorService: mTotalMemory = 70264913
10-28 18:14:14.029  1235  1243 I DeviceStorageMonitorService: Posting Message again
10-28 18:15:14.033  1235  1243 V DeviceStorageMonitorService: freeMemory=6643974144
10-28 18:15:14.033  1235  1243 V DeviceStorageMonitorService: Threshold Percentage=10
10-28 18:15:14.033  1235  1243 V DeviceStorageMonitorService: mTotalMemory = 70264913
10-28 18:15:14.033  1235  1243 I DeviceStorageMonitorService: Posting Message again
10-28 18:15:16.600  1235  1243 D StatusBarPolicy: handleBatteryUpdate
10-28 18:15:27.881  1235  1243 I ActivityManager: Starting activity: Intent { cmp=com.motorola.usb/.UsbModeSelectionActivity bnds=[0,152][480,248] }
10-28 18:15:27.881  1235  1243 W ActivityManager: startActivity called from non-Activity context; forcing Intent.FLAG_ACTIVITY_NEW_TASK for: Intent { flg=0x800000 cmp=com.motorola.usb/.UsbModeSelectionActivity bnds=[0,152][480,248] }
10-28 18:15:37.381  1235  2089 W InputManagerService: Window already focused, ignoring focus gain of: com.android.internal.view.IInputMethodClient$Stub$Proxy@45c1da78
10-28 18:15:59.553  1235  1243 D StatusBarPolicy: handleBatteryUpdate
10-28 18:16:08.170  1235  1454 I ActivityManager: Starting activity: Intent { act=android.intent.action.MAIN cat=[android.intent.category.LAUNCHER] flg=0x10200000 cmp=com.google.android.gm/.ConversationListActivityGmail bnds=[125,640][235,758] }
10-28 18:16:14.029  1235  1243 V DeviceStorageMonitorService: freeMemory=6643974144
10-28 18:16:14.029  1235  1243 V DeviceStorageMonitorService: Threshold Percentage=10
10-28 18:16:14.029  1235  1243 V DeviceStorageMonitorService: mTotalMemory = 70264913
10-28 18:16:14.029  1235  1243 I DeviceStorageMonitorService: Posting Message again
10-28 18:16:17.014  1235  1240 I ActivityManager: Starting activity: Intent { cmp=com.google.android.gm/.HtmlConversationActivity (has extras) }
10-28 18:16:31.251  1235  1492 I ActivityManager: Starting activity: Intent { cmp=com.google.android.gm/.HtmlConversationActivity (has extras) }
10-28 18:17:13.804  1235  1243 V DeviceStorageMonitorService: freeMemory=6643974144
10-28 18:17:13.804  1235  1243 V DeviceStorageMonitorService: Threshold Percentage=10
10-28 18:17:13.804  1235  1243 V DeviceStorageMonitorService: mTotalMemory = 70264913
10-28 18:17:13.804  1235  1243 I DeviceStorageMonitorService: Posting Message again
10-28 18:17:49.649  1235  1243 I ActivityManager: Starting activity: Intent { cmp=com.motorola.usb/.UsbModeSelectionActivity bnds=[0,152][480,248] }
10-28 18:17:49.649  1235  1243 W ActivityManager: startActivity called from non-Activity context; forcing Intent.FLAG_ACTIVITY_NEW_TASK for: Intent { flg=0x800000 cmp=com.motorola.usb/.UsbModeSelectionActivity bnds=[0,152][480,248] }
10-28 18:17:53.141  1235  1344 W InputManagerService: Window already focused, ignoring focus gain of: com.android.internal.view.IInputMethodClient$Stub$Proxy@45a77390
10-28 18:17:55.212  1235  1344 W BackupManagerService: dataChanged but no participant pkg='com.android.providers.settings' uid=10058
10-28 18:17:55.501  1235  1243 I StorageNotification: UMS connection changed to true (media state mounted)
10-28 18:17:55.563  1126  1227 D VoldCmdListener: volume shared /mnt/sdcard ums
10-28 18:17:55.594  1235  1243 D StatusBarPolicy: handleBatteryUpdate
10-28 18:17:55.618  1126  1227 D VoldCmdListener: asec list
10-28 18:17:55.915  1126  1227 D VoldCmdListener: storage users /mnt/sdcard
10-28 18:17:56.219  1126  1227 D VoldCmdListener: volume unmount /mnt/sdcard force
10-28 18:17:56.219  1126  1227 D Vold    : Volume sdcard state changing 4 (Mounted) -> 5 (Unmounting)
10-28 18:17:56.665  1235  1243 D StatusBarPolicy: handleBatteryUpdate
10-28 18:17:57.227  1126  1227 I Vold    : /mnt/secure/staging/.android_secure sucessfully unmounted
10-28 18:17:57.227  1126  1227 I Vold    : /mnt/secure/asec sucessfully unmounted
10-28 18:17:57.259  1126  1227 I Vold    : /mnt/secure/staging sucessfully unmounted
10-28 18:17:57.259  1126  1227 I Vold    : /mnt/sdcard unmounted sucessfully
10-28 18:17:57.259  1126  1227 D Vold    : Volume sdcard state changing 5 (Unmounting) -> 1 (Idle-Unmounted)
10-28 18:17:57.266  1126  1227 D VoldCmdListener: volume share /mnt/sdcard ums
10-28 18:17:57.266  1126  1227 D Vold    : Volume sdcard state changing 1 (Idle-Unmounted) -> 7 (Shared-Unmounted)
10-28 18:17:57.266  1235  1243 I StorageNotification: Media {/mnt/sdcard} state changed from {mounted} -> {unmounted}
10-28 18:17:57.313  1126  1227 D VoldCmdListener: volume shared /mnt/sdcard ums
10-28 18:17:57.313  1235  1243 I StorageNotification: Media {/mnt/sdcard} state changed from {unmounted} -> {shared}
10-28 18:18:13.806  1235  1243 V DeviceStorageMonitorService: freeMemory=6643974144
10-28 18:18:13.806  1235  1243 V DeviceStorageMonitorService: Threshold Percentage=10
10-28 18:18:13.806  1235  1243 V DeviceStorageMonitorService: mTotalMemory = 70264913
10-28 18:18:13.806  1235  1243 I DeviceStorageMonitorService: Posting Message again
10-28 18:18:17.618  1235  1245 I ActivityManager: Force stopping package com.snakefish.visms uid=10114
10-28 18:18:19.368  1235  1487 I ActivityManager: Starting activity: Intent { act=android.intent.action.MAIN cat=[android.intent.category.LAUNCHER] flg=0x10000000 cmp=com.snakefish.visms/.ConversationsActivity }
10-28 18:18:19.602  1235  2033 I ActivityManager: Start proc com.snakefish.visms for activity com.snakefish.visms/.ConversationsActivity: pid=6054 uid=10114 gids={}
10-28 18:18:20.102  1235  2149 W InputManagerService: Starting input on non-focused client com.android.internal.view.IInputMethodClient$Stub$Proxy@45a15960 (uid=10078 pid=1740)
10-28 18:19:04.696  1235  1239 I ActivityManager: Starting activity: Intent { cmp=com.snakefish.visms/.MainChatWindow (has extras) }
10-28 18:19:06.704  1235  1488 I ActivityManager: Starting activity: Intent { act=android.intent.action.PICK dat=content://com.android.contacts/contacts cmp=com.motorola.blur.contacts/.picker.PickIdentityActivity }
10-28 18:19:09.087  1235  1235 W InputManagerService: Starting input on non-focused client com.android.internal.view.IInputMethodClient$Stub$Proxy@45bcc318 (uid=10005 pid=1512)
10-28 18:19:11.047  1235  2033 I ActivityManager: Starting activity: Intent { cmp=com.snakefish.visms/.TextActivity (has extras) }
10-28 18:19:13.807  1235  1243 V DeviceStorageMonitorService: freeMemory=6643818496
10-28 18:19:13.807  1235  1243 V DeviceStorageMonitorService: Threshold Percentage=10
10-28 18:19:13.807  1235  1243 V DeviceStorageMonitorService: mTotalMemory = 70264913
10-28 18:19:13.807  1235  1243 I DeviceStorageMonitorService: Posting Message again
10-28 18:19:20.680  1235  2089 W InputManagerService: Starting input on non-focused client com.android.internal.view.IInputMethodClient$Stub$Proxy@45a15960 (uid=10078 pid=1740)
10-28 18:19:45.954  1235  1243 D StatusBarPolicy: handleBatteryUpdate
10-28 18:20:13.809  1235  1243 V DeviceStorageMonitorService: freeMemory=6643818496
10-28 18:20:13.809  1235  1243 V DeviceStorageMonitorService: Threshold Percentage=10
10-28 18:20:13.809  1235  1243 V DeviceStorageMonitorService: mTotalMemory = 70264913
10-28 18:20:13.809  1235  1243 I DeviceStorageMonitorService: Posting Message again
10-28 18:21:13.805  1235  1243 V DeviceStorageMonitorService: freeMemory=6643818496
10-28 18:21:13.805  1235  1243 V DeviceStorageMonitorService: Threshold Percentage=10
10-28 18:21:13.805  1235  1243 V DeviceStorageMonitorService: mTotalMemory = 70264913
10-28 18:21:13.805  1235  1243 I DeviceStorageMonitorService: Posting Message again
10-28 18:22:13.813  1235  1243 V DeviceStorageMonitorService: freeMemory=6643818496
10-28 18:22:13.813  1235  1243 V DeviceStorageMonitorService: Threshold Percentage=10
10-28 18:22:13.813  1235  1243 V DeviceStorageMonitorService: mTotalMemory = 70264913
10-28 18:22:13.813  1235  1243 I DeviceStorageMonitorService: Posting Message again
10-28 18:23:07.188  1235  1243 D StatusBarPolicy: handleBatteryUpdate
10-28 18:23:13.399  1235  1490 W InputManagerService: Window already focused, ignoring focus gain of: com.android.internal.view.IInputMethodClient$Stub$Proxy@45d98a00
10-28 18:23:13.815  1235  1243 V DeviceStorageMonitorService: freeMemory=6643818496
10-28 18:23:13.815  1235  1243 V DeviceStorageMonitorService: Threshold Percentage=10
10-28 18:23:13.815  1235  1243 V DeviceStorageMonitorService: mTotalMemory = 70264913
10-28 18:23:13.815  1235  1243 I DeviceStorageMonitorService: Posting Message again
10-28 18:24:13.817  1235  1243 V DeviceStorageMonitorService: freeMemory=6643818496
10-28 18:24:13.817  1235  1243 V DeviceStorageMonitorService: Threshold Percentage=10
10-28 18:24:13.817  1235  1243 V DeviceStorageMonitorService: mTotalMemory = 70264913
10-28 18:24:13.817  1235  1243 I DeviceStorageMonitorService: Posting Message again
10-28 18:24:49.821  1235  2033 I ActivityManager: Starting activity: Intent { act=android.intent.action.MAIN cat=[android.intent.category.LAUNCHER] flg=0x10200000 cmp=com.snakefish.visms/.ConversationsActivity }
10-28 18:24:50.188  1235  2033 W InputManagerService: Starting input on non-focused client com.android.internal.view.IInputMethodClient$Stub$Proxy@45bac1d0 (uid=10005 pid=1340)
10-28 18:24:51.485  1235  1889 I ActivityManager: Starting activity: Intent { cmp=com.snakefish.visms/.OptionsList }
10-28 18:24:53.126  1235  1344 I ActivityManager: Starting activity: Intent { cmp=com.snakefish.visms/.MainChatWindow (has extras) }
10-28 18:24:53.719  1235  1491 I ActivityManager: Starting activity: Intent { cmp=com.snakefish.visms/.OptionsList }
10-28 18:24:55.969  1235  1889 I ActivityManager: Starting activity: Intent { act=android.intent.action.PICK dat=content://com.android.contacts/contacts cmp=com.motorola.blur.contacts/.picker.PickIdentityActivity }
10-28 18:24:57.774  1235  1488 W InputManagerService: Starting input on non-focused client com.android.internal.view.IInputMethodClient$Stub$Proxy@45bcc318 (uid=10005 pid=1512)
10-28 18:24:59.297  1235  1454 I ActivityManager: Starting activity: Intent { cmp=com.snakefish.visms/.TextActivity (has extras) }
10-28 18:24:59.852  1235  2033 I ActivityManager: Starting activity: Intent { cmp=com.snakefish.visms/.OptionsList }
10-28 18:25:09.602  1235  1454 I ActivityManager: Starting activity: Intent { act=android.intent.action.MAIN cat=[android.intent.category.LAUNCHER] flg=0x10200000 cmp=com.snakefish.visms/.IncomingMessage }
10-28 18:25:09.977  1235  1490 W InputManagerService: Starting input on non-focused client com.android.internal.view.IInputMethodClient$Stub$Proxy@45bac1d0 (uid=10005 pid=1340)
10-28 18:25:10.798  1235  1346 I ActivityManager: Starting activity: Intent { cmp=com.snakefish.visms/.OptionsList }
10-28 18:25:13.821  1235  1243 V DeviceStorageMonitorService: freeMemory=6643818496
10-28 18:25:13.821  1235  1243 V DeviceStorageMonitorService: Threshold Percentage=10
10-28 18:25:13.821  1235  1243 V DeviceStorageMonitorService: mTotalMemory = 70264913
10-28 18:25:13.821  1235  1243 I DeviceStorageMonitorService: Posting Message again
10-28 18:26:13.823  1235  1243 V DeviceStorageMonitorService: freeMemory=6643818496
10-28 18:26:13.823  1235  1243 V DeviceStorageMonitorService: Threshold Percentage=10
10-28 18:26:13.823  1235  1243 V DeviceStorageMonitorService: mTotalMemory = 70264913
10-28 18:26:13.823  1235  1243 I DeviceStorageMonitorService: Posting Message again
10-28 18:26:51.883  1235  1243 D StatusBarPolicy: handleBatteryUpdate
10-28 18:27:13.824  1235  1243 V DeviceStorageMonitorService: freeMemory=6643818496
10-28 18:27:13.824  1235  1243 V DeviceStorageMonitorService: Threshold Percentage=10
10-28 18:27:13.824  1235  1243 V DeviceStorageMonitorService: mTotalMemory = 70264913
10-28 18:27:13.824  1235  1243 I DeviceStorageMonitorService: Posting Message again
10-28 18:28:13.826  1235  1243 V DeviceStorageMonitorService: freeMemory=6643818496
10-28 18:28:13.826  1235  1243 V DeviceStorageMonitorService: Threshold Percentage=10
10-28 18:28:13.829  1235  1243 V DeviceStorageMonitorService: mTotalMemory = 70264913
10-28 18:28:13.829  1235  1243 I DeviceStorageMonitorService: Posting Message again
10-28 18:29:13.829  1235  1243 V DeviceStorageMonitorService: freeMemory=6643818496
10-28 18:29:13.829  1235  1243 V DeviceStorageMonitorService: Threshold Percentage=10
10-28 18:29:13.829  1235  1243 V DeviceStorageMonitorService: mTotalMemory = 70264913
10-28 18:29:13.829  1235  1243 I DeviceStorageMonitorService: Posting Message again
10-28 18:29:38.673  1235  1488 I ActivityManager: Starting activity: Intent { flg=0x14200000 cmp=com.android.calendar/.LaunchActivity (has extras) }
10-28 18:29:38.844  1235  1890 I ActivityManager: Starting activity: Intent { flg=0x20020000 cmp=com.android.calendar/.DayActivity (has extras) }
10-28 18:30:07.243  1235  1243 D StatusBarPolicy: handleBatteryUpdate
10-28 18:30:13.829  1235  1243 V DeviceStorageMonitorService: freeMemory=6643814400
10-28 18:30:13.829  1235  1243 V DeviceStorageMonitorService: Threshold Percentage=10
10-28 18:30:13.829  1235  1243 V DeviceStorageMonitorService: mTotalMemory = 70264913
10-28 18:30:13.829  1235  1243 I DeviceStorageMonitorService: Posting Message again
--------- beginning of /dev/log/main
10-28 18:30:53.860  1424  1448 D BlurContactsExtensions: ===== Android image decode:  downSample=1 downScaleX=0 downScaleY=1
10-28 18:30:53.868  1424  1448 D BlurContactsExtensions: ===== Cropping img: cropWidth=100 cropHeight=136
10-28 18:30:53.883  1424  1448 D DateUtil: now.getTimeZone(): Eastern Standard Time
10-28 18:30:53.891  1424  1448 V SocialWidgetProvider: DisplayName: Ryan Sweitzer for RawContactId: 531
10-28 18:30:53.915  1424  1448 D SocialWidgetProvider: updated id 2:READY TO RAGE
10-28 18:30:53.946  1340  1340 D dalvikvm: GC_EXPLICIT freed 1046 objects / 46608 bytes in 39ms
10-28 18:31:00.008  1235  1243 D KeyguardUpdateMonitor: received broadcast android.intent.action.TIME_TICK
10-28 18:31:00.016  1235  1259 D KeyguardUpdateMonitor: handleTimeUpdate
10-28 18:31:06.899  3823  6117 I zomut.watchdog.monitor: init
10-28 18:31:06.907  3823  6117 I zomut.watchdog.monitor: begin
10-28 18:31:06.977  3823  6117 D dalvikvm: GC_FOR_MALLOC freed 4127 objects / 554024 bytes in 35ms
10-28 18:31:07.048  3823  6117 D dalvikvm: GC_FOR_MALLOC freed 3025 objects / 505704 bytes in 34ms
10-28 18:31:07.133  3823  6117 D dalvikvm: GC_FOR_MALLOC freed 4163 objects / 518064 bytes in 35ms
10-28 18:31:07.180  3823  6117 I zomut.watchdog.monitor: end
10-28 18:31:13.829  1235  1243 V DeviceStorageMonitorService: freeMemory=6643814400
10-28 18:31:13.829  1235  1243 V DeviceStorageMonitorService: Threshold Percentage=10
10-28 18:31:13.829  1235  1243 V DeviceStorageMonitorService: mTotalMemory = 70264913
10-28 18:31:13.829  1235  1243 I DeviceStorageMonitorService: Posting Message again
10-28 18:31:18.883  1235  1243 I InputManagerService: received close system dialog event
10-28 18:31:18.899  1235  1260 I ActivityManager: Starting activity: Intent { act=android.intent.action.MAIN cat=[android.intent.category.HOME] flg=0x10200000 cmp=com.motorola.blur.home/.HomeActivity }
10-28 18:31:18.938  1544  1544 D ComposeMsgActivity: Power Long Key Press - BroadcastReceiver - START
10-28 18:31:18.938  1544  1544 D ComposeMsgActivity: Power Long Key Press - BroadcastReceiver - END
10-28 18:31:18.938  1544  1544 V MessageUtils: MSG-TABLE - query START, uri=content://sms, projection=(_id body priority ), selection=thread_id=14 AND type=3, args=
10-28 18:31:18.969  1235  1344 W InputManagerService: Ignoring hideSoftInput of: com.android.internal.view.IInputMethodClient$Stub$Proxy@45cd0df8
10-28 18:31:18.993  1235  1488 W InputManagerService: Starting input on non-focused client com.android.internal.view.IInputMethodClient$Stub$Proxy@45e54378 (uid=10021 pid=1563)
10-28 18:31:19.024  1844  1844 W WidgetAidService: BroadcastReceiver onReceive called
10-28 18:31:19.024  1844  1844 D WidgetAidService: ACTION_HOME_SCREEN_CHANGED - 3
10-28 18:31:19.040  1844  1844 D WidgetAidService: HomeScreen gained focus/panned
10-28 18:31:19.180  1544  1544 V MessageUtils: MSG-TABLE - query END, counter=-23, cursor=android.content.ContentResolver$CursorWrapperInner@458f57e0, stack= <- log <- verbose <- query <- queryDraftSmsMessage <- deleteTemporarySmsMessage
10-28 18:31:19.274  1844  1844 D WidgetAidService: widgetScreenIndex - 5
10-28 18:31:19.274  1844  1844 W WidgetAidService: BroadcastReceiver onReceive called
10-28 18:31:19.274  1844  1844 D WidgetAidService: ACTION_HOME_SCREEN_CHANGED - 3
10-28 18:31:19.290  1844  1844 D WidgetAidService: HomeScreen gained focus/panned
10-28 18:31:19.298  1544  1544 V MessageUtils: MSG-TABLE - close, counter=-24, cursor=android.content.ContentResolver$CursorWrapperInner@458f57e0, stack= <- log <- verbose <- closeCursor <- deleteTemporarySmsMessage <- access$4800
10-28 18:31:19.391  1844  1844 D WidgetAidService: widgetScreenIndex - 5
10-28 18:31:19.407  1544  6119 V MessageUtils: MSG-TABLE - query START, uri=content://mms-sms/draft, projection=(thread_id ), selection=null, args=
10-28 18:31:19.438  1544  6119 V MessageUtils: MSG-TABLE - query END, counter=-23, cursor=android.content.ContentResolver$CursorWrapperInner@458c3b10, stack= <- log <- verbose <- query <- rebuildCache <- access$000
10-28 18:31:19.438  1544  6119 V MessageUtils: MSG-TABLE - close, counter=-24, cursor=android.content.ContentResolver$CursorWrapperInner@458c3b10, stack= <- log <- verbose <- closeCursor <- rebuildCache <- access$000
10-28 18:31:21.227  1235  2033 W InputManagerService: Window already focused, ignoring focus gain of: com.android.internal.view.IInputMethodClient$Stub$Proxy@45ca0ee8
10-28 18:31:40.930  1317  1317 V StorageMonRcvr: onReceive received intent: Intent { act=com.motorola.blur.service.blur.Actions.CHECK_STORAGE_USAGE flg=0x4 cmp=com.motorola.blur.service.storagemon/.StorageMonitorBroadcastReceiver (has extras) }
10-28 18:31:40.938  1317  1317 V StorageMonRcvr: onReceive() called start service on the StorageMonitorService: com.motorola.blur.service.storagemon.StorageMonitorService
10-28 18:31:40.938  1317  1317 V StorageMonSvc: onStart() called with startId=102, intent=Intent { act=com.motorola.blur.service.blur.Actions.CHECK_STORAGE_USAGE flg=0x4 cmp=com.motorola.blur.service.storagemon/.StorageMonitorService (has extras) }
10-28 18:31:41.009  1317  1921 I StorageMonSvc: run() starting with intent: Intent { act=com.motorola.blur.service.blur.Actions.CHECK_STORAGE_USAGE flg=0x4 cmp=com.motorola.blur.service.storagemon/.StorageMonitorService (has extras) }
10-28 18:31:41.009  1317  1921 V StorageMonSvc: run() running storage check on all packages...
10-28 18:31:41.009  1317  1921 V StorageMon: getFilesystemFreeBlocks() totalBlockCount=1715452, blockSize=4096, freeBlocks=1622025
10-28 18:31:41.016  1317  1921 V StorageMonSvc: checkStorageUsage() no packageName specified.  Running for all packages
10-28 18:31:41.016  1317  1921 V StorageMon: checkStorageUsage() starting for package: com.motorola.blur.service.email
10-28 18:31:41.016  1317  1921 V StorageMon: checkStorageUsage() using package manager to retrive package size for com.motorola.blur.service.email
10-28 18:31:41.024  1317  1921 V StorageMon: checkStorageUsage() found package stats for package: com.motorola.blur.service.email, cacheSize=0, codeSize=0, dataSize=61440, describeContents=0
10-28 18:31:41.024  1317  1921 V StorageMonSvc: checkStatus() monitor=com.motorola.blur.service.storagemon.StorageMonitor(com.motorola.blur.service.email,vnd.motorola.blur.ageable/vnd.motorola.blur.email,0,0), status=STORAGE_OK
10-28 18:31:41.024  1317  1921 V StorageMon: checkStorageUsage() starting for package: com.motorola.blur.news
10-28 18:31:41.024  1317  1921 V StorageMon: checkStorageUsage() using package manager to retrive package size for com.motorola.blur.news
10-28 18:31:41.032  1317  1921 V StorageMon: checkStorageUsage() found package stats for package: com.motorola.blur.news, cacheSize=0, codeSize=0, dataSize=1171456, describeContents=0
10-28 18:31:41.032  1317  1921 V StorageMonSvc: checkStatus() monitor=com.motorola.blur.service.storagemon.StorageMonitor(com.motorola.blur.news,vnd.motorola.blur.ageable/vnd.motorola.blur.news,0,0), status=STORAGE_OK
10-28 18:31:41.094  1317  1921 I StorageMonSvc: run() scheduling the next check.  mCheckIntervalMillis=1200000
10-28 18:31:45.758  1316  1316 D dalvikvm: GC_FOR_MALLOC freed 12072 objects / 523168 bytes in 84ms
10-28 18:32:00.008  1235  1243 D KeyguardUpdateMonitor: received broadcast android.intent.action.TIME_TICK
10-28 18:32:00.008  1235  1259 D KeyguardUpdateMonitor: handleTimeUpdate
10-28 18:32:07.258  3823  6120 I zomut.watchdog.monitor: init
10-28 18:32:07.258  3823  6120 I zomut.watchdog.monitor: begin
10-28 18:32:07.329  3823  6120 D dalvikvm: GC_FOR_MALLOC freed 5926 objects / 549384 bytes in 35ms
10-28 18:32:07.399  3823  6120 D dalvikvm: GC_FOR_MALLOC freed 3073 objects / 517792 bytes in 34ms
10-28 18:32:07.469  3823  6120 D dalvikvm: GC_FOR_MALLOC freed 3031 objects / 505560 bytes in 35ms
10-28 18:32:07.540  3823  6120 I zomut.watchdog.monitor: end
10-28 18:32:13.141  3477  3477 D dalvikvm: GC_EXPLICIT freed 61 objects / 3288 bytes in 70ms
10-28 18:32:13.834  1235  1243 V DeviceStorageMonitorService: freeMemory=6643814400
10-28 18:32:13.834  1235  1243 V DeviceStorageMonitorService: Threshold Percentage=10
10-28 18:32:13.834  1235  1243 V DeviceStorageMonitorService: mTotalMemory = 70264913
10-28 18:32:13.834  1235  1243 I DeviceStorageMonitorService: Posting Message again
10-28 18:32:37.829  1865  1865 D dalvikvm: GC_EXPLICIT freed 459 objects / 24728 bytes in 115ms
10-28 18:33:00.008  1235  1243 D KeyguardUpdateMonitor: received broadcast android.intent.action.TIME_TICK
10-28 18:33:00.008  1235  1259 D KeyguardUpdateMonitor: handleTimeUpdate
10-28 18:33:01.045  1235  1243 D KeyguardUpdateMonitor: received broadcast android.intent.action.TIME_SET
10-28 18:33:01.045  1235  1259 D KeyguardUpdateMonitor: handleTimeUpdate
10-28 18:33:01.123  1563  6122 D CalAppWidgetService: SERVICE RUN: widgetId: 9
10-28 18:33:01.123  1563  6122 D CalAppWidgetService: spanX: 4
10-28 18:33:01.123  1563  6122 D CalAppWidgetService: spanX: 1
10-28 18:33:01.154  1563  1563 D AlertReceiver: onReceive: a=android.intent.action.TIME_SET Intent { act=android.intent.action.TIME_SET flg=0x20000000 cmp=com.android.calendar/.AlertReceiver }
10-28 18:33:01.240  1563  6123 D AlertService: 0 Action = android.intent.action.TIME_SET
10-28 18:33:01.287  1235  1889 D dalvikvm: GC_FOR_MALLOC freed 47509 objects / 2178040 bytes in 117ms
10-28 18:33:01.310  1561  1561 I FotaAutoUpdate: autoUpdateFeatureOn:falseautoUpdateAirtimeFree:falseautoUpdateInterval:1209600autoUpdateImplicitDeferInterval:86400autoUpdateAfterMDNChangeInterval:120
10-28 18:33:01.318  1561  1561 I FotaAutoUpdate: onStart Called:android.intent.action.TIME_SET
10-28 18:33:01.318  1561  1561 V FotaAutoUpdate: mServiceHandler is not null
10-28 18:33:01.321  1512  1526 D GroupCache: Groups database table has changed. Refreshing the groups cache
10-28 18:33:01.321  1512  1526 V GroupCache: Queue group cache refresh request, delayed (ms): 3000
10-28 18:33:01.326  1561  6124 I FotaAutoUpdate: handleMessage(android.intent.action.TIME_SET)
10-28 18:33:01.381  1563  6122 D dalvikvm: GC_FOR_MALLOC freed 12332 objects / 584072 bytes in 54ms
10-28 18:33:01.389  1563  6123 D Calendar: missed alarms found: 0
10-28 18:33:01.389  1563  6122 D CalAppWidgetService: Widget Calendar Selection string: Calendars.SELECTED=1
10-28 18:33:01.435  1563  6122 D CalAppWidgetService: WVGA device
10-28 18:33:01.435  1563  6122 D CalAppWidgetService: 4x1
10-28 18:33:01.435  1563  6122 D CalAppWidgetService: setHeader() - went into high density if
10-28 18:33:01.467  1563  6122 D CalAppWidgetService: no requested update or expired wakelock, bailing
10-28 18:33:01.493  1316  1316 I AtCmdDelegate: handle message:1
10-28 18:33:01.521  1563  6123 D AlertService: alert count:1
10-28 18:33:01.521  1563  6123 D AlertService: alarmTime:1288303200000 alertId:37 eventId:181 state: 1 minutes:120 declined:false beginTime:1288310400000 endTime:1288396800000
10-28 18:33:01.529  1340  1340 D dalvikvm: GC_EXPLICIT freed 4947 objects / 230744 bytes in 58ms
10-28 18:33:01.532  1235  1235 D AlarmManagerService: Kernel timezone updated to 240 minutes west of GMT
10-28 18:33:01.532  1316  1316 D SystemClock: Setting time of day to sec=1288305181
10-28 18:33:01.607  1563  6123 D AlertService: ###### creating new alarm notification, numReminders: 1 QUIET
10-28 18:33:03.873  1294  1302 D DEBUG   : Selection used is -null
10-28 18:33:03.881  1512  1526 D GroupCache: Getting user-defined groups
10-28 18:33:03.881  1512  1526 D GroupCache: Encountered group title, Family
10-28 18:33:03.889  1512  1526 D GroupCache: Encountered group title, Imported Contacts
10-28 18:33:03.896  1512  1526 D GroupCache: Encountered group title, Usability
10-28 18:33:03.896  1512  1526 D GroupCache: Encountered source name, null
10-28 18:33:03.896  1512  1526 D SourceCache: Returning stroed ICON FOR-com.motorola.android.buacontactadapter:Phone:
10-28 18:33:03.896  1512  1526 D GroupCache: Encountered source name, blur
10-28 18:33:03.896  1512  1526 D GroupCache: Encountered source name, null
10-28 18:33:03.896  1512  1526 D GroupCache: Encountered source name, facebook
10-28 18:33:03.896  1512  1526 D SourceCache: Returning stroed ICON FOR-com.motorola.blur.service.bsutils.MOTHER_USER_CREDS_TYPE:a0000022712d6a6532772297749992488@random.svcmot.com:facebook
10-28 18:33:03.896  1512  1526 D GroupCache: Encountered source name, facebook
10-28 18:33:03.904  1512  1526 D SourceCache: Returning stroed ICON FOR-com.motorola.blur.service.bsutils.MOTHER_USER_CREDS_TYPE:a0000022712d6a6532772297749992488@random.svcmot.com:facebook
10-28 18:33:03.904  1512  1526 D GroupCache: Notifying observers of the group cache that its state has changed
10-28 18:33:05.271  1316  1316 I AtCmdDelegate: handle message:1
10-28 18:33:05.303  1235  2033 D AlarmManagerService: Kernel timezone updated to 240 minutes west of GMT
10-28 18:33:07.099  3823  6125 I zomut.watchdog.monitor: init
10-28 18:33:07.099  3823  6125 I zomut.watchdog.monitor: begin
10-28 18:33:07.154  3823  6125 D dalvikvm: GC_FOR_MALLOC freed 7056 objects / 545104 bytes in 34ms
10-28 18:33:07.224  3823  6125 D dalvikvm: GC_FOR_MALLOC freed 3004 objects / 513992 bytes in 34ms
10-28 18:33:07.295  3823  6125 D dalvikvm: GC_FOR_MALLOC freed 3031 objects / 505400 bytes in 34ms
10-28 18:33:07.381  3823  6125 I zomut.watchdog.monitor: end
10-28 18:33:13.340  1235  1243 V DeviceStorageMonitorService: freeMemory=6643810304
10-28 18:33:13.340  1235  1243 V DeviceStorageMonitorService: Threshold Percentage=10
10-28 18:33:13.340  1235  1243 V DeviceStorageMonitorService: mTotalMemory = 70264913
10-28 18:33:13.340  1235  1243 I DeviceStorageMonitorService: Posting Message again
10-28 18:33:35.764  1235  1254 D BatteryTempPolicy: updateBatteryTemp temperature = 290, Threshhold = 3
10-28 18:33:35.771  1235  1243 D KeyguardUpdateMonitor: received broadcast android.intent.action.BATTERY_CHANGED
10-28 18:33:35.771  1235  1259 D KeyguardUpdateMonitor: handleBatteryUpdate
10-28 18:33:35.810  1235  1243 D StatusBarPolicy: handleBatteryUpdate
10-28 18:33:35.818  5509  5509 E GlobalUnplugService: plugged = true,mBatteryPlugged=true
10-28 18:34:00.014  1235  1243 D KeyguardUpdateMonitor: received broadcast android.intent.action.TIME_TICK
10-28 18:34:00.014  1235  1259 D KeyguardUpdateMonitor: handleTimeUpdate
10-28 18:34:07.435  3823  6128 I zomut.watchdog.monitor: init
10-28 18:34:07.435  3823  6128 I zomut.watchdog.monitor: begin
10-28 18:34:07.482  3823  6128 D dalvikvm: GC_FOR_MALLOC freed 7046 objects / 541688 bytes in 35ms
10-28 18:34:07.553  3823  6128 D dalvikvm: GC_FOR_MALLOC freed 3003 objects / 516200 bytes in 34ms
10-28 18:34:07.623  3823  6128 D dalvikvm: GC_FOR_MALLOC freed 3031 objects / 505576 bytes in 34ms
10-28 18:34:07.740  3823  6128 D dalvikvm: GC_FOR_MALLOC freed 5567 objects / 493576 bytes in 34ms
10-28 18:34:07.748  3823  6128 I zomut.watchdog.monitor: end
10-28 18:34:13.342  1235  1243 V DeviceStorageMonitorService: freeMemory=6643814400
10-28 18:34:13.342  1235  1243 V DeviceStorageMonitorService: Threshold Percentage=10
10-28 18:34:13.342  1235  1243 V DeviceStorageMonitorService: mTotalMemory = 70264913
10-28 18:34:13.342  1235  1243 I DeviceStorageMonitorService: Posting Message again
10-28 18:34:18.521  1235  1344 I ActivityManager: Starting activity: Intent { act=android.intent.action.MAIN cat=[android.intent.category.LAUNCHER] flg=0x10200000 cmp=com.google.android.apps.googlevoice/.SplashActivity bnds=[5,640][115,758] }
10-28 18:34:18.545  1844  1844 W WidgetAidService: BroadcastReceiver onReceive called
10-28 18:34:18.545  1844  1844 D WidgetAidService: ACTION_HOME_SCREEN_CHANGED - -1
10-28 18:34:18.592  1844  1844 D WidgetAidService: HomeScreen has lost focus, store the previous state and move to pause
10-28 18:34:18.592  1844  1844 D WidgetAidService: Ignoring the HOME_SCREEN_CHANGED notification as the player is either in paused/playing state
10-28 18:34:18.990  1294  2078 D dalvikvm: GC_EXPLICIT freed 7177 objects / 426664 bytes in 48ms
10-28 18:34:20.037  1235  1258 I WindowManager: Setting rotation to 1, animFlags=1
10-28 18:34:20.045  1235  1258 I ActivityManager: Config changed: { scale=1.0 imsi=310/4 loc=en_US touch=3 keys=2/1/1 nav=2/1 orien=2 layout=34 uiMode=17 seq=25}
10-28 18:34:20.412  1235  1243 D dalvikvm: GC_EXTERNAL_ALLOC freed 22029 objects / 996504 bytes in 130ms
10-28 18:34:20.521  1544  1544 V Mms     : onConfigurationChanged
10-28 18:34:20.748  1235  2149 W InputManagerService: Starting input on non-focused client com.android.internal.view.IInputMethodClient$Stub$Proxy@45d20d90 (uid=10089 pid=1865)
10-28 18:34:20.764  1235  2089 W InputManagerService: Starting input on non-focused client com.android.internal.view.IInputMethodClient$Stub$Proxy@45d20d90 (uid=10089 pid=1865)
10-28 18:34:20.779  1235  1491 W InputManagerService: Starting input on non-focused client com.android.internal.view.IInputMethodClient$Stub$Proxy@45d20d90 (uid=10089 pid=1865)
10-28 18:34:21.224  1760  1760 D dalvikvm: GC_EXTERNAL_ALLOC freed 3285 objects / 196080 bytes in 57ms
10-28 18:34:22.639  1235  1257 D dalvikvm: GC_EXPLICIT freed 2716 objects / 166376 bytes in 128ms
10-28 18:34:24.029  1760  1765 I dalvikvm: Jit: resizing JitTable from 8192 to 16384
10-28 18:34:25.381  1294  1303 D dalvikvm: GC_EXPLICIT freed 4801 objects / 324752 bytes in 108ms
10-28 18:34:27.959  1512  1526 D GroupCache: Groups database table has changed. Refreshing the groups cache
10-28 18:34:27.959  1512  1526 V GroupCache: Queue group cache refresh request, delayed (ms): 3000
10-28 18:34:28.396  1294  1409 D dalvikvm: GC_EXPLICIT freed 5316 objects / 369088 bytes in 65ms
10-28 18:34:28.467  1316  1316 I AtCmdDelegate: handle message:1
10-28 18:34:28.514  1235  1240 D AlarmManagerService: Kernel timezone updated to 240 minutes west of GMT
10-28 18:34:29.826  1760  1760 W KeyCharacterMap: Can't open keycharmap file
10-28 18:34:29.826  1760  1760 W KeyCharacterMap: Error loading keycharmap file '/system/usr/keychars/qtouch-touchscreen.kcm.bin'. hw.keyboards.65538.devname='qtouch-touchscreen'
10-28 18:34:29.826  1760  1760 W KeyCharacterMap: Using default keymap: /system/usr/keychars/qwerty.kcm.bin
10-28 18:34:30.107  1340  1340 W Launcher: HAO - Locked=0, Current=2, is landscape?=true
10-28 18:34:30.162  1844  1844 W WidgetAidService: BroadcastReceiver onReceive called
10-28 18:34:30.162  1844  1844 D WidgetAidService: ACTION_HOME_SCREEN_CHANGED - 3
10-28 18:34:30.201  1317  1331 D DSCP    : Broadcasting home_orientation
10-28 18:34:30.256  1760  1760 W IInputConnectionWrapper: showStatusIcon on inactive InputConnection
10-28 18:34:30.256  1235  1347 W InputManagerService: Starting input on non-focused client com.android.internal.view.IInputMethodClient$Stub$Proxy@45a7e220 (uid=10105 pid=1760)
10-28 18:34:30.263  1844  1844 D WidgetAidService: HomeScreen gained focus/panned
10-28 18:34:30.334  1844  1844 D WidgetAidService: widgetScreenIndex - 5
10-28 18:34:30.334  1844  1844 W WidgetAidService: BroadcastReceiver onReceive called
10-28 18:34:30.334  1844  1844 D WidgetAidService: ACTION_HOME_SCREEN_CHANGED - -1
10-28 18:34:30.334  1844  1844 D WidgetAidService: HomeScreen has lost focus, store the previous state and move to pause
10-28 18:34:30.342  1844  1844 D WidgetAidService: Ignoring the HOME_SCREEN_CHANGED notification as the player is either in paused/playing state
10-28 18:34:30.342  1844  1844 W WidgetAidService: BroadcastReceiver onReceive called
10-28 18:34:30.342  1844  1844 D WidgetAidService: ACTION_HOME_SCREEN_CHANGED - 3
10-28 18:34:30.342  1844  1844 D WidgetAidService: HomeScreen gained focus/panned
10-28 18:34:30.342  1325  1611 I SyncActivityLog: not:Local change notification received for clientsettings/blur
10-28 18:34:30.342  1325  1611 V SncNtfctnRcvr: Enqueueing sync task for BlurSetupSyncHandler
10-28 18:34:30.357  1844  1844 D WidgetAidService: widgetScreenIndex - 5
10-28 18:34:30.396  1325  1611 I SyncActivityLog: not:Received notification for BlurSetupSyncHandler.  Delay of 5000 ms with signature 58845169.
10-28 18:34:30.482  1836  1836 I WifiToggle: OnReceive
10-28 18:34:30.490  1836  1836 I WifiToggle: getServiceState.DISABLED_STATE
10-28 18:34:30.490  1836  1836 I WifiToggle: UpdateWidget - currentState=DISABLED_STATE
10-28 18:34:30.490  1836  1836 I WifiToggle: updateButtons
10-28 18:34:30.584  1447  1447 D ChipWidgetProvider: Received intent Intent { act=com.motorola.blur.home.ACTION_SET_WIDGET_SIZE cmp=com.motorola.blur.home.status/.StatusWidgetProvider (has extras) }
10-28 18:34:30.584  1447  1447 D ChipWidgetProvider: a22417 debug in chipwidgetprovider function updatewidget the pendingUpdates is :android.util.SparseIntArray@45a2e268
10-28 18:34:30.592  1447  1986 D StatusWidgetProvider: doUpdateWidget x: 4 y: 1
10-28 18:34:30.592  1447  1447 D ChipWidgetProvider: Received intent Intent { act=com.motorola.blur.home.ACTION_WIDGET_ADDED cmp=com.motorola.blur.home.status/.StatusWidgetProvider (has extras) }
10-28 18:34:30.623  1447  1986 D DateUtil: now.getTimeZone(): Eastern Standard Time
10-28 18:34:30.631  1447  1986 D DateUtil: now.getTimeZone(): Eastern Standard Time
10-28 18:34:30.662  1424  1424 D ChipWidgetProvider: Received intent Intent { act=com.motorola.blur.home.ACTION_SET_WIDGET_SIZE cmp=com.motorola.blur.friendfeed/.widget.SocialWidgetProvider (has extras) }
10-28 18:34:30.662  1424  1424 D ChipWidgetProvider: a22417 debug in chipwidgetprovider function updatewidget the pendingUpdates is :android.util.SparseIntArray@459efd78
10-28 18:34:30.678  1424  1424 D ChipWidgetProvider: Received intent Intent { act=com.motorola.blur.home.ACTION_WIDGET_ADDED cmp=com.motorola.blur.friendfeed/.widget.SocialWidgetProvider (has extras) }
10-28 18:34:30.685  1424  1481 D SocialWidgetProvider: doUpdateWidget id: 2 x: 4 y: 1
10-28 18:34:30.709  1836  1836 I WifiToggle: OnReceive
10-28 18:34:30.709  1836  1836 I WifiToggle: getServiceState.DISABLED_STATE
10-28 18:34:30.709  1836  1836 I WifiToggle: UpdateWidget - currentState=DISABLED_STATE
10-28 18:34:30.709  1836  1836 I WifiToggle: updateButtons
10-28 18:34:30.732  1836  1836 I BluetoothToggle: OnReceive
10-28 18:34:30.732  1836  1836 I BluetoothToggle: getServiceState
10-28 18:34:30.732  1836  1836 I BluetoothToggle: getServiceState.DISABLED_STATE
10-28 18:34:30.732  1836  1836 I BluetoothToggle: UpdateWidget - currentState=DISABLED_STATE
10-28 18:34:30.740  1836  1836 I BluetoothToggle: updateButtons
10-28 18:34:30.771  1836  1836 I GpsToggle: OnReceive
10-28 18:34:30.771  1836  1836 I GpsToggle: getServiceState.DISABLED_STATE
10-28 18:34:30.771  1836  1836 I GpsToggle: UpdateWidget - currentState=DISABLED_STATE
10-28 18:34:30.771  1836  1836 I GpsToggle: updateButtons
10-28 18:34:30.779  1836  1836 I AirplaneModeToggle: OnReceive
10-28 18:34:30.787  1836  1836 I AirplaneModeToggle: getServiceState.DISABLED_STATE
10-28 18:34:30.787  1836  1836 I AirplaneModeToggle: UpdateWidget - currentState=DISABLED_STATE
10-28 18:34:30.787  1836  1836 I AirplaneModeToggle: updateButtons
10-28 18:34:30.818  1424  1481 D SocialWidgetProvider: filterType: 0
10-28 18:34:30.818  1424  1481 D SocialWidgetProvider: filter: read_state=1 AND pub_date>1288218870825 AND owner=0
10-28 18:34:30.834  1424  1481 D SocialWidgetProvider: ===== getImageDimens: width=171 height=99
10-28 18:34:30.834  1424  1481 D BlurContactsExtensions: ===== targetSize: width=171 height=99
10-28 18:34:30.889  1424  1481 D BlurContactsExtensions: ===== imageStream: imageWidth=196 imageHeight=438
10-28 18:34:30.889  1424  1481 D BlurContactsExtensions: ===== Using default android decode api...
10-28 18:34:30.889  1424  1481 D BlurContactsExtensions: ===== Android image decode:  downSample=1 downScaleX=1 downScaleY=4
10-28 18:34:30.904  1408  1408 D ChipWidgetProvider: Received intent Intent { act=com.motorola.blur.home.ACTION_SET_WIDGET_SIZE cmp=com.motorola.blur.weather/.WeatherWidgetProvider (has extras) }
10-28 18:34:30.904  1408  1408 D ChipWidgetProvider: a22417 debug in chipwidgetprovider function updatewidget the pendingUpdates is :android.util.SparseIntArray@459d30a0
10-28 18:34:30.928  1408  1820 I WeatherWidgetProvider: doUpdateWidget 7 x:4 y:1
10-28 18:34:30.928  1408  1408 D ChipWidgetProvider: Received intent Intent { act=com.motorola.blur.home.ACTION_WIDGET_ADDED cmp=com.motorola.blur.weather/.WeatherWidgetProvider (has extras) }
10-28 18:34:30.928  1408  1408 D WeatherWidgetProvider: WeatherLoop, onAdded new=false
10-28 18:34:30.943  1408  1820 I WeatherWidgetProvider: ****** settings {"displayName":"Weather","location_codes":[],"temperature_unit":"Fahrenheit"}
10-28 18:34:30.951  1408  1820 I WeatherWidgetProvider: isPortrait is false
10-28 18:34:30.951  1408  1820 I WeatherWidgetProvider: ******* temp1
10-28 18:34:30.951  1408  1820 I WeatherWidgetProvider: ******* temp2
10-28 18:34:30.959  1408  1408 D WeatherWidgetProvider: Weather onAdded - settings={"displayName":"Weather","location_codes":[],"temperature_unit":"Fahrenheit"}
10-28 18:34:30.967  1408  1408 D WeatherUtil: **** checkIfCurrentLocationForecastExists current location exists in forecasts table
10-28 18:34:30.967  1408  1408 D WeatherUtil: Current location already present in Forecasts table
10-28 18:34:30.974  1408  1820 I WeatherWidgetProvider: ******* temp3
10-28 18:34:31.006  1424  1481 D BlurContactsExtensions: ===== Cropping img: cropWidth=196 cropHeight=113
10-28 18:34:31.068  1408  1408 D WeatherService: TEMPLOG: got intent in PollingManagerCallback, intent=Intent { act=com.motorola.blur.weather.UPDATE_STALE_FORECASTS }
10-28 18:34:31.092  1563  1563 D ChipWidgetProvider: Received intent Intent { act=com.motorola.blur.home.ACTION_SET_WIDGET_SIZE cmp=com.android.providers.calendar/.CalendarWidgetProvider (has extras) }
10-28 18:34:31.092  1563  1563 D ChipWidgetProvider: a22417 debug in chipwidgetprovider function updatewidget the pendingUpdates is :android.util.SparseIntArray@4592c4a0
10-28 18:34:31.123  1563  1563 D ChipWidgetProvider: Received intent Intent { act=com.motorola.blur.home.ACTION_WIDGET_ADDED cmp=com.android.providers.calendar/.CalendarWidgetProvider (has extras) }
10-28 18:34:31.178  1317  2523 D dalvikvm: GC_EXPLICIT freed 3945 objects / 227016 bytes in 138ms
10-28 18:34:31.217  1466  1466 D ChipWidgetProvider: Received intent Intent { act=com.motorola.blur.home.ACTION_SET_WIDGET_SIZE cmp=com.motorola.blur.home.message/.MessageWidgetProvider (has extras) }
10-28 18:34:31.217  1466  1466 D ChipWidgetProvider: a22417 debug in chipwidgetprovider function updatewidget the pendingUpdates is :android.util.SparseIntArray@459eb0e8
10-28 18:34:31.248  1466  1466 D ChipWidgetProvider: Received intent Intent { act=com.motorola.blur.home.ACTION_WIDGET_ADDED cmp=com.motorola.blur.home.message/.MessageWidgetProvider (has extras) }
10-28 18:34:31.287  1424  1481 D DateUtil: now.getTimeZone(): Eastern Standard Time
10-28 18:34:31.303  1424  1481 V SocialWidgetProvider: DisplayName: Ryan Sweitzer for RawContactId: 531
10-28 18:34:31.326  1844  1844 D ChipWidgetProvider: Received intent Intent { act=com.motorola.blur.home.ACTION_WIDGET_ADDED cmp=com.motorola.photowidget/.PhotoWidgetAppProvider (has extras) }
10-28 18:34:31.326  1844  1844 V PhotoWidgetAppProvider: onAdded called appWidgetId- 17 New Widget flag- false
10-28 18:34:31.381  1447  1447 D ChipWidgetProvider: Received intent Intent { act=com.motorola.blur.home.ACTION_SET_WIDGET_SIZE cmp=com.motorola.blur.news/.widget.NewsWidgetProvider (has extras) }
10-28 18:34:31.381  1447  1447 D ChipWidgetProvider: a22417 debug in chipwidgetprovider function updatewidget the pendingUpdates is :android.util.SparseIntArray@459d00c0
10-28 18:34:31.396  1447  1447 D ChipWidgetProvider: Received intent Intent { act=com.motorola.blur.home.ACTION_WIDGET_ADDED cmp=com.motorola.blur.news/.widget.NewsWidgetProvider (has extras) }
10-28 18:34:31.467  1447  1825 D DateUtil: now.getTimeZone(): Eastern Standard Time
10-28 18:34:31.490  1408  1408 D WeatherService: TEMPLOG: got ACTION_UPDATE_STALE_FORECASTS intent
10-28 18:34:31.490  1408  1408 I WeatherService: Received a request to update all stale forecasts
10-28 18:34:31.498  1408  1819 D WeatherService: TEMPLOG: loop_id from intent-1
10-28 18:34:31.498  1408  1819 D TEMP    : updateStaleForecasts loopID=-1
10-28 18:34:31.498  1408  1819 I WeatherService: ***updateStale
10-28 18:34:31.498  1408  1819 D WeatherService: TEMPLOG: updateCurrentLocationForecast, loopID=-1
10-28 18:34:31.498  1408  1819 D AWClient: TEMPLOG: getWeatherHelper locationCode=null latitude=43.094913482666016 longitude=-77.68733215332031
10-28 18:34:31.506  1424  1481 D SocialWidgetProvider: updated id 2:READY TO RAGE
10-28 18:34:31.506  1447  1447 D ChipWidgetProvider: Received intent Intent { act=com.motorola.blur.home.ACTION_SET_WIDGET_SIZE cmp=com.motorola.blur.news/.widget.NewsWidgetProvider (has extras) }
10-28 18:34:31.506  1447  1447 D ChipWidgetProvider: a22417 debug in chipwidgetprovider function updatewidget the pendingUpdates is :android.util.SparseIntArray@459d00c0
10-28 18:34:31.529  1447  1447 D ChipWidgetProvider: Received intent Intent { act=com.motorola.blur.home.ACTION_WIDGET_ADDED cmp=com.motorola.blur.news/.widget.NewsWidgetProvider (has extras) }
10-28 18:34:31.592  1563  6133 D CalAppWidgetService: SERVICE RUN: widgetId: 9
10-28 18:34:31.592  1563  6133 D CalAppWidgetService: spanX: 4
10-28 18:34:31.592  1563  6133 D CalAppWidgetService: spanX: 1
10-28 18:34:31.646  1563  6133 D CalAppWidgetService: Widget Calendar Selection string: Calendars.SELECTED=1
10-28 18:34:31.678  1563  6133 D CalAppWidgetService: WVGA device
10-28 18:34:31.678  1563  6133 D CalAppWidgetService: 4x1
10-28 18:34:31.724  1340  1340 D dalvikvm: GC_EXPLICIT freed 11044 objects / 624088 bytes in 52ms
10-28 18:34:31.771  1340  1340 D dalvikvm: GC_EXPLICIT freed 2502 objects / 114976 bytes in 44ms
10-28 18:34:31.834  1340  1340 D dalvikvm: GC_EXPLICIT freed 2401 objects / 117800 bytes in 41ms
10-28 18:34:31.834  1563  6133 D CalAppWidgetService: setHeader() - went into high density if
10-28 18:34:31.881  1340  1340 D dalvikvm: GC_EXPLICIT freed 108 objects / 3904 bytes in 47ms
10-28 18:34:31.928  1340  1340 D dalvikvm: GC_EXPLICIT freed 522 objects / 19904 bytes in 42ms
10-28 18:34:31.974  1340  1340 D dalvikvm: GC_EXPLICIT freed 111 objects / 3976 bytes in 47ms
10-28 18:34:32.021  1563  6133 D CalAppWidgetService: no requested update or expired wakelock, bailing
10-28 18:34:32.029  1340  1340 D dalvikvm: GC_EXPLICIT freed 297 objects / 11152 bytes in 44ms
10-28 18:34:32.099  1340  1340 D dalvikvm: GC_EXPLICIT freed 1804 objects / 84048 bytes in 52ms
10-28 18:34:32.162  1466  6134 V ServiceThreadPool: beforeExecute():  active threads: 1, current pool size: 5, largest pool size: 8
10-28 18:34:32.162  1466  6134 V MessageWidgetProvider: initialized CharsetUtil in0ms
