10-28 19:27:13.933  1235  1243 V DeviceStorageMonitorService: mTotalMemory = 70264913
10-28 19:27:13.933  1235  1243 I DeviceStorageMonitorService: Posting Message again
10-28 19:27:32.949  1235  1487 I ActivityManager: Starting activity: Intent { cmp=com.snakefish.visms/.OptionsList }
10-28 19:28:13.935  1235  1243 V DeviceStorageMonitorService: freeMemory=6643630080
10-28 19:28:13.935  1235  1243 V DeviceStorageMonitorService: Threshold Percentage=10
10-28 19:28:13.935  1235  1243 V DeviceStorageMonitorService: mTotalMemory = 70264913
10-28 19:28:13.935  1235  1243 I DeviceStorageMonitorService: Posting Message again
10-28 19:28:14.534  1235  1487 I ActivityManager: Starting activity: Intent { cmp=com.snakefish.visms/.MainChatWindow (has extras) }
10-28 19:28:19.675  1235  1890 I ActivityManager: Starting activity: Intent { act=android.intent.action.PICK dat=content://com.android.contacts/contacts cmp=com.motorola.blur.contacts/.picker.PickIdentityActivity }
10-28 19:28:33.058  1235  1487 W InputManagerService: Starting input on non-focused client com.android.internal.view.IInputMethodClient$Stub$Proxy@45bcc318 (uid=10005 pid=1512)
10-28 19:28:45.370  1235  1239 I ActivityManager: Starting activity: Intent { cmp=com.snakefish.visms/.TextActivity (has extras) }
10-28 19:29:05.589  1235  1488 I ActivityManager: Process com.motorola.android.syncml.service (pid 1694) has died.
10-28 19:29:05.589  1235  1488 W ActivityManager: Scheduling restart of crashed service com.motorola.android.syncml.service/.SyncEngineService in 5000ms
10-28 19:29:10.613  1235  1245 I ActivityManager: Start proc com.motorola.android.syncml.service for service com.motorola.android.syncml.service/.SyncEngineService: pid=6815 uid=10072 gids={3003}
10-28 19:29:10.894  1235  1346 I ActivityManager: Process com.motorola.blur.datamanager.app (pid 1623) has died.
10-28 19:29:13.933  1235  1243 V DeviceStorageMonitorService: freeMemory=6643630080
10-28 19:29:13.933  1235  1243 V DeviceStorageMonitorService: Threshold Percentage=10
10-28 19:29:13.933  1235  1243 V DeviceStorageMonitorService: mTotalMemory = 70264913
10-28 19:29:13.933  1235  1243 I DeviceStorageMonitorService: Posting Message again
10-28 19:29:46.425  1235  1347 I WindowManager: Setting rotation to 0, animFlags=1
10-28 19:29:46.441  1235  1492 I ActivityManager: Config changed: { scale=1.0 imsi=310/4 loc=en_US touch=3 keys=2/1/2 nav=2/1 orien=1 layout=34 uiMode=17 seq=41}
10-28 19:29:46.933  1235  1346 I ActivityManager: Process com.qo.android.moto (pid 1608) has died.
10-28 19:29:46.949  1235  1889 W InputManagerService: Starting input on non-focused client com.android.internal.view.IInputMethodClient$Stub$Proxy@45d20d90 (uid=10089 pid=1865)
10-28 19:29:46.949  1235  1890 W InputManagerService: Starting input on non-focused client com.android.internal.view.IInputMethodClient$Stub$Proxy@45d20d90 (uid=10089 pid=1865)
10-28 19:30:13.941  1235  1243 V DeviceStorageMonitorService: freeMemory=6643630080
10-28 19:30:13.941  1235  1243 V DeviceStorageMonitorService: Threshold Percentage=10
10-28 19:30:13.941  1235  1243 V DeviceStorageMonitorService: mTotalMemory = 70264913
10-28 19:30:13.941  1235  1243 I DeviceStorageMonitorService: Posting Message again
10-28 19:31:13.942  1235  1243 V DeviceStorageMonitorService: freeMemory=6643630080
10-28 19:31:13.942  1235  1243 V DeviceStorageMonitorService: Threshold Percentage=10
10-28 19:31:13.942  1235  1243 V DeviceStorageMonitorService: mTotalMemory = 70264913
10-28 19:31:13.942  1235  1243 I DeviceStorageMonitorService: Posting Message again
10-28 19:32:13.943  1235  1243 V DeviceStorageMonitorService: freeMemory=6643625984
10-28 19:32:13.943  1235  1243 V DeviceStorageMonitorService: Threshold Percentage=10
10-28 19:32:13.943  1235  1243 V DeviceStorageMonitorService: mTotalMemory = 70264913
10-28 19:32:13.943  1235  1243 I DeviceStorageMonitorService: Posting Message again
10-28 19:33:13.944  1235  1243 V DeviceStorageMonitorService: freeMemory=6643625984
10-28 19:33:13.944  1235  1243 V DeviceStorageMonitorService: Threshold Percentage=10
10-28 19:33:13.944  1235  1243 V DeviceStorageMonitorService: mTotalMemory = 70264913
10-28 19:33:13.944  1235  1243 I DeviceStorageMonitorService: Posting Message again
10-28 19:34:13.943  1235  1243 V DeviceStorageMonitorService: freeMemory=6643625984
10-28 19:34:13.943  1235  1243 V DeviceStorageMonitorService: Threshold Percentage=10
10-28 19:34:13.943  1235  1243 V DeviceStorageMonitorService: mTotalMemory = 70264913
10-28 19:34:13.943  1235  1243 I DeviceStorageMonitorService: Posting Message again
10-28 19:34:32.982  1235  1243 I InputManagerService: received close system dialog event
10-28 19:34:33.029  1235  2149 I ActivityManager: Starting activity: Intent { act=android.search.action.GLOBAL_SEARCH flg=0x10000000 cmp=com.google.android.googlequicksearchbox/.SearchActivity (has extras) }
10-28 19:34:33.100  1235  2089 I WindowManager: Setting rotation to 3, animFlags=1
10-28 19:34:33.100  1235  2089 I ActivityManager: Config changed: { scale=1.0 imsi=310/4 loc=en_US touch=3 keys=2/1/2 nav=2/1 orien=2 layout=34 uiMode=17 seq=42}
10-28 19:34:33.795  1235  1344 W InputManagerService: Starting input on non-focused client com.android.internal.view.IInputMethodClient$Stub$Proxy@45d20d90 (uid=10089 pid=1865)
10-28 19:34:33.912  1235  1492 W InputManagerService: Starting input on non-focused client com.android.internal.view.IInputMethodClient$Stub$Proxy@45d20d90 (uid=10089 pid=1865)
10-28 19:34:33.951  1235  1487 W InputManagerService: Starting input on non-focused client com.android.internal.view.IInputMethodClient$Stub$Proxy@45d20d90 (uid=10089 pid=1865)
10-28 19:34:37.404  1235  1454 I WindowManager: Setting rotation to 0, animFlags=1
10-28 19:34:37.436  1235  1240 I ActivityManager: Config changed: { scale=1.0 imsi=310/4 loc=en_US touch=3 keys=2/1/2 nav=2/1 orien=1 layout=34 uiMode=17 seq=43}
10-28 19:34:37.834  1235  2149 W InputManagerService: Starting input on non-focused client com.android.internal.view.IInputMethodClient$Stub$Proxy@45d20d90 (uid=10089 pid=1865)
10-28 19:34:37.834  1235  1239 W InputManagerService: Starting input on non-focused client com.android.internal.view.IInputMethodClient$Stub$Proxy@45d20d90 (uid=10089 pid=1865)
10-28 19:35:13.178  1235  1243 V DeviceStorageMonitorService: freeMemory=6643621888
10-28 19:35:13.178  1235  1243 V DeviceStorageMonitorService: Threshold Percentage=10
10-28 19:35:13.178  1235  1243 V DeviceStorageMonitorService: mTotalMemory = 70264913
10-28 19:35:13.178  1235  1243 I DeviceStorageMonitorService: Posting Message again
10-28 19:36:13.178  1235  1243 V DeviceStorageMonitorService: freeMemory=6643621888
10-28 19:36:13.178  1235  1243 V DeviceStorageMonitorService: Threshold Percentage=10
10-28 19:36:13.178  1235  1243 V DeviceStorageMonitorService: mTotalMemory = 70264913
10-28 19:36:13.178  1235  1243 I DeviceStorageMonitorService: Posting Message again
10-28 19:36:23.482  1235  1235 I ActivityManager: Starting activity: Intent { flg=0x30000000 cmp=com.snakefish.visms/.IncomingMessage (has extras) }
10-28 19:36:33.842  1235  1280 V BackupManagerService: Backup requested but nothing pending
10-28 19:36:50.850  1235  1243 I InputManagerService: received close system dialog event
10-28 19:36:50.850  1235  1454 I ActivityManager: Starting activity: Intent { act=android.speech.action.RECOGNIZE_SPEECH cmp=com.google.android.voicesearch/.IntentApiActivity (has extras) }
10-28 19:36:55.248  1235  1488 W InputManagerService: Starting input on non-focused client com.android.internal.view.IInputMethodClient$Stub$Proxy@45b873e8 (uid=10060 pid=3503)
10-28 19:37:07.787  1235  1243 I InputManagerService: received close system dialog event
10-28 19:37:07.795  1235  1890 I ActivityManager: Starting activity: Intent { act=android.speech.action.RECOGNIZE_SPEECH cmp=com.google.android.voicesearch/.IntentApiActivity (has extras) }
10-28 19:37:12.185  1235  1492 W InputManagerService: Starting input on non-focused client com.android.internal.view.IInputMethodClient$Stub$Proxy@45b873e8 (uid=10060 pid=3503)
10-28 19:37:13.209  1235  1243 V DeviceStorageMonitorService: freeMemory=6643621888
10-28 19:37:13.209  1235  1243 V DeviceStorageMonitorService: Threshold Percentage=10
10-28 19:37:13.209  1235  1243 V DeviceStorageMonitorService: mTotalMemory = 70264913
10-28 19:37:13.209  1235  1243 I DeviceStorageMonitorService: Posting Message again
10-28 19:37:38.545  1235  2033 I ActivityManager: Starting activity: Intent { cmp=com.snakefish.visms/.MainChatWindow (has extras) }
10-28 19:38:13.214  1235  1243 V DeviceStorageMonitorService: freeMemory=6643621888
10-28 19:38:13.214  1235  1243 V DeviceStorageMonitorService: Threshold Percentage=10
10-28 19:38:13.214  1235  1243 V DeviceStorageMonitorService: mTotalMemory = 70264913
10-28 19:38:13.214  1235  1243 I DeviceStorageMonitorService: Posting Message again
10-28 19:38:29.756  1235  1243 I InputManagerService: received close system dialog event
10-28 19:38:29.764  1235  1239 I ActivityManager: Starting activity: Intent { act=android.speech.action.RECOGNIZE_SPEECH cmp=com.google.android.voicesearch/.IntentApiActivity (has extras) }
10-28 19:38:29.951  1235  1889 W InputManagerService: Starting input on non-focused client com.android.internal.view.IInputMethodClient$Stub$Proxy@45d1e930 (uid=10114 pid=6054)
10-28 19:38:35.115  1235  2149 W InputManagerService: Starting input on non-focused client com.android.internal.view.IInputMethodClient$Stub$Proxy@45b873e8 (uid=10060 pid=3503)
10-28 19:39:13.209  1235  1243 V DeviceStorageMonitorService: freeMemory=6643621888
10-28 19:39:13.209  1235  1243 V DeviceStorageMonitorService: Threshold Percentage=10
10-28 19:39:13.209  1235  1243 V DeviceStorageMonitorService: mTotalMemory = 70264913
10-28 19:39:13.209  1235  1243 I DeviceStorageMonitorService: Posting Message again
10-28 19:39:30.154  1235  1243 I InputManagerService: received close system dialog event
10-28 19:39:30.162  1235  2089 I ActivityManager: Starting activity: Intent { act=android.speech.action.RECOGNIZE_SPEECH cmp=com.google.android.voicesearch/.IntentApiActivity (has extras) }
10-28 19:39:30.334  1235  1889 W InputManagerService: Starting input on non-focused client com.android.internal.view.IInputMethodClient$Stub$Proxy@45d1e930 (uid=10114 pid=6054)
10-28 19:39:33.826  1235  1235 I ActivityManager: Starting activity: Intent { cmp=com.snakefish.visms/.TextActivity (has extras) }
10-28 19:39:33.850  1235  1890 W InputManagerService: Starting input on non-focused client com.android.internal.view.IInputMethodClient$Stub$Proxy@45b873e8 (uid=10060 pid=3503)
10-28 19:39:43.365  1235  1243 I InputManagerService: received close system dialog event
10-28 19:39:43.381  1235  1490 I ActivityManager: Starting activity: Intent { act=android.speech.action.RECOGNIZE_SPEECH cmp=com.google.android.voicesearch/.IntentApiActivity (has extras) }
10-28 19:39:43.607  1235  1454 W InputManagerService: Starting input on non-focused client com.android.internal.view.IInputMethodClient$Stub$Proxy@45d1e930 (uid=10114 pid=6054)
10-28 19:39:46.498  1235  1490 W InputManagerService: Starting input on non-focused client com.android.internal.view.IInputMethodClient$Stub$Proxy@45b873e8 (uid=10060 pid=3503)
10-28 19:40:04.498  1235  1243 I InputManagerService: received close system dialog event
10-28 19:40:04.506  1235  1487 I ActivityManager: Starting activity: Intent { act=android.speech.action.RECOGNIZE_SPEECH cmp=com.google.android.voicesearch/.IntentApiActivity (has extras) }
10-28 19:40:04.662  1235  1488 W InputManagerService: Starting input on non-focused client com.android.internal.view.IInputMethodClient$Stub$Proxy@45d1e930 (uid=10114 pid=6054)
10-28 19:40:07.857  1235  1491 W InputManagerService: Starting input on non-focused client com.android.internal.view.IInputMethodClient$Stub$Proxy@45b873e8 (uid=10060 pid=3503)
10-28 19:40:13.217  1235  1243 V DeviceStorageMonitorService: freeMemory=6643621888
10-28 19:40:13.217  1235  1243 V DeviceStorageMonitorService: Threshold Percentage=10
10-28 19:40:13.217  1235  1243 V DeviceStorageMonitorService: mTotalMemory = 70264913
10-28 19:40:13.217  1235  1243 I DeviceStorageMonitorService: Posting Message again
10-28 19:40:22.842  1235  1243 I InputManagerService: received close system dialog event
10-28 19:40:22.850  1235  1344 I ActivityManager: Starting activity: Intent { act=android.speech.action.RECOGNIZE_SPEECH cmp=com.google.android.voicesearch/.IntentApiActivity (has extras) }
10-28 19:40:23.045  1235  1491 W InputManagerService: Starting input on non-focused client com.android.internal.view.IInputMethodClient$Stub$Proxy@45d1e930 (uid=10114 pid=6054)
10-28 19:40:26.810  1235  1488 W InputManagerService: Starting input on non-focused client com.android.internal.view.IInputMethodClient$Stub$Proxy@45b873e8 (uid=10060 pid=3503)
10-28 19:40:28.803  1235  1243 D StatusBarPolicy: handleBatteryUpdate
10-28 19:40:34.006  1235  1243 I InputManagerService: received close system dialog event
10-28 19:40:34.014  1235  1344 I ActivityManager: Starting activity: Intent { act=android.speech.action.RECOGNIZE_SPEECH cmp=com.google.android.voicesearch/.IntentApiActivity (has extras) }
10-28 19:40:34.185  1235  2089 W InputManagerService: Starting input on non-focused client com.android.internal.view.IInputMethodClient$Stub$Proxy@45d1e930 (uid=10114 pid=6054)
10-28 19:40:38.201  1235  1239 W InputManagerService: Starting input on non-focused client com.android.internal.view.IInputMethodClient$Stub$Proxy@45d1e930 (uid=10114 pid=6054)
10-28 19:40:38.209  1235  2033 W InputManagerService: Client not active, ignoring focus gain of: com.android.internal.view.IInputMethodClient$Stub$Proxy@45e6fc18
10-28 19:40:38.279  1235  1487 W InputManagerService: Starting input on non-focused client com.android.internal.view.IInputMethodClient$Stub$Proxy@45d1e930 (uid=10114 pid=6054)
10-28 19:40:38.326  1235  1488 W InputManagerService: Starting input on non-focused client com.android.internal.view.IInputMethodClient$Stub$Proxy@45b873e8 (uid=10060 pid=3503)
10-28 19:41:13.219  1235  1243 V DeviceStorageMonitorService: freeMemory=6643621888
10-28 19:41:13.219  1235  1243 V DeviceStorageMonitorService: Threshold Percentage=10
10-28 19:41:13.219  1235  1243 V DeviceStorageMonitorService: mTotalMemory = 70264913
10-28 19:41:13.219  1235  1243 I DeviceStorageMonitorService: Posting Message again
10-28 19:41:23.326  1235  1243 I InputManagerService: received close system dialog event
10-28 19:41:23.334  1235  1890 I ActivityManager: Starting activity: Intent { act=android.speech.action.RECOGNIZE_SPEECH cmp=com.google.android.voicesearch/.IntentApiActivity (has extras) }
10-28 19:41:23.482  1235  1492 W InputManagerService: Starting input on non-focused client com.android.internal.view.IInputMethodClient$Stub$Proxy@45d1e930 (uid=10114 pid=6054)
10-28 19:41:26.412  1235  1235 W InputManagerService: Starting input on non-focused client com.android.internal.view.IInputMethodClient$Stub$Proxy@45b873e8 (uid=10060 pid=3503)
10-28 19:42:01.506  1235  1344 I ActivityManager: Starting activity: Intent { flg=0x30000000 cmp=com.snakefish.visms/.IncomingMessage (has extras) }
10-28 19:42:06.459  1235  1243 I InputManagerService: received close system dialog event
10-28 19:42:06.467  1235  2149 I ActivityManager: Starting activity: Intent { act=android.speech.action.RECOGNIZE_SPEECH cmp=com.google.android.voicesearch/.IntentApiActivity (has extras) }
10-28 19:42:09.990  1235  1491 W InputManagerService: Starting input on non-focused client com.android.internal.view.IInputMethodClient$Stub$Proxy@45d1e930 (uid=10114 pid=6054)
10-28 19:42:09.990  1235  1235 W InputManagerService: Client not active, ignoring focus gain of: com.android.internal.view.IInputMethodClient$Stub$Proxy@45edb7a0
10-28 19:42:10.076  1235  1488 W InputManagerService: Starting input on non-focused client com.android.internal.view.IInputMethodClient$Stub$Proxy@45b873e8 (uid=10060 pid=3503)
10-28 19:42:10.092  1235  1344 W InputManagerService: Starting input on non-focused client com.android.internal.view.IInputMethodClient$Stub$Proxy@45d1e930 (uid=10114 pid=6054)
10-28 19:42:13.221  1235  1243 V DeviceStorageMonitorService: freeMemory=6643621888
10-28 19:42:13.221  1235  1243 V DeviceStorageMonitorService: Threshold Percentage=10
10-28 19:42:13.221  1235  1243 V DeviceStorageMonitorService: mTotalMemory = 70264913
10-28 19:42:13.221  1235  1243 I DeviceStorageMonitorService: Posting Message again
10-28 19:42:37.357  1235  2033 I ActivityManager: Starting activity: Intent { flg=0x30000000 cmp=com.snakefish.visms/.IncomingMessage (has extras) }
10-28 19:42:43.851  1235  1890 I ActivityManager: Starting activity: Intent { cmp=com.snakefish.visms/.MainChatWindow (has extras) }
10-28 19:43:13.217  1235  1243 V DeviceStorageMonitorService: freeMemory=6643621888
10-28 19:43:13.217  1235  1243 V DeviceStorageMonitorService: Threshold Percentage=10
10-28 19:43:13.217  1235  1243 V DeviceStorageMonitorService: mTotalMemory = 70264913
10-28 19:43:13.217  1235  1243 I DeviceStorageMonitorService: Posting Message again
10-28 19:43:55.240  1235  1344 I ActivityManager: Starting activity: Intent { act=android.intent.action.MAIN cat=[android.intent.category.LAUNCHER] flg=0x10200000 cmp=com.stumbleupon.android.app/.activities.WelcomeActivity }
10-28 19:43:55.350  1235  1235 I ActivityManager: Start proc com.stumbleupon.android.app for activity com.stumbleupon.android.app/.activities.WelcomeActivity: pid=7090 uid=10109 gids={3003, 1015}
10-28 19:43:55.803  1235  2089 I ActivityManager: Start proc com.stumbleupon.android.app:remote for service com.stumbleupon.android.app/.services.SURemoteService: pid=7098 uid=10109 gids={3003, 1015}
10-28 19:43:56.045  1235  1239 W InputManagerService: Starting input on non-focused client com.android.internal.view.IInputMethodClient$Stub$Proxy@45bac1d0 (uid=10005 pid=1340)
10-28 19:43:58.217  1235  2089 I ActivityManager: Process com.qo.android.moto:remote (pid 1989) has died.
10-28 19:44:04.850  1235  1347 I ActivityManager: Starting activity: Intent { act=android.intent.action.MAIN cat=[android.intent.category.LAUNCHER] flg=0x10200000 cmp=com.snakefish.visms/.ConversationsActivity }
10-28 19:44:05.178  1235  1347 W InputManagerService: Starting input on non-focused client com.android.internal.view.IInputMethodClient$Stub$Proxy@45bac1d0 (uid=10005 pid=1340)
10-28 19:44:13.226  1235  1243 V DeviceStorageMonitorService: freeMemory=6643621888
10-28 19:44:13.226  1235  1243 V DeviceStorageMonitorService: Threshold Percentage=10
10-28 19:44:13.226  1235  1243 V DeviceStorageMonitorService: mTotalMemory = 70264913
10-28 19:44:13.226  1235  1243 I DeviceStorageMonitorService: Posting Message again
10-28 19:44:27.014  1235  1243 I InputManagerService: received close system dialog event
10-28 19:44:27.029  1235  1487 I ActivityManager: Starting activity: Intent { act=android.speech.action.RECOGNIZE_SPEECH cmp=com.google.android.voicesearch/.IntentApiActivity (has extras) }
10-28 19:44:27.217  1235  1347 W InputManagerService: Starting input on non-focused client com.android.internal.view.IInputMethodClient$Stub$Proxy@45d1e930 (uid=10114 pid=6054)
--------- beginning of /dev/log/main
10-28 19:44:27.568  1138  7121 E ProfileVideoFrameDrops: PVMediaOutputNodePort :: Early 0.000000 % :: OnTime -0.000000 % :: Late -0.000000 % 
10-28 19:44:27.576  1138  1233 V PVPlayer: PVPlayer constructor
10-28 19:44:27.576  1138  1233 V PVPlayer: construct PlayerDriver
10-28 19:44:27.576  1138  1233 V PlayerDriver: constructor
10-28 19:44:27.576  1138  1233 V PlayerDriver: OpenCore hardware module loaded
10-28 19:44:27.576  1138  1233 V PlayerDriver: start player thread
10-28 19:44:27.584  1138  7123 V PlayerDriver: startPlayerThread
10-28 19:44:27.584  1138  7123 V PlayerDriver: InitializeForThread
10-28 19:44:27.592  1138  7123 V PlayerDriver: OMX_MasterInit
10-28 19:44:27.592  1138  7123 V PlayerDriver: OsclScheduler::Init
10-28 19:44:27.592  1138  7123 V PlayerDriver: CreatePlayer
10-28 19:44:27.592  1138  7123 D         : enter PVGetInterface
10-28 19:44:27.592  1138  7123 D         : enter Instance
10-28 19:44:27.592  1138  7123 D         : enter SharedLibraryLookup
10-28 19:44:27.592  1138  7123 D         : enter RegisterAllRecognizers
10-28 19:44:27.592  1138  7123 V PlayerDriver: AddToScheduler
10-28 19:44:27.592  1138  7123 V PlayerDriver: PendForExec
10-28 19:44:27.592  1138  7123 V PlayerDriver: OsclActiveScheduler::Current
10-28 19:44:27.592  1138  7123 V PlayerDriver: StartScheduler
10-28 19:44:27.592  1138  1233 V PVPlayer: send PLAYER_SETUP
10-28 19:44:27.592  1138  7123 V PlayerDriver: Send player code: 2
10-28 19:44:27.592  1138  7123 V PlayerDriver: CommandCompleted
10-28 19:44:27.592  1138  7123 V PlayerDriver: Completed command PLAYER_SETUP status=PVMFSuccess
10-28 19:44:27.592  1138  1233 V PVPlayer: send PLAYER_HELPER
10-28 19:44:27.599  1138  7123 V PlayerDriver: Send player code: 3
10-28 19:44:27.599  1138  7123 V PlayerDriver: CommandCompleted
10-28 19:44:27.599  1138  7123 V PlayerDriver: Completed command PLAYER_HELPER status=PVMFSuccess
10-28 19:44:27.599  1138  1233 V PVPlayer: setDataSource(33, 819224, 8076)
10-28 19:44:27.599  1138  1281 V PVPlayer: prepareAsync
10-28 19:44:27.599  1138  1281 V PVPlayer:   data source = sharedfd://37:819224:8076
10-28 19:44:27.599  1138  7123 V PlayerDriver: Send player code: 4
10-28 19:44:27.599  1138  7123 V PlayerDriver: handleSetDataSource
10-28 19:44:27.599  1138  7123 V PlayerDriver: handleSetDataSource- scanning for extension
10-28 19:44:27.599  1138  7123 D         : enter PVOMA1MOTRecognizerPlugin::Recognize
10-28 19:44:27.599  1138  7123 D         : PVOMA1MOTRecognizerPlugin:Recognize MOT_SVC_drm_openSession failed and session =-4
10-28 19:44:27.599  1138  7123 V PlayerDriver: CommandCompleted
10-28 19:44:27.599  1138  7123 V PlayerDriver: Completed command PLAYER_SET_DATA_SOURCE status=PVMFSuccess
10-28 19:44:27.599  1138  7123 V PVPlayer: run_init s=0, cancelled=0
10-28 19:44:27.599  1138  7123 V PlayerDriver: Send player code: 7
10-28 19:44:27.599  1138  7123 V PlayerDriver: release string is 2.2 len 3
10-28 19:44:27.599  1138  7123 V PlayerDriver: CommandCompleted
10-28 19:44:27.599  1138  7123 V PlayerDriver: Completed command PLAYER_INIT status=PVMFSuccess
10-28 19:44:27.599  1138  7123 V PVPlayer: run_set_video_surface s=0, cancelled=0
10-28 19:44:27.599  1138  7123 V PVPlayer: run_set_audio_output s=0, cancelled=0
10-28 19:44:27.599  1138  7123 V PlayerDriver: Send player code: 6
10-28 19:44:27.599  1138  7123 V PlayerDriver: Create realtime output
10-28 19:44:27.599  1138  7123 V PlayerDriver: canSetA2DPDirectMode() A2DP direct disabled
10-28 19:44:27.599  1138  7123 V PlayerDriver: CommandCompleted
10-28 19:44:27.599  1138  7123 V PlayerDriver: Completed command PLAYER_SET_AUDIO_SINK status=PVMFSuccess
10-28 19:44:27.599  1138  7123 V PVPlayer: run_prepare s=0, cancelled=0
10-28 19:44:27.599  1138  7123 V PlayerDriver: Send player code: 8
10-28 19:44:27.599  1138  7123 V PlayerDriver: disable natpkt - 0
10-28 19:44:27.607  1138  7123 V PlayerDriver: HandleInformationalEvent: UNKNOWN PVMFStatus
10-28 19:44:27.607  1138  7123 V PlayerDriver: HandleInformationalEvent: type=44 UNHANDLED
10-28 19:44:27.607  3503  6230 W MediaPlayer: info/warning (1, 44)
10-28 19:44:27.607  3503  3503 I MediaPlayer: Info (1,44)
10-28 19:44:27.607  1138  7123 V PlayerDriver: CommandCompleted
10-28 19:44:27.607  1138  7123 V PlayerDriver: Completed command PLAYER_PREPARE status=PVMFSuccess
10-28 19:44:27.607  1138  7123 V PlayerDriver: PLAYER_PREPARE complete mDownloadContextData=0x0, mDataReadyReceived=0
10-28 19:44:27.607  1138  1233 V PVPlayer: PVPlayer constructor
10-28 19:44:27.607  1138  7123 V PVPlayer: check_for_live_streaming s=0, cancelled=0
10-28 19:44:27.607  1138  7123 E ProfileVideoFrameDrops: PVMediaOutputNodePort :: Early 0 frames :: OnTime 0 frames :: Late 0 frames :: Total 5 frames
10-28 19:44:27.607  1138  7123 E ProfileVideoFrameDrops: PVMediaOutputNodePort :: Early 0.000000 % :: OnTime -0.000000 % :: Late -0.000000 % 
10-28 19:44:27.607  1138  1233 V PVPlayer: construct PlayerDriver
10-28 19:44:27.607  1138  1233 V PlayerDriver: constructor
10-28 19:44:27.607  1138  1233 V PlayerDriver: OpenCore hardware module loaded
10-28 19:44:27.607  1138  1233 V PlayerDriver: start player thread
10-28 19:44:27.607  1138  7125 V PlayerDriver: startPlayerThread
10-28 19:44:27.607  1138  7125 V PlayerDriver: InitializeForThread
10-28 19:44:27.607  1138  7125 V PlayerDriver: OMX_MasterInit
10-28 19:44:27.607  1138  7125 V PlayerDriver: OsclScheduler::Init
10-28 19:44:27.607  1138  7125 V PlayerDriver: CreatePlayer
10-28 19:44:27.615  1138  7125 D         : enter PVGetInterface
10-28 19:44:27.615  1138  7125 D         : enter Instance
10-28 19:44:27.615  1138  7125 D         : enter SharedLibraryLookup
10-28 19:44:27.615  1138  7125 D         : enter RegisterAllRecognizers
10-28 19:44:27.615  1138  7125 V PlayerDriver: AddToScheduler
10-28 19:44:27.615  1138  7125 V PlayerDriver: PendForExec
10-28 19:44:27.615  1138  7125 V PlayerDriver: OsclActiveScheduler::Current
10-28 19:44:27.615  1138  7125 V PlayerDriver: StartScheduler
10-28 19:44:27.615  1138  1233 V PVPlayer: send PLAYER_SETUP
10-28 19:44:27.615  1138  7125 V PlayerDriver: Send player code: 2
10-28 19:44:27.615  1138  7125 V PlayerDriver: CommandCompleted
10-28 19:44:27.615  1138  7125 V PlayerDriver: Completed command PLAYER_SETUP status=PVMFSuccess
10-28 19:44:27.615  1138  1233 V PVPlayer: send PLAYER_HELPER
10-28 19:44:27.615  1138  7125 V PlayerDriver: Send player code: 3
10-28 19:44:27.615  1138  7125 V PlayerDriver: CommandCompleted
10-28 19:44:27.615  1138  7125 V PlayerDriver: Completed command PLAYER_HELPER status=PVMFSuccess
10-28 19:44:27.615  1138  1233 V PVPlayer: setDataSource(33, 788636, 5380)
10-28 19:44:27.615  1138  1138 V PVPlayer: prepareAsync
10-28 19:44:27.615  1138  1138 V PVPlayer:   data source = sharedfd://38:788636:5380
10-28 19:44:27.615  1138  7125 V PlayerDriver: Send player code: 4
10-28 19:44:27.615  1138  7125 V PlayerDriver: handleSetDataSource
10-28 19:44:27.615  1138  7125 V PlayerDriver: handleSetDataSource- scanning for extension
10-28 19:44:27.623  1138  7125 D         : enter PVOMA1MOTRecognizerPlugin::Recognize
10-28 19:44:27.623  1138  7125 D         : PVOMA1MOTRecognizerPlugin:Recognize MOT_SVC_drm_openSession failed and session =-4
10-28 19:44:27.623  1138  7125 V PlayerDriver: CommandCompleted
10-28 19:44:27.623  1138  7125 V PlayerDriver: Completed command PLAYER_SET_DATA_SOURCE status=PVMFSuccess
10-28 19:44:27.623  1138  7125 V PVPlayer: run_init s=0, cancelled=0
10-28 19:44:27.623  1138  7125 V PlayerDriver: Send player code: 7
10-28 19:44:27.623  1138  7125 V PlayerDriver: release string is 2.2 len 3
10-28 19:44:27.623  1138  7125 V PlayerDriver: CommandCompleted
10-28 19:44:27.623  1138  7125 V PlayerDriver: Completed command PLAYER_INIT status=PVMFSuccess
10-28 19:44:27.623  1138  7125 V PVPlayer: run_set_video_surface s=0, cancelled=0
10-28 19:44:27.623  1138  7125 V PVPlayer: run_set_audio_output s=0, cancelled=0
10-28 19:44:27.623  1138  7125 V PlayerDriver: Send player code: 6
10-28 19:44:27.623  1138  7125 V PlayerDriver: Create realtime output
10-28 19:44:27.623  1138  7125 V PlayerDriver: canSetA2DPDirectMode() A2DP direct disabled
10-28 19:44:27.623  1138  7125 V PlayerDriver: CommandCompleted
10-28 19:44:27.623  1138  7125 V PlayerDriver: Completed command PLAYER_SET_AUDIO_SINK status=PVMFSuccess
10-28 19:44:27.623  1138  7125 V PVPlayer: run_prepare s=0, cancelled=0
10-28 19:44:27.623  1138  7125 V PlayerDriver: Send player code: 8
10-28 19:44:27.623  1138  7125 V PlayerDriver: disable natpkt - 0
10-28 19:44:27.623  1138  7125 V PlayerDriver: HandleInformationalEvent: UNKNOWN PVMFStatus
10-28 19:44:27.623  1138  7125 V PlayerDriver: HandleInformationalEvent: type=44 UNHANDLED
10-28 19:44:27.623  3503  3508 W MediaPlayer: info/warning (1, 44)
10-28 19:44:27.623  3503  3503 I MediaPlayer: Info (1,44)
10-28 19:44:27.631  1138  7125 V PlayerDriver: CommandCompleted
10-28 19:44:27.631  1138  7125 V PlayerDriver: Completed command PLAYER_PREPARE status=PVMFSuccess
10-28 19:44:27.631  1138  7125 V PlayerDriver: PLAYER_PREPARE complete mDownloadContextData=0x0, mDataReadyReceived=0
10-28 19:44:27.631  1138  7125 V PVPlayer: check_for_live_streaming s=0, cancelled=0
10-28 19:44:27.631  1138  7125 E ProfileVideoFrameDrops: PVMediaOutputNodePort :: Early 0 frames :: OnTime 0 frames :: Late 0 frames :: Total 3 frames
10-28 19:44:27.631  1138  7125 E ProfileVideoFrameDrops: PVMediaOutputNodePort :: Early 0.000000 % :: OnTime -0.000000 % :: Late -0.000000 % 
10-28 19:44:28.123  3503  7110 D ServerConnectorImpl: Created session 58ec3b0ee6ff4a544593317adfec201d
10-28 19:44:28.123  3503  7110 I ServerConnectorImpl: Creating TCP connection to 74.125.155.126:19294
10-28 19:44:28.537  3503  7110 I ServerConnectorImpl: startRecognize RecognitionParameters{session=58ec3b0ee6ff4a544593317adfec201d,request=1}
10-28 19:44:29.068  3503  3503 I RecognitionController: State change: RECOGNIZING -> CANCELED
10-28 19:44:29.100  3503  3503 I RecognitionController: State change: CANCELED -> PAUSED
10-28 19:44:29.100  1235  1488 I AudioService:  AudioFocus  abandonAudioFocus() from android.media.AudioManager@4599d6f0
10-28 19:44:29.115  6054  6054 V SMSDelegate: onActivityResult(int, int, Intent)
10-28 19:44:29.154  1235  2089 W InputManagerService: Starting input on non-focused client com.android.internal.view.IInputMethodClient$Stub$Proxy@45b873e8 (uid=10060 pid=3503)
10-28 19:44:29.198  1138  7111 D AudioHardwareMot: Input 0x16bc8 entering standby
10-28 19:44:29.202  1138  7111 D AudioHardwareMot: AudioStreamInMot::setParameters() routing=0
10-28 19:44:29.202  1138  7111 D AudioHardwareMot: set input routing 0
10-28 19:44:29.202  1138  7111 D AudioHardwareMot: doRouting called
10-28 19:44:29.202  1138  7111 D AudioHardwareMot: Stereo output exists; using 0x2
10-28 19:44:29.202  1138  7111 D AudioHardwareMot: Routing to speaker
10-28 19:44:29.202  1138  7111 D AudioPostProcessor: slider opened, coeffs device for handset =0
10-28 19:44:29.202  3503  7110 I RecognitionController: Final state: PAUSED
10-28 19:44:29.202  3503  7110 I ServerConnectorImpl: Canceling recognition request
10-28 19:44:29.209  3503  7110 I ServerConnectorImpl: ClientReport{session_id=58ec3b0ee6ff4a544593317adfec201d,request_id=1,application_id=intent-speech-api,client_perceived_request_status=2,request_ack_latency_ms=375,}
10-28 19:44:29.209  1235  1454 I AudioService:  AudioFocus  abandonAudioFocus() from android.media.AudioManager@4599d6f0
10-28 19:44:29.217  3503  7110 I RecognitionController: State change: PAUSED -> PAUSED
10-28 19:44:29.217  1235  1889 I AudioService:  AudioFocus  abandonAudioFocus() from android.media.AudioManager@4599d6f0
10-28 19:44:29.217  3503  5250 I ClientReportSender: Sending 1 client reports over HTTP
10-28 19:44:32.248  1235  1407 D LocationMasfClient: getNetworkLocation(): Returning cache location with accuracy 3137.0
10-28 19:44:32.248  1235  1364 D libgps  : libgps_get_interface() : returning interface
10-28 19:44:32.248  1235  1364 D libgps  : GpsInterface_inject_location( 43.094912, -77.687331, 3137.000 )
10-28 19:44:37.350  1447  1447 D dalvikvm: GC_EXPLICIT freed 6317 objects / 388112 bytes in 109ms
10-28 19:44:38.560  3823  7128 I zomut.watchdog.monitor: init
10-28 19:44:38.568  3823  7128 I zomut.watchdog.monitor: begin
10-28 19:44:38.607  3823  7128 D dalvikvm: GC_FOR_MALLOC freed 6847 objects / 545960 bytes in 35ms
10-28 19:44:38.678  3823  7128 D dalvikvm: GC_FOR_MALLOC freed 3009 objects / 509040 bytes in 34ms
10-28 19:44:38.756  3823  7128 D dalvikvm: GC_FOR_MALLOC freed 3046 objects / 514304 bytes in 34ms
10-28 19:44:38.889  3823  7128 D dalvikvm: GC_FOR_MALLOC freed 5801 objects / 496864 bytes in 35ms
10-28 19:44:38.889  3823  7128 I zomut.watchdog.monitor: end
10-28 19:44:39.490  1235  1492 I ActivityManager: Starting activity: Intent { cmp=com.snakefish.visms/.OptionsList }
10-28 19:44:39.568  6054  6054 I TTS received: : Options screen
10-28 19:44:39.568  1437  1441 V TtsService: TTS service received Options screen
10-28 19:44:39.568  1437  1441 I TtsService: Stopping
10-28 19:44:39.568  1437  1441 I TtsService: Stopped
10-28 19:44:39.568  1437  1441 V TtsService: TTS processing: Options screen
10-28 19:44:39.576  1437  7130 V TtsService: TtsService.setLanguage(eng, USA, )
10-28 19:44:39.576  1437  7130 I SVOX Pico Engine: Language already loaded (en-US == en-US)
10-28 19:44:39.576  1437  7130 I SynthProxy: setting speech rate to 100
10-28 19:44:39.576  1437  7130 I SynthProxy: setting pitch to 100
10-28 19:44:39.639  1138  1232 D AudioHardwareMot: AudioStreamOut::wake: disabling SRC
10-28 19:44:39.646  1138  1232 D AudioHardwareMot: Output 0xb668 exiting standby
10-28 19:44:39.764  1138  1232 D AudioHardwareMot: AudioStreamOutMot::setParameters() fm_attenuate=0;fm_mute=0
10-28 19:44:39.857  1235  1257 I ActivityManager: Displayed activity com.snakefish.visms/.OptionsList: 347 ms (total 347 ms)
10-28 19:44:39.896  1138  1138 V PVPlayer: reset
10-28 19:44:39.896  1138  7115 V PlayerDriver: Send player code: 19
10-28 19:44:39.896  1138  7115 V PlayerDriver: handleCancelAllCommands
10-28 19:44:39.896  1138  7115 V PlayerDriver: CommandCompleted
10-28 19:44:39.896  1138  7115 V PlayerDriver: Completed command PLAYER_CANCEL_ALL_COMMANDS status=PVMFSuccess
10-28 19:44:39.896  1138  7115 V PlayerDriver: Send player code: 12
10-28 19:44:39.896  1138  7115 V PlayerDriver: handleReset
10-28 19:44:39.904  1138  7115 V PlayerDriver: CommandCompleted
10-28 19:44:39.904  1138  7115 V PlayerDriver: Completed command PLAYER_RESET status=PVMFSuccess
10-28 19:44:39.904  1138  7115 V PlayerDriver: Send player code: 18
10-28 19:44:39.904  1138  7115 V PlayerDriver: handleRemoveDataSource
10-28 19:44:39.904  1138  7115 V PlayerDriver: CommandCompleted
10-28 19:44:39.904  1138  7115 V PlayerDriver: Completed command PLAYER_REMOVE_DATA_SOURCE status=PVMFSuccess
10-28 19:44:39.904  1138  1138 V PVPlayer: unmap file
10-28 19:44:39.904  1138  1138 V PVPlayer: PVPlayer destructor
10-28 19:44:39.904  1138  7115 V PlayerDriver: Send player code: 1
10-28 19:44:39.904  1138  7115 V PlayerDriver: DeletePlayer
10-28 19:44:39.904  1466  1466 D ChipWidgetProvider: a22417 debug in chipwidgetprovider function updatewidget the pendingUpdates is :android.util.SparseIntArray@459eb0e8
10-28 19:44:39.912  1138  7115 D         : enter UnregisterAllRecognizers
10-28 19:44:39.912  1138  7115 V PlayerDriver: destructor
10-28 19:44:39.912  1138  7115 V PlayerDriver: OsclScheduler::Cleanup
10-28 19:44:39.912  1138  5303 V PVPlayer: reset
10-28 19:44:39.912  1138  7121 V PlayerDriver: Send player code: 19
10-28 19:44:39.920  1138  7121 V PlayerDriver: handleCancelAllCommands
10-28 19:44:39.920  1138  7121 V PlayerDriver: CommandCompleted
10-28 19:44:39.920  1138  7121 V PlayerDriver: Completed command PLAYER_CANCEL_ALL_COMMANDS status=PVMFSuccess
10-28 19:44:39.920  1138  7121 V PlayerDriver: Send player code: 12
10-28 19:44:39.920  1138  7121 V PlayerDriver: handleReset
10-28 19:44:39.920  1138  7121 V PlayerDriver: CommandCompleted
10-28 19:44:39.920  1138  7121 V PlayerDriver: Completed command PLAYER_RESET status=PVMFSuccess
10-28 19:44:39.920  1138  7121 V PlayerDriver: Send player code: 18
10-28 19:44:39.920  1138  7121 V PlayerDriver: handleRemoveDataSource
10-28 19:44:39.920  1138  7121 V PlayerDriver: CommandCompleted
10-28 19:44:39.920  1138  7121 V PlayerDriver: Completed command PLAYER_REMOVE_DATA_SOURCE status=PVMFSuccess
10-28 19:44:39.920  1138  5303 V PVPlayer: unmap file
10-28 19:44:39.920  1138  5303 V PVPlayer: PVPlayer destructor
10-28 19:44:39.920  1138  7121 V PlayerDriver: Send player code: 1
10-28 19:44:39.920  1138  7121 V PlayerDriver: DeletePlayer
10-28 19:44:39.920  1138  7121 D         : enter UnregisterAllRecognizers
10-28 19:44:39.920  1138  1138 V PVPlayer: reset
10-28 19:44:39.920  1138  7123 V PlayerDriver: Send player code: 19
10-28 19:44:39.920  1138  7123 V PlayerDriver: handleCancelAllCommands
10-28 19:44:39.920  1138  7123 V PlayerDriver: CommandCompleted
10-28 19:44:39.920  1138  7123 V PlayerDriver: Completed command PLAYER_CANCEL_ALL_COMMANDS status=PVMFSuccess
10-28 19:44:39.920  1138  7123 V PlayerDriver: Send player code: 12
10-28 19:44:39.920  1138  7123 V PlayerDriver: handleReset
10-28 19:44:39.928  1138  7123 V PlayerDriver: CommandCompleted
10-28 19:44:39.928  1138  7123 V PlayerDriver: Completed command PLAYER_RESET status=PVMFSuccess
10-28 19:44:39.928  1138  7123 V PlayerDriver: Send player code: 18
10-28 19:44:39.928  1138  7123 V PlayerDriver: handleRemoveDataSource
10-28 19:44:39.928  1138  7123 V PlayerDriver: CommandCompleted
10-28 19:44:39.928  1138  7123 V PlayerDriver: Completed command PLAYER_REMOVE_DATA_SOURCE status=PVMFSuccess
10-28 19:44:39.928  1138  1138 V PVPlayer: unmap file
10-28 19:44:39.928  1138  1138 V PVPlayer: PVPlayer destructor
10-28 19:44:39.928  1138  7123 V PlayerDriver: Send player code: 1
10-28 19:44:39.928  1138  7123 V PlayerDriver: DeletePlayer
10-28 19:44:39.928  1138  7123 D         : enter UnregisterAllRecognizers
10-28 19:44:39.928  1138  7121 V PlayerDriver: destructor
10-28 19:44:39.928  1138  7121 V PlayerDriver: OsclScheduler::Cleanup
10-28 19:44:39.928  1138  5303 V PVPlayer: reset
10-28 19:44:39.928  1138  7117 V PlayerDriver: Send player code: 19
10-28 19:44:39.928  1138  7117 V PlayerDriver: handleCancelAllCommands
10-28 19:44:39.928  1138  7117 V PlayerDriver: CommandCompleted
10-28 19:44:39.928  1138  7117 V PlayerDriver: Completed command PLAYER_CANCEL_ALL_COMMANDS status=PVMFSuccess
10-28 19:44:39.928  1138  7117 V PlayerDriver: Send player code: 12
10-28 19:44:39.928  1138  7117 V PlayerDriver: handleReset
10-28 19:44:39.928  1138  7117 V PlayerDriver: CommandCompleted
10-28 19:44:39.928  1138  7117 V PlayerDriver: Completed command PLAYER_RESET status=PVMFSuccess
10-28 19:44:39.928  1138  7117 V PlayerDriver: Send player code: 18
10-28 19:44:39.928  1138  7117 V PlayerDriver: handleRemoveDataSource
10-28 19:44:39.928  1138  7117 V PlayerDriver: CommandCompleted
10-28 19:44:39.928  1138  7117 V PlayerDriver: Completed command PLAYER_REMOVE_DATA_SOURCE status=PVMFSuccess
10-28 19:44:39.928  1138  5303 V PVPlayer: unmap file
10-28 19:44:39.928  1138  5303 V PVPlayer: PVPlayer destructor
10-28 19:44:39.935  1138  7117 V PlayerDriver: Send player code: 1
10-28 19:44:39.935  1138  7117 V PlayerDriver: DeletePlayer
10-28 19:44:39.935  1138  7117 D         : enter UnregisterAllRecognizers
10-28 19:44:39.935  1138  1138 V PVPlayer: reset
10-28 19:44:39.935  1138  7125 V PlayerDriver: Send player code: 19
10-28 19:44:39.935  1138  7125 V PlayerDriver: handleCancelAllCommands
10-28 19:44:39.935  1138  7125 V PlayerDriver: CommandCompleted
10-28 19:44:39.935  1138  7125 V PlayerDriver: Completed command PLAYER_CANCEL_ALL_COMMANDS status=PVMFSuccess
10-28 19:44:39.935  1138  7125 V PlayerDriver: Send player code: 12
10-28 19:44:39.935  1138  7125 V PlayerDriver: handleReset
10-28 19:44:39.935  1138  7125 V PlayerDriver: CommandCompleted
10-28 19:44:39.935  1138  7125 V PlayerDriver: Completed command PLAYER_RESET status=PVMFSuccess
10-28 19:44:39.935  1138  7125 V PlayerDriver: Send player code: 18
10-28 19:44:39.935  1138  7125 V PlayerDriver: handleRemoveDataSource
10-28 19:44:39.935  1138  7125 V PlayerDriver: CommandCompleted
10-28 19:44:39.935  1138  7125 V PlayerDriver: Completed command PLAYER_REMOVE_DATA_SOURCE status=PVMFSuccess
10-28 19:44:39.935  1138  1138 V PVPlayer: unmap file
10-28 19:44:39.935  1138  1138 V PVPlayer: PVPlayer destructor
10-28 19:44:39.935  1138  7125 V PlayerDriver: Send player code: 1
10-28 19:44:39.935  1138  7125 V PlayerDriver: DeletePlayer
10-28 19:44:39.935  1138  7125 D         : enter UnregisterAllRecognizers
10-28 19:44:39.935  1138  5303 V PVPlayer: reset
10-28 19:44:39.935  1138  7119 V PlayerDriver: Send player code: 19
10-28 19:44:39.935  1138  7119 V PlayerDriver: handleCancelAllCommands
10-28 19:44:39.935  1138  7119 V PlayerDriver: CommandCompleted
10-28 19:44:39.935  1138  7119 V PlayerDriver: Completed command PLAYER_CANCEL_ALL_COMMANDS status=PVMFSuccess
10-28 19:44:39.943  1138  7119 V PlayerDriver: Send player code: 12
10-28 19:44:39.943  1138  7119 V PlayerDriver: handleReset
10-28 19:44:39.943  1138  7119 V PlayerDriver: CommandCompleted
10-28 19:44:39.943  1138  7119 V PlayerDriver: Completed command PLAYER_RESET status=PVMFSuccess
10-28 19:44:39.943  1138  7119 V PlayerDriver: Send player code: 18
10-28 19:44:39.943  1138  7119 V PlayerDriver: handleRemoveDataSource
10-28 19:44:39.943  1138  7119 V PlayerDriver: CommandCompleted
10-28 19:44:39.943  1138  7119 V PlayerDriver: Completed command PLAYER_REMOVE_DATA_SOURCE status=PVMFSuccess
10-28 19:44:39.943  1138  5303 V PVPlayer: unmap file
10-28 19:44:39.943  1138  5303 V PVPlayer: PVPlayer destructor
10-28 19:44:39.943  1138  7119 V PlayerDriver: Send player code: 1
10-28 19:44:39.943  1138  7119 V PlayerDriver: DeletePlayer
10-28 19:44:39.943  1138  7119 D         : enter UnregisterAllRecognizers
10-28 19:44:39.943  1138  7125 V PlayerDriver: destructor
10-28 19:44:39.943  1138  7125 V PlayerDriver: OsclScheduler::Cleanup
10-28 19:44:39.943  1138  7117 V PlayerDriver: destructor
10-28 19:44:39.943  1138  7117 V PlayerDriver: OsclScheduler::Cleanup
10-28 19:44:39.943  1138  7123 V PlayerDriver: destructor
10-28 19:44:39.943  1138  7123 V PlayerDriver: OsclScheduler::Cleanup
10-28 19:44:39.951  3503  7110 I SpeechServiceHttpClient: Closing the HTTP client.
10-28 19:44:39.959  1138  7119 V PlayerDriver: destructor
10-28 19:44:39.959  1138  7119 V PlayerDriver: OsclScheduler::Cleanup
10-28 19:44:39.959  1138  7119 D TIOMX_CORE: deinit count = 0
10-28 19:44:39.990  1317  2022 D BlurSNMessagingEngine: SNMessagingProvider::getDatabase called
10-28 19:44:40.006  1466  1476 D wubo    : a22417 in getContactName the address comin is :5704000104
10-28 19:44:40.006  1466  1476 D wubo    : a22417 in getContactName the TMConversationUtils.isMultiAddress(address) :false
10-28 19:44:40.006  1466  1476 D wubo    : case 1 a22417 in resolveSingleAddressToName the name  is :null
10-28 19:44:40.006  1466  1476 D wubo    : case 2 a22417 in resolveSingleAddressToName the name  is :null
10-28 19:44:40.076  1466  1476 D TextMsgTransport: case 1 wubo a22417 in getSender the name is :Jim Dudish
10-28 19:44:40.076  1466  1476 D TextMsgTransport: case 1 wubo a22417 in getSender the address is :5704000104
10-28 19:44:40.123  1294  1409 D dalvikvm: GC_FOR_MALLOC freed 7767 objects / 542632 bytes in 45ms
10-28 19:44:40.139  1466  1476 D TextMsgTransport: case 2 wubo a22417 in getSender the name is :Jim Dudish
10-28 19:44:40.139  1466  1476 V TextMsgTransport: DataId: 4488 ContactId: 649 DisplayName >Jim Dudish< when filtering for >5704000104<
10-28 19:44:40.170  1466  1476 D BlurContactsExtensions: ===== targetSize: width=125 height=150
10-28 19:44:40.303  1466  1476 D DateUtil: now.getTimeZone(): Eastern Standard Time
10-28 19:44:40.396  1340  1340 D dalvikvm: GC_EXPLICIT freed 2787 objects / 132664 bytes in 50ms
10-28 19:44:41.678  6054  6054 V OptionsList: Headphones toggled
10-28 19:44:41.678  6054  6054 I TTS received: : Headphones toggled
10-28 19:44:41.678  1437  1442 V TtsService: TTS service received Headphones toggled
10-28 19:44:41.685  1437  1442 V TtsService: TTS processing: Headphones toggled
10-28 19:44:41.693  1437  7131 V TtsService: TtsService.setLanguage(eng, USA, )
10-28 19:44:41.693  1437  7131 I SVOX Pico Engine: Language already loaded (en-US == en-US)
10-28 19:44:41.693  1437  7131 I SynthProxy: setting speech rate to 100
10-28 19:44:41.693  1437  7131 I SynthProxy: setting pitch to 100
10-28 19:44:46.064  1138  1232 D AudioHardwareMot: AudioStreamOutMot::standby called
10-28 19:44:46.064  1138  1232 D AudioHardwareMot: Output 0xb668 entering standby
10-28 19:44:46.071  1138  1232 D AudioHardwareMot: Closing Output device
10-28 19:44:48.201  1317  1924 V BlurEmailEngine: Work Queue Table Delete - Selection=((status <= 2) AND (control <= 2))SelectionArgs=null
10-28 19:44:48.209  1317  1924 V BlurEmailEngine: Work Queue Table Delete - Selection=((command IN (1,3,4,8,11,12,13)) AND (status==3) AND (control <= 2))SelectionArgs=null
10-28 19:44:48.209  1317  1924 V BlurEmailEngine: Work Queue Table Delete - Selection=((status==3) AND (control <= 2) AND (error >= 20000))SelectionArgs=null
10-28 19:44:48.217  1317  1924 V BlurEmailEngine: Work Queue Cleaner removed: 0 completed, 0 error, 0 permanent error.
10-28 19:44:50.482  1325  1325 D PollingManager: wake lock acquired
10-28 19:44:50.482  1325  1325 D PollingManager: decideWhoNeedsPolling(): polling EmailEngine
10-28 19:44:50.631  1235  1240 D dalvikvm: GC_EXPLICIT freed 32566 objects / 1564216 bytes in 135ms
10-28 19:44:50.639  1325  1325 D PollingManager: wake lock released
10-28 19:44:50.670  1317  1924 V BlurEmailEngine: Acquired wake lock; count=1
10-28 19:44:50.685  1317  1924 V BlurEmailEngine: Total number of outstanding POLL requests: 0
10-28 19:44:50.685  1317  1924 V BlurEmailEngine: Released wake lock; count=0
10-28 19:44:51.451  1316  1316 D dalvikvm: GC_FOR_MALLOC freed 9990 objects / 510440 bytes in 96ms
10-28 19:44:54.701  1235  1240 I ActivityManager: Starting activity: Intent { cmp=com.snakefish.visms/.MainChatWindow (has extras) }
10-28 19:44:54.756  6054  6054 V MainChatWindow, populateConversationList: Thread ID: -1
10-28 19:44:54.756  6054  6054 E MainChatWindow, populateConversationList: Intent missing thread id.
10-28 19:44:54.764  6054  6054 I TTS received: : Conversation screen
10-28 19:44:54.764  1437  1441 V TtsService: TTS service received Conversation screen
10-28 19:44:54.764  1437  1441 I TtsService: Stopping
10-28 19:44:54.764  1437  1441 I TtsService: Stopped
10-28 19:44:54.764  1437  1441 V TtsService: TTS processing: Conversation screen
10-28 19:44:54.771  1437  7134 V TtsService: TtsService.setLanguage(eng, USA, )
10-28 19:44:54.771  1437  7134 I SVOX Pico Engine: Language already loaded (en-US == en-US)
10-28 19:44:54.771  1437  7134 I SynthProxy: setting speech rate to 100
10-28 19:44:54.771  1437  7134 I SynthProxy: setting pitch to 100
10-28 19:44:54.850  1138  1232 D AudioHardwareMot: AudioStreamOut::wake: disabling SRC
10-28 19:44:54.850  1138  1232 D AudioHardwareMot: Output 0xb668 exiting standby
10-28 19:44:54.967  1138  1232 D AudioHardwareMot: AudioStreamOutMot::setParameters() fm_attenuate=0;fm_mute=0
10-28 19:44:55.045  1235  1257 I ActivityManager: Displayed activity com.snakefish.visms/.MainChatWindow: 322 ms (total 322 ms)
10-28 19:44:58.732  1235  1890 I ActivityManager: Starting activity: Intent { act=android.intent.action.PICK dat=content://com.android.contacts/contacts cmp=com.motorola.blur.contacts/.picker.PickIdentityActivity }
10-28 19:44:58.810  1512  1512 V PickIdentityActivity: INIT SPINNER GROUP: 0
10-28 19:44:58.810  1512  1512 V PickIdentityActivity: Intent Edit:false Multiple:false OneSource:false OncSourceId:-1 AccountType:null NoSource:false NoSourceId:-1
10-28 19:44:58.818  1512  1512 D PickIdentityActivity: Hardware keyboard >HIDDEN<
10-28 19:44:58.850  1512  1512 V PickIdentityActivity: Query all contacts
10-28 19:44:58.850  1512  1512 D QueryIdentitiesHandler: startQueryAll(): mContactableType==null
10-28 19:44:58.850  1512  1512 V QueryIdentitiesHandler: Adding new query to handler queue...
10-28 19:44:58.857  1512  1526 V QueryIdentitiesHandler: Dispatching query...
10-28 19:44:58.912  1512  1512 D dalvikvm: GC_EXTERNAL_ALLOC freed 3021 objects / 172024 bytes in 44ms
10-28 19:44:58.912  1512  1526 D QueryIdentitiesHandler: TOKEN_QUERYALL: sbSelect==[deleted=0 AND in_visible_group=1]
10-28 19:44:58.959  1512  1512 D dalvikvm: GC_EXTERNAL_ALLOC freed 96 objects / 4392 bytes in 34ms
10-28 19:44:59.053  1294  2032 D DEBUG   : Selection used is -deleted=0 AND in_visible_group=1
10-28 19:44:59.139  1235  1257 I ActivityManager: Displayed activity com.motorola.blur.contacts/.picker.PickIdentityActivity: 377 ms (total 377 ms)
10-28 19:44:59.225  1138  1232 D AudioHardwareMot: AudioStreamOutMot::standby called
10-28 19:44:59.225  1138  1232 D AudioHardwareMot: Output 0xb668 entering standby
10-28 19:44:59.225  1138  1232 D AudioHardwareMot: Closing Output device
10-28 19:44:59.365  1512  1526 D QueryIdentitiesHandler: TOKEN_QUERYALL: cursor.getCount==[248]
10-28 19:44:59.365  1512  1526 V QueryIdentitiesHandler: Completed query
10-28 19:45:00.006  1235  1243 D KeyguardUpdateMonitor: received broadcast android.intent.action.TIME_TICK
10-28 19:45:00.006  1235  1259 D KeyguardUpdateMonitor: handleTimeUpdate
10-28 19:45:01.990  1512  1526 D GroupCache: Groups database table has changed. Refreshing the groups cache
10-28 19:45:01.990  1512  1526 V GroupCache: Queue group cache refresh request, delayed (ms): 3000
10-28 19:45:02.771  6054  6054 V SMSDelegate: onActivityResult(int, int, Intent)
10-28 19:45:02.771  6054  6054 I TTS received: : Conversation screen
10-28 19:45:02.771  1437  1442 V TtsService: TTS service received Conversation screen
10-28 19:45:02.771  1437  1442 I TtsService: Stopping
10-28 19:45:02.771  1437  1442 I TtsService: Stopped
10-28 19:45:02.771  1437  1442 V TtsService: TTS processing: Conversation screen
10-28 19:45:02.771  1437  7136 V TtsService: TtsService.setLanguage(eng, USA, )
10-28 19:45:02.771  1437  7136 I SVOX Pico Engine: Language already loaded (en-US == en-US)
10-28 19:45:02.771  1437  7136 I SynthProxy: setting speech rate to 100
10-28 19:45:02.771  1437  7136 I SynthProxy: setting pitch to 100
10-28 19:45:02.834  1138  1232 D AudioHardwareMot: AudioStreamOut::wake: disabling SRC
