10-28 19:57:48.072  6054  6054 I TTS received: : Message screen
10-28 19:57:48.072  1437  1442 V TtsService: TTS service received Message screen
10-28 19:57:48.072  1437  1442 I TtsService: Stopping
10-28 19:57:48.072  1437  1442 I TtsService: Stopped
10-28 19:57:48.072  1437  1442 V TtsService: TTS processing: Message screen
10-28 19:57:48.079  1437  7371 V TtsService: TtsService.setLanguage(eng, USA, )
10-28 19:57:48.079  1437  7371 I SVOX Pico Engine: Language already loaded (en-US == en-US)
10-28 19:57:48.079  1437  7371 I SynthProxy: setting speech rate to 100
10-28 19:57:48.079  1437  7371 I SynthProxy: setting pitch to 100
10-28 19:57:48.150  1713  7242 D BlrPhotoDwnldService: Writing photo data for remote photo content://com.android.contacts/data/5548?caller_is_syncadapter=true
10-28 19:57:48.275  1138  1232 D AudioHardwareMot: AudioStreamOutMot::setParameters() fm_attenuate=0;fm_mute=0
10-28 19:57:48.361  1235  1257 I ActivityManager: Displayed activity com.snakefish.visms/.TextActivity: 347 ms (total 347 ms)
10-28 19:57:48.439  1512  1526 D GroupCache: Groups database table has changed. Refreshing the groups cache
10-28 19:57:48.439  1512  1526 V GroupCache: Clearing pending group cache refresh requests
10-28 19:57:48.439  1512  1526 V GroupCache: Queue group cache refresh request, delayed (ms): 3000
10-28 19:57:48.704  1713  7242 D dalvikvm: GC_FOR_MALLOC freed 335 objects / 340872 bytes in 45ms
10-28 19:57:48.939  1713  7242 I global  : Default buffer size used in BufferedInputStream constructor. It would be better to be explicit if an 8k buffer is required.
10-28 19:57:49.415  1713  7242 D BlrPhotoDwnldService: Writing photo data for remote photo content://com.android.contacts/data/7112?caller_is_syncadapter=true
10-28 19:57:49.587  1512  1526 D GroupCache: Groups database table has changed. Refreshing the groups cache
10-28 19:57:49.595  1512  1526 V GroupCache: Clearing pending group cache refresh requests
10-28 19:57:49.595  1512  1526 V GroupCache: Queue group cache refresh request, delayed (ms): 3000
10-28 19:57:49.954  1713  7242 D dalvikvm: GC_FOR_MALLOC freed 342 objects / 379904 bytes in 141ms
10-28 19:57:50.001  1312  1312 D dalvikvm: GC_EXTERNAL_ALLOC freed 6559 objects / 397960 bytes in 104ms
10-28 19:57:50.204  1713  7242 I global  : Default buffer size used in BufferedInputStream constructor. It would be better to be explicit if an 8k buffer is required.
10-28 19:57:50.454  1713  7242 D BlrPhotoDwnldService: Writing photo data for remote photo content://com.android.contacts/data/7408?caller_is_syncadapter=true
10-28 19:57:50.603  1512  1526 D GroupCache: Groups database table has changed. Refreshing the groups cache
10-28 19:57:50.603  1512  1526 V GroupCache: Clearing pending group cache refresh requests
10-28 19:57:50.603  1512  1526 V GroupCache: Queue group cache refresh request, delayed (ms): 3000
10-28 19:57:50.876  1713  7242 D dalvikvm: GC_FOR_MALLOC freed 335 objects / 338128 bytes in 58ms
10-28 19:57:51.134  1713  7242 I global  : Default buffer size used in BufferedInputStream constructor. It would be better to be explicit if an 8k buffer is required.
10-28 19:57:51.431  1713  7242 D BlrPhotoDwnldService: Writing photo data for remote photo content://com.android.contacts/data/10261?caller_is_syncadapter=true
10-28 19:57:51.572  1512  1526 D GroupCache: Groups database table has changed. Refreshing the groups cache
10-28 19:57:51.572  1512  1526 V GroupCache: Clearing pending group cache refresh requests
10-28 19:57:51.572  1512  1526 V GroupCache: Queue group cache refresh request, delayed (ms): 3000
10-28 19:57:51.861  1713  7242 D dalvikvm: GC_FOR_MALLOC freed 337 objects / 338352 bytes in 66ms
10-28 19:57:52.103  1713  7242 I global  : Default buffer size used in BufferedInputStream constructor. It would be better to be explicit if an 8k buffer is required.
10-28 19:57:52.189  1138  1232 D AudioHardwareMot: AudioStreamOutMot::standby called
10-28 19:57:52.189  1138  1232 D AudioHardwareMot: Output 0xb668 entering standby
10-28 19:57:52.197  1138  1232 D AudioHardwareMot: Closing Output device
10-28 19:57:52.392  1713  7242 D BlrPhotoDwnldService: Writing photo data for remote photo content://com.android.contacts/data/10616?caller_is_syncadapter=true
10-28 19:57:52.564  1512  1526 D GroupCache: Groups database table has changed. Refreshing the groups cache
10-28 19:57:52.587  1512  1526 V GroupCache: Clearing pending group cache refresh requests
10-28 19:57:52.595  1512  1526 V GroupCache: Queue group cache refresh request, delayed (ms): 3000
10-28 19:57:52.923  1713  7242 D dalvikvm: GC_FOR_MALLOC freed 335 objects / 336176 bytes in 71ms
10-28 19:57:53.158  1713  7242 I global  : Default buffer size used in BufferedInputStream constructor. It would be better to be explicit if an 8k buffer is required.
10-28 19:57:53.368  1713  7242 D BlrPhotoDwnldService: Writing photo data for remote photo content://com.android.contacts/data/10974?caller_is_syncadapter=true
10-28 19:57:53.517  1512  1526 D GroupCache: Groups database table has changed. Refreshing the groups cache
10-28 19:57:53.517  1512  1526 V GroupCache: Clearing pending group cache refresh requests
10-28 19:57:53.517  1512  1526 V GroupCache: Queue group cache refresh request, delayed (ms): 3000
10-28 19:57:53.751  1713  7242 D dalvikvm: GC_FOR_MALLOC freed 336 objects / 317384 bytes in 29ms
10-28 19:57:54.212  1713  7242 I global  : Default buffer size used in BufferedInputStream constructor. It would be better to be explicit if an 8k buffer is required.
10-28 19:57:54.447  1713  7242 D BlrPhotoDwnldService: Writing photo data for remote photo content://com.android.contacts/data/11801?caller_is_syncadapter=true
10-28 19:57:54.579  1512  1526 D GroupCache: Groups database table has changed. Refreshing the groups cache
10-28 19:57:54.579  1512  1526 V GroupCache: Clearing pending group cache refresh requests
10-28 19:57:54.579  1512  1526 V GroupCache: Queue group cache refresh request, delayed (ms): 3000
10-28 19:57:54.868  1713  7242 D dalvikvm: GC_FOR_MALLOC freed 335 objects / 336472 bytes in 58ms
10-28 19:57:55.330  1713  7242 I global  : Default buffer size used in BufferedInputStream constructor. It would be better to be explicit if an 8k buffer is required.
10-28 19:57:55.783  1713  7242 D BlrPhotoDwnldService: Writing photo data for remote photo content://com.android.contacts/data/11873?caller_is_syncadapter=true
10-28 19:57:55.954  1713  7242 D BlrPhotoDwnldService: Finished downloading 165 photos
10-28 19:57:55.954  1512  1526 D GroupCache: Groups database table has changed. Refreshing the groups cache
10-28 19:57:55.954  1512  1526 V GroupCache: Clearing pending group cache refresh requests
10-28 19:57:55.954  1512  1526 V GroupCache: Queue group cache refresh request, delayed (ms): 3000
10-28 19:57:56.001  1544  1544 V ContactsUpdateReceiver: Received Intent: Intent { act=com.motorola.blur.contacts.NOTIFY_PHOTOS_DOWNLOADED cmp=com.motorola.blur.conversations/.util.ContactsUpdateReceiver (has extras) }
10-28 19:57:56.017  2004  2004 I SNMsgIntentReceiver: Received contact photo download complete notification
10-28 19:57:56.033  1713  7242 W BlrPhotoDwnldService: Unable to download the photo and persist it to the Contacts database. Retrying photo downloads at a later time.
10-28 19:57:56.040  1424  1424 D ChipWidgetProvider: Received intent Intent { act=com.motorola.blur.contacts.NOTIFY_PHOTOS_DOWNLOADED cmp=com.motorola.blur.friendfeed/.widget.SocialWidgetProvider (has extras) }
10-28 19:57:56.040  1424  1424 D ChipWidgetProvider: a22417 debug in chipwidgetprovider function updatewidget the pendingUpdates is :android.util.SparseIntArray@459efd78
10-28 19:57:56.040  1424  1424 V SocialWidgetProvider: Received notification that photos have been downloaded. Clearing picture cache and refreshing view
10-28 19:57:56.056  1424  1481 D SocialWidgetProvider: doUpdateWidget id: 2 x: 4 y: 1
10-28 19:57:56.064  1424  1481 D SocialWidgetProvider: filterType: 0
10-28 19:57:56.064  1424  1481 D SocialWidgetProvider: filter: read_state=1 AND pub_date>1288223876068 AND owner=0
10-28 19:57:56.072  1447  1447 D ChipWidgetProvider: Received intent Intent { act=com.motorola.blur.contacts.NOTIFY_PHOTOS_DOWNLOADED cmp=com.motorola.blur.home.status/.StatusWidgetProvider (has extras) }
10-28 19:57:56.072  1447  1447 D ChipWidgetProvider: a22417 debug in chipwidgetprovider function updatewidget the pendingUpdates is :android.util.SparseIntArray@45a2e268
10-28 19:57:56.079  1447  1986 D StatusWidgetProvider: doUpdateWidget x: 4 y: 1
10-28 19:57:56.087  1713  1713 D BlrPhotoDwnldReceiver: Received a request to explicitly schedule the photo download to start at a later time
10-28 19:57:56.103  1424  1481 D SocialWidgetProvider: ===== getImageDimens: width=103 height=141
10-28 19:57:56.103  1424  1481 D BlurContactsExtensions: ===== targetSize: width=103 height=141
10-28 19:57:56.103  1713  1713 D BlrPhotoDwnldReceiver: Download service scheduled
10-28 19:57:56.111  1713  1713 D BlrPhotoDwnSchedService: AlarmManager configured to schedule a start photo download service in 12 hours 0 mins 0 secs.
10-28 19:57:56.111  1713  1713 I BlrPhotoDwnSchedService: Photo schedule service has been destroyed
10-28 19:57:56.150  1713  7242 D PollingManagerClient: unregisterApp(): BlrPhotoDwnldService
10-28 19:57:56.150  1424  1481 D BlurContactsExtensions: ===== imageStream: imageWidth=100 imageHeight=133
10-28 19:57:56.150  1424  1481 D BlurContactsExtensions: ===== Using default android decode api...
10-28 19:57:56.150  1424  1481 D BlurContactsExtensions: ===== Android image decode:  downSample=1 downScaleX=0 downScaleY=0
10-28 19:57:56.150  1424  1481 D BlurContactsExtensions: ===== Cropping img: cropWidth=97 cropHeight=133
10-28 19:57:56.173  1424  1481 D DateUtil: now.getTimeZone(): Eastern Standard Time
10-28 19:57:56.189  1424  1481 V SocialWidgetProvider: DisplayName: Jeremy M. Leavitt for RawContactId: 567
10-28 19:57:56.220  1424  1481 D SocialWidgetProvider: updated id 2:has a new profile picture
10-28 19:57:56.251  1340  1340 D dalvikvm: GC_EXPLICIT freed 321 objects / 12272 bytes in 40ms
10-28 19:57:56.267  1447  1986 D dalvikvm: GC_FOR_MALLOC freed 8780 objects / 512760 bytes in 147ms
10-28 19:57:56.290  1447  1986 D DateUtil: now.getTimeZone(): Eastern Standard Time
10-28 19:57:56.290  1447  1986 D DateUtil: now.getTimeZone(): Eastern Standard Time
10-28 19:57:56.337  1325  1923 D PollingManager: unregisterApp(): BlrPhotoDwnldService
10-28 19:57:56.353  1340  1340 D dalvikvm: GC_EXPLICIT freed 437 objects / 19728 bytes in 42ms
10-28 19:57:56.404  1325  1923 I PollingManager: calculateShortestInterval(): shortest interval is 75872
10-28 19:57:56.404  1713  7242 I PollingManagerClient: close()
10-28 19:57:56.423  1713  1713 D BlrPhotoDwnldService: Photo download service has been destroyed
10-28 19:57:56.947  1312  1312 W KeyCharacterMap: Can't open keycharmap file
10-28 19:57:56.947  1312  1312 W KeyCharacterMap: Error loading keycharmap file '/system/usr/keychars/qtouch-touchscreen.kcm.bin'. hw.keyboards.65538.devname='qtouch-touchscreen'
10-28 19:57:56.947  1312  1312 W KeyCharacterMap: Using default keymap: /system/usr/keychars/qwerty.kcm.bin
10-28 19:57:59.001  1294  1409 D DEBUG   : Selection used is -null
10-28 19:57:59.001  1512  1526 D GroupCache: Getting user-defined groups
10-28 19:57:59.001  1512  1526 D GroupCache: Encountered group title, Family
10-28 19:57:59.009  1512  1526 D GroupCache: Encountered group title, Imported Contacts
10-28 19:57:59.017  1512  1526 D GroupCache: Encountered group title, Usability
10-28 19:57:59.025  1512  1526 D GroupCache: Encountered source name, null
10-28 19:57:59.025  1512  1526 D SourceCache: Returning stroed ICON FOR-com.motorola.android.buacontactadapter:Phone:
10-28 19:57:59.025  1512  1526 D GroupCache: Encountered source name, blur
10-28 19:57:59.025  1512  1526 D GroupCache: Encountered source name, null
10-28 19:57:59.025  1512  1526 D GroupCache: Encountered source name, facebook
10-28 19:57:59.025  1512  1526 D SourceCache: Returning stroed ICON FOR-com.motorola.blur.service.bsutils.MOTHER_USER_CREDS_TYPE:a0000022712d6a6532772297749992488@random.svcmot.com:facebook
10-28 19:57:59.025  1512  1526 D GroupCache: Encountered source name, facebook
10-28 19:57:59.025  1512  1526 D SourceCache: Returning stroed ICON FOR-com.motorola.blur.service.bsutils.MOTHER_USER_CREDS_TYPE:a0000022712d6a6532772297749992488@random.svcmot.com:facebook
10-28 19:57:59.025  1512  1526 D GroupCache: Notifying observers of the group cache that its state has changed
10-28 19:57:59.509  6054  6054 V SmsDbAdapter: Entering value with threadId = 1
10-28 19:57:59.572  6054  6054 I TTS received: : Message sent
10-28 19:57:59.572  1437  1441 V TtsService: TTS service received Message sent
10-28 19:57:59.572  1437  1441 I TtsService: Stopping
10-28 19:57:59.572  1437  1441 I TtsService: Stopped
10-28 19:57:59.572  1437  1441 V TtsService: TTS processing: Message sent
10-28 19:57:59.579  1437  7373 V TtsService: TtsService.setLanguage(eng, USA, )
10-28 19:57:59.579  1437  7373 I SVOX Pico Engine: Language already loaded (en-US == en-US)
10-28 19:57:59.579  1437  7373 I SynthProxy: setting speech rate to 100
10-28 19:57:59.579  1437  7373 I SynthProxy: setting pitch to 100
10-28 19:57:59.673  1138  1232 D AudioHardwareMot: AudioStreamOut::wake: disabling SRC
10-28 19:57:59.681  1138  1232 D AudioHardwareMot: Output 0xb668 exiting standby
10-28 19:57:59.795  1138  1232 D AudioHardwareMot: AudioStreamOutMot::setParameters() fm_attenuate=0;fm_mute=0
10-28 19:58:00.033  1235  1243 D KeyguardUpdateMonitor: received broadcast android.intent.action.TIME_TICK
10-28 19:58:00.033  1235  1259 D KeyguardUpdateMonitor: handleTimeUpdate
10-28 19:58:02.736  1713  1713 D BlrMsgWatcherService: Service Destroyed
10-28 19:58:03.487  1466  1466 D ChipWidgetProvider: a22417 debug in chipwidgetprovider function updatewidget the pendingUpdates is :android.util.SparseIntArray@459eb0e8
10-28 19:58:03.595  1466  1476 D dalvikvm: GC_EXPLICIT freed 10304 objects / 464232 bytes in 40ms
10-28 19:58:03.603  1317  1334 D BlurSNMessagingEngine: SNMessagingProvider::getDatabase called
10-28 19:58:03.626  1466  1476 D wubo    : a22417 in getContactName the address comin is :5704000104
10-28 19:58:03.626  1466  1476 D wubo    : a22417 in getContactName the TMConversationUtils.isMultiAddress(address) :false
10-28 19:58:03.626  1466  1476 D wubo    : case 1 a22417 in resolveSingleAddressToName the name  is :null
10-28 19:58:03.626  1466  1476 D wubo    : case 2 a22417 in resolveSingleAddressToName the name  is :null
10-28 19:58:03.673  1294  2046 D dalvikvm: GC_FOR_MALLOC freed 4943 objects / 460760 bytes in 39ms
10-28 19:58:03.720  1138  1232 D AudioHardwareMot: AudioStreamOutMot::standby called
10-28 19:58:03.720  1138  1232 D AudioHardwareMot: Output 0xb668 entering standby
10-28 19:58:03.729  1138  1232 D AudioHardwareMot: Closing Output device
10-28 19:58:03.736  1466  1476 D TextMsgTransport: case 1 wubo a22417 in getSender the name is :Jim Dudish
10-28 19:58:03.736  1466  1476 D TextMsgTransport: case 1 wubo a22417 in getSender the address is :5704000104
10-28 19:58:03.751  1466  1476 D TextMsgTransport: case 2 wubo a22417 in getSender the name is :Jim Dudish
10-28 19:58:03.751  1466  1476 V TextMsgTransport: DataId: 4488 ContactId: 649 DisplayName >Jim Dudish< when filtering for >5704000104<
10-28 19:58:03.775  1466  1476 D BlurContactsExtensions: ===== targetSize: width=125 height=150
10-28 19:58:03.923  1466  1476 D DateUtil: now.getTimeZone(): Eastern Standard Time
10-28 19:58:03.978  1340  1340 D dalvikvm: GC_EXPLICIT freed 502 objects / 19856 bytes in 37ms
10-28 19:58:11.611  1235  1243 I InputManagerService: received close system dialog event
10-28 19:58:11.642  1235  1260 I ActivityManager: Starting activity: Intent { act=android.intent.action.MAIN cat=[android.intent.category.HOME] flg=0x10200000 cmp=com.motorola.blur.home/.HomeActivity }
10-28 19:58:11.681  1235  1890 W InputManagerService: Starting input on non-focused client com.android.internal.view.IInputMethodClient$Stub$Proxy@45bac1d0 (uid=10005 pid=1340)
10-28 19:58:11.681  1235  1454 W InputManagerService: Ignoring hideSoftInput of: com.android.internal.view.IInputMethodClient$Stub$Proxy@45f23518
10-28 19:58:11.704  1844  1844 W WidgetAidService: BroadcastReceiver onReceive called
10-28 19:58:11.712  1235  1889 W InputManagerService: Starting input on non-focused client com.android.internal.view.IInputMethodClient$Stub$Proxy@45d1e930 (uid=10114 pid=6054)
10-28 19:58:11.720  1844  1844 D WidgetAidService: ACTION_HOME_SCREEN_CHANGED - 3
10-28 19:58:11.736  1544  1544 D ComposeMsgActivity: Power Long Key Press - BroadcastReceiver - START
10-28 19:58:11.736  1544  1544 D ComposeMsgActivity: Power Long Key Press - BroadcastReceiver - END
10-28 19:58:11.751  1544  1544 V MessageUtils: MSG-TABLE - query START, uri=content://sms, projection=(_id body priority ), selection=thread_id=14 AND type=3, args=
10-28 19:58:11.759  1844  1844 D WidgetAidService: HomeScreen gained focus/panned
10-28 19:58:11.892  1544  1544 V MessageUtils: MSG-TABLE - query END, counter=-23, cursor=android.content.ContentResolver$CursorWrapperInner@458e2000, stack= <- log <- verbose <- query <- queryDraftSmsMessage <- deleteTemporarySmsMessage
10-28 19:58:11.908  1544  1544 V MessageUtils: MSG-TABLE - close, counter=-24, cursor=android.content.ContentResolver$CursorWrapperInner@458e2000, stack= <- log <- verbose <- closeCursor <- deleteTemporarySmsMessage <- access$4800
10-28 19:58:11.908  1844  1844 D WidgetAidService: widgetScreenIndex - 5
10-28 19:58:11.915  1544  7376 V MessageUtils: MSG-TABLE - query START, uri=content://mms-sms/draft, projection=(thread_id ), selection=null, args=
10-28 19:58:11.923  1544  7376 V MessageUtils: MSG-TABLE - query END, counter=-23, cursor=android.content.ContentResolver$CursorWrapperInner@458c2d30, stack= <- log <- verbose <- query <- rebuildCache <- access$000
10-28 19:58:11.931  1544  7376 V MessageUtils: MSG-TABLE - close, counter=-24, cursor=android.content.ContentResolver$CursorWrapperInner@458c2d30, stack= <- log <- verbose <- closeCursor <- rebuildCache <- access$000
10-28 19:58:13.330  1235  1243 V DeviceStorageMonitorService: freeMemory=6643625984
10-28 19:58:13.330  1235  1243 V DeviceStorageMonitorService: Threshold Percentage=10
10-28 19:58:13.330  1235  1243 V DeviceStorageMonitorService: mTotalMemory = 70264913
10-28 19:58:13.330  1235  1243 I DeviceStorageMonitorService: Posting Message again
10-28 19:58:20.783  1512  1526 D GroupCache: Groups database table has changed. Refreshing the groups cache
10-28 19:58:20.783  1512  1526 V GroupCache: Queue group cache refresh request, delayed (ms): 3000
10-28 19:58:20.986  1316  1316 I AtCmdDelegate: handle message:1
10-28 19:58:21.017  1235  1488 D AlarmManagerService: Kernel timezone updated to 240 minutes west of GMT
10-28 19:58:21.119  1325  1325 I LittleSister: onCellLocationChanged(): got cell location that isn't gsm, ignoring...
10-28 19:58:22.009  5759  5759 D dalvikvm: GC_FOR_MALLOC freed 9565 objects / 521608 bytes in 58ms
10-28 19:58:23.829  1294  2078 D DEBUG   : Selection used is -null
10-28 19:58:23.845  1512  1526 D GroupCache: Getting user-defined groups
10-28 19:58:23.845  1512  1526 D GroupCache: Encountered group title, Family
10-28 19:58:23.861  1512  1526 D GroupCache: Encountered group title, Imported Contacts
10-28 19:58:23.869  1512  1526 D GroupCache: Encountered group title, Usability
10-28 19:58:23.869  1512  1526 D GroupCache: Encountered source name, null
10-28 19:58:23.869  1512  1526 D SourceCache: Returning stroed ICON FOR-com.motorola.android.buacontactadapter:Phone:
10-28 19:58:23.869  1512  1526 D GroupCache: Encountered source name, blur
10-28 19:58:23.869  1512  1526 D GroupCache: Encountered source name, null
10-28 19:58:23.876  1512  1526 D GroupCache: Encountered source name, facebook
10-28 19:58:23.876  1512  1526 D SourceCache: Returning stroed ICON FOR-com.motorola.blur.service.bsutils.MOTHER_USER_CREDS_TYPE:a0000022712d6a6532772297749992488@random.svcmot.com:facebook
10-28 19:58:23.876  1512  1526 D GroupCache: Encountered source name, facebook
10-28 19:58:23.876  1512  1526 D SourceCache: Returning stroed ICON FOR-com.motorola.blur.service.bsutils.MOTHER_USER_CREDS_TYPE:a0000022712d6a6532772297749992488@random.svcmot.com:facebook
10-28 19:58:23.876  1512  1526 D GroupCache: Notifying observers of the group cache that its state has changed
10-28 19:58:24.462  1316  1394 I global  : Default buffer size used in BufferedOutputStream constructor. It would be better to be explicit if an 8k buffer is required.
10-28 19:58:24.462  1316  1316 D SMSDispatcher: New SMS Message Received
10-28 19:58:24.517  1651  1651 V sms     : received SMS is not '//F1' sms!
10-28 19:58:24.525  1544  1544 V SmsReceiver: beginStartingService - START
10-28 19:58:24.525  1544  1544 V SmsReceiver: beginStartingService - synchronized
10-28 19:58:24.525  1544  1544 V SmsReceiver: beginStartingService - Power waked lock acquire request
10-28 19:58:24.525  1544  1544 V SmsReceiver: beginStartingService - Power waked lock acquire done
10-28 19:58:24.525  1544  1544 V MessageUtils: MSG-THREAD START - startService, intent=Intent { act=android.provider.Telephony.SMS_RECEIVED cmp=com.motorola.blur.conversations/.transaction.SmsReceiverService (has extras) }
10-28 19:58:24.525  1544  1544 V SmsReceiver: beginStartingService - END
10-28 19:58:24.540  1544  1544 V SmsReceiverService: onCreate() - START
10-28 19:58:24.540  1544  7377 V MessageUtils: MSG-THREAD END - startService
10-28 19:58:24.564  1544  1544 V SmsReceiverService: onCreate() - END
10-28 19:58:24.564  1544  1544 V SmsReceiverService: onStartCommand() - START, startId=1, intent=Intent { act=android.provider.Telephony.SMS_RECEIVED cmp=com.motorola.blur.conversations/.transaction.SmsReceiverService (has extras) }
10-28 19:58:24.564  1544  1544 V SmsReceiverService: onStartCommand() - END
10-28 19:58:24.579  1235  1347 I ActivityManager: Starting activity: Intent { flg=0x30000000 cmp=com.snakefish.visms/.IncomingMessage (has extras) }
10-28 19:58:24.634  1844  1844 W WidgetAidService: BroadcastReceiver onReceive called
10-28 19:58:24.665  1844  1844 D WidgetAidService: ACTION_HOME_SCREEN_CHANGED - -1
10-28 19:58:24.728  1235  1487 D dalvikvm: GC_EXPLICIT freed 27751 objects / 1292504 bytes in 127ms
10-28 19:58:24.759  6054  6054 V SmsDbAdapter: Entering value with threadId = 0
10-28 19:58:24.767  1844  1844 D WidgetAidService: HomeScreen has lost focus, store the previous state and move to pause
10-28 19:58:24.767  1844  1844 D WidgetAidService: Ignoring the HOME_SCREEN_CHANGED notification as the player is either in paused/playing state
10-28 19:58:24.767  1544  7378 V SmsReceiverService: Handling incoming message - START: { what=0 when=63879588 arg1=1 obj=Intent { act=android.provider.Telephony.SMS_RECEIVED cmp=com.motorola.blur.conversations/.transaction.SmsReceiverService (has extras) } }
10-28 19:58:24.767  1544  7378 V SmsReceiverService: handleSmsReceived() - START
10-28 19:58:24.775  1544  7378 V MessageUtils: MSG-TABLE - query START, uri=content://com.android.contacts/data, projection=(data1 data3 display_name contact_id contact_status ), selection=PHONE_NUMBERS_EQUAL(data1,?) AND mimetype='vnd.android.cursor.item/phone_v2', args=(5704000104 )
10-28 19:58:24.783  1544  7378 V MessageUtils: MSG-TABLE - query END, counter=-23, cursor=android.content.ContentResolver$CursorWrapperInner@459672b8, stack= <- log <- verbose <- query <- queryContactInfoByNumber <- getContactInfoForPhoneNumber
10-28 19:58:24.798  1544  7378 V MessageUtils: MSG-TABLE - close, counter=-24, cursor=android.content.ContentResolver$CursorWrapperInner@459672b8, stack= <- log <- verbose <- closeCursor <- queryContactInfoByNumber <- getContactInfoForPhoneNumber
10-28 19:58:24.814  6054  6054 I TTS received: : New message received
10-28 19:58:24.814  1437  1442 V TtsService: TTS service received New message received
10-28 19:58:24.814  1437  1442 I TtsService: Stopping
10-28 19:58:24.814  1437  1442 I TtsService: Stopped
10-28 19:58:24.814  1437  1442 V TtsService: TTS processing: New message received
10-28 19:58:24.822  1437  7379 V TtsService: TtsService.setLanguage(eng, USA, )
10-28 19:58:24.822  1437  7379 I SVOX Pico Engine: Language already loaded (en-US == en-US)
10-28 19:58:24.822  1437  7379 I SynthProxy: setting speech rate to 100
10-28 19:58:24.822  1437  7379 I SynthProxy: setting pitch to 100
10-28 19:58:24.853  1544  7378 V MessageSettings: getAnonymousRecipientPrompt, result=50856042
10-28 19:58:24.900  1544  7378 V Telephony: getOrCreateThreadId uri: content://mms-sms/threadID?recipient=5704000104
10-28 19:58:24.931  1138  1232 D AudioHardwareMot: AudioStreamOut::wake: disabling SRC
10-28 19:58:24.947  1138  1232 D AudioHardwareMot: Output 0xb668 exiting standby
10-28 19:58:24.986  1544  7378 V Telephony: getOrCreateThreadId cursor cnt: 1
10-28 19:58:25.017  1138  1232 D AudioHardwareMot: AudioStreamOutMot::setParameters() fm_attenuate=0;fm_mute=0
10-28 19:58:25.150  1544  7378 V Recycler: deleteOldMessagesByThread this: com.motorola.blur.conversations.util.Recycler@458fb998 threadId: 9
10-28 19:58:25.150  1544  7378 V Recycler: deleteMessagesForThread
10-28 19:58:25.150  1544  7378 V MessageUtils: MSG-TABLE - query START, uri=content://mms-sms/sortedConversations/9, projection=(sort_index ), selection=null, args=
10-28 19:58:25.165  1544  7378 V MessageUtils: MSG-TABLE - query END, counter=-23, cursor=android.content.ContentResolver$CursorWrapperInner@45927cb8, stack= <- log <- verbose <- query <- deleteMessagesForThread <- deleteOldMessagesByThread
10-28 19:58:25.165  1544  7378 V Recycler: deleteMessagesForThread keep: 200 count: 15 numberToDelete: -185
10-28 19:58:25.173  1544  7378 V MessageUtils: MSG-TABLE - close, counter=-24, cursor=android.content.ContentResolver$CursorWrapperInner@45927cb8, stack= <- log <- verbose <- closeCursor <- deleteMessagesForThread <- deleteOldMessagesByThread
10-28 19:58:25.173  1544  7378 D SmsReceiverService: SMS-STATUS - SMS Received, messageUri: content://sms/90, errorCode: 0, address: 5704000104, body: Beep.
10-28 19:58:25.181  1544  7378 V MessageUtils: MSG-TABLE - query START, uri=content://mms, projection=(thread_id date _id sub sub_cs ), selection=(msg_box=1 AND seen=0 AND (m_type=132)), args=
10-28 19:58:25.204  1544  7378 V MessageUtils: MSG-TABLE - query END, counter=-23, cursor=android.content.ContentResolver$CursorWrapperInner@459a8c68, stack= <- log <- verbose <- query <- getMmsNewMessageNotificationInfo <- updateNewMessageIndicator
10-28 19:58:25.204  1544  7378 V MessageUtils: MSG-TABLE - close, counter=-24, cursor=android.content.ContentResolver$CursorWrapperInner@459a8c68, stack= <- log <- verbose <- closeCursor <- getMmsNewMessageNotificationInfo <- updateNewMessageIndicator
10-28 19:58:25.212  1544  7378 V MessageUtils: MSG-TABLE - query START, uri=content://sms, projection=(thread_id date address subject body priority ), selection=(type = 1 AND seen = 0), args=
10-28 19:58:25.228  1235  1257 I ActivityManager: Displayed activity com.snakefish.visms/.IncomingMessage: 639 ms (total 639 ms)
10-28 19:58:25.243  1544  7378 V MessageUtils: MSG-TABLE - query END, counter=-23, cursor=android.content.ContentResolver$CursorWrapperInner@459709c8, stack= <- log <- verbose <- query <- getSmsNewMessageNotificationInfo <- updateNewMessageIndicator
10-28 19:58:25.243  1544  7378 D wubo    : a22417 in getContactName the address comin is :5704000104
10-28 19:58:25.243  1544  7378 D wubo    : a22417 in getContactName the TMConversationUtils.isMultiAddress(address) :false
10-28 19:58:25.243  1544  7378 D wubo    : case 1 a22417 in resolveSingleAddressToName the name  is :null
10-28 19:58:25.243  1544  7378 D wubo    : case 2 a22417 in resolveSingleAddressToName the name  is :null
10-28 19:58:25.306  1544  7378 D wubo    : a22417 in getContactName the address comin is :5704000104
10-28 19:58:25.314  1544  7378 D wubo    : a22417 in getContactName the TMConversationUtils.isMultiAddress(address) :false
10-28 19:58:25.314  1544  7378 D wubo    : case 1 a22417 in resolveSingleAddressToName the name  is :null
10-28 19:58:25.314  1544  7378 D wubo    : case 2 a22417 in resolveSingleAddressToName the name  is :null
10-28 19:58:25.376  1544  7378 V MessageUtils: MSG-TABLE - close, counter=-24, cursor=android.content.ContentResolver$CursorWrapperInner@459709c8, stack= <- log <- verbose <- closeCursor <- getSmsNewMessageNotificationInfo <- updateNewMessageIndicator
10-28 19:58:25.447  1544  7378 V AccountStatusHelpers:  updateStatus() - updating account, account=-100 type=2 extra=12
10-28 19:58:25.634  1466  1466 D ChipWidgetProvider: Received intent Intent { act=com.motorola.blur.messaging.SMS_RECEIVED_ACTION dat=content://sms/90 cmp=com.motorola.blur.home.message/.MessageWidgetProvider (has extras) }
10-28 19:58:25.665  1466  1466 D ChipWidgetProvider: a22417 debug in chipwidgetprovider function updatewidget the pendingUpdates is :android.util.SparseIntArray@459eb0e8
10-28 19:58:25.704  1713  1713 D BlurNewMessageActionRec: received Intent { act=com.motorola.blur.messaging.SMS_RECEIVED_ACTION dat=content://sms/90 cmp=com.motorola.blur.contacts.data/.BlurNewMessageActionReceiver (has extras) }
10-28 19:58:25.736  1713  1713 D BlrMsgWatcherService: started with Intent { act=com.motorola.blur.MessageWatcher.ACTION_MESSAGES_AVAILABLE (has extras) }
10-28 19:58:25.736  1713  1713 D BlrMsgWatcherService: Going to sleep ...zzz
10-28 19:58:25.743  1544  7378 D wubo    : a22417 in getContactName the address comin is :5704000104
10-28 19:58:25.767  1544  7378 D wubo    : a22417 in getContactName the TMConversationUtils.isMultiAddress(address) :false
10-28 19:58:25.767  1544  7378 D wubo    : case 1 a22417 in resolveSingleAddressToName the name  is :null
10-28 19:58:25.767  1544  7378 D wubo    : case 2 a22417 in resolveSingleAddressToName the name  is :null
10-28 19:58:25.775  1466  7381 V ServiceThreadPool: beforeExecute():  active threads: 1, current pool size: 4, largest pool size: 8
10-28 19:58:25.775  1466  7381 V MessageWidgetProvider: initialized CharsetUtil in0ms
10-28 19:58:25.915  1316  1336 D dalvikvm: GC_EXPLICIT freed 8819 objects / 428880 bytes in 105ms
10-28 19:58:25.947  1713  7382 D BlrMsgWatcherService: SmsObserver: lastUpdate=1288310161330
10-28 19:58:25.970  1317  1331 D BlurSNMessagingEngine: SNMessagingProvider::getDatabase called
10-28 19:58:25.994  1466  1489 D wubo    : a22417 in getContactName the address comin is :5704000104
10-28 19:58:25.994  1466  1489 D wubo    : a22417 in getContactName the TMConversationUtils.isMultiAddress(address) :false
10-28 19:58:25.994  1466  1489 D wubo    : case 1 a22417 in resolveSingleAddressToName the name  is :null
10-28 19:58:25.994  1466  1489 D wubo    : case 2 a22417 in resolveSingleAddressToName the name  is :null
10-28 19:58:26.087  1466  1489 D TextMsgTransport: case 1 wubo a22417 in getSender the name is :Jim Dudish
10-28 19:58:26.087  1466  1489 D TextMsgTransport: case 1 wubo a22417 in getSender the address is :5704000104
10-28 19:58:26.111  1466  1489 D TextMsgTransport: case 2 wubo a22417 in getSender the name is :Jim Dudish
10-28 19:58:26.111  1466  1489 V TextMsgTransport: DataId: 4488 ContactId: 649 DisplayName >Jim Dudish< when filtering for >5704000104<
10-28 19:58:26.150  1316  1316 I AtCmdDelegate: handle message:1
10-28 19:58:26.165  1235  2149 D AlarmManagerService: Kernel timezone updated to 240 minutes west of GMT
10-28 19:58:26.173  1466  1489 D BlurContactsExtensions: ===== targetSize: width=125 height=150
10-28 19:58:26.314  1466  1489 D DateUtil: now.getTimeZone(): Eastern Standard Time
10-28 19:58:26.376  1340  1340 D dalvikvm: GC_EXPLICIT freed 925 objects / 56128 bytes in 45ms
10-28 19:58:26.392  1713  7382 D BlrMsgWatcherService: 1 new items since 1288310161330 for SmsObserver
10-28 19:58:26.392  1713  7382 D BlrMsgWatcherService: findPerson query start, uri = content://com.motorola.blur.contacts.extensions/phone_lookup/5704000104?limit=1
10-28 19:58:26.415  1294  1928 D DEBUG   : Selection used is -null
10-28 19:58:26.423  1713  7382 D BlrMsgWatcherService: findPerson cursor count =1
10-28 19:58:26.454  1713  7382 V BlrMsgWatcherService: RawContactId: 647 Communication history: 10 [Limit: 10]
10-28 19:58:26.454  1713  7382 V BlrMsgWatcherService: Earliest time: 1288306321054 Data ID: 11896
10-28 19:58:26.462  1713  7382 V BlrMsgWatcherService: Updating oldest data row... content://com.android.contacts/data/11896
10-28 19:58:26.501  1544  7378 D dalvikvm: GC_FOR_MALLOC freed 10180 objects / 510560 bytes in 44ms
10-28 19:58:26.618  1512  1526 D GroupCache: Groups database table has changed. Refreshing the groups cache
10-28 19:58:26.618  1512  1526 V GroupCache: Queue group cache refresh request, delayed (ms): 3000
10-28 19:58:26.642  1713  7382 D BlrMsgWatcherService: lastUpdate now 1288310304774
10-28 19:58:26.658  1544  7378 D MessagingUtils HDMI: isHdmiOn status : false
10-28 19:58:26.658  1544  7378 D SmsReceiverService: HDMI handleHdmiSmsReceived from address : Jim Dudish
10-28 19:58:26.665  1544  7378 V SmsReceiverService: handleSmsReceived() - END
10-28 19:58:26.665  1544  7378 V SmsReceiver: finishStartingService - START
10-28 19:58:26.665  1544  7378 V SmsReceiver: finishStartingService - release
10-28 19:58:26.665  1544  1544 V SmsReceiverService: onDestroy()
10-28 19:58:26.665  1544  7378 V SmsReceiver: finishStartingService - END
10-28 19:58:26.665  1544  7378 V SmsReceiverService: Handling incoming message - END
10-28 19:58:27.915  6054  6054 I TTS received: : Message Ignored
10-28 19:58:27.915  1437  1441 V TtsService: TTS service received Message Ignored
10-28 19:58:27.915  1437  1441 I TtsService: Stopping
10-28 19:58:27.915  1437  1441 I TtsService: Stopped
10-28 19:58:27.915  1437  1441 V TtsService: TTS processing: Message Ignored
10-28 19:58:27.923  1437  7383 V TtsService: TtsService.setLanguage(eng, USA, )
10-28 19:58:27.923  1437  7383 I SVOX Pico Engine: Language already loaded (en-US == en-US)
10-28 19:58:27.923  1437  7383 I SynthProxy: setting speech rate to 100
10-28 19:58:27.923  1437  7383 I SynthProxy: setting pitch to 100
10-28 19:58:28.111  1760  2350 D dalvikvm: GC_FOR_MALLOC freed 6331 objects / 481608 bytes in 71ms
10-28 19:58:28.126  1138  1232 D AudioHardwareMot: AudioStreamOutMot::setParameters() fm_attenuate=0;fm_mute=0
10-28 19:58:28.134  1760  7384 D NativeCrypto: Freeing OpenSSL session
10-28 19:58:29.150  1316  1316 I AtCmdDelegate: handle message:1
10-28 19:58:29.189  1235  2033 D AlarmManagerService: Kernel timezone updated to 240 minutes west of GMT
10-28 19:58:29.689  1294  1302 D DEBUG   : Selection used is -null
10-28 19:58:29.697  1512  1526 D GroupCache: Getting user-defined groups
10-28 19:58:29.697  1512  1526 D GroupCache: Encountered group title, Family
10-28 19:58:29.704  1512  1526 D GroupCache: Encountered group title, Imported Contacts
10-28 19:58:29.712  1512  1526 D GroupCache: Encountered group title, Usability
10-28 19:58:29.775  1512  1526 D GroupCache: Encountered source name, null
10-28 19:58:29.775  1512  1526 D SourceCache: Returning stroed ICON FOR-com.motorola.android.buacontactadapter:Phone:
10-28 19:58:29.775  1512  1526 D GroupCache: Encountered source name, blur
10-28 19:58:29.783  1512  1526 D GroupCache: Encountered source name, null
10-28 19:58:29.783  1512  1526 D GroupCache: Encountered source name, facebook
10-28 19:58:29.783  1512  1526 D SourceCache: Returning stroed ICON FOR-com.motorola.blur.service.bsutils.MOTHER_USER_CREDS_TYPE:a0000022712d6a6532772297749992488@random.svcmot.com:facebook
10-28 19:58:29.783  1512  1526 D GroupCache: Encountered source name, facebook
10-28 19:58:29.783  1512  1526 D SourceCache: Returning stroed ICON FOR-com.motorola.blur.service.bsutils.MOTHER_USER_CREDS_TYPE:a0000022712d6a6532772297749992488@random.svcmot.com:facebook
10-28 19:58:29.783  1512  1526 D GroupCache: Notifying observers of the group cache that its state has changed
10-28 19:58:32.147  1138  1232 D AudioHardwareMot: AudioStreamOutMot::standby called
10-28 19:58:32.147  1138  1232 D AudioHardwareMot: Output 0xb668 entering standby
10-28 19:58:32.150  1138  1232 D AudioHardwareMot: Closing Output device
10-28 19:58:42.540  1844  1844 W WidgetAidService: BroadcastReceiver onReceive called
10-28 19:58:42.548  1235  1454 W InputManagerService: Starting input on non-focused client com.android.internal.view.IInputMethodClient$Stub$Proxy@45d1e930 (uid=10114 pid=6054)
10-28 19:58:42.556  1844  1844 D WidgetAidService: ACTION_HOME_SCREEN_CHANGED - 3
10-28 19:58:42.572  1844  1844 D WidgetAidService: HomeScreen gained focus/panned
10-28 19:58:42.626  1844  1844 D WidgetAidService: widgetScreenIndex - 5
10-28 19:58:44.517  3823  7386 I zomut.watchdog.monitor: init
10-28 19:58:44.525  3823  7386 I zomut.watchdog.monitor: begin
10-28 19:58:44.564  3823  7386 D dalvikvm: GC_FOR_MALLOC freed 6862 objects / 547264 bytes in 35ms
10-28 19:58:44.642  3823  7386 D dalvikvm: GC_FOR_MALLOC freed 3005 objects / 508504 bytes in 35ms
10-28 19:58:44.712  3823  7386 D dalvikvm: GC_FOR_MALLOC freed 3047 objects / 514520 bytes in 35ms
10-28 19:58:44.798  3823  7386 I zomut.watchdog.monitor: end
10-28 19:59:00.033  1235  1243 D KeyguardUpdateMonitor: received broadcast android.intent.action.TIME_TICK
10-28 19:59:00.033  1235  1259 D KeyguardUpdateMonitor: handleTimeUpdate
10-28 19:59:13.334  1235  1243 V DeviceStorageMonitorService: freeMemory=6643621888
10-28 19:59:13.334  1235  1243 V DeviceStorageMonitorService: Threshold Percentage=10
10-28 19:59:13.334  1235  1243 V DeviceStorageMonitorService: mTotalMemory = 70264913
10-28 19:59:13.334  1235  1243 I DeviceStorageMonitorService: Posting Message again
10-28 19:59:22.533  1512  1526 D GroupCache: Groups database table has changed. Refreshing the groups cache
10-28 19:59:22.533  1512  1526 V GroupCache: Queue group cache refresh request, delayed (ms): 3000
10-28 19:59:25.579  1294  2080 D DEBUG   : Selection used is -null
10-28 19:59:25.595  1512  1526 D GroupCache: Getting user-defined groups
10-28 19:59:25.595  1512  1526 D GroupCache: Encountered group title, Family
10-28 19:59:25.611  1512  1526 D GroupCache: Encountered group title, Imported Contacts
10-28 19:59:25.618  1512  1526 D GroupCache: Encountered group title, Usability
10-28 19:59:25.626  1512  1526 D GroupCache: Encountered source name, null
10-28 19:59:25.626  1512  1526 D SourceCache: Returning stroed ICON FOR-com.motorola.android.buacontactadapter:Phone:
10-28 19:59:25.626  1512  1526 D GroupCache: Encountered source name, blur
10-28 19:59:25.626  1512  1526 D GroupCache: Encountered source name, null
10-28 19:59:25.626  1512  1526 D GroupCache: Encountered source name, facebook
10-28 19:59:25.626  1512  1526 D SourceCache: Returning stroed ICON FOR-com.motorola.blur.service.bsutils.MOTHER_USER_CREDS_TYPE:a0000022712d6a6532772297749992488@random.svcmot.com:facebook
10-28 19:59:25.626  1512  1526 D GroupCache: Encountered source name, facebook
10-28 19:59:25.626  1512  1526 D SourceCache: Returning stroed ICON FOR-com.motorola.blur.service.bsutils.MOTHER_USER_CREDS_TYPE:a0000022712d6a6532772297749992488@random.svcmot.com:facebook
10-28 19:59:25.634  1512  1526 D GroupCache: Notifying observers of the group cache that its state has changed
10-28 19:59:26.316  1466  1466 D ChipWidgetProvider: a22417 debug in chipwidgetprovider function updatewidget the pendingUpdates is :android.util.SparseIntArray@459eb0e8
10-28 19:59:26.384  1317  1331 D BlurSNMessagingEngine: SNMessagingProvider::getDatabase called
10-28 19:59:26.400  1466  1476 D wubo    : a22417 in getContactName the address comin is :5704000104
10-28 19:59:26.400  1466  1476 D wubo    : a22417 in getContactName the TMConversationUtils.isMultiAddress(address) :false
10-28 19:59:26.400  1466  1476 D wubo    : case 1 a22417 in resolveSingleAddressToName the name  is :null
10-28 19:59:26.400  1466  1476 D wubo    : case 2 a22417 in resolveSingleAddressToName the name  is :null
10-28 19:59:26.454  1466  1476 D TextMsgTransport: case 1 wubo a22417 in getSender the name is :Jim Dudish
10-28 19:59:26.462  1466  1476 D TextMsgTransport: case 1 wubo a22417 in getSender the address is :5704000104
10-28 19:59:26.478  1466  1476 D TextMsgTransport: case 2 wubo a22417 in getSender the name is :Jim Dudish
10-28 19:59:26.478  1466  1476 V TextMsgTransport: DataId: 4488 ContactId: 649 DisplayName >Jim Dudish< when filtering for >5704000104<
10-28 19:59:26.494  1466  1476 D BlurContactsExtensions: ===== targetSize: width=125 height=150
10-28 19:59:26.618  1466  1476 D DateUtil: now.getTimeZone(): Eastern Standard Time
10-28 19:59:26.681  1340  1340 D dalvikvm: GC_EXPLICIT freed 658 objects / 27024 bytes in 38ms
10-28 19:59:41.915  1384  2059 I EventLogService: Aggregate from 1288308581812 (log), 1288308581812 (data)
10-28 19:59:44.884  3823  7387 I zomut.watchdog.monitor: init
10-28 19:59:44.892  3823  7387 I zomut.watchdog.monitor: begin
10-28 19:59:44.931  3823  7387 D dalvikvm: GC_FOR_MALLOC freed 6850 objects / 545968 bytes in 35ms
10-28 19:59:45.001  3823  7387 D dalvikvm: GC_FOR_MALLOC freed 3009 objects / 509440 bytes in 35ms
10-28 19:59:45.072  3823  7387 D dalvikvm: GC_FOR_MALLOC freed 3046 objects / 514440 bytes in 34ms
10-28 19:59:45.165  3823  7387 I zomut.watchdog.monitor: end
10-28 19:59:48.310  1317  1924 V BlurEmailEngine: Work Queue Table Delete - Selection=((status <= 2) AND (control <= 2))SelectionArgs=null
10-28 19:59:48.314  1317  1924 V BlurEmailEngine: Work Queue Table Delete - Selection=((command IN (1,3,4,8,11,12,13)) AND (status==3) AND (control <= 2))SelectionArgs=null
10-28 19:59:48.314  1317  1924 V BlurEmailEngine: Work Queue Table Delete - Selection=((status==3) AND (control <= 2) AND (error >= 20000))SelectionArgs=null
10-28 19:59:48.314  1317  1924 V BlurEmailEngine: Work Queue Cleaner removed: 0 completed, 0 error, 0 permanent error.
10-28 19:59:50.579  1325  1325 D PollingManager: wake lock acquired
10-28 19:59:50.587  1325  1325 D PollingManager: decideWhoNeedsPolling(): polling EmailEngine
10-28 19:59:50.619  1325  1325 D PollingManager: wake lock released
10-28 19:59:50.642  1317  1924 V BlurEmailEngine: Acquired wake lock; count=1
10-28 19:59:50.650  1317  1924 V BlurEmailEngine: Total number of outstanding POLL requests: 0
10-28 19:59:50.658  1317  1924 V BlurEmailEngine: Released wake lock; count=0
10-28 20:00:00.009  1235  1243 D KeyguardUpdateMonitor: received broadcast android.intent.action.TIME_TICK
10-28 20:00:00.009  1235  1259 D KeyguardUpdateMonitor: handleTimeUpdate
10-28 20:00:13.336  1235  1243 V DeviceStorageMonitorService: freeMemory=6643621888
10-28 20:00:13.336  1235  1243 V DeviceStorageMonitorService: Threshold Percentage=10
10-28 20:00:13.337  1235  1243 V DeviceStorageMonitorService: mTotalMemory = 70264913
10-28 20:00:13.337  1235  1243 I DeviceStorageMonitorService: Posting Message again
10-28 20:00:25.853  1713  1713 D BlrMsgWatcherService: Service Destroyed
10-28 20:00:26.624  1466  1466 D ChipWidgetProvider: a22417 debug in chipwidgetprovider function updatewidget the pendingUpdates is :android.util.SparseIntArray@459eb0e8
10-28 20:00:26.697  1317  1999 D BlurSNMessagingEngine: SNMessagingProvider::getDatabase called
10-28 20:00:26.712  1466  1489 D wubo    : a22417 in getContactName the address comin is :5704000104
10-28 20:00:26.712  1466  1489 D wubo    : a22417 in getContactName the TMConversationUtils.isMultiAddress(address) :false
10-28 20:00:26.712  1466  1489 D wubo    : case 1 a22417 in resolveSingleAddressToName the name  is :null
10-28 20:00:26.712  1466  1489 D wubo    : case 2 a22417 in resolveSingleAddressToName the name  is :null
10-28 20:00:26.759  1294  2077 D dalvikvm: GC_FOR_MALLOC freed 8189 objects / 573736 bytes in 40ms
10-28 20:00:26.822  1466  1489 D TextMsgTransport: case 1 wubo a22417 in getSender the name is :Jim Dudish
10-28 20:00:26.822  1466  1489 D TextMsgTransport: case 1 wubo a22417 in getSender the address is :5704000104
10-28 20:00:26.837  1466  1489 D TextMsgTransport: case 2 wubo a22417 in getSender the name is :Jim Dudish
10-28 20:00:26.837  1466  1489 V TextMsgTransport: DataId: 4488 ContactId: 649 DisplayName >Jim Dudish< when filtering for >5704000104<
10-28 20:00:26.861  1466  1489 D BlurContactsExtensions: ===== targetSize: width=125 height=150
10-28 20:00:26.978  1466  1489 D DateUtil: now.getTimeZone(): Eastern Standard Time
10-28 20:00:27.040  1340  1340 D dalvikvm: GC_EXPLICIT freed 345 objects / 12424 bytes in 36ms
10-28 20:00:45.259  3823  7388 I zomut.watchdog.monitor: init
10-28 20:00:45.298  3823  7388 D dalvikvm: GC_FOR_MALLOC freed 6868 objects / 554320 bytes in 36ms
10-28 20:00:45.298  3823  7388 I zomut.watchdog.monitor: begin
10-28 20:00:45.376  3823  7388 D dalvikvm: GC_FOR_MALLOC freed 2971 objects / 499808 bytes in 34ms
10-28 20:00:45.447  3823  7388 D dalvikvm: GC_FOR_MALLOC freed 3011 objects / 505016 bytes in 34ms
10-28 20:00:45.564  3823  7388 D dalvikvm: GC_FOR_MALLOC freed 5726 objects / 500512 bytes in 34ms
10-28 20:00:45.572  3823  7388 I zomut.watchdog.monitor: end
10-28 20:01:00.009  1235  1243 D KeyguardUpdateMonitor: received broadcast android.intent.action.TIME_TICK
10-28 20:01:00.009  1235  1259 D KeyguardUpdateMonitor: handleTimeUpdate
10-28 20:01:13.339  1235  1243 V DeviceStorageMonitorService: freeMemory=6643621888
10-28 20:01:13.339  1235  1243 V DeviceStorageMonitorService: Threshold Percentage=10
10-28 20:01:13.339  1235  1243 V DeviceStorageMonitorService: mTotalMemory = 70264913
10-28 20:01:13.339  1235  1243 I DeviceStorageMonitorService: Posting Message again
10-28 20:01:26.986  1466  1466 D ChipWidgetProvider: a22417 debug in chipwidgetprovider function updatewidget the pendingUpdates is :android.util.SparseIntArray@459eb0e8
10-28 20:01:27.064  1317  1576 D BlurSNMessagingEngine: SNMessagingProvider::getDatabase called
10-28 20:01:27.079  1466  1476 D wubo    : a22417 in getContactName the address comin is :5704000104
10-28 20:01:27.079  1466  1476 D wubo    : a22417 in getContactName the TMConversationUtils.isMultiAddress(address) :false
10-28 20:01:27.079  1466  1476 D wubo    : case 1 a22417 in resolveSingleAddressToName the name  is :null
10-28 20:01:27.079  1466  1476 D wubo    : case 2 a22417 in resolveSingleAddressToName the name  is :null
10-28 20:01:27.150  1466  1476 D dalvikvm: GC_EXPLICIT freed 10578 objects / 476352 bytes in 38ms
10-28 20:01:27.189  1466  1476 D TextMsgTransport: case 1 wubo a22417 in getSender the name is :Jim Dudish
10-28 20:01:27.189  1466  1476 D TextMsgTransport: case 1 wubo a22417 in getSender the address is :5704000104
10-28 20:01:27.204  1466  1476 D TextMsgTransport: case 2 wubo a22417 in getSender the name is :Jim Dudish
10-28 20:01:27.204  1466  1476 V TextMsgTransport: DataId: 4488 ContactId: 649 DisplayName >Jim Dudish< when filtering for >5704000104<
10-28 20:01:27.228  1466  1476 D BlurContactsExtensions: ===== targetSize: width=125 height=150
10-28 20:01:27.353  1466  1476 D DateUtil: now.getTimeZone(): Eastern Standard Time
10-28 20:01:27.408  1340  1340 D dalvikvm: GC_EXPLICIT freed 335 objects / 12160 bytes in 36ms
10-28 20:01:45.634  3823  7389 I zomut.watchdog.monitor: init
10-28 20:01:45.634  3823  7389 I zomut.watchdog.monitor: begin
10-28 20:01:45.704  3823  7389 D dalvikvm: GC_FOR_MALLOC freed 4082 objects / 551536 bytes in 35ms
10-28 20:01:45.775  3823  7389 D dalvikvm: GC_FOR_MALLOC freed 3025 objects / 505784 bytes in 34ms
10-28 20:01:45.892  3823  7389 D dalvikvm: GC_FOR_MALLOC freed 5211 objects / 501432 bytes in 35ms
10-28 20:01:45.908  3823  7389 I zomut.watchdog.monitor: end
10-28 20:02:00.009  1235  1243 D KeyguardUpdateMonitor: received broadcast android.intent.action.TIME_TICK
10-28 20:02:00.009  1235  1259 D KeyguardUpdateMonitor: handleTimeUpdate
10-28 20:02:13.342  1235  1243 V DeviceStorageMonitorService: freeMemory=6643621888
10-28 20:02:13.342  1235  1243 V DeviceStorageMonitorService: Threshold Percentage=10
10-28 20:02:13.342  1235  1243 V DeviceStorageMonitorService: mTotalMemory = 70264913
10-28 20:02:13.342  1235  1243 I DeviceStorageMonitorService: Posting Message again
10-28 20:02:16.829  1512  1526 D GroupCache: Groups database table has changed. Refreshing the groups cache
10-28 20:02:16.829  1512  1526 V GroupCache: Queue group cache refresh request, delayed (ms): 3000
10-28 20:02:17.376  1316  1316 I AtCmdDelegate: handle message:1
10-28 20:02:17.415  1235  2149 D AlarmManagerService: Kernel timezone updated to 240 minutes west of GMT
10-28 20:02:17.626  1325  1325 D PollingManager: wake lock acquired
10-28 20:02:17.626  1325  1325 D PollingManager: decideWhoNeedsPolling(): polling PushService
10-28 20:02:17.798  1235  1235 D dalvikvm: GC_EXPLICIT freed 31694 objects / 1310400 bytes in 141ms
10-28 20:02:17.829  1325  1325 D DevicePushListener: Finished sending keep alive
10-28 20:02:17.829  1325  1325 D PollingManager: modifyApp(): PushService
10-28 20:02:17.884  1325  1325 I PollingManager: calculateShortestInterval(): shortest interval is 75872
10-28 20:02:17.892  1325  1325 D PollingManager: wake lock released
10-28 20:02:19.892  1294  2077 D DEBUG   : Selection used is -null
10-28 20:02:19.892  1512  1526 D GroupCache: Getting user-defined groups
10-28 20:02:19.900  1512  1526 D GroupCache: Encountered group title, Family
10-28 20:02:19.900  1512  1526 D GroupCache: Encountered group title, Imported Contacts
10-28 20:02:19.908  1512  1526 D GroupCache: Encountered group title, Usability
10-28 20:02:19.915  1512  1526 D GroupCache: Encountered source name, null
10-28 20:02:19.915  1512  1526 D SourceCache: Returning stroed ICON FOR-com.motorola.android.buacontactadapter:Phone:
