10-28 19:12:13.295  1235  1243 V DeviceStorageMonitorService: mTotalMemory = 70264913
10-28 19:12:13.295  1235  1243 I DeviceStorageMonitorService: Posting Message again
10-28 19:13:13.297  1235  1243 V DeviceStorageMonitorService: freeMemory=6643642368
10-28 19:13:13.297  1235  1243 V DeviceStorageMonitorService: Threshold Percentage=10
10-28 19:13:13.297  1235  1243 V DeviceStorageMonitorService: mTotalMemory = 70264913
10-28 19:13:13.297  1235  1243 I DeviceStorageMonitorService: Posting Message again
10-28 19:14:13.294  1235  1243 V DeviceStorageMonitorService: freeMemory=6643642368
10-28 19:14:13.294  1235  1243 V DeviceStorageMonitorService: Threshold Percentage=10
10-28 19:14:13.294  1235  1243 V DeviceStorageMonitorService: mTotalMemory = 70264913
10-28 19:14:13.294  1235  1243 I DeviceStorageMonitorService: Posting Message again
10-28 19:15:13.301  1235  1243 V DeviceStorageMonitorService: freeMemory=6643642368
10-28 19:15:13.301  1235  1243 V DeviceStorageMonitorService: Threshold Percentage=10
10-28 19:15:13.301  1235  1243 V DeviceStorageMonitorService: mTotalMemory = 70264913
10-28 19:15:13.301  1235  1243 I DeviceStorageMonitorService: Posting Message again
10-28 19:16:13.303  1235  1243 V DeviceStorageMonitorService: freeMemory=6643642368
10-28 19:16:13.303  1235  1243 V DeviceStorageMonitorService: Threshold Percentage=10
10-28 19:16:13.303  1235  1243 V DeviceStorageMonitorService: mTotalMemory = 70264913
10-28 19:16:13.303  1235  1243 I DeviceStorageMonitorService: Posting Message again
10-28 19:17:13.305  1235  1243 V DeviceStorageMonitorService: freeMemory=6643642368
10-28 19:17:13.305  1235  1243 V DeviceStorageMonitorService: Threshold Percentage=10
10-28 19:17:13.305  1235  1243 V DeviceStorageMonitorService: mTotalMemory = 70264913
10-28 19:17:13.305  1235  1243 I DeviceStorageMonitorService: Posting Message again
10-28 19:18:13.308  1235  1243 V DeviceStorageMonitorService: freeMemory=6643642368
10-28 19:18:13.308  1235  1243 V DeviceStorageMonitorService: Threshold Percentage=10
10-28 19:18:13.309  1235  1243 V DeviceStorageMonitorService: mTotalMemory = 70264913
10-28 19:18:13.309  1235  1243 I DeviceStorageMonitorService: Posting Message again
10-28 19:19:13.310  1235  1243 V DeviceStorageMonitorService: freeMemory=6643634176
10-28 19:19:13.310  1235  1243 V DeviceStorageMonitorService: Threshold Percentage=10
10-28 19:19:13.310  1235  1243 V DeviceStorageMonitorService: mTotalMemory = 70264913
10-28 19:19:13.310  1235  1243 I DeviceStorageMonitorService: Posting Message again
10-28 19:19:15.339  1235  2149 I ActivityManager: Starting activity: Intent { flg=0x30000000 cmp=com.snakefish.visms/.IncomingMessage (has extras) }
10-28 19:19:48.644  1235  1243 D StatusBarPolicy: handleBatteryUpdate
10-28 19:19:51.183  1235  1243 I InputManagerService: received close system dialog event
10-28 19:19:51.191  1235  1239 I ActivityManager: Starting activity: Intent { act=android.speech.action.RECOGNIZE_SPEECH cmp=com.google.android.voicesearch/.IntentApiActivity (has extras) }
10-28 19:19:56.933  1235  1454 W InputManagerService: Starting input on non-focused client com.android.internal.view.IInputMethodClient$Stub$Proxy@45b873e8 (uid=10060 pid=3503)
10-28 19:20:11.636  1235  1243 I InputManagerService: received close system dialog event
10-28 19:20:11.644  1235  1488 I ActivityManager: Starting activity: Intent { act=android.speech.action.RECOGNIZE_SPEECH cmp=com.google.android.voicesearch/.IntentApiActivity (has extras) }
10-28 19:20:13.917  1235  1243 V DeviceStorageMonitorService: freeMemory=6643630080
10-28 19:20:13.917  1235  1243 V DeviceStorageMonitorService: Threshold Percentage=10
10-28 19:20:13.917  1235  1243 V DeviceStorageMonitorService: mTotalMemory = 70264913
10-28 19:20:13.917  1235  1243 I DeviceStorageMonitorService: Posting Message again
10-28 19:20:15.230  1235  1491 W InputManagerService: Starting input on non-focused client com.android.internal.view.IInputMethodClient$Stub$Proxy@45b873e8 (uid=10060 pid=3503)
10-28 19:21:04.808  1235  1243 I InputManagerService: received close system dialog event
10-28 19:21:04.808  1235  1889 I ActivityManager: Starting activity: Intent { act=android.speech.action.RECOGNIZE_SPEECH cmp=com.google.android.voicesearch/.IntentApiActivity (has extras) }
10-28 19:21:08.238  1235  1490 I ActivityManager: Starting activity: Intent { cmp=com.snakefish.visms/.TextActivity (has extras) }
10-28 19:21:08.269  1235  2089 W InputManagerService: Starting input on non-focused client com.android.internal.view.IInputMethodClient$Stub$Proxy@45b873e8 (uid=10060 pid=3503)
10-28 19:21:13.922  1235  1243 V DeviceStorageMonitorService: freeMemory=6643630080
10-28 19:21:13.922  1235  1243 V DeviceStorageMonitorService: Threshold Percentage=10
10-28 19:21:13.922  1235  1243 V DeviceStorageMonitorService: mTotalMemory = 70264913
10-28 19:21:13.922  1235  1243 I DeviceStorageMonitorService: Posting Message again
10-28 19:21:31.730  1235  1243 I InputManagerService: received close system dialog event
10-28 19:21:31.738  1235  1492 I ActivityManager: Starting activity: Intent { act=android.speech.action.RECOGNIZE_SPEECH cmp=com.google.android.voicesearch/.IntentApiActivity (has extras) }
10-28 19:21:31.933  1235  1889 W InputManagerService: Starting input on non-focused client com.android.internal.view.IInputMethodClient$Stub$Proxy@45d1e930 (uid=10114 pid=6054)
10-28 19:21:35.042  1235  1235 W InputManagerService: Starting input on non-focused client com.android.internal.view.IInputMethodClient$Stub$Proxy@45b873e8 (uid=10060 pid=3503)
10-28 19:21:38.292  1235  1243 I InputManagerService: received close system dialog event
10-28 19:21:38.300  1235  2089 I ActivityManager: Starting activity: Intent { act=android.speech.action.RECOGNIZE_SPEECH cmp=com.google.android.voicesearch/.IntentApiActivity (has extras) }
10-28 19:21:38.503  1235  1487 W InputManagerService: Starting input on non-focused client com.android.internal.view.IInputMethodClient$Stub$Proxy@45d1e930 (uid=10114 pid=6054)
10-28 19:21:42.706  1235  2089 W InputManagerService: Starting input on non-focused client com.android.internal.view.IInputMethodClient$Stub$Proxy@45b873e8 (uid=10060 pid=3503)
10-28 19:21:59.730  1235  1243 I InputManagerService: received close system dialog event
10-28 19:21:59.738  1235  1492 I ActivityManager: Starting activity: Intent { act=android.speech.action.RECOGNIZE_SPEECH cmp=com.google.android.voicesearch/.IntentApiActivity (has extras) }
10-28 19:21:59.925  1235  1487 W InputManagerService: Starting input on non-focused client com.android.internal.view.IInputMethodClient$Stub$Proxy@45d1e930 (uid=10114 pid=6054)
10-28 19:22:03.402  1235  1239 W InputManagerService: Starting input on non-focused client com.android.internal.view.IInputMethodClient$Stub$Proxy@45d1e930 (uid=10114 pid=6054)
10-28 19:22:03.409  1235  1240 W InputManagerService: Client not active, ignoring focus gain of: com.android.internal.view.IInputMethodClient$Stub$Proxy@45d04660
10-28 19:22:03.441  1235  2149 W InputManagerService: Starting input on non-focused client com.android.internal.view.IInputMethodClient$Stub$Proxy@45d1e930 (uid=10114 pid=6054)
10-28 19:22:03.464  1235  2033 W InputManagerService: Starting input on non-focused client com.android.internal.view.IInputMethodClient$Stub$Proxy@45b873e8 (uid=10060 pid=3503)
10-28 19:22:13.917  1235  1243 V DeviceStorageMonitorService: freeMemory=6643630080
10-28 19:22:13.925  1235  1243 V DeviceStorageMonitorService: Threshold Percentage=10
10-28 19:22:13.925  1235  1243 V DeviceStorageMonitorService: mTotalMemory = 70264913
10-28 19:22:13.925  1235  1243 I DeviceStorageMonitorService: Posting Message again
10-28 19:22:21.019  1235  1890 I ActivityManager: Starting activity: Intent { act=android.intent.action.MAIN cat=[android.intent.category.LAUNCHER] flg=0x10200000 cmp=com.snakefish.visms/.ConversationsActivity }
10-28 19:22:21.378  1235  1454 W InputManagerService: Starting input on non-focused client com.android.internal.view.IInputMethodClient$Stub$Proxy@45bac1d0 (uid=10005 pid=1340)
10-28 19:22:23.495  1235  1243 I WindowManager: Setting rotation to 3, animFlags=0
10-28 19:22:23.495  1235  1243 I ActivityManager: Config changed: { scale=1.0 imsi=310/4 loc=en_US touch=3 keys=2/1/2 nav=2/1 orien=2 layout=34 uiMode=17 seq=34}
10-28 19:22:23.534  1235  1243 I UsageStats: Unexpected resume of com.snakefish.visms while already resumed in com.snakefish.visms
10-28 19:22:24.003  1235  2149 W InputManagerService: Starting input on non-focused client com.android.internal.view.IInputMethodClient$Stub$Proxy@45d20d90 (uid=10089 pid=1865)
10-28 19:22:24.011  1235  2089 W InputManagerService: Starting input on non-focused client com.android.internal.view.IInputMethodClient$Stub$Proxy@45d20d90 (uid=10089 pid=1865)
10-28 19:22:24.011  1235  1890 W InputManagerService: Starting input on non-focused client com.android.internal.view.IInputMethodClient$Stub$Proxy@45d20d90 (uid=10089 pid=1865)
10-28 19:23:12.441  1235  1243 I InputManagerService: received close system dialog event
10-28 19:23:12.449  1235  1491 I ActivityManager: Starting activity: Intent { act=android.speech.action.RECOGNIZE_SPEECH cmp=com.google.android.voicesearch/.IntentApiActivity (has extras) }
10-28 19:23:12.722  1235  1890 W InputManagerService: Starting input on non-focused client com.android.internal.view.IInputMethodClient$Stub$Proxy@45d1e930 (uid=10114 pid=6054)
10-28 19:23:13.925  1235  1243 V DeviceStorageMonitorService: freeMemory=6643630080
10-28 19:23:13.925  1235  1243 V DeviceStorageMonitorService: Threshold Percentage=10
10-28 19:23:13.925  1235  1243 V DeviceStorageMonitorService: mTotalMemory = 70264913
10-28 19:23:13.925  1235  1243 I DeviceStorageMonitorService: Posting Message again
10-28 19:23:17.527  1235  1889 W InputManagerService: Starting input on non-focused client com.android.internal.view.IInputMethodClient$Stub$Proxy@45b873e8 (uid=10060 pid=3503)
10-28 19:23:45.925  1235  1235 I WindowManager: Setting rotation to 0, animFlags=1
10-28 19:23:45.941  1235  1889 I ActivityManager: Config changed: { scale=1.0 imsi=310/4 loc=en_US touch=3 keys=2/1/2 nav=2/1 orien=1 layout=34 uiMode=17 seq=35}
10-28 19:23:46.449  1235  1490 W InputManagerService: Starting input on non-focused client com.android.internal.view.IInputMethodClient$Stub$Proxy@45d20d90 (uid=10089 pid=1865)
10-28 19:23:46.456  1235  1344 W InputManagerService: Starting input on non-focused client com.android.internal.view.IInputMethodClient$Stub$Proxy@45d20d90 (uid=10089 pid=1865)
10-28 19:24:13.925  1235  1243 V DeviceStorageMonitorService: freeMemory=6643630080
10-28 19:24:13.925  1235  1243 V DeviceStorageMonitorService: Threshold Percentage=10
10-28 19:24:13.925  1235  1243 V DeviceStorageMonitorService: mTotalMemory = 70264913
10-28 19:24:13.925  1235  1243 I DeviceStorageMonitorService: Posting Message again
10-28 19:24:22.191  1235  1889 I ActivityManager: Starting activity: Intent { flg=0x30000000 cmp=com.snakefish.visms/.IncomingMessage (has extras) }
10-28 19:24:22.230  1235  1454 I WindowManager: Setting rotation to 3, animFlags=1
10-28 19:24:22.245  1235  1454 I ActivityManager: Config changed: { scale=1.0 imsi=310/4 loc=en_US touch=3 keys=2/1/2 nav=2/1 orien=2 layout=34 uiMode=17 seq=36}
10-28 19:24:22.769  1235  1492 W InputManagerService: Starting input on non-focused client com.android.internal.view.IInputMethodClient$Stub$Proxy@45d20d90 (uid=10089 pid=1865)
10-28 19:24:22.777  1235  1491 W InputManagerService: Starting input on non-focused client com.android.internal.view.IInputMethodClient$Stub$Proxy@45d20d90 (uid=10089 pid=1865)
10-28 19:24:22.784  1235  1487 W InputManagerService: Starting input on non-focused client com.android.internal.view.IInputMethodClient$Stub$Proxy@45d20d90 (uid=10089 pid=1865)
10-28 19:24:45.980  1235  1243 I InputManagerService: received close system dialog event
10-28 19:24:45.988  1235  1235 I ActivityManager: Starting activity: Intent { act=android.speech.action.RECOGNIZE_SPEECH cmp=com.google.android.voicesearch/.IntentApiActivity (has extras) }
10-28 19:24:51.238  1235  2149 W InputManagerService: Starting input on non-focused client com.android.internal.view.IInputMethodClient$Stub$Proxy@45d1e930 (uid=10114 pid=6054)
10-28 19:24:51.238  1235  1346 W InputManagerService: Client not active, ignoring focus gain of: com.android.internal.view.IInputMethodClient$Stub$Proxy@45b9d890
10-28 19:24:51.253  1235  1890 I WindowManager: Setting rotation to 0, animFlags=1
10-28 19:24:51.277  1235  1454 I ActivityManager: Config changed: { scale=1.0 imsi=310/4 loc=en_US touch=3 keys=2/1/2 nav=2/1 orien=1 layout=34 uiMode=17 seq=37}
10-28 19:24:51.386  1235  1344 W InputManagerService: Starting input on non-focused client com.android.internal.view.IInputMethodClient$Stub$Proxy@45d1e930 (uid=10114 pid=6054)
10-28 19:24:51.394  1235  2033 W InputManagerService: Starting input on non-focused client com.android.internal.view.IInputMethodClient$Stub$Proxy@45b873e8 (uid=10060 pid=3503)
10-28 19:24:51.722  1235  2033 W InputManagerService: Starting input on non-focused client com.android.internal.view.IInputMethodClient$Stub$Proxy@45d20d90 (uid=10089 pid=1865)
10-28 19:24:51.722  1235  1491 W InputManagerService: Starting input on non-focused client com.android.internal.view.IInputMethodClient$Stub$Proxy@45d20d90 (uid=10089 pid=1865)
10-28 19:25:13.930  1235  1243 V DeviceStorageMonitorService: freeMemory=6643630080
10-28 19:25:13.930  1235  1243 V DeviceStorageMonitorService: Threshold Percentage=10
10-28 19:25:13.930  1235  1243 V DeviceStorageMonitorService: mTotalMemory = 70264913
10-28 19:25:13.930  1235  1243 I DeviceStorageMonitorService: Posting Message again
10-28 19:25:28.699  1235  2033 I ActivityManager: Starting activity: Intent { flg=0x30000000 cmp=com.snakefish.visms/.IncomingMessage (has extras) }
10-28 19:25:28.730  1235  2089 I WindowManager: Setting rotation to 3, animFlags=1
10-28 19:25:28.738  1235  2089 I ActivityManager: Config changed: { scale=1.0 imsi=310/4 loc=en_US touch=3 keys=2/1/2 nav=2/1 orien=2 layout=34 uiMode=17 seq=38}
10-28 19:25:29.425  1235  1235 W InputManagerService: Starting input on non-focused client com.android.internal.view.IInputMethodClient$Stub$Proxy@45d20d90 (uid=10089 pid=1865)
10-28 19:25:29.433  1235  2033 W InputManagerService: Starting input on non-focused client com.android.internal.view.IInputMethodClient$Stub$Proxy@45d20d90 (uid=10089 pid=1865)
10-28 19:25:29.441  1235  1346 W InputManagerService: Starting input on non-focused client com.android.internal.view.IInputMethodClient$Stub$Proxy@45d20d90 (uid=10089 pid=1865)
10-28 19:25:34.425  1235  1890 I WindowManager: Setting rotation to 0, animFlags=1
10-28 19:25:34.441  1235  1491 I ActivityManager: Config changed: { scale=1.0 imsi=310/4 loc=en_US touch=3 keys=2/1/2 nav=2/1 orien=1 layout=34 uiMode=17 seq=39}
10-28 19:25:34.769  1235  1889 W InputManagerService: Starting input on non-focused client com.android.internal.view.IInputMethodClient$Stub$Proxy@45d20d90 (uid=10089 pid=1865)
10-28 19:25:34.855  1235  1890 W InputManagerService: Starting input on non-focused client com.android.internal.view.IInputMethodClient$Stub$Proxy@45d20d90 (uid=10089 pid=1865)
10-28 19:26:13.925  1235  1243 V DeviceStorageMonitorService: freeMemory=6643630080
10-28 19:26:13.925  1235  1243 V DeviceStorageMonitorService: Threshold Percentage=10
10-28 19:26:13.925  1235  1243 V DeviceStorageMonitorService: mTotalMemory = 70264913
10-28 19:26:13.925  1235  1243 I DeviceStorageMonitorService: Posting Message again
10-28 19:26:33.761  1235  1889 I ActivityManager: Starting activity: Intent { act=android.intent.action.MAIN cat=[android.intent.category.LAUNCHER] flg=0x10200000 cmp=com.snakefish.visms/.ConversationsActivity }
10-28 19:26:34.253  1235  2149 W InputManagerService: Starting input on non-focused client com.android.internal.view.IInputMethodClient$Stub$Proxy@45bac1d0 (uid=10005 pid=1340)
10-28 19:26:34.480  1235  2089 I ActivityManager: Process com.motorola.bluetoothdun (pid 3808) has died.
10-28 19:26:36.621  1235  1243 I WindowManager: Setting rotation to 3, animFlags=0
10-28 19:26:36.636  1235  1243 I ActivityManager: Config changed: { scale=1.0 imsi=310/4 loc=en_US touch=3 keys=2/1/2 nav=2/1 orien=2 layout=34 uiMode=17 seq=40}
10-28 19:26:36.738  1235  1243 I UsageStats: Unexpected resume of com.snakefish.visms while already resumed in com.snakefish.visms
10-28 19:26:37.144  1235  1492 W InputManagerService: Starting input on non-focused client com.android.internal.view.IInputMethodClient$Stub$Proxy@45d20d90 (uid=10089 pid=1865)
10-28 19:26:37.152  1235  2089 W InputManagerService: Starting input on non-focused client com.android.internal.view.IInputMethodClient$Stub$Proxy@45d20d90 (uid=10089 pid=1865)
10-28 19:26:37.152  1235  1454 W InputManagerService: Starting input on non-focused client com.android.internal.view.IInputMethodClient$Stub$Proxy@45d20d90 (uid=10089 pid=1865)
10-28 19:27:13.933  1235  1243 V DeviceStorageMonitorService: freeMemory=6643630080
10-28 19:27:13.933  1235  1243 V DeviceStorageMonitorService: Threshold Percentage=10
10-28 19:27:13.933  1235  1243 V DeviceStorageMonitorService: mTotalMemory = 70264913
10-28 19:27:13.933  1235  1243 I DeviceStorageMonitorService: Posting Message again
10-28 19:27:32.949  1235  1487 I ActivityManager: Starting activity: Intent { cmp=com.snakefish.visms/.OptionsList }
10-28 19:28:13.935  1235  1243 V DeviceStorageMonitorService: freeMemory=6643630080
10-28 19:28:13.935  1235  1243 V DeviceStorageMonitorService: Threshold Percentage=10
10-28 19:28:13.935  1235  1243 V DeviceStorageMonitorService: mTotalMemory = 70264913
10-28 19:28:13.935  1235  1243 I DeviceStorageMonitorService: Posting Message again
10-28 19:28:14.534  1235  1487 I ActivityManager: Starting activity: Intent { cmp=com.snakefish.visms/.MainChatWindow (has extras) }
10-28 19:28:19.675  1235  1890 I ActivityManager: Starting activity: Intent { act=android.intent.action.PICK dat=content://com.android.contacts/contacts cmp=com.motorola.blur.contacts/.picker.PickIdentityActivity }
--------- beginning of /dev/log/main
10-28 19:28:32.964  1437  6812 I SynthProxy: setting speech rate to 100
10-28 19:28:32.964  1437  6812 I SynthProxy: setting pitch to 100
10-28 19:28:33.011  1138  1232 D AudioHardwareMot: AudioStreamOut::wake: disabling SRC
10-28 19:28:33.034  1138  1232 D AudioHardwareMot: Output 0xb668 exiting standby
10-28 19:28:33.058  1512  1512 W IInputConnectionWrapper: showStatusIcon on inactive InputConnection
10-28 19:28:33.058  1235  1487 W InputManagerService: Starting input on non-focused client com.android.internal.view.IInputMethodClient$Stub$Proxy@45bcc318 (uid=10005 pid=1512)
10-28 19:28:33.144  1138  1232 D AudioHardwareMot: AudioStreamOutMot::setParameters() fm_attenuate=0;fm_mute=0
10-28 19:28:33.620  1466  1466 D ChipWidgetProvider: a22417 debug in chipwidgetprovider function updatewidget the pendingUpdates is :android.util.SparseIntArray@459eb0e8
10-28 19:28:33.706  1317  1999 D BlurSNMessagingEngine: SNMessagingProvider::getDatabase called
10-28 19:28:33.730  1466  1476 D wubo    : a22417 in getContactName the address comin is :5704000104
10-28 19:28:33.730  1466  1476 D wubo    : a22417 in getContactName the TMConversationUtils.isMultiAddress(address) :false
10-28 19:28:33.730  1466  1476 D wubo    : case 1 a22417 in resolveSingleAddressToName the name  is :null
10-28 19:28:33.730  1466  1476 D wubo    : case 2 a22417 in resolveSingleAddressToName the name  is :null
10-28 19:28:33.792  1466  1476 D TextMsgTransport: case 1 wubo a22417 in getSender the name is :Jim Dudish
10-28 19:28:33.792  1466  1476 D TextMsgTransport: case 1 wubo a22417 in getSender the address is :5704000104
10-28 19:28:33.808  1466  1476 D TextMsgTransport: case 2 wubo a22417 in getSender the name is :Jim Dudish
10-28 19:28:33.808  1466  1476 V TextMsgTransport: DataId: 4488 ContactId: 649 DisplayName >Jim Dudish< when filtering for >5704000104<
10-28 19:28:33.831  1466  1476 D BlurContactsExtensions: ===== targetSize: width=192 height=110
10-28 19:28:33.964  1466  1476 D DateUtil: now.getTimeZone(): Eastern Standard Time
10-28 19:28:34.027  1340  1340 D dalvikvm: GC_EXPLICIT freed 335 objects / 12296 bytes in 36ms
10-28 19:28:37.410  1138  1232 D AudioHardwareMot: AudioStreamOutMot::standby called
10-28 19:28:37.410  1138  1232 D AudioHardwareMot: Output 0xb668 entering standby
10-28 19:28:37.419  1138  1232 D AudioHardwareMot: Closing Output device
10-28 19:28:45.370  1235  1239 I ActivityManager: Starting activity: Intent { cmp=com.snakefish.visms/.TextActivity (has extras) }
10-28 19:28:45.472  6054  6054 I TTS received: : Message screen
10-28 19:28:45.472  1437  1441 V TtsService: TTS service received Message screen
10-28 19:28:45.472  1437  1441 I TtsService: Stopping
10-28 19:28:45.472  1437  1441 I TtsService: Stopped
10-28 19:28:45.472  1437  1441 V TtsService: TTS processing: Message screen
10-28 19:28:45.472  1437  6813 V TtsService: TtsService.setLanguage(eng, USA, )
10-28 19:28:45.472  1437  6813 I SVOX Pico Engine: Language already loaded (en-US == en-US)
10-28 19:28:45.480  1437  6813 I SynthProxy: setting speech rate to 100
10-28 19:28:45.480  1437  6813 I SynthProxy: setting pitch to 100
10-28 19:28:45.534  1138  1232 D AudioHardwareMot: AudioStreamOut::wake: disabling SRC
10-28 19:28:45.542  1138  1232 D AudioHardwareMot: Output 0xb668 exiting standby
10-28 19:28:45.661  1138  1232 D AudioHardwareMot: AudioStreamOutMot::setParameters() fm_attenuate=0;fm_mute=0
10-28 19:28:45.746  1235  1257 I ActivityManager: Displayed activity com.snakefish.visms/.TextActivity: 334 ms (total 334 ms)
10-28 19:28:49.590  1138  1232 D AudioHardwareMot: AudioStreamOutMot::standby called
10-28 19:28:49.590  1138  1232 D AudioHardwareMot: Output 0xb668 entering standby
10-28 19:28:49.597  1138  1232 D AudioHardwareMot: Closing Output device
10-28 19:29:00.011  1235  1243 D KeyguardUpdateMonitor: received broadcast android.intent.action.TIME_TICK
10-28 19:29:00.011  1235  1259 D KeyguardUpdateMonitor: handleTimeUpdate
10-28 19:29:05.269  1312  1312 D dalvikvm: GC_EXTERNAL_ALLOC freed 11459 objects / 468480 bytes in 42ms
10-28 19:29:05.589  1235  1488 I ActivityManager: Process com.motorola.android.syncml.service (pid 1694) has died.
10-28 19:29:05.589  1235  1488 W ActivityManager: Scheduling restart of crashed service com.motorola.android.syncml.service/.SyncEngineService in 5000ms
10-28 19:29:09.441  1312  1312 D LatinKeyboard: touch inside SPACE key, is it moved in?  true
10-28 19:29:09.448  1312  1312 D LatinKeyboard: touch inside SPACE key, is it moved in?  true
10-28 19:29:09.480  1312  1312 D LatinKeyboard: touch inside SPACE key, is it moved in?  true
10-28 19:29:09.534  1312  1312 D LatinKeyboard: touch inside SPACE key, is it moved in?  false
10-28 19:29:09.566  1312  1312 D LatinKeyboard: touch inside SPACE key, is it moved in?  false
10-28 19:29:09.574  1312  1312 D LatinKeyboard: touch inside SPACE key, is it moved in?  false
10-28 19:29:09.589  1312  1312 D LatinKeyboard: touch inside SPACE key, is it moved in?  false
10-28 19:29:09.605  1312  1312 D LatinKeyboard: touch inside SPACE key, is it moved in?  false
10-28 19:29:09.628  1312  1312 D LatinKeyboard: touch inside SPACE key, is it moved in?  false
10-28 19:29:09.644  1312  1312 D LatinKeyboard: touch inside SPACE key, is it moved in?  false
10-28 19:29:09.667  1312  1312 D LatinKeyboard: touch inside SPACE key, is it moved in?  false
10-28 19:29:09.683  1312  1312 D LatinKeyboard: touch inside SPACE key, is it moved in?  false
10-28 19:29:09.699  1312  1312 D LatinKeyboard: touch inside SPACE key, is it moved in?  false
10-28 19:29:09.714  1312  1312 D LatinKeyboard: touch inside SPACE key, is it moved in?  false
10-28 19:29:09.738  1312  1312 D LatinKeyboard: touch inside SPACE key, is it moved in?  false
10-28 19:29:09.753  1312  1312 D LatinKeyboard: touch inside SPACE key, is it moved in?  false
10-28 19:29:09.792  1312  1312 D LatinKeyboard: touch inside SPACE key, is it moved in?  false
10-28 19:29:10.613  1235  1245 I ActivityManager: Start proc com.motorola.android.syncml.service for service com.motorola.android.syncml.service/.SyncEngineService: pid=6815 uid=10072 gids={3003}
10-28 19:29:10.620  6815  6815 E dalvikvm: could not disable core file generation for pid 6815, errno=1
10-28 19:29:10.714  1137  1137 D dalvikvm: GC_EXPLICIT freed 266 objects / 10168 bytes in 100ms
10-28 19:29:10.777  1137  1137 D dalvikvm: GC_EXPLICIT freed 27 objects / 1240 bytes in 56ms
10-28 19:29:10.808  6815  6815 I ActivityThread: Publishing provider com.motorola.android.syncml.interfaces.syncdb: com.motorola.android.syncml.provider.SyncContentProvider
10-28 19:29:10.886  1137  1137 D dalvikvm: GC_EXPLICIT freed 2 objects / 64 bytes in 106ms
10-28 19:29:10.894  1235  1346 I ActivityManager: Process com.motorola.blur.datamanager.app (pid 1623) has died.
10-28 19:29:10.980  6815  6815 V SyncML  : SyncEngineService@ onCreate
10-28 19:29:11.120  6815  6815 V SyncML  : SyncContentProvider@DB Updated with new cv :syncstatus=0
10-28 19:29:11.136  6815  6815 D SyncOBEXServer: ~~~~~~~~~~~~~~~~~~~~~~~~~~~~~~~~~~~~~~~~~~~~~~~~
10-28 19:29:11.136  6815  6815 D SyncOBEXServer: Enter of onCreate
10-28 19:29:11.144  6815  6815 V SyncML  : SyncEngineService@  onStart startId: 5
10-28 19:29:11.160  6815  6815 V SyncML  : SyncEngineService@ Recieved Broadcast
10-28 19:29:11.160  6815  6815 V SyncML  : SyncEngineService@ unknown event
10-28 19:29:12.300  1316  1316 I AtCmdDelegate: handle message:1
10-28 19:29:12.347  1235  1488 D AlarmManagerService: Kernel timezone updated to 240 minutes west of GMT
10-28 19:29:12.730  1325  1325 I LittleSister: onCellLocationChanged(): got cell location that isn't gsm, ignoring...
10-28 19:29:13.933  1235  1243 V DeviceStorageMonitorService: freeMemory=6643630080
10-28 19:29:13.933  1235  1243 V DeviceStorageMonitorService: Threshold Percentage=10
10-28 19:29:13.933  1235  1243 V DeviceStorageMonitorService: mTotalMemory = 70264913
10-28 19:29:13.933  1235  1243 I DeviceStorageMonitorService: Posting Message again
10-28 19:29:19.488  6054  6054 V SmsDbAdapter: Entering value with threadId = 1
10-28 19:29:19.537  6054  6054 I TTS received: : Message sent
10-28 19:29:19.537  1437  1442 V TtsService: TTS service received Message sent
10-28 19:29:19.537  1437  1442 I TtsService: Stopping
10-28 19:29:19.542  1437  1442 I TtsService: Stopped
10-28 19:29:19.542  1437  1442 V TtsService: TTS processing: Message sent
10-28 19:29:19.542  1437  6823 V TtsService: TtsService.setLanguage(eng, USA, )
10-28 19:29:19.542  1437  6823 I SVOX Pico Engine: Language already loaded (en-US == en-US)
10-28 19:29:19.542  1437  6823 I SynthProxy: setting speech rate to 100
10-28 19:29:19.542  1437  6823 I SynthProxy: setting pitch to 100
10-28 19:29:19.597  1138  1232 D AudioHardwareMot: AudioStreamOut::wake: disabling SRC
10-28 19:29:19.605  1138  1232 D AudioHardwareMot: Output 0xb668 exiting standby
10-28 19:29:19.770  1138  1232 D AudioHardwareMot: AudioStreamOutMot::setParameters() fm_attenuate=0;fm_mute=0
10-28 19:29:23.660  1138  1232 D AudioHardwareMot: AudioStreamOutMot::standby called
10-28 19:29:23.660  1138  1232 D AudioHardwareMot: Output 0xb668 entering standby
10-28 19:29:23.668  1138  1232 D AudioHardwareMot: Closing Output device
10-28 19:29:32.542  3823  6824 I zomut.watchdog.monitor: init
10-28 19:29:32.542  3823  6824 I zomut.watchdog.monitor: begin
10-28 19:29:32.613  3823  6824 D dalvikvm: GC_FOR_MALLOC freed 5703 objects / 569176 bytes in 35ms
10-28 19:29:32.683  3823  6824 D dalvikvm: GC_FOR_MALLOC freed 2985 objects / 512432 bytes in 35ms
10-28 19:29:32.769  3823  6824 D dalvikvm: GC_FOR_MALLOC freed 3973 objects / 507640 bytes in 35ms
10-28 19:29:32.824  3823  6824 I zomut.watchdog.monitor: end
10-28 19:29:33.965  1466  1466 D ChipWidgetProvider: a22417 debug in chipwidgetprovider function updatewidget the pendingUpdates is :android.util.SparseIntArray@459eb0e8
10-28 19:29:34.081  1466  1489 D dalvikvm: GC_EXPLICIT freed 11068 objects / 499872 bytes in 38ms
10-28 19:29:34.089  1317  2828 D BlurSNMessagingEngine: SNMessagingProvider::getDatabase called
10-28 19:29:34.113  1466  1489 D wubo    : a22417 in getContactName the address comin is :5704000104
10-28 19:29:34.113  1466  1489 D wubo    : a22417 in getContactName the TMConversationUtils.isMultiAddress(address) :false
10-28 19:29:34.113  1466  1489 D wubo    : case 1 a22417 in resolveSingleAddressToName the name  is :null
10-28 19:29:34.113  1466  1489 D wubo    : case 2 a22417 in resolveSingleAddressToName the name  is :null
10-28 19:29:34.183  1466  1489 D TextMsgTransport: case 1 wubo a22417 in getSender the name is :Jim Dudish
10-28 19:29:34.183  1466  1489 D TextMsgTransport: case 1 wubo a22417 in getSender the address is :5704000104
10-28 19:29:34.199  1466  1489 D TextMsgTransport: case 2 wubo a22417 in getSender the name is :Jim Dudish
10-28 19:29:34.199  1466  1489 V TextMsgTransport: DataId: 4488 ContactId: 649 DisplayName >Jim Dudish< when filtering for >5704000104<
10-28 19:29:34.222  1466  1489 D BlurContactsExtensions: ===== targetSize: width=192 height=110
10-28 19:29:34.347  1466  1489 D DateUtil: now.getTimeZone(): Eastern Standard Time
10-28 19:29:34.402  1340  1340 D dalvikvm: GC_EXPLICIT freed 335 objects / 12296 bytes in 37ms
10-28 19:29:41.808  1384  1874 I EventLogService: Aggregate from 1288306781652 (log), 1288306781652 (data)
10-28 19:29:46.425  1235  1347 I WindowManager: Setting rotation to 0, animFlags=1
10-28 19:29:46.441  1235  1492 I ActivityManager: Config changed: { scale=1.0 imsi=310/4 loc=en_US touch=3 keys=2/1/2 nav=2/1 orien=1 layout=34 uiMode=17 seq=41}
10-28 19:29:46.519  1544  1544 V Mms     : onConfigurationChanged
10-28 19:29:46.917  1844  1844 W WidgetAidService: BroadcastReceiver onReceive called
10-28 19:29:46.925  1844  1844 D WidgetAidService: ACTION_HOME_SCREEN_CHANGED - 3
10-28 19:29:46.925  1844  1844 D WidgetAidService: HomeScreen gained focus/panned
10-28 19:29:46.933  1844  1844 D WidgetAidService: widgetScreenIndex - 5
10-28 19:29:46.933  1235  1346 I ActivityManager: Process com.qo.android.moto (pid 1608) has died.
10-28 19:29:46.949  1235  1889 W InputManagerService: Starting input on non-focused client com.android.internal.view.IInputMethodClient$Stub$Proxy@45d20d90 (uid=10089 pid=1865)
10-28 19:29:46.949  1235  1890 W InputManagerService: Starting input on non-focused client com.android.internal.view.IInputMethodClient$Stub$Proxy@45d20d90 (uid=10089 pid=1865)
10-28 19:29:46.964  6054  6054 W IInputConnectionWrapper: showStatusIcon on inactive InputConnection
10-28 19:29:48.878  1317  1924 V BlurEmailEngine: Work Queue Table Delete - Selection=((status <= 2) AND (control <= 2))SelectionArgs=null
10-28 19:29:48.949  1235  1257 D dalvikvm: GC_EXPLICIT freed 28971 objects / 1469208 bytes in 142ms
10-28 19:29:48.964  1317  1924 V BlurEmailEngine: Work Queue Table Delete - Selection=((command IN (1,3,4,8,11,12,13)) AND (status==3) AND (control <= 2))SelectionArgs=null
10-28 19:29:48.964  1317  1924 V BlurEmailEngine: Work Queue Table Delete - Selection=((status==3) AND (control <= 2) AND (error >= 20000))SelectionArgs=null
10-28 19:29:48.964  1317  1924 V BlurEmailEngine: Work Queue Cleaner removed: 0 completed, 0 error, 0 permanent error.
10-28 19:29:51.238  1325  1325 D PollingManager: wake lock acquired
10-28 19:29:51.245  1325  1325 D PollingManager: decideWhoNeedsPolling(): polling EmailEngine
10-28 19:29:51.269  1325  1325 D PollingManager: wake lock released
10-28 19:29:51.277  1317  1924 V BlurEmailEngine: Acquired wake lock; count=1
10-28 19:29:51.300  1317  1924 V BlurEmailEngine: Total number of outstanding POLL requests: 0
10-28 19:29:51.300  1317  1924 V BlurEmailEngine: Released wake lock; count=0
10-28 19:30:00.011  1235  1243 D KeyguardUpdateMonitor: received broadcast android.intent.action.TIME_TICK
10-28 19:30:00.011  1235  1259 D KeyguardUpdateMonitor: handleTimeUpdate
10-28 19:30:01.605  1512  1526 D GroupCache: Groups database table has changed. Refreshing the groups cache
10-28 19:30:01.605  1512  1526 V GroupCache: Queue group cache refresh request, delayed (ms): 3000
10-28 19:30:04.652  1294  1303 D DEBUG   : Selection used is -null
10-28 19:30:04.659  1512  1526 D GroupCache: Getting user-defined groups
10-28 19:30:04.667  1512  1526 D GroupCache: Encountered group title, Family
10-28 19:30:04.675  1512  1526 D GroupCache: Encountered group title, Imported Contacts
10-28 19:30:04.675  1512  1526 D GroupCache: Encountered group title, Usability
10-28 19:30:04.683  1512  1526 D GroupCache: Encountered source name, null
10-28 19:30:04.683  1512  1526 D SourceCache: Returning stroed ICON FOR-com.motorola.android.buacontactadapter:Phone:
10-28 19:30:04.683  1512  1526 D GroupCache: Encountered source name, blur
10-28 19:30:04.691  1512  1526 D GroupCache: Encountered source name, null
10-28 19:30:04.691  1512  1526 D GroupCache: Encountered source name, facebook
10-28 19:30:04.691  1512  1526 D SourceCache: Returning stroed ICON FOR-com.motorola.blur.service.bsutils.MOTHER_USER_CREDS_TYPE:a0000022712d6a6532772297749992488@random.svcmot.com:facebook
10-28 19:30:04.691  1512  1526 D GroupCache: Encountered source name, facebook
10-28 19:30:04.691  1512  1526 D SourceCache: Returning stroed ICON FOR-com.motorola.blur.service.bsutils.MOTHER_USER_CREDS_TYPE:a0000022712d6a6532772297749992488@random.svcmot.com:facebook
10-28 19:30:04.691  1512  1526 D GroupCache: Notifying observers of the group cache that its state has changed
10-28 19:30:13.941  1235  1243 V DeviceStorageMonitorService: freeMemory=6643630080
10-28 19:30:13.941  1235  1243 V DeviceStorageMonitorService: Threshold Percentage=10
10-28 19:30:13.941  1235  1243 V DeviceStorageMonitorService: mTotalMemory = 70264913
10-28 19:30:13.941  1235  1243 I DeviceStorageMonitorService: Posting Message again
10-28 19:30:32.480  1466  1466 D dalvikvm: GC_EXPLICIT freed 4176 objects / 173392 bytes in 86ms
10-28 19:30:32.878  3823  6827 I zomut.watchdog.monitor: init
10-28 19:30:32.894  3823  6827 I zomut.watchdog.monitor: begin
10-28 19:30:32.956  3823  6827 D dalvikvm: GC_FOR_MALLOC freed 5917 objects / 540320 bytes in 35ms
10-28 19:30:33.034  3823  6827 D dalvikvm: GC_FOR_MALLOC freed 3080 objects / 517160 bytes in 35ms
10-28 19:30:33.113  3823  6827 D dalvikvm: GC_FOR_MALLOC freed 3487 objects / 505912 bytes in 35ms
10-28 19:30:33.167  3823  6827 I zomut.watchdog.monitor: end
10-28 19:30:34.348  1466  1466 D ChipWidgetProvider: a22417 debug in chipwidgetprovider function updatewidget the pendingUpdates is :android.util.SparseIntArray@459eb0e8
10-28 19:30:34.425  1317  1334 D BlurSNMessagingEngine: SNMessagingProvider::getDatabase called
10-28 19:30:34.441  1466  1476 D wubo    : a22417 in getContactName the address comin is :5704000104
10-28 19:30:34.441  1466  1476 D wubo    : a22417 in getContactName the TMConversationUtils.isMultiAddress(address) :false
10-28 19:30:34.441  1466  1476 D wubo    : case 1 a22417 in resolveSingleAddressToName the name  is :null
10-28 19:30:34.441  1466  1476 D wubo    : case 2 a22417 in resolveSingleAddressToName the name  is :null
10-28 19:30:34.503  1466  1476 D TextMsgTransport: case 1 wubo a22417 in getSender the name is :Jim Dudish
10-28 19:30:34.503  1466  1476 D TextMsgTransport: case 1 wubo a22417 in getSender the address is :5704000104
10-28 19:30:34.519  1466  1476 D TextMsgTransport: case 2 wubo a22417 in getSender the name is :Jim Dudish
10-28 19:30:34.519  1466  1476 V TextMsgTransport: DataId: 4488 ContactId: 649 DisplayName >Jim Dudish< when filtering for >5704000104<
10-28 19:30:34.542  1466  1476 D BlurContactsExtensions: ===== targetSize: width=125 height=150
10-28 19:30:34.667  1466  1476 D DateUtil: now.getTimeZone(): Eastern Standard Time
10-28 19:30:34.730  1340  1340 D dalvikvm: GC_EXPLICIT freed 943 objects / 63688 bytes in 38ms
10-28 19:30:54.902  1824  1824 D dalvikvm: GC_EXPLICIT freed 349 objects / 18368 bytes in 105ms
10-28 19:30:59.870  1535  1535 D dalvikvm: GC_EXPLICIT freed 497 objects / 22504 bytes in 71ms
10-28 19:31:00.019  1235  1243 D KeyguardUpdateMonitor: received broadcast android.intent.action.TIME_TICK
10-28 19:31:00.019  1235  1259 D KeyguardUpdateMonitor: handleTimeUpdate
10-28 19:31:13.942  1235  1243 V DeviceStorageMonitorService: freeMemory=6643630080
10-28 19:31:13.942  1235  1243 V DeviceStorageMonitorService: Threshold Percentage=10
10-28 19:31:13.942  1235  1243 V DeviceStorageMonitorService: mTotalMemory = 70264913
10-28 19:31:13.942  1235  1243 I DeviceStorageMonitorService: Posting Message again
10-28 19:31:15.042  1561  1561 D dalvikvm: GC_EXPLICIT freed 645 objects / 35088 bytes in 82ms
10-28 19:31:30.738  1563  1563 D dalvikvm: GC_EXPLICIT freed 3276 objects / 170360 bytes in 99ms
10-28 19:31:33.230  3823  6828 I zomut.watchdog.monitor: init
10-28 19:31:33.238  3823  6828 I zomut.watchdog.monitor: begin
10-28 19:31:33.300  3823  6828 D dalvikvm: GC_FOR_MALLOC freed 6372 objects / 549096 bytes in 35ms
10-28 19:31:33.370  3823  6828 D dalvikvm: GC_FOR_MALLOC freed 2997 objects / 505104 bytes in 34ms
10-28 19:31:33.456  3823  6828 D dalvikvm: GC_FOR_MALLOC freed 3147 objects / 512272 bytes in 35ms
10-28 19:31:33.511  3823  6828 I zomut.watchdog.monitor: end
10-28 19:31:34.674  1466  1466 D ChipWidgetProvider: a22417 debug in chipwidgetprovider function updatewidget the pendingUpdates is :android.util.SparseIntArray@459eb0e8
10-28 19:31:34.745  1317  2022 D BlurSNMessagingEngine: SNMessagingProvider::getDatabase called
10-28 19:31:34.761  1466  1489 D wubo    : a22417 in getContactName the address comin is :5704000104
10-28 19:31:34.761  1466  1489 D wubo    : a22417 in getContactName the TMConversationUtils.isMultiAddress(address) :false
10-28 19:31:34.761  1466  1489 D wubo    : case 1 a22417 in resolveSingleAddressToName the name  is :null
10-28 19:31:34.761  1466  1489 D wubo    : case 2 a22417 in resolveSingleAddressToName the name  is :null
10-28 19:31:34.824  1466  1489 D TextMsgTransport: case 1 wubo a22417 in getSender the name is :Jim Dudish
10-28 19:31:34.824  1466  1489 D TextMsgTransport: case 1 wubo a22417 in getSender the address is :5704000104
10-28 19:31:34.839  1466  1489 D TextMsgTransport: case 2 wubo a22417 in getSender the name is :Jim Dudish
10-28 19:31:34.839  1466  1489 V TextMsgTransport: DataId: 4488 ContactId: 649 DisplayName >Jim Dudish< when filtering for >5704000104<
10-28 19:31:34.863  1466  1489 D BlurContactsExtensions: ===== targetSize: width=125 height=150
10-28 19:31:34.988  1466  1489 D DateUtil: now.getTimeZone(): Eastern Standard Time
10-28 19:31:35.042  1340  1340 D dalvikvm: GC_EXPLICIT freed 614 objects / 25864 bytes in 36ms
10-28 19:31:41.511  1317  1317 V StorageMonRcvr: onReceive received intent: Intent { act=com.motorola.blur.service.blur.Actions.CHECK_STORAGE_USAGE flg=0x4 cmp=com.motorola.blur.service.storagemon/.StorageMonitorBroadcastReceiver (has extras) }
10-28 19:31:41.511  1317  1317 V StorageMonRcvr: onReceive() called start service on the StorageMonitorService: com.motorola.blur.service.storagemon.StorageMonitorService
10-28 19:31:41.527  1317  1317 V StorageMonSvc: onStart() called with startId=105, intent=Intent { act=com.motorola.blur.service.blur.Actions.CHECK_STORAGE_USAGE flg=0x4 cmp=com.motorola.blur.service.storagemon/.StorageMonitorService (has extras) }
10-28 19:31:41.589  1317  1921 I StorageMonSvc: run() starting with intent: Intent { act=com.motorola.blur.service.blur.Actions.CHECK_STORAGE_USAGE flg=0x4 cmp=com.motorola.blur.service.storagemon/.StorageMonitorService (has extras) }
10-28 19:31:41.589  1317  1921 V StorageMonSvc: run() running storage check on all packages...
10-28 19:31:41.589  1317  1921 V StorageMon: getFilesystemFreeBlocks() totalBlockCount=1715452, blockSize=4096, freeBlocks=1621979
10-28 19:31:41.597  1317  1921 V StorageMonSvc: checkStorageUsage() no packageName specified.  Running for all packages
10-28 19:31:41.597  1317  1921 V StorageMon: checkStorageUsage() starting for package: com.motorola.blur.service.email
10-28 19:31:41.597  1317  1921 V StorageMon: checkStorageUsage() using package manager to retrive package size for com.motorola.blur.service.email
10-28 19:31:41.613  1317  1921 V StorageMon: checkStorageUsage() found package stats for package: com.motorola.blur.service.email, cacheSize=0, codeSize=0, dataSize=61440, describeContents=0
10-28 19:31:41.613  1317  1921 V StorageMonSvc: checkStatus() monitor=com.motorola.blur.service.storagemon.StorageMonitor(com.motorola.blur.service.email,vnd.motorola.blur.ageable/vnd.motorola.blur.email,0,0), status=STORAGE_OK
10-28 19:31:41.620  1317  1921 V StorageMon: checkStorageUsage() starting for package: com.motorola.blur.news
10-28 19:31:41.620  1317  1921 V StorageMon: checkStorageUsage() using package manager to retrive package size for com.motorola.blur.news
10-28 19:31:41.628  1317  1921 V StorageMon: checkStorageUsage() found package stats for package: com.motorola.blur.news, cacheSize=0, codeSize=0, dataSize=1171456, describeContents=0
10-28 19:31:41.636  1317  1921 V StorageMonSvc: checkStatus() monitor=com.motorola.blur.service.storagemon.StorageMonitor(com.motorola.blur.news,vnd.motorola.blur.ageable/vnd.motorola.blur.news,0,0), status=STORAGE_OK
10-28 19:31:41.692  1317  1921 I StorageMonSvc: run() scheduling the next check.  mCheckIntervalMillis=1200000
10-28 19:32:00.011  1235  1243 D KeyguardUpdateMonitor: received broadcast android.intent.action.TIME_TICK
10-28 19:32:00.011  1235  1259 D KeyguardUpdateMonitor: handleTimeUpdate
10-28 19:32:13.943  1235  1243 V DeviceStorageMonitorService: freeMemory=6643625984
10-28 19:32:13.943  1235  1243 V DeviceStorageMonitorService: Threshold Percentage=10
10-28 19:32:13.943  1235  1243 V DeviceStorageMonitorService: mTotalMemory = 70264913
10-28 19:32:13.943  1235  1243 I DeviceStorageMonitorService: Posting Message again
10-28 19:32:14.033  1424  1424 D ChipWidgetProvider: a22417 debug in chipwidgetprovider function updatewidget the pendingUpdates is :android.util.SparseIntArray@459efd78
10-28 19:32:14.042  1424  1481 D SocialWidgetProvider: doUpdateWidget id: 2 x: 4 y: 1
10-28 19:32:14.074  1424  1481 D SocialWidgetProvider: filterType: 0
10-28 19:32:14.074  1424  1481 D SocialWidgetProvider: filter: read_state=1 AND pub_date>1288222334078 AND owner=0
10-28 19:32:14.089  1424  1481 D SocialWidgetProvider: ===== getImageDimens: width=103 height=141
10-28 19:32:14.089  1424  1481 D BlurContactsExtensions: ===== targetSize: width=103 height=141
10-28 19:32:14.105  1424  1481 D BlurContactsExtensions: ===== imageStream: imageWidth=100 imageHeight=95
10-28 19:32:14.105  1424  1481 D BlurContactsExtensions: ===== Using default android decode api...
10-28 19:32:14.105  1424  1481 D BlurContactsExtensions: ===== Android image decode:  downSample=1 downScaleX=0 downScaleY=0
10-28 19:32:14.105  1424  1481 D BlurContactsExtensions: ===== Cropping img: cropWidth=69 cropHeight=95
10-28 19:32:14.120  1424  1481 D DateUtil: now.getTimeZone(): Eastern Standard Time
10-28 19:32:14.128  1424  1481 V SocialWidgetProvider: DisplayName: Amanda Shaheen for RawContactId: 506
10-28 19:32:14.152  1424  1481 D SocialWidgetProvider: updated id 2:Hello hello baby, you called? I can't hear a thing.
10-28 19:32:14.175  1340  1340 D dalvikvm: GC_EXPLICIT freed 304 objects / 11696 bytes in 36ms
10-28 19:32:33.597  3823  6829 I zomut.watchdog.monitor: init
10-28 19:32:33.597  3823  6829 I zomut.watchdog.monitor: begin
10-28 19:32:33.659  3823  6829 D dalvikvm: GC_FOR_MALLOC freed 6793 objects / 555016 bytes in 35ms
10-28 19:32:33.730  3823  6829 D dalvikvm: GC_FOR_MALLOC freed 2966 objects / 503624 bytes in 34ms
10-28 19:32:33.800  3823  6829 D dalvikvm: GC_FOR_MALLOC freed 3033 objects / 514120 bytes in 35ms
10-28 19:32:33.863  3823  6829 I zomut.watchdog.monitor: end
10-28 19:32:34.990  1466  1466 D ChipWidgetProvider: a22417 debug in chipwidgetprovider function updatewidget the pendingUpdates is :android.util.SparseIntArray@459eb0e8
10-28 19:32:35.097  1317  2523 D dalvikvm: GC_EXPLICIT freed 4543 objects / 292920 bytes in 81ms
10-28 19:32:35.128  1317  1427 D BlurSNMessagingEngine: SNMessagingProvider::getDatabase called
10-28 19:32:35.144  1466  1476 D wubo    : a22417 in getContactName the address comin is :5704000104
10-28 19:32:35.144  1466  1476 D wubo    : a22417 in getContactName the TMConversationUtils.isMultiAddress(address) :false
10-28 19:32:35.144  1466  1476 D wubo    : case 1 a22417 in resolveSingleAddressToName the name  is :null
10-28 19:32:35.144  1466  1476 D wubo    : case 2 a22417 in resolveSingleAddressToName the name  is :null
10-28 19:32:35.198  1466  1476 D TextMsgTransport: case 1 wubo a22417 in getSender the name is :Jim Dudish
10-28 19:32:35.198  1466  1476 D TextMsgTransport: case 1 wubo a22417 in getSender the address is :5704000104
10-28 19:32:35.214  1466  1476 D TextMsgTransport: case 2 wubo a22417 in getSender the name is :Jim Dudish
10-28 19:32:35.214  1466  1476 V TextMsgTransport: DataId: 4488 ContactId: 649 DisplayName >Jim Dudish< when filtering for >5704000104<
10-28 19:32:35.238  1466  1476 D BlurContactsExtensions: ===== targetSize: width=125 height=150
10-28 19:32:35.284  1294  2077 D dalvikvm: GC_FOR_MALLOC freed 6357 objects / 433336 bytes in 43ms
10-28 19:32:35.402  1466  1476 D DateUtil: now.getTimeZone(): Eastern Standard Time
10-28 19:32:35.456  1340  1340 D dalvikvm: GC_EXPLICIT freed 353 objects / 13096 bytes in 35ms
10-28 19:32:58.089  1384  1384 D dalvikvm: GC_EXPLICIT freed 4471 objects / 322168 bytes in 89ms
10-28 19:33:00.011  1235  1243 D KeyguardUpdateMonitor: received broadcast android.intent.action.TIME_TICK
10-28 19:33:00.011  1235  1259 D KeyguardUpdateMonitor: handleTimeUpdate
10-28 19:33:13.769  1544  1544 D dalvikvm: GC_EXPLICIT freed 5027 objects / 207336 bytes in 78ms
10-28 19:33:13.944  1235  1243 V DeviceStorageMonitorService: freeMemory=6643625984
10-28 19:33:13.944  1235  1243 V DeviceStorageMonitorService: Threshold Percentage=10
10-28 19:33:13.944  1235  1243 V DeviceStorageMonitorService: mTotalMemory = 70264913
10-28 19:33:13.944  1235  1243 I DeviceStorageMonitorService: Posting Message again
10-28 19:33:33.956  3823  6831 I zomut.watchdog.monitor: init
10-28 19:33:33.964  3823  6831 I zomut.watchdog.monitor: begin
10-28 19:33:34.019  3823  6831 D dalvikvm: GC_FOR_MALLOC freed 6865 objects / 551128 bytes in 35ms
10-28 19:33:34.089  3823  6831 D dalvikvm: GC_FOR_MALLOC freed 2999 objects / 504824 bytes in 35ms
10-28 19:33:34.159  3823  6831 D dalvikvm: GC_FOR_MALLOC freed 3048 objects / 514488 bytes in 34ms
10-28 19:33:34.230  3823  6831 I zomut.watchdog.monitor: end
10-28 19:33:35.402  1466  1466 D ChipWidgetProvider: a22417 debug in chipwidgetprovider function updatewidget the pendingUpdates is :android.util.SparseIntArray@459eb0e8
10-28 19:33:35.495  1317  2828 D BlurSNMessagingEngine: SNMessagingProvider::getDatabase called
10-28 19:33:35.511  1466  1489 D wubo    : a22417 in getContactName the address comin is :5704000104
10-28 19:33:35.511  1466  1489 D wubo    : a22417 in getContactName the TMConversationUtils.isMultiAddress(address) :false
10-28 19:33:35.511  1466  1489 D wubo    : case 1 a22417 in resolveSingleAddressToName the name  is :null
10-28 19:33:35.511  1466  1489 D wubo    : case 2 a22417 in resolveSingleAddressToName the name  is :null
10-28 19:33:35.573  1466  1489 D TextMsgTransport: case 1 wubo a22417 in getSender the name is :Jim Dudish
10-28 19:33:35.573  1466  1489 D TextMsgTransport: case 1 wubo a22417 in getSender the address is :5704000104
10-28 19:33:35.589  1466  1489 D TextMsgTransport: case 2 wubo a22417 in getSender the name is :Jim Dudish
10-28 19:33:35.589  1466  1489 V TextMsgTransport: DataId: 4488 ContactId: 649 DisplayName >Jim Dudish< when filtering for >5704000104<
10-28 19:33:35.613  1466  1489 D BlurContactsExtensions: ===== targetSize: width=125 height=150
10-28 19:33:35.738  1466  1489 D DateUtil: now.getTimeZone(): Eastern Standard Time
10-28 19:33:35.792  1340  1340 D dalvikvm: GC_EXPLICIT freed 335 objects / 12224 bytes in 36ms
10-28 19:33:54.081  6054  6054 D dalvikvm: GC_EXPLICIT freed 3370 objects / 170280 bytes in 71ms
10-28 19:33:54.081  6054  6055 W SQLiteCompiledSql: Releasing statement in a finalizer. Please ensure that you explicitly call close() on your cursor: INSERT INTO inbox(body, person, date, address, thread_id) VALUES(?, ?, ?, ?, ?);
10-28 19:33:54.081  6054  6055 W SQLiteCompiledSql: android.database.sqlite.DatabaseObjectNotClosedException: Application did not close the cursor or database object that was opened here
10-28 19:33:54.081  6054  6055 W SQLiteCompiledSql: 	at android.database.sqlite.SQLiteCompiledSql.<init>(SQLiteCompiledSql.java:62)
10-28 19:33:54.081  6054  6055 W SQLiteCompiledSql: 	at android.database.sqlite.SQLiteProgram.<init>(SQLiteProgram.java:80)
10-28 19:33:54.081  6054  6055 W SQLiteCompiledSql: 	at android.database.sqlite.SQLiteStatement.<init>(SQLiteStatement.java:36)
10-28 19:33:54.081  6054  6055 W SQLiteCompiledSql: 	at android.database.sqlite.SQLiteDatabase.compileStatement(SQLiteDatabase.java:1217)
10-28 19:33:54.081  6054  6055 W SQLiteCompiledSql: 	at android.database.sqlite.SQLiteDatabase.insertWithOnConflict(SQLiteDatabase.java:1608)
10-28 19:33:54.081  6054  6055 W SQLiteCompiledSql: 	at android.database.sqlite.SQLiteDatabase.insert(SQLiteDatabase.java:1482)
10-28 19:33:54.081  6054  6055 W SQLiteCompiledSql: 	at com.snakefish.visms.SmsDbAdapter.addMsg(SmsDbAdapter.java:144)
10-28 19:33:54.081  6054  6055 W SQLiteCompiledSql: 	at com.snakefish.visms.TextActivity.sendMessage(TextActivity.java:192)
10-28 19:33:54.081  6054  6055 W SQLiteCompiledSql: 	at com.snakefish.visms.TextActivity$RightButtonClickListener.doWork(TextActivity.java:273)
