10-28 18:34:32.170  1340  1340 D dalvikvm: GC_EXPLICIT freed 2518 objects / 116408 bytes in 51ms
10-28 18:34:32.209  1340  1340 D dalvikvm: GC_EXPLICIT freed 118 objects / 4528 bytes in 42ms
10-28 18:34:32.224  1317  2523 D BlurSNMessagingEngine: SNMessagingProvider::getDatabase called
10-28 18:34:32.271  1340  1340 D dalvikvm: GC_EXPLICIT freed 168 objects / 6120 bytes in 56ms
10-28 18:34:32.287  1466  6135 V ServiceThreadPool: beforeExecute():  active threads: 1, current pool size: 5, largest pool size: 8
10-28 18:34:32.287  1466  6135 V MessageWidgetProvider: initialized CharsetUtil in0ms
10-28 18:34:32.303  1316  1316 I AtCmdDelegate: handle message:1
10-28 18:34:32.326  1235  1889 D AlarmManagerService: Kernel timezone updated to 240 minutes west of GMT
10-28 18:34:32.342  1340  1340 D dalvikvm: GC_EXPLICIT freed 193 objects / 7112 bytes in 70ms
10-28 18:34:32.428  1340  1340 D dalvikvm: GC_EXPLICIT freed 1006 objects / 83328 bytes in 49ms
10-28 18:34:32.482  1340  1340 D dalvikvm: GC_EXPLICIT freed 700 objects / 38896 bytes in 43ms
10-28 18:34:32.529  1340  1340 D dalvikvm: GC_EXPLICIT freed 204 objects / 8024 bytes in 43ms
10-28 18:34:32.592  1340  1340 D dalvikvm: GC_EXPLICIT freed 2345 objects / 108480 bytes in 44ms
10-28 18:34:32.599  1408  1819 I AWClient: **** HTTP URI is http://motox.accu-weather.com/widget/motox/forecast-feed.asp?lat=43.094913482666016&lon=-77.68733215332031&metric=1&langId=eng
10-28 18:34:32.670  1340  1340 D dalvikvm: GC_EXPLICIT freed 924 objects / 37624 bytes in 44ms
10-28 18:34:32.709  1408  1819 D AWClient: requesting weather forecast using uri: http://motox.accu-weather.com/widget/motox/forecast-feed.asp?lat=43.094913482666016&lon=-77.68733215332031&metric=1&langId=eng
10-28 18:34:32.709  1340  1340 D dalvikvm: GC_EXPLICIT freed 83 objects / 3032 bytes in 42ms
10-28 18:34:32.764  1340  1340 D dalvikvm: GC_EXPLICIT freed 117 objects / 4728 bytes in 46ms
10-28 18:34:32.787  1294  1928 D DEBUG   : Selection used is -null
10-28 18:34:32.795  1512  1526 D GroupCache: Getting user-defined groups
10-28 18:34:32.795  1512  1526 D GroupCache: Encountered group title, Family
10-28 18:34:32.803  1512  1526 D GroupCache: Encountered group title, Imported Contacts
10-28 18:34:32.803  1512  1526 D GroupCache: Encountered group title, Usability
10-28 18:34:32.818  1512  1526 D GroupCache: Encountered source name, null
10-28 18:34:32.818  1512  1526 D SourceCache: Returning stroed ICON FOR-com.motorola.android.buacontactadapter:Phone:
10-28 18:34:32.818  1512  1526 D GroupCache: Encountered source name, blur
10-28 18:34:32.818  1512  1526 D GroupCache: Encountered source name, null
10-28 18:34:32.826  1512  1526 D GroupCache: Encountered source name, facebook
10-28 18:34:32.826  1512  1526 D SourceCache: Returning stroed ICON FOR-com.motorola.blur.service.bsutils.MOTHER_USER_CREDS_TYPE:a0000022712d6a6532772297749992488@random.svcmot.com:facebook
10-28 18:34:32.826  1512  1526 D GroupCache: Encountered source name, facebook
10-28 18:34:32.826  1512  1526 D SourceCache: Returning stroed ICON FOR-com.motorola.blur.service.bsutils.MOTHER_USER_CREDS_TYPE:a0000022712d6a6532772297749992488@random.svcmot.com:facebook
10-28 18:34:32.826  1512  1526 D GroupCache: Notifying observers of the group cache that its state has changed
10-28 18:34:33.982  1408  1819 D AWClient: http client execute done
10-28 18:34:34.131  1408  1819 I WeatherService: ** updateForecastForCurrentLocation
10-28 18:34:34.154  1408  1408 D ChipWidgetProvider: Received intent Intent { act=com.motorola.blur.weather.ACTION_FORECAST_UPDATE cmp=com.motorola.blur.weather/.WeatherWidgetProvider }
10-28 18:34:34.154  1408  1408 D ChipWidgetProvider: a22417 debug in chipwidgetprovider function updatewidget the pendingUpdates is :android.util.SparseIntArray@459d30a0
10-28 18:34:34.162  1408  1428 I WeatherWidgetProvider: doUpdateWidget 7 x:4 y:1
10-28 18:34:34.170  1408  1428 I WeatherWidgetProvider: ****** settings {"displayName":"Weather","location_codes":[],"temperature_unit":"Fahrenheit"}
10-28 18:34:34.232  1408  1428 I WeatherWidgetProvider: isPortrait is false
10-28 18:34:34.232  1408  1428 I WeatherWidgetProvider: ******* temp1
10-28 18:34:34.232  1408  1428 I WeatherWidgetProvider: ******* temp2
10-28 18:34:34.240  1408  1819 V WeatherService: No locations that meet the criteria, forecast._id >= 0 
10-28 18:34:34.240  1408  1819 D WeatherService: There are no stale locations found in database
10-28 18:34:34.248  1408  1428 I WeatherWidgetProvider: ******* temp3
10-28 18:34:34.326  1340  1340 D dalvikvm: GC_EXPLICIT freed 355 objects / 14056 bytes in 52ms
10-28 18:34:34.334  1408  1428 W ChipWidgetProvider: Widget span not found for id=27
10-28 18:34:34.334  1408  1428 I WeatherWidgetProvider: doUpdateWidget 27 x:2 y:1
10-28 18:34:34.357  1408  1428 I WeatherWidgetProvider: isPortrait is false
10-28 18:34:34.357  1408  1428 I WeatherWidgetProvider: ******* temp1
10-28 18:34:34.357  1408  1428 I WeatherWidgetProvider: ******* temp2
10-28 18:34:34.365  1408  1428 I WeatherWidgetProvider: ******* temp4
10-28 18:34:34.467  1316  1316 I AtCmdDelegate: handle message:1
10-28 18:34:34.482  1235  1492 D AlarmManagerService: Kernel timezone updated to 240 minutes west of GMT
10-28 18:34:35.399  1325  1611 V SyncActivityLog: not:Stored signature 58845169 for BlurSetupSyncHandler matches 58845169.  Enqueueing.
10-28 18:34:35.399  1325  1611 V SyncEngineController: Enqueuing BlurSetupSyncHandler.  Previous task is done.
10-28 18:34:35.771  1325  1611 I SyncActivityLog: not:Creating new sync task for handler name BlurSetupSyncHandler.  Queue size 0.  Forced false
10-28 18:34:36.107  1325  1984 I SyncActivityLog: ctlr:Starting sync task for BlurSetupSyncHandler
10-28 18:34:36.193  1325  1984 I SyncActivityLog: ctlr:Still enqueued: BlurSetupSyncHandler; 
10-28 18:34:36.201  1325  1984 V ServiceBinder: bind() 0, Intent { act=com.motorola.blur.setup.SetupSyncHandler }
10-28 18:34:36.357  1235  1239 D dalvikvm: GC_EXPLICIT freed 19893 objects / 911088 bytes in 153ms
10-28 18:34:36.381  1317  1317 V BlurSyncProtocolHandler: {com.motorola.blur.sync.app.SharedPrefs.PROHIBIT_BATCHING_5=false}
10-28 18:34:36.381  1317  1317 V BlurSyncProtocolHandler: com.motorola.blur.sync.app.SharedPrefs.PROHIBIT_BATCHING_5:false
10-28 18:34:36.381  1317  1317 D BlurSSHS: onBind()
10-28 18:34:36.389  1325  1325 V ServiceBinder: onServiceConnected() ComponentInfo{com.motorola.blur.setupprovider/com.motorola.blur.setupprovider.SetupSyncHandlerService}
10-28 18:34:36.389  1325  1984 V SyncActivityLog: ctlr:Executing sync protocol for BlurSetupSyncHandler. Sync is not forced.
10-28 18:34:36.389  1317  1334 V BlurSyncProtocolHandler: executeSync: handlerName: BlurSetupSyncHandler, isForced: false
10-28 18:34:36.389  1317  6136 V BlurSyncProtocolHandler: Beginning sync of Setup Sync Handler.  Forced: false. Batching prohibited: false. Timeout of 600 seconds for completion.
10-28 18:34:36.451  1325  1352 I SyncActivityLog: prot:Setup Sync Handler: Starting sync
10-28 18:34:36.553  1325  1800 I SyncActivityLog: prot:Setup Sync Handler: Checking adapter for client changes since sync is unforced
10-28 18:34:36.654  1317  6136 V 2WySncPrtclMdtr: Client has changes, so executing sync.
10-28 18:34:36.733  1325  1358 I SyncActivityLog: prot:Setup Sync Handler: Getting the client's last anchor
10-28 18:34:36.818  1317  6136 I SetupSyncAdapter: getLastClientAnchor: 657
10-28 18:34:36.818  1317  6136 V 2WySncPrtclMdtr: Client is at anchor 657
10-28 18:34:36.818  1317  6136 V ServiceBinder: bind() 0, Intent { act=com.motorola.blur.service.blur.Actions.BIND_SYNC_WSPROXY_SVC }
10-28 18:34:36.826  1317  1317 V ServiceBinder: onServiceConnected() ComponentInfo{com.motorola.blur.service.blur/com.motorola.blur.service.blur.sync.ws.impl.BlurSyncWSClient2}
10-28 18:34:36.881  1325  1909 I SyncActivityLog: prot:Setup Sync Handler: Calling Blur ws update through proxy.  Attempt 1
10-28 18:34:36.943  1325  1923 V SyncActivityLog: prot:Cache miss for sync app id 5. Must make batching call to cloud.
10-28 18:34:37.006  1325  1923 V SyncUpdateManager: Batching app ids: [20, 60, 50, 40, 70, 31, 80, 2, 5]; is secure: false
10-28 18:34:37.029  1325  1630 D WSBase  : processing request: sync/1/updates
10-28 18:34:37.115  1325  1630 I WSBase  : doRequest(): url: http://ws-cloud216-blur.svcmot.com:80/blur-services-1.0/ws/sync/1/updates/0000019A50D8/4503599654260952?k=android&l=100000019a50d8&f=pb&p=163&h=CpDk5JJXpcOy5hu22PJwEtfvIcw&of=0&ssl=0
10-28 18:34:37.451  1325  1630 D dalvikvm: GC_FOR_MALLOC freed 11041 objects / 771664 bytes in 86ms
10-28 18:34:37.795  1325  1923 V SyncActivityLog: prot:Client sync app id 20 is already up-to-date.
10-28 18:34:37.810  1325  1630 D WSBase  : doRequest(): sync/1/updates resp length: 1966
10-28 18:34:37.842  1325  1923 V SyncActivityLog: prot:Client sync app id 60 is already up-to-date.
10-28 18:34:37.857  1325  1923 V SyncActivityLog: prot:Caching update for sync app id 50 from anchor 78859031233430500 to 78859031233430512 and is_more false
10-28 18:34:37.912  1325  1923 I SyncActivityLog: not:Forcing sync now of sync app id 50
10-28 18:34:37.935  1325  1923 I SyncActivityLog: not:Received notification for NewsRetrievalService.  Delay of 0 ms with signature 58852735.
10-28 18:34:37.943  1325  1611 V SyncActivityLog: not:Stored signature 58852735 for NewsRetrievalService matches 58852735.  Enqueueing.
10-28 18:34:37.943  1325  1611 V SyncEngineController: Enqueuing NewsRetrievalService.  Previous task is done.
10-28 18:34:37.943  1325  1923 V SyncActivityLog: prot:Client sync app id 40 is already up-to-date.
10-28 18:34:38.209  1325  1611 I SyncActivityLog: not:Creating new sync task for handler name NewsRetrievalService.  Queue size 0.  Forced true
10-28 18:34:38.319  1325  1923 V SyncActivityLog: prot:Client sync app id 70 is already up-to-date.
10-28 18:34:38.342  1325  1923 V SyncActivityLog: prot:Client sync app id 31 is already up-to-date.
10-28 18:34:38.373  1325  1923 V SyncActivityLog: prot:Client sync app id 80 is already up-to-date.
10-28 18:34:38.412  1325  1923 V SyncActivityLog: prot:Client sync app id 2 is already up-to-date.
10-28 18:34:38.443  1317  6136 V GtUpdtFrmWSColl: No further changes on server for app id 5
10-28 18:34:38.506  1325  2967 I SyncActivityLog: prot:Setup Sync Handler: Updating adapter with server changes.  Attempt 1
10-28 18:34:38.678  1317  6136 I SetupSyncAdapter: getLastClientAnchor: 657
10-28 18:34:38.740  1325  2181 I SyncActivityLog: prot:Setup Sync Handler: Acking change in the client's anchor
10-28 18:34:38.818  1317  6136 V 2WySncPrtclMdtr: Acknowledged that client anchor is 657
10-28 18:34:39.201  1325  1800 I SyncActivityLog: prot:Setup Sync Handler: Checking for local changes
10-28 18:34:39.240  1317  6136 V 2WySncPrtclMdtr: Client has changes.
10-28 18:34:39.287  1325  1358 I SyncActivityLog: prot:Setup Sync Handler: Getting client changes from the adapter.  Attempt 1
10-28 18:34:39.295  1317  6136 D SetupSyncAdapter: No tombstones
10-28 18:34:39.436  1325  1909 I SyncActivityLog: prot:Setup Sync Handler: Calling Blur ws commit through proxy.  Attempt 1
10-28 18:34:39.459  1325  1926 V BlurSyncWSClient2: postClientCommit() with sync app id 5, last client anchor 657, format gpb, is full recovery false, data bytes 63, is secure false
10-28 18:34:39.459  1325  1626 D WSBase  : processing request: sync/2/commit
10-28 18:34:39.560  1325  1626 I WSBase  : doRequest(): url: http://ws-cloud216-blur.svcmot.com:80/blur-services-1.0/ws/sync/2/commit/0000019A50D8/4503599654260952?k=android&l=100000019a50d8&f=pb&p=69&h=49l0LUvehZ56j8AjJufC7/2DmI4&of=0&sync_app_id=5&sync_anchor=657&sync_data_format=gpb&ssl=0
10-28 18:34:39.810  1325  1626 D dalvikvm: GC_FOR_MALLOC freed 8882 objects / 681960 bytes in 110ms
10-28 18:34:40.099  1325  1626 D WSBase  : doRequest(): sync/2/commit resp length: 22
10-28 18:34:40.107  1325  1926 V BlurSyncWSClient2: commit response: message_version: 2
10-28 18:34:40.107  1325  1926 V BlurSyncWSClient2: status: OK
10-28 18:34:40.107  1325  1926 V BlurSyncWSClient2: extended_status: ""
10-28 18:34:40.107  1325  1926 V BlurSyncWSClient2: last_client_anchor: "657"
10-28 18:34:40.107  1325  1926 V BlurSyncWSClient2: new_server_anchor: "658"
10-28 18:34:40.107  1325  1926 V BlurSyncWSClient2: data_format: "gpb"
10-28 18:34:40.170  1325  2967 I SyncActivityLog: prot:Setup Sync Handler: Committing to adapter.
10-28 18:34:40.209  1317  6136 I SetupSyncAdapter: Commit server anchor: 658
10-28 18:34:40.335  1317  6136 I SetupSyncAdapter: setLastClientAnchor: 658
10-28 18:34:40.388  1317  6136 V 2WySncPrtclMdtr: Commit to adapter successful
10-28 18:34:40.443  1325  2181 I SyncActivityLog: prot:Setup Sync Handler: Acking change in the client's anchor
10-28 18:34:40.545  1317  6136 V 2WySncPrtclMdtr: Acknowledged that client anchor is 658
10-28 18:34:40.623  1325  1800 I SyncActivityLog: prot:Setup Sync Handler: Checking for local changes
10-28 18:34:40.654  1317  6136 V 2WySncPrtclMdtr: No client changes.
10-28 18:34:40.693  1325  1909 I SyncActivityLog: prot:Setup Sync Handler: Success.
10-28 18:34:40.701  1317  6136 V ServiceBinder: unbind(): 1, Intent { act=com.motorola.blur.service.blur.Actions.BIND_SYNC_WSPROXY_SVC }
10-28 18:34:40.771  1325  1984 I SyncActivityLog: ctlr:Sync protocol for BlurSetupSyncHandler completed with status Ok.  Extended status: Success.
10-28 18:34:40.771  1325  1984 V SyncEngineController: Broadcasting sync completed intent with data type clientsettings/blur
10-28 18:34:40.779  1325  1984 V SyncEngineController: Resetting backoff level for BlurSetupSyncHandler
10-28 18:34:40.795  1325  1984 V ServiceBinder: unbind(): 1, Intent { act=com.motorola.blur.setup.SetupSyncHandler }
10-28 18:34:40.803  1317  1317 D BlurSSR : onReceive(): Receiving call to register with sync engine
10-28 18:34:40.849  1317  1317 V BlurSyncProtocolHandler: Waiting for executor to shutdown.
10-28 18:34:40.849  1317  1317 V BlurSyncProtocolHandler: Executor should be shutdown now.
10-28 18:34:40.849  1317  1317 V BlurSyncProtocolHandler: {com.motorola.blur.sync.app.SharedPrefs.PROHIBIT_BATCHING_5=false}
10-28 18:34:40.849  1317  1317 V BlurSyncProtocolHandler: com.motorola.blur.sync.app.SharedPrefs.PROHIBIT_BATCHING_5:false
10-28 18:34:40.849  1317  1317 D BlurSSHS: onStart()
10-28 18:34:40.873  1325  1984 I SyncActivityLog: ctlr:Starting sync task for NewsRetrievalService
10-28 18:34:40.881  1317  6137 V ServiceThreadPool: beforeExecute():  active threads: 1, current pool size: 4, largest pool size: 4
10-28 18:34:40.881  1317  6137 V BlurSSHS: Setup sync has completed.  Allow future syncs to be batched.
10-28 18:34:40.896  1317  6137 V BlurSyncProtocolHandler: Sync app id 5 allowing batched updates
10-28 18:34:40.896  1317  1317 V BlurSyncProtocolHandler: Waiting for executor to shutdown.
10-28 18:34:40.896  1317  1317 V BlurSyncProtocolHandler: Executor should be shutdown now.
10-28 18:34:40.928  1325  1984 I SyncActivityLog: ctlr:Still enqueued: NewsRetrievalService; 
10-28 18:34:40.928  1325  1984 V ServiceBinder: bind() 0, Intent { act=com.motorola.blur.news.NewsRetrievalServiceSyncHandler }
10-28 18:34:40.928  1325  1325 V ServiceBinder: onServiceConnected() ComponentInfo{com.motorola.blur.news/com.motorola.blur.news.NewsRetrievalService}
10-28 18:34:40.928  1325  1984 V SyncActivityLog: ctlr:Executing sync protocol for NewsRetrievalService. Sync is  forced.
10-28 18:34:40.928  1447  1637 V BlurSyncProtocolHandler: executeSync: handlerName: NewsRetrievalService, isForced: true
10-28 18:34:40.928  1447  2017 V BlurSyncProtocolHandler: Beginning sync of News feed sync handler mediator.  Forced: true. Batching prohibited: false. Timeout of 120 seconds for completion.
10-28 18:34:40.967  1325  2967 I SyncActivityLog: prot:News feed sync handler mediator: Starting sync
10-28 18:34:41.053  1325  2181 I SyncActivityLog: prot:News feed sync handler mediator: Getting the client's last anchor
10-28 18:34:41.060  1447  2017 D NewsFeedSyncAdapter: getLastClientAnchor() for service blur
10-28 18:34:41.060  1447  2017 V 2WySncPrtclMdtr: Client is at anchor 78859031233430500
10-28 18:34:41.060  1447  2017 V ServiceBinder: bind() 0, Intent { act=com.motorola.blur.service.blur.Actions.BIND_SYNC_WSPROXY_SVC }
10-28 18:34:41.068  1447  1447 V ServiceBinder: onServiceConnected() ComponentInfo{com.motorola.blur.service.blur/com.motorola.blur.service.blur.sync.ws.impl.BlurSyncWSClient2}
10-28 18:34:41.131  1325  1352 I SyncActivityLog: prot:News feed sync handler mediator: Calling Blur ws update through proxy.  Attempt 1
10-28 18:34:41.248  1325  1358 I SyncActivityLog: prot:Update cache hit for sync app id 50
10-28 18:34:41.310  1447  2017 V GtUpdtFrmWSColl: No further changes on server for app id 50
10-28 18:34:41.412  1325  1800 I SyncActivityLog: prot:News feed sync handler mediator: Updating adapter with server changes.  Attempt 1
10-28 18:34:41.412  1447  2017 D NewsFeedSyncAdapter: update(): for service blur, conflict strategy: SERVER_ALWAYS_WINS
10-28 18:34:41.428  1447  2017 D NewsRetrievalService: getNewsFromService: Received 4 entries
10-28 18:34:41.889  1447  1447 D ChipWidgetProvider: Received intent Intent { act=android.appwidget.action.APPWIDGET_UPDATE cmp=com.motorola.blur.news/.widget.NewsWidgetProvider }
10-28 18:34:41.889  1447  1447 D ChipWidgetProvider: a22417 debug in chipwidgetprovider function updatewidget the pendingUpdates is :android.util.SparseIntArray@459d00c0
10-28 18:34:41.928  1447  2017 D NewsRetrievalService: Received articles for: feedId 6(4) 
10-28 18:34:41.959  1447  1825 D DateUtil: now.getTimeZone(): Eastern Standard Time
10-28 18:34:42.029  1340  1340 D dalvikvm: GC_EXPLICIT freed 718 objects / 32384 bytes in 44ms
10-28 18:34:42.060  5759  5759 D dalvikvm: GC_FOR_MALLOC freed 7624 objects / 434648 bytes in 236ms
10-28 18:34:42.185  1340  1340 D dalvikvm: GC_EXPLICIT freed 6337 objects / 403200 bytes in 48ms
10-28 18:34:42.271  1447  2017 D NewsFeedSyncAdapter: getLastClientAnchor() for service blur
10-28 18:34:42.335  1325  1923 I SyncActivityLog: prot:News feed sync handler mediator: Acking change in the client's anchor
10-28 18:34:42.467  1447  2017 V 2WySncPrtclMdtr: Acknowledged that client anchor is 78859031233430512
10-28 18:34:42.803  1325  2967 I SyncActivityLog: prot:News feed sync handler mediator: Checking for local changes
10-28 18:34:42.810  1447  2017 V 2WySncPrtclMdtr: No client changes.
10-28 18:34:42.865  1325  2181 I SyncActivityLog: prot:News feed sync handler mediator: Success.
10-28 18:34:42.873  1447  2017 V ServiceBinder: unbind(): 1, Intent { act=com.motorola.blur.service.blur.Actions.BIND_SYNC_WSPROXY_SVC }
10-28 18:34:42.951  1325  1984 I SyncActivityLog: ctlr:Sync protocol for NewsRetrievalService completed with status Ok.  Extended status: Success.
10-28 18:34:42.951  1325  1984 V SyncEngineController: Broadcasting sync completed intent with data type news/blur
10-28 18:34:42.959  1325  1984 V SyncEngineController: Resetting backoff level for NewsRetrievalService
10-28 18:34:42.959  1325  1984 V ServiceBinder: unbind(): 1, Intent { act=com.motorola.blur.news.NewsRetrievalServiceSyncHandler }
10-28 18:34:42.974  1447  1447 D ChipWidgetProvider: Received intent Intent { act=com.motorola.blur.service.blur.Actions.SYNC_HANDLER_COMPLETED typ=news/blur cmp=com.motorola.blur.news/.widget.NewsWidgetProvider }
10-28 18:34:42.974  1447  1447 D ChipWidgetProvider: a22417 debug in chipwidgetprovider function updatewidget the pendingUpdates is :android.util.SparseIntArray@459d00c0
10-28 18:34:43.076  1447  1467 D dalvikvm: GC_FOR_MALLOC freed 7146 objects / 464920 bytes in 36ms
10-28 18:34:43.084  1447  1467 D DateUtil: now.getTimeZone(): Eastern Standard Time
10-28 18:34:43.139  1340  1340 D dalvikvm: GC_EXPLICIT freed 614 objects / 28280 bytes in 41ms
10-28 18:34:43.224  1340  1340 D dalvikvm: GC_EXPLICIT freed 388 objects / 15952 bytes in 37ms
10-28 18:34:48.529  1316  1316 I AtCmdDelegate: handle message:1
10-28 18:34:48.568  1235  1454 D AlarmManagerService: Kernel timezone updated to 240 minutes west of GMT
10-28 18:34:58.443  1836  1836 D dalvikvm: GC_EXPLICIT freed 879 objects / 42192 bytes in 93ms
10-28 18:35:00.021  1235  1243 D KeyguardUpdateMonitor: received broadcast android.intent.action.TIME_TICK
10-28 18:35:00.021  1235  1259 D KeyguardUpdateMonitor: handleTimeUpdate
10-28 18:35:07.803  3823  6139 I zomut.watchdog.monitor: init
10-28 18:35:07.810  3823  6139 I zomut.watchdog.monitor: begin
10-28 18:35:07.881  3823  6139 D dalvikvm: GC_FOR_MALLOC freed 4488 objects / 562328 bytes in 35ms
10-28 18:35:07.951  3823  6139 D dalvikvm: GC_FOR_MALLOC freed 3082 objects / 517136 bytes in 34ms
10-28 18:35:08.037  3823  6139 D dalvikvm: GC_FOR_MALLOC freed 3967 objects / 507272 bytes in 34ms
10-28 18:35:08.084  3823  6139 I zomut.watchdog.monitor: end
10-28 18:35:12.857  1844  1844 D dalvikvm: GC_EXPLICIT freed 2522 objects / 111640 bytes in 66ms
10-28 18:35:13.344  1235  1243 V DeviceStorageMonitorService: freeMemory=6643806208
10-28 18:35:13.344  1235  1243 V DeviceStorageMonitorService: Threshold Percentage=10
10-28 18:35:13.344  1235  1243 V DeviceStorageMonitorService: mTotalMemory = 70264913
10-28 18:35:13.344  1235  1243 I DeviceStorageMonitorService: Posting Message again
10-28 18:35:20.834  1851  1851 D dalvikvm: GC_EXPLICIT freed 286 objects / 15408 bytes in 66ms
10-28 18:35:24.217  1235  1280 D PerformBackupThread: starting agent for backup of BackupRequest{app=ApplicationInfo{45866e08 android} full=false}
10-28 18:35:24.217  1235  1280 D BackupManagerService: awaiting agent for ApplicationInfo{45866e08 android}
10-28 18:35:24.232  1235  1243 D BackupManagerService: agentConnected pkg=android agent=android.app.backup.BackupAgent$BackupServiceBinder@45e84b98
10-28 18:35:24.248  1235  1280 D BackupHelperDispatcher: handling existing helper 'wallpaper' android.app.backup.AbsoluteFileBackupHelper@45db1b88
10-28 18:35:24.295  1384  1384 D GoogleLoginService: onBind: Intent { act=android.accounts.AccountAuthenticator cmp=com.google.android.gsf/.loginservice.GoogleLoginService }
10-28 18:35:32.709  1836  1836 I WifiToggle: OnReceive
10-28 18:35:32.709  1836  1836 I WifiToggle: getServiceState.DISABLED_STATE
10-28 18:35:32.709  1836  1836 I WifiToggle: UpdateWidget - currentState=DISABLED_STATE
10-28 18:35:32.709  1836  1836 I WifiToggle: updateButtons
10-28 18:35:32.795  1447  1447 D ChipWidgetProvider: Received intent Intent { act=com.motorola.blur.home.ACTION_SET_WIDGET_SIZE cmp=com.motorola.blur.home.status/.StatusWidgetProvider (has extras) }
10-28 18:35:32.795  1447  1447 D ChipWidgetProvider: a22417 debug in chipwidgetprovider function updatewidget the pendingUpdates is :android.util.SparseIntArray@45a2e268
10-28 18:35:32.803  1447  1837 D StatusWidgetProvider: doUpdateWidget x: 4 y: 1
10-28 18:35:32.810  1447  1447 D ChipWidgetProvider: Received intent Intent { act=com.motorola.blur.home.ACTION_WIDGET_ADDED cmp=com.motorola.blur.home.status/.StatusWidgetProvider (has extras) }
10-28 18:35:32.857  1424  1424 D ChipWidgetProvider: Received intent Intent { act=com.motorola.blur.home.ACTION_SET_WIDGET_SIZE cmp=com.motorola.blur.friendfeed/.widget.SocialWidgetProvider (has extras) }
10-28 18:35:32.857  1424  1424 D ChipWidgetProvider: a22417 debug in chipwidgetprovider function updatewidget the pendingUpdates is :android.util.SparseIntArray@459efd78
10-28 18:35:32.881  1424  1448 D SocialWidgetProvider: doUpdateWidget id: 2 x: 4 y: 1
10-28 18:35:32.889  1424  1424 D ChipWidgetProvider: Received intent Intent { act=com.motorola.blur.home.ACTION_WIDGET_ADDED cmp=com.motorola.blur.friendfeed/.widget.SocialWidgetProvider (has extras) }
10-28 18:35:32.896  1424  1448 D SocialWidgetProvider: filterType: 0
10-28 18:35:32.896  1424  1448 D SocialWidgetProvider: filter: read_state=1 AND pub_date>1288218932898 AND owner=0
10-28 18:35:32.943  1340  1340 D dalvikvm: GC_EXPLICIT freed 2914 objects / 239912 bytes in 87ms
10-28 18:35:32.990  1447  1837 D DateUtil: now.getTimeZone(): Eastern Standard Time
10-28 18:35:32.990  1340  1340 D dalvikvm: GC_EXPLICIT freed 1771 objects / 82344 bytes in 42ms
10-28 18:35:33.053  1836  1836 I WifiToggle: OnReceive
10-28 18:35:33.053  1836  1836 I WifiToggle: getServiceState.DISABLED_STATE
10-28 18:35:33.053  1836  1836 I WifiToggle: UpdateWidget - currentState=DISABLED_STATE
10-28 18:35:33.053  1836  1836 I WifiToggle: updateButtons
10-28 18:35:33.084  1836  1836 I BluetoothToggle: OnReceive
10-28 18:35:33.084  1836  1836 I BluetoothToggle: getServiceState
10-28 18:35:33.084  1836  1836 I BluetoothToggle: getServiceState.DISABLED_STATE
10-28 18:35:33.084  1836  1836 I BluetoothToggle: UpdateWidget - currentState=DISABLED_STATE
10-28 18:35:33.084  1836  1836 I BluetoothToggle: updateButtons
10-28 18:35:33.092  1447  1837 D DateUtil: now.getTimeZone(): Eastern Standard Time
10-28 18:35:33.115  1836  1836 I GpsToggle: OnReceive
10-28 18:35:33.115  1836  1836 I GpsToggle: getServiceState.DISABLED_STATE
10-28 18:35:33.115  1836  1836 I GpsToggle: UpdateWidget - currentState=DISABLED_STATE
10-28 18:35:33.115  1836  1836 I GpsToggle: updateButtons
10-28 18:35:33.154  1340  1340 D dalvikvm: GC_EXPLICIT freed 3442 objects / 163440 bytes in 47ms
10-28 18:35:33.201  1340  1340 D dalvikvm: GC_EXPLICIT freed 209 objects / 8552 bytes in 43ms
10-28 18:35:33.224  1836  1836 I AirplaneModeToggle: OnReceive
10-28 18:35:33.224  1836  1836 I AirplaneModeToggle: getServiceState.DISABLED_STATE
10-28 18:35:33.224  1836  1836 I AirplaneModeToggle: UpdateWidget - currentState=DISABLED_STATE
10-28 18:35:33.224  1836  1836 I AirplaneModeToggle: updateButtons
10-28 18:35:33.240  1424  1448 D SocialWidgetProvider: ===== getImageDimens: width=171 height=99
10-28 18:35:33.240  1424  1448 D BlurContactsExtensions: ===== targetSize: width=171 height=99
10-28 18:35:33.271  1340  1340 D dalvikvm: GC_EXPLICIT freed 414 objects / 18296 bytes in 47ms
10-28 18:35:33.334  1424  1448 D BlurContactsExtensions: ===== imageStream: imageWidth=196 imageHeight=438
10-28 18:35:33.334  1424  1448 D BlurContactsExtensions: ===== Using default android decode api...
10-28 18:35:33.334  1424  1448 D BlurContactsExtensions: ===== Android image decode:  downSample=1 downScaleX=1 downScaleY=4
10-28 18:35:33.373  1408  1408 D ChipWidgetProvider: Received intent Intent { act=com.motorola.blur.home.ACTION_SET_WIDGET_SIZE cmp=com.motorola.blur.weather/.WeatherWidgetProvider (has extras) }
10-28 18:35:33.373  1408  1408 D ChipWidgetProvider: a22417 debug in chipwidgetprovider function updatewidget the pendingUpdates is :android.util.SparseIntArray@459d30a0
10-28 18:35:33.396  1408  1408 D ChipWidgetProvider: Received intent Intent { act=com.motorola.blur.home.ACTION_WIDGET_ADDED cmp=com.motorola.blur.weather/.WeatherWidgetProvider (has extras) }
10-28 18:35:33.396  1408  1408 D WeatherWidgetProvider: WeatherLoop, onAdded new=false
10-28 18:35:33.396  1408  1820 I WeatherWidgetProvider: doUpdateWidget 7 x:4 y:1
10-28 18:35:33.428  1340  1340 D dalvikvm: GC_EXPLICIT freed 821 objects / 45992 bytes in 61ms
10-28 18:35:33.435  1408  1820 I WeatherWidgetProvider: ****** settings {"displayName":"Weather","location_codes":[],"temperature_unit":"Fahrenheit"}
10-28 18:35:33.443  1408  1408 D WeatherWidgetProvider: Weather onAdded - settings={"displayName":"Weather","location_codes":[],"temperature_unit":"Fahrenheit"}
10-28 18:35:33.443  1408  1408 D WeatherUtil: **** checkIfCurrentLocationForecastExists current location exists in forecasts table
10-28 18:35:33.443  1408  1408 D WeatherUtil: Current location already present in Forecasts table
10-28 18:35:33.490  1340  1340 D dalvikvm: GC_EXPLICIT freed 932 objects / 43728 bytes in 36ms
10-28 18:35:33.576  1424  1448 D BlurContactsExtensions: ===== Cropping img: cropWidth=196 cropHeight=113
10-28 18:35:33.592  1340  1340 D dalvikvm: GC_EXPLICIT freed 4473 objects / 215296 bytes in 48ms
10-28 18:35:33.670  1563  1563 D ChipWidgetProvider: Received intent Intent { act=com.motorola.blur.home.ACTION_SET_WIDGET_SIZE cmp=com.android.providers.calendar/.CalendarWidgetProvider (has extras) }
10-28 18:35:33.670  1563  1563 D ChipWidgetProvider: a22417 debug in chipwidgetprovider function updatewidget the pendingUpdates is :android.util.SparseIntArray@4592c4a0
10-28 18:35:33.693  1563  1563 D ChipWidgetProvider: Received intent Intent { act=com.motorola.blur.home.ACTION_WIDGET_ADDED cmp=com.android.providers.calendar/.CalendarWidgetProvider (has extras) }
10-28 18:35:33.740  1563  6141 D CalAppWidgetService: SERVICE RUN: widgetId: 9
10-28 18:35:33.740  1563  6141 D CalAppWidgetService: spanX: 4
10-28 18:35:33.740  1563  6141 D CalAppWidgetService: spanX: 1
10-28 18:35:33.756  1466  1466 D ChipWidgetProvider: Received intent Intent { act=com.motorola.blur.home.ACTION_SET_WIDGET_SIZE cmp=com.motorola.blur.home.message/.MessageWidgetProvider (has extras) }
10-28 18:35:33.756  1466  1466 D ChipWidgetProvider: a22417 debug in chipwidgetprovider function updatewidget the pendingUpdates is :android.util.SparseIntArray@459eb0e8
10-28 18:35:33.756  1408  1820 I WeatherWidgetProvider: isPortrait is false
10-28 18:35:33.756  1408  1820 I WeatherWidgetProvider: ******* temp1
10-28 18:35:33.756  1408  1820 I WeatherWidgetProvider: ******* temp2
10-28 18:35:33.795  1466  6142 V ServiceThreadPool: beforeExecute():  active threads: 1, current pool size: 4, largest pool size: 8
10-28 18:35:33.795  1466  6142 V MessageWidgetProvider: initialized CharsetUtil in0ms
10-28 18:35:33.810  1466  1466 D ChipWidgetProvider: Received intent Intent { act=com.motorola.blur.home.ACTION_WIDGET_ADDED cmp=com.motorola.blur.home.message/.MessageWidgetProvider (has extras) }
10-28 18:35:33.818  1408  1408 D WeatherService: TEMPLOG: got intent in PollingManagerCallback, intent=Intent { act=com.motorola.blur.weather.UPDATE_STALE_FORECASTS }
10-28 18:35:33.849  1563  6141 D CalAppWidgetService: Widget Calendar Selection string: Calendars.SELECTED=1
10-28 18:35:33.881  1844  1844 D ChipWidgetProvider: Received intent Intent { act=com.motorola.blur.home.ACTION_WIDGET_ADDED cmp=com.motorola.photowidget/.PhotoWidgetAppProvider (has extras) }
10-28 18:35:33.881  1844  1844 V PhotoWidgetAppProvider: onAdded called appWidgetId- 17 New Widget flag- false
10-28 18:35:33.912  1447  1447 D ChipWidgetProvider: Received intent Intent { act=com.motorola.blur.home.ACTION_SET_WIDGET_SIZE cmp=com.motorola.blur.news/.widget.NewsWidgetProvider (has extras) }
10-28 18:35:33.912  1447  1447 D ChipWidgetProvider: a22417 debug in chipwidgetprovider function updatewidget the pendingUpdates is :android.util.SparseIntArray@459d00c0
10-28 18:35:33.935  1424  1448 D DateUtil: now.getTimeZone(): Eastern Standard Time
10-28 18:35:33.959  1447  1447 D ChipWidgetProvider: Received intent Intent { act=com.motorola.blur.home.ACTION_WIDGET_ADDED cmp=com.motorola.blur.news/.widget.NewsWidgetProvider (has extras) }
10-28 18:35:33.967  1466  6143 V ServiceThreadPool: beforeExecute():  active threads: 1, current pool size: 5, largest pool size: 8
10-28 18:35:33.967  1466  6143 V MessageWidgetProvider: initialized CharsetUtil in0ms
10-28 18:35:34.021  1447  1447 D ChipWidgetProvider: Received intent Intent { act=com.motorola.blur.home.ACTION_SET_WIDGET_SIZE cmp=com.motorola.blur.news/.widget.NewsWidgetProvider (has extras) }
10-28 18:35:34.021  1447  1447 D ChipWidgetProvider: a22417 debug in chipwidgetprovider function updatewidget the pendingUpdates is :android.util.SparseIntArray@459d00c0
10-28 18:35:34.060  1447  1447 D ChipWidgetProvider: Received intent Intent { act=com.motorola.blur.home.ACTION_WIDGET_ADDED cmp=com.motorola.blur.news/.widget.NewsWidgetProvider (has extras) }
10-28 18:35:34.107  1447  1825 D DateUtil: now.getTimeZone(): Eastern Standard Time
10-28 18:35:34.139  1408  1820 I WeatherWidgetProvider: ******* temp3
10-28 18:35:34.154  1340  1340 D dalvikvm: GC_EXPLICIT freed 8172 objects / 452784 bytes in 50ms
10-28 18:35:34.209  1340  1340 D dalvikvm: GC_EXPLICIT freed 710 objects / 33824 bytes in 55ms
10-28 18:35:34.264  1408  1408 D WeatherService: TEMPLOG: got ACTION_UPDATE_STALE_FORECASTS intent
10-28 18:35:34.264  1408  1408 I WeatherService: Received a request to update all stale forecasts
10-28 18:35:34.279  1408  1819 D WeatherService: TEMPLOG: loop_id from intent-1
10-28 18:35:34.279  1408  1819 D TEMP    : updateStaleForecasts loopID=-1
10-28 18:35:34.279  1408  1819 I WeatherService: ***updateStale
10-28 18:35:34.279  1408  1819 D WeatherService: TEMPLOG: updateCurrentLocationForecast, loopID=-1
10-28 18:35:34.295  1340  1340 D dalvikvm: GC_EXPLICIT freed 698 objects / 31320 bytes in 47ms
10-28 18:35:34.349  1340  1340 D dalvikvm: GC_EXPLICIT freed 112 objects / 4032 bytes in 48ms
10-28 18:35:34.381  1424  1448 V SocialWidgetProvider: DisplayName: Ryan Sweitzer for RawContactId: 531
10-28 18:35:34.404  1340  1340 D dalvikvm: GC_EXPLICIT freed 112 objects / 4008 bytes in 48ms
10-28 18:35:34.443  1340  1340 D dalvikvm: GC_EXPLICIT freed 112 objects / 4008 bytes in 40ms
10-28 18:35:34.506  1317  1334 D BlurSNMessagingEngine: SNMessagingProvider::getDatabase called
10-28 18:35:34.521  1408  1819 D WeatherService: Too soon to update current location forecast
10-28 18:35:34.521  1408  1819 V WeatherService: No locations that meet the criteria, forecast._id >= 0 
10-28 18:35:34.521  1408  1819 D WeatherService: There are no stale locations found in database
10-28 18:35:34.521  1340  1340 D dalvikvm: GC_EXPLICIT freed 2217 objects / 104232 bytes in 55ms
10-28 18:35:34.568  1340  1340 D dalvikvm: GC_EXPLICIT freed 303 objects / 11680 bytes in 36ms
10-28 18:35:34.623  1340  1340 D dalvikvm: GC_EXPLICIT freed 2518 objects / 115648 bytes in 41ms
10-28 18:35:34.670  1424  1448 D SocialWidgetProvider: updated id 2:READY TO RAGE
10-28 18:35:34.670  1340  1340 D dalvikvm: GC_EXPLICIT freed 118 objects / 4592 bytes in 45ms
10-28 18:35:34.717  1340  1340 D dalvikvm: GC_EXPLICIT freed 174 objects / 6320 bytes in 41ms
10-28 18:35:34.771  1340  1340 D dalvikvm: GC_EXPLICIT freed 201 objects / 7136 bytes in 45ms
10-28 18:35:34.818  1340  1340 D dalvikvm: GC_EXPLICIT freed 607 objects / 27896 bytes in 37ms
10-28 18:35:34.857  1340  1340 D dalvikvm: GC_EXPLICIT freed 297 objects / 11904 bytes in 36ms
10-28 18:35:34.896  1340  1340 D dalvikvm: GC_EXPLICIT freed 112 objects / 4072 bytes in 42ms
10-28 18:35:34.951  1340  1340 D dalvikvm: GC_EXPLICIT freed 482 objects / 17768 bytes in 44ms
10-28 18:35:34.998  1317  2022 D DSCP    : Broadcasting com.motorola.blur.home.FAVORITES
10-28 18:35:35.021  1563  6141 D CalAppWidgetService: WVGA device
10-28 18:35:35.021  1563  6141 D CalAppWidgetService: 4x1
10-28 18:35:35.029  1563  6141 D CalAppWidgetService: setHeader() - went into high density if
10-28 18:35:35.045  1563  6141 D CalAppWidgetService: no requested update or expired wakelock, bailing
10-28 18:35:35.146  1325  1611 I SyncActivityLog: not:Local change notification received for clientsettings/blur
10-28 18:35:35.146  1325  1611 V SncNtfctnRcvr: Enqueueing sync task for BlurSetupSyncHandler
10-28 18:35:35.178  1340  1340 D dalvikvm: GC_EXPLICIT freed 2127 objects / 180440 bytes in 43ms
10-28 18:35:35.209  1325  1611 I SyncActivityLog: not:Received notification for BlurSetupSyncHandler.  Delay of 5000 ms with signature 58909985.
10-28 18:35:35.224  1340  1340 D dalvikvm: GC_EXPLICIT freed 298 objects / 12016 bytes in 43ms
10-28 18:35:35.264  1340  1340 D dalvikvm: GC_EXPLICIT freed 282 objects / 10952 bytes in 36ms
10-28 18:35:35.303  1340  1340 D dalvikvm: GC_EXPLICIT freed 295 objects / 11192 bytes in 36ms
10-28 18:35:35.342  1340  1340 D dalvikvm: GC_EXPLICIT freed 88 objects / 3304 bytes in 36ms
10-28 18:35:35.388  1340  1340 D dalvikvm: GC_EXPLICIT freed 605 objects / 22672 bytes in 37ms
10-28 18:35:35.428  1340  1340 D dalvikvm: GC_EXPLICIT freed 13 objects / 752 bytes in 37ms
10-28 18:35:40.212  1325  1611 V SyncActivityLog: not:Stored signature 58909985 for BlurSetupSyncHandler matches 58909985.  Enqueueing.
10-28 18:35:40.212  1325  1611 V SyncEngineController: Enqueuing BlurSetupSyncHandler.  Previous task is done.
10-28 18:35:40.287  1325  1611 I SyncActivityLog: not:Creating new sync task for handler name BlurSetupSyncHandler.  Queue size 0.  Forced false
10-28 18:35:40.326  1325  1984 I SyncActivityLog: ctlr:Starting sync task for BlurSetupSyncHandler
10-28 18:35:40.381  1325  1984 I SyncActivityLog: ctlr:Still enqueued: BlurSetupSyncHandler; 
10-28 18:35:40.389  1325  1984 V ServiceBinder: bind() 0, Intent { act=com.motorola.blur.setup.SetupSyncHandler }
10-28 18:35:40.443  1317  1317 V BlurSyncProtocolHandler: {com.motorola.blur.sync.app.SharedPrefs.PROHIBIT_BATCHING_5=false}
10-28 18:35:40.443  1317  1317 V BlurSyncProtocolHandler: com.motorola.blur.sync.app.SharedPrefs.PROHIBIT_BATCHING_5:false
10-28 18:35:40.443  1317  1317 D BlurSSHS: onBind()
10-28 18:35:40.451  1325  1325 V ServiceBinder: onServiceConnected() ComponentInfo{com.motorola.blur.setupprovider/com.motorola.blur.setupprovider.SetupSyncHandlerService}
10-28 18:35:40.451  1325  1984 V SyncActivityLog: ctlr:Executing sync protocol for BlurSetupSyncHandler. Sync is not forced.
10-28 18:35:40.459  1317  2828 V BlurSyncProtocolHandler: executeSync: handlerName: BlurSetupSyncHandler, isForced: false
10-28 18:35:40.467  1317  6144 V BlurSyncProtocolHandler: Beginning sync of Setup Sync Handler.  Forced: false. Batching prohibited: false. Timeout of 600 seconds for completion.
10-28 18:35:40.709  1325  2967 I SyncActivityLog: prot:Setup Sync Handler: Starting sync
10-28 18:35:40.842  1325  2181 I SyncActivityLog: prot:Setup Sync Handler: Checking adapter for client changes since sync is unforced
10-28 18:35:40.881  1317  6144 V 2WySncPrtclMdtr: Client has changes, so executing sync.
10-28 18:35:40.928  1325  1352 I SyncActivityLog: prot:Setup Sync Handler: Getting the client's last anchor
10-28 18:35:40.998  1317  6144 I SetupSyncAdapter: getLastClientAnchor: 658
10-28 18:35:40.998  1317  6144 V 2WySncPrtclMdtr: Client is at anchor 658
10-28 18:35:40.998  1317  6144 V ServiceBinder: bind() 0, Intent { act=com.motorola.blur.service.blur.Actions.BIND_SYNC_WSPROXY_SVC }
10-28 18:35:41.006  1317  1317 V ServiceBinder: onServiceConnected() ComponentInfo{com.motorola.blur.service.blur/com.motorola.blur.service.blur.sync.ws.impl.BlurSyncWSClient2}
10-28 18:35:41.077  1325  1358 I SyncActivityLog: prot:Setup Sync Handler: Calling Blur ws update through proxy.  Attempt 1
10-28 18:35:41.138  1325  1800 V SyncActivityLog: prot:Cache miss for sync app id 5. Must make batching call to cloud.
10-28 18:35:41.201  1325  1800 V SyncUpdateManager: Batching app ids: [20, 60, 50, 40, 70, 31, 80, 2, 5]; is secure: false
10-28 18:35:41.232  1325  1630 D WSBase  : processing request: sync/1/updates
10-28 18:35:41.310  1325  1630 D dalvikvm: GC_FOR_MALLOC freed 9322 objects / 716880 bytes in 56ms
10-28 18:35:41.357  1325  1630 I WSBase  : doRequest(): url: http://ws-cloud216-blur.svcmot.com:80/blur-services-1.0/ws/sync/1/updates/0000019A50D8/4503599654260952?k=android&l=100000019a50d8&f=pb&p=163&h=HAwwKThPgqq5W/bcxZ8URNhKgg&of=0&ssl=0
10-28 18:35:42.099  1325  1800 V SyncActivityLog: prot:Client sync app id 20 is already up-to-date.
10-28 18:35:42.115  1325  1630 D WSBase  : doRequest(): sync/1/updates resp length: 478
10-28 18:35:42.146  1325  1800 V SyncActivityLog: prot:Client sync app id 60 is already up-to-date.
10-28 18:35:42.162  1325  1800 V SyncActivityLog: prot:Client sync app id 50 is already up-to-date.
10-28 18:35:42.193  1325  1800 V SyncActivityLog: prot:Client sync app id 40 is already up-to-date.
10-28 18:35:42.217  1325  1800 V SyncActivityLog: prot:Client sync app id 70 is already up-to-date.
10-28 18:35:42.264  1325  1800 V SyncActivityLog: prot:Client sync app id 31 is already up-to-date.
10-28 18:35:42.287  1325  1800 V SyncActivityLog: prot:Client sync app id 80 is already up-to-date.
10-28 18:35:42.326  1325  1800 V SyncActivityLog: prot:Client sync app id 2 is already up-to-date.
10-28 18:35:42.349  1317  6144 V GtUpdtFrmWSColl: No further changes on server for app id 5
10-28 18:35:42.412  1325  1923 I SyncActivityLog: prot:Setup Sync Handler: Updating adapter with server changes.  Attempt 1
10-28 18:35:42.576  1317  6144 I SetupSyncAdapter: getLastClientAnchor: 658
10-28 18:35:42.654  1325  1926 I SyncActivityLog: prot:Setup Sync Handler: Acking change in the client's anchor
10-28 18:35:42.764  1317  6144 V 2WySncPrtclMdtr: Acknowledged that client anchor is 658
10-28 18:35:42.810  1325  1352 I SyncActivityLog: prot:Setup Sync Handler: Checking for local changes
10-28 18:35:42.849  1317  6144 V 2WySncPrtclMdtr: Client has changes.
10-28 18:35:42.889  1325  1358 I SyncActivityLog: prot:Setup Sync Handler: Getting client changes from the adapter.  Attempt 1
10-28 18:35:42.896  1317  6144 D SetupSyncAdapter: No tombstones
10-28 18:35:42.967  1317  6144 D dalvikvm: GC_FOR_MALLOC freed 7373 objects / 448008 bytes in 60ms
10-28 18:35:43.092  1325  1909 I SyncActivityLog: prot:Setup Sync Handler: Calling Blur ws commit through proxy.  Attempt 1
10-28 18:35:43.099  1325  1800 V BlurSyncWSClient2: postClientCommit() with sync app id 5, last client anchor 658, format gpb, is full recovery false, data bytes 7654, is secure false
10-28 18:35:43.107  1325  1626 D WSBase  : processing request: sync/2/commit
10-28 18:35:43.232  1325  1626 I WSBase  : doRequest(): url: http://ws-cloud216-blur.svcmot.com:80/blur-services-1.0/ws/sync/2/commit/0000019A50D8/4503599654260952?k=android&l=100000019a50d8&f=pb&p=7661&h=Fk4bJoQ1kr5TLuhMZ5YB4vWGMs3&of=0&sync_app_id=5&sync_anchor=658&sync_data_format=gpb&ssl=0
10-28 18:35:43.482  1325  1626 D dalvikvm: GC_FOR_MALLOC freed 9233 objects / 707464 bytes in 84ms
10-28 18:35:44.154  1325  1626 D WSBase  : doRequest(): sync/2/commit resp length: 22
10-28 18:35:44.162  1325  1800 V BlurSyncWSClient2: commit response: message_version: 2
10-28 18:35:44.162  1325  1800 V BlurSyncWSClient2: status: OK
10-28 18:35:44.162  1325  1800 V BlurSyncWSClient2: extended_status: ""
10-28 18:35:44.162  1325  1800 V BlurSyncWSClient2: last_client_anchor: "658"
10-28 18:35:44.162  1325  1800 V BlurSyncWSClient2: new_server_anchor: "659"
10-28 18:35:44.162  1325  1800 V BlurSyncWSClient2: data_format: "gpb"
10-28 18:35:44.209  1325  1923 I SyncActivityLog: prot:Setup Sync Handler: Committing to adapter.
10-28 18:35:44.264  1317  6144 I SetupSyncAdapter: Commit server anchor: 659
10-28 18:35:44.373  1317  6144 I SetupSyncAdapter: setLastClientAnchor: 659
10-28 18:35:44.435  1317  6144 V 2WySncPrtclMdtr: Commit to adapter successful
10-28 18:35:44.514  1325  1926 I SyncActivityLog: prot:Setup Sync Handler: Acking change in the client's anchor
10-28 18:35:44.599  1317  6144 V 2WySncPrtclMdtr: Acknowledged that client anchor is 659
10-28 18:35:44.654  1325  2967 I SyncActivityLog: prot:Setup Sync Handler: Checking for local changes
10-28 18:35:44.701  1317  6144 V 2WySncPrtclMdtr: No client changes.
10-28 18:35:44.748  1325  1352 I SyncActivityLog: prot:Setup Sync Handler: Success.
10-28 18:35:44.748  1317  6144 V ServiceBinder: unbind(): 1, Intent { act=com.motorola.blur.service.blur.Actions.BIND_SYNC_WSPROXY_SVC }
10-28 18:35:44.787  1325  1984 I SyncActivityLog: ctlr:Sync protocol for BlurSetupSyncHandler completed with status Ok.  Extended status: Success.
10-28 18:35:44.787  1325  1984 V SyncEngineController: Broadcasting sync completed intent with data type clientsettings/blur
10-28 18:35:44.803  1325  1984 V SyncEngineController: Resetting backoff level for BlurSetupSyncHandler
10-28 18:35:44.803  1325  1984 V ServiceBinder: unbind(): 1, Intent { act=com.motorola.blur.setup.SetupSyncHandler }
10-28 18:35:44.826  1317  1317 D BlurSSR : onReceive(): Receiving call to register with sync engine
10-28 18:35:44.849  1317  1317 V BlurSyncProtocolHandler: Waiting for executor to shutdown.
10-28 18:35:44.857  1317  1317 V BlurSyncProtocolHandler: Executor should be shutdown now.
10-28 18:35:44.857  1317  1317 V BlurSyncProtocolHandler: {com.motorola.blur.sync.app.SharedPrefs.PROHIBIT_BATCHING_5=false}
10-28 18:35:44.857  1317  1317 V BlurSyncProtocolHandler: com.motorola.blur.sync.app.SharedPrefs.PROHIBIT_BATCHING_5:false
10-28 18:35:44.857  1317  1317 D BlurSSHS: onStart()
10-28 18:35:44.857  1317  6145 V ServiceThreadPool: beforeExecute():  active threads: 1, current pool size: 4, largest pool size: 4
10-28 18:35:44.857  1317  6145 V BlurSSHS: Setup sync has completed.  Allow future syncs to be batched.
10-28 18:35:44.865  1317  6145 V BlurSyncProtocolHandler: Sync app id 5 allowing batched updates
10-28 18:35:44.865  1317  1317 V BlurSyncProtocolHandler: Waiting for executor to shutdown.
10-28 18:35:44.865  1317  1317 V BlurSyncProtocolHandler: Executor should be shutdown now.
10-28 18:36:00.014  1235  1243 D KeyguardUpdateMonitor: received broadcast android.intent.action.TIME_TICK
10-28 18:36:00.014  1235  1259 D KeyguardUpdateMonitor: handleTimeUpdate
10-28 18:36:08.178  3823  6147 I zomut.watchdog.monitor: init
10-28 18:36:08.178  3823  6147 I zomut.watchdog.monitor: begin
10-28 18:36:08.240  3823  6147 D dalvikvm: GC_FOR_MALLOC freed 6127 objects / 551440 bytes in 35ms
10-28 18:36:08.310  3823  6147 D dalvikvm: GC_FOR_MALLOC freed 3036 objects / 507272 bytes in 35ms
10-28 18:36:08.381  3823  6147 D dalvikvm: GC_FOR_MALLOC freed 3047 objects / 514472 bytes in 34ms
10-28 18:36:08.459  3823  6147 I zomut.watchdog.monitor: end
10-28 18:36:13.343  1235  1243 V DeviceStorageMonitorService: freeMemory=6643806208
10-28 18:36:13.343  1235  1243 V DeviceStorageMonitorService: Threshold Percentage=10
10-28 18:36:13.343  1235  1243 V DeviceStorageMonitorService: mTotalMemory = 70264913
10-28 18:36:13.343  1235  1243 I DeviceStorageMonitorService: Posting Message again
10-28 18:36:14.576  5921  5921 D dalvikvm: GC_EXPLICIT freed 660 objects / 51424 bytes in 63ms
10-28 18:37:00.021  1235  1243 D KeyguardUpdateMonitor: received broadcast android.intent.action.TIME_TICK
10-28 18:37:00.021  1235  1259 D KeyguardUpdateMonitor: handleTimeUpdate
10-28 18:37:08.529  3823  6148 I zomut.watchdog.monitor: init
10-28 18:37:08.529  3823  6148 I zomut.watchdog.monitor: begin
10-28 18:37:08.584  3823  6148 D dalvikvm: GC_FOR_MALLOC freed 7109 objects / 555400 bytes in 35ms
10-28 18:37:08.654  3823  6148 D dalvikvm: GC_FOR_MALLOC freed 3008 objects / 515048 bytes in 34ms
10-28 18:37:08.724  3823  6148 D dalvikvm: GC_FOR_MALLOC freed 3033 objects / 505504 bytes in 39ms
10-28 18:37:08.810  3823  6148 I zomut.watchdog.monitor: end
10-28 18:37:13.344  1235  1243 V DeviceStorageMonitorService: freeMemory=6643806208
10-28 18:37:13.344  1235  1243 V DeviceStorageMonitorService: Threshold Percentage=10
10-28 18:37:13.344  1235  1243 V DeviceStorageMonitorService: mTotalMemory = 70264913
10-28 18:37:13.344  1235  1243 I DeviceStorageMonitorService: Posting Message again
10-28 18:37:16.545  1235  1254 D BatteryTempPolicy: updateBatteryTemp temperature = 280, Threshhold = 3
10-28 18:37:16.553  1235  1243 D KeyguardUpdateMonitor: received broadcast android.intent.action.BATTERY_CHANGED
10-28 18:37:16.553  1235  1259 D KeyguardUpdateMonitor: handleBatteryUpdate
10-28 18:37:16.560  1235  1243 D StatusBarPolicy: handleBatteryUpdate
10-28 18:37:16.568  5509  5509 E GlobalUnplugService: plugged = true,mBatteryPlugged=true
10-28 18:37:24.053  1376  1376 D dalvikvm: GC_EXPLICIT freed 1884 objects / 111864 bytes in 93ms
10-28 18:37:32.521  1235  1487 D dalvikvm: JIT code cache reset in 3 ms (1048512 bytes 13/0)
10-28 18:37:32.521  1235  1487 D dalvikvm: GC_FOR_MALLOC freed 44578 objects / 2019616 bytes in 134ms
10-28 18:37:32.545  1235  6150 D NativeCrypto: Freeing OpenSSL session
10-28 18:37:44.224  1760  1760 D dalvikvm: GC_EXPLICIT freed 4375 objects / 233184 bytes in 106ms
10-28 18:37:59.865  1466  1466 D dalvikvm: GC_EXPLICIT freed 1486 objects / 79720 bytes in 66ms
10-28 18:38:00.037  1235  1243 D KeyguardUpdateMonitor: received broadcast android.intent.action.TIME_TICK
10-28 18:38:00.045  1235  1259 D KeyguardUpdateMonitor: handleTimeUpdate
10-28 18:38:08.873  3823  6151 I zomut.watchdog.monitor: init
10-28 18:38:08.881  3823  6151 I zomut.watchdog.monitor: begin
10-28 18:38:08.928  3823  6151 D dalvikvm: GC_FOR_MALLOC freed 7047 objects / 541760 bytes in 35ms
10-28 18:38:08.998  3823  6151 D dalvikvm: GC_FOR_MALLOC freed 3007 objects / 516304 bytes in 34ms
10-28 18:38:09.068  3823  6151 D dalvikvm: GC_FOR_MALLOC freed 3030 objects / 505400 bytes in 34ms
10-28 18:38:09.185  3823  6151 D dalvikvm: GC_FOR_MALLOC freed 5563 objects / 493344 bytes in 35ms
10-28 18:38:09.201  3823  6151 I zomut.watchdog.monitor: end
10-28 18:38:13.348  1235  1243 V DeviceStorageMonitorService: freeMemory=6643806208
10-28 18:38:13.349  1235  1243 V DeviceStorageMonitorService: Threshold Percentage=10
10-28 18:38:13.349  1235  1243 V DeviceStorageMonitorService: mTotalMemory = 70264913
10-28 18:38:13.349  1235  1243 I DeviceStorageMonitorService: Posting Message again
10-28 18:38:15.560  1824  1824 D dalvikvm: GC_EXPLICIT freed 93 objects / 5832 bytes in 76ms
10-28 18:38:20.568  5131  5131 D dalvikvm: GC_EXPLICIT freed 145 objects / 8744 bytes in 75ms
10-28 18:38:58.178  1325  1325 D PollingManager: wake lock acquired
10-28 18:38:58.178  1325  1325 D PollingManager: decideWhoNeedsPolling(): polling EmailEngine
10-28 18:38:58.224  1325  1325 D PollingManager: wake lock released
10-28 18:38:58.232  1317  1924 V BlurEmailEngine: Acquired wake lock; count=1
10-28 18:38:58.248  1317  1924 V BlurEmailEngine: Total number of outstanding POLL requests: 0
10-28 18:38:58.248  1317  1924 V BlurEmailEngine: Released wake lock; count=0
10-28 18:39:00.014  1235  1243 D KeyguardUpdateMonitor: received broadcast android.intent.action.TIME_TICK
10-28 18:39:00.014  1235  1259 D KeyguardUpdateMonitor: handleTimeUpdate
