--------- beginning of /dev/log/system
10-29 12:21:29.058  1235  1239 I ActivityManager: Process org.dayup.gtask (pid 1775) has died.
10-29 12:21:29.136  1235  1235 I ActivityManager: Process com.android.vending (pid 1822) has died.
10-29 12:21:29.199  1235  1239 I ActivityManager: Process com.motorola.android.buacontactadapter (pid 1700) has died.
10-29 12:21:29.199  1235  1239 W ActivityManager: Scheduling restart of crashed service com.motorola.android.buacontactadapter/.AuthenticationService in 40386ms
10-29 12:21:29.394  1235  1944 I ActivityManager: Process com.qo.android.moto:remote (pid 2000) has died.
10-29 12:21:29.480  1235  1938 I ActivityManager: Process com.motorola.vclipboard (pid 1491) has died.
10-29 12:21:29.597  1235  1245 I ActivityManager: Start proc com.motorola.usb for service com.motorola.usb/.UsbService: pid=2706 uid=10058 gids={}
10-29 12:21:29.910  1235  1235 I ActivityManager: Process com.motorola.blur.contacts (pid 1498) has died.
10-29 12:21:29.910  1235  1235 W ActivityManager: Scheduling restart of crashed service com.motorola.blur.contacts/.CacheService in 49677ms
10-29 12:21:29.933  1235  1347 I ActivityManager: Process com.qo.android.moto (pid 1582) has died.
10-29 12:21:30.043  1235  1235 I ActivityManager: Process com.motorola.blur.socialmessaging (pid 2007) has died.
10-29 12:21:30.215  1235  1351 I ActivityManager: Process com.nullsoft.winamp (pid 2291) has died.
10-29 12:21:30.332  1235  1936 I ActivityManager: Process com.cequint.cityid (pid 2373) has died.
10-29 12:21:30.418  1235  2033 I ActivityManager: Process com.motorola.blur.contacts.data (pid 1707) has died.
10-29 12:21:30.512  1235  1944 I ActivityManager: Process com.motorola.photowidget (pid 1865) has died.
10-29 12:21:30.512  1235  1944 W ActivityManager: Scheduling restart of crashed service com.motorola.photowidget/.WidgetAidService in 59074ms
10-29 12:21:30.512  1235  1944 W ActivityManager: Scheduling restart of crashed service com.motorola.photowidget/.PhotoWidgetAppProvider$WidgetService in 69074ms
10-29 12:21:30.621  1235  1381 I ActivityManager: Process com.motorola.vvm (pid 1654) has died.
10-29 12:21:30.785  1235  1351 I ActivityManager: Process com.google.android.googlequicksearchbox (pid 1872) has died.
10-29 12:21:30.949  1235  1235 I ActivityManager: Process com.akproduction.notepad (pid 1754) has died.
10-29 12:21:31.183  1235  1235 I ActivityManager: Process com.motorola.process.system (pid 1688) has died.
10-29 12:21:31.269  1235  1909 I ActivityManager: Process com.motorola.blur.alarmclock (pid 1527) has died.
10-29 12:21:31.363  1235  1964 I ActivityManager: Process com.android.music (pid 1367) has died.
10-29 12:21:31.441  1235  1239 I ActivityManager: Process com.motorola.togglewidgets (pid 1857) has died.
10-29 12:21:31.441  1235  1239 W ActivityManager: Scheduling restart of crashed service com.motorola.togglewidgets/.GpsToggle$UpdateService in 78149ms
10-29 12:21:31.527  1235  1964 I ActivityManager: Process com.android.settings (pid 2554) has died.
10-29 12:21:31.762  1235  1347 W InputManagerService: Starting input on non-focused client com.android.internal.view.IInputMethodClient$Stub$Proxy@45883b10 (uid=10078 pid=1734)
10-29 12:21:31.769  1235  1239 I ActivityManager: Process com.motorola.batterymanager:deviceStats (pid 1635) has died.
10-29 12:21:31.887  1235  1351 I ActivityManager: Process com.motorola.blur.conversations (pid 1535) has died.
10-29 12:21:32.019  1235  1347 I ActivityManager: Process com.fusionone.android.sync.service (pid 1628) has died.
10-29 12:21:32.019  1235  1347 W ActivityManager: Scheduling restart of crashed service com.fusionone.android.sync.service/.SyncService in 87573ms
10-29 12:21:32.105  1235  2033 I ActivityManager: Process com.motorola.mediashare (pid 2278) has died.
10-29 12:21:32.199  1235  1938 I ActivityManager: Process com.skype.android.verizon (pid 1806) has died.
10-29 12:21:32.199  1235  1938 W ActivityManager: Scheduling restart of crashed service com.skype.android.verizon/.service.SkypeService in 97389ms
10-29 12:21:32.426  1235  1239 I ActivityManager: Process com.amazon.mp3 (pid 1594) has died.
10-29 12:21:32.660  1235  2033 I ActivityManager: Process com.google.android.apps.uploader (pid 1885) has died.
10-29 12:21:32.879  1235  1909 I ActivityManager: Process com.motorola.gallery (pid 2688) has died.
10-29 12:21:32.894  1235  1909 I WindowManager: WIN DEATH: Window{45bfeb90 com.motorola.gallery/com.motorola.gallery.ViewImage paused=false}
10-29 12:21:33.324  1235  1243 I ActivityManager: Starting activity: Intent { dat=googlevoice://conversations/a759e50396f40ed162f0d9073f92b84f6c2a59cd cmp=com.google.android.apps.googlevoice/.PhoneCallListActivity bnds=[0,152][854,248] }
10-29 12:21:33.324  1235  1243 W ActivityManager: startActivity called from non-Activity context; forcing Intent.FLAG_ACTIVITY_NEW_TASK for: Intent { dat=googlevoice://conversations/a759e50396f40ed162f0d9073f92b84f6c2a59cd cmp=com.google.android.apps.googlevoice/.PhoneCallListActivity bnds=[0,152][854,248] }
10-29 12:21:37.795  1235  1245 W ActivityManager: Activity destroy timeout for HistoryRecord{45b8c008 com.motorola.gallery/.ViewImage}
10-29 12:21:39.597  1235  1245 I ActivityManager: Start proc com.motorola.globalunplug for service com.motorola.globalunplug/.service.GlobalUnplugService: pid=2718 uid=10009 gids={}
10-29 12:21:49.613  1235  1245 I ActivityManager: Start proc com.motorola.android.datamanager for service com.motorola.android.datamanager/.DataManagerService: pid=2726 uid=10090 gids={}
10-29 12:21:59.605  1235  1245 I ActivityManager: Start proc com.motorola.android.syncml.service for service com.motorola.android.syncml.service/.SyncEngineService: pid=2734 uid=10072 gids={3003}
10-29 12:22:09.371  1235  1938 W InputManagerService: Window already focused, ignoring focus gain of: com.android.internal.view.IInputMethodClient$Stub$Proxy@4588b7b0
10-29 12:22:09.605  1235  1245 I ActivityManager: Start proc com.motorola.android.buacontactadapter for service com.motorola.android.buacontactadapter/.AuthenticationService: pid=2742 uid=10005 gids={3002, 3001, 3003, 1015}
10-29 12:22:09.722  1235  1243 V DeviceStorageMonitorService: freeMemory=6643634176
10-29 12:22:09.722  1235  1243 V DeviceStorageMonitorService: Threshold Percentage=10
10-29 12:22:09.722  1235  1243 V DeviceStorageMonitorService: mTotalMemory = 70264913
10-29 12:22:09.722  1235  1243 I DeviceStorageMonitorService: Posting Message again
10-29 12:22:10.613  1235  1936 W InputManagerService: Starting input on non-focused client com.android.internal.view.IInputMethodClient$Stub$Proxy@45c9e520 (uid=10105 pid=1758)
10-29 12:22:10.676  1235  1347 W InputManagerService: Starting input on non-focused client com.android.internal.view.IInputMethodClient$Stub$Proxy@45c9e520 (uid=10105 pid=1758)
10-29 12:22:10.699  1235  1380 W InputManagerService: Starting input on non-focused client com.android.internal.view.IInputMethodClient$Stub$Proxy@45c9e520 (uid=10105 pid=1758)
10-29 12:22:11.879  1235  1392 I ActivityManager: Starting activity: Intent { act=android.intent.action.MAIN cat=[android.intent.category.LAUNCHER] flg=0x10200000 cmp=com.google.android.gm/.ConversationListActivityGmail bnds=[219,368][348,478] }
10-29 12:22:11.941  1235  1380 I ActivityManager: Starting activity: Intent { act=android.intent.action.MAIN cat=[android.intent.category.LAUNCHER] flg=0x2000000 cmp=com.google.android.gm/.ConversationListActivity bnds=[219,368][348,478] }
10-29 12:22:13.793  1235  1936 I ActivityManager: Starting activity: Intent { cmp=com.google.android.gm/.HtmlConversationActivity (has extras) }
10-29 12:22:16.621  1235  1391 I ActivityManager: Starting activity: Intent { dat=content://gmail-ls/messages/wyantb%40gmail.com/1047/attachments/0.1/SIMPLE/false cmp=com.google.android.gm/.ViewAttachmentActivity }
10-29 12:22:19.597  1235  1245 I ActivityManager: Start proc com.motorola.blur.contacts for service com.motorola.blur.contacts/.CacheService: pid=2756 uid=10005 gids={3002, 3001, 3003, 1015}
10-29 12:22:19.926  1235  2033 W InputManagerService: Window already focused, ignoring focus gain of: com.android.internal.view.IInputMethodClient$Stub$Proxy@45cf59c0
10-29 12:22:20.035  1235  1245 I ActivityManager: Start proc com.motorola.blur.contacts.data for broadcast com.motorola.blur.contacts.data/.BlurPhotoDownloadActionReceiver: pid=2763 uid=10002 gids={3003, 2001}
10-29 12:22:20.887  1235  1258 I ActivityManager: Config changed: { scale=1.0 imsi=310/4 loc=en_US touch=3 keys=2/1/2 nav=2/1 orien=2 layout=34 uiMode=17 seq=11}
10-29 12:22:21.973  1235  1243 I WindowManager: Setting rotation to 0, animFlags=0
10-29 12:22:21.992  1235  1243 I ActivityManager: Config changed: { scale=1.0 imsi=310/4 loc=en_US touch=3 keys=2/1/2 nav=2/1 orien=1 layout=34 uiMode=17 seq=12}
10-29 12:22:24.613  1235  1570 W InputManagerService: Starting input on non-focused client com.android.internal.view.IInputMethodClient$Stub$Proxy@45883b10 (uid=10078 pid=1734)
10-29 12:22:25.394  1235  1245 I ActivityManager: Start proc com.google.android.googlequicksearchbox for broadcast com.google.android.googlequicksearchbox/.SearchWidgetProvider: pid=2776 uid=10088 gids={3003}
10-29 12:22:26.144  1235  1245 I ActivityManager: Start proc com.motorola.togglewidgets for broadcast com.motorola.togglewidgets/.WifiToggle: pid=2786 uid=10005 gids={3002, 3001, 3003, 1015}
10-29 12:22:26.457  1235  1245 I ActivityManager: Start proc com.android.music for broadcast com.android.music/.MediaAppWidgetProvider: pid=2793 uid=10069 gids={3003, 1015}
10-29 12:22:26.613  1235  1245 I ActivityManager: Start proc com.motorola.photowidget for broadcast com.motorola.photowidget/.PhotoWidgetAppProvider: pid=2799 uid=10022 gids={1015, 9003, 9007, 9008, 2001, 3003}
10-29 12:22:28.449  1235  1391 I ActivityManager: Starting activity: Intent { act=android.intent.action.MAIN cat=[android.intent.category.LAUNCHER] flg=0x10200000 cmp=com.akproduction.notepad/.activity.NoteList bnds=[245,252][355,370] }
10-29 12:22:28.519  1235  1570 I ActivityManager: Start proc com.akproduction.notepad for activity com.akproduction.notepad/.activity.NoteList: pid=2806 uid=10100 gids={3003, 1015}
10-29 12:22:28.715  1235  1909 I ActivityManager: Starting activity: Intent { act=com.akproduction.intent.action.NOTE_LIST flg=0x10000000 cmp=com.akproduction.notepad/.activity.NoteListActivity }
10-29 12:22:29.449  1235  1258 I WindowManager: Setting rotation to 1, animFlags=1
10-29 12:22:29.449  1235  1258 I ActivityManager: Config changed: { scale=1.0 imsi=310/4 loc=en_US touch=3 keys=2/1/1 nav=2/1 orien=2 layout=34 uiMode=17 seq=13}
10-29 12:22:31.066  1235  1347 I ActivityManager: Starting activity: Intent { act=android.intent.action.EDIT dat=content://com.akproduction.provider.AKNotepad/notes/22 cmp=com.akproduction.notepad/.activity.NoteEdit }
10-29 12:22:41.472  1235  2033 I ActivityManager: Start proc com.motorola.blur.socialmessaging for broadcast com.motorola.blur.socialmessaging/.engine.SNMessagingIntentReceiver: pid=2820 uid=10028 gids={3003}
10-29 12:22:42.480  1235  1245 I ActivityManager: Start proc com.motorola.blur.conversations for broadcast com.motorola.blur.conversations/.util.ContactsUpdateReceiver: pid=2829 uid=10018 gids={3003, 9003, 9007, 9008, 2001, 1015}
10-29 12:22:42.840  1235  1391 I ActivityManager: Start proc com.motorola.vvm for broadcast com.motorola.vvm/.utils.ContactsUpdateReceiver: pid=2838 uid=10059 gids={3003, 1015, 3002}
10-29 12:22:59.597  1235  1245 I ActivityManager: Start proc com.fusionone.android.sync.service for service com.fusionone.android.sync.service/.SyncService: pid=2846 uid=10052 gids={3003}
10-29 12:23:09.605  1235  1245 I ActivityManager: Start proc com.skype.android.verizon for service com.skype.android.verizon/.service.SkypeService: pid=2853 uid=10046 gids={3003}
10-29 12:23:09.722  1235  1243 V DeviceStorageMonitorService: freeMemory=6643621888
10-29 12:23:09.722  1235  1243 V DeviceStorageMonitorService: Threshold Percentage=10
10-29 12:23:09.722  1235  1243 V DeviceStorageMonitorService: mTotalMemory = 70264913
10-29 12:23:09.722  1235  1243 I DeviceStorageMonitorService: Posting Message again
10-29 12:23:12.019  1235  1243 D StatusBarPolicy: handleBatteryUpdate
10-29 12:23:12.035  1235  1243 D WifiService: ACTION_BATTERY_CHANGED pluggedType: 0
10-29 12:24:09.728  1235  1243 V DeviceStorageMonitorService: freeMemory=6643621888
10-29 12:24:09.728  1235  1243 V DeviceStorageMonitorService: Threshold Percentage=10
10-29 12:24:09.728  1235  1243 V DeviceStorageMonitorService: mTotalMemory = 70264913
10-29 12:24:09.728  1235  1243 I DeviceStorageMonitorService: Posting Message again
10-29 12:24:33.558  1235  1243 D WifiService: ACTION_SCREEN_OFF
10-29 12:24:38.668  1235  1243 D StatusBar: DISABLE_EXPAND: yes
10-29 12:24:38.668  1235  1243 I InputManagerService: received close system dialog event
10-29 12:24:42.720  1235  1239 W InputManagerService: Starting input on non-focused client com.android.internal.view.IInputMethodClient$Stub$Proxy@45c970d0 (uid=10100 pid=2806)
10-29 12:24:42.736  1235  1243 D WifiService: ACTION_SCREEN_ON -- Checked by Moto
10-29 12:24:42.759  1235  1243 D WifiService: ACTION_SCREEN_ON
10-29 12:24:42.829  1235  1239 W InputManagerService: Starting input on non-focused client com.android.internal.view.IInputMethodClient$Stub$Proxy@45c970d0 (uid=10100 pid=2806)
10-29 12:24:42.837  1235  1240 W InputManagerService: Starting input on non-focused client com.android.internal.view.IInputMethodClient$Stub$Proxy@45c970d0 (uid=10100 pid=2806)
10-29 12:24:44.603  1235  1570 W InputManagerService: Window already focused, ignoring focus gain of: com.android.internal.view.IInputMethodClient$Stub$Proxy@45e109d8
10-29 12:25:12.118  1235  1243 V DeviceStorageMonitorService: freeMemory=6643621888
10-29 12:25:12.118  1235  1243 V DeviceStorageMonitorService: Threshold Percentage=10
10-29 12:25:12.118  1235  1243 V DeviceStorageMonitorService: mTotalMemory = 70264913
10-29 12:25:12.118  1235  1243 I DeviceStorageMonitorService: Posting Message again
10-29 12:26:12.120  1235  1243 V DeviceStorageMonitorService: freeMemory=6643621888
10-29 12:26:12.120  1235  1243 V DeviceStorageMonitorService: Threshold Percentage=10
10-29 12:26:12.120  1235  1243 V DeviceStorageMonitorService: mTotalMemory = 70264913
10-29 12:26:12.120  1235  1243 I DeviceStorageMonitorService: Posting Message again
10-29 12:26:44.728  1235  1243 D WifiService: ACTION_SCREEN_OFF
10-29 12:26:49.739  1235  1243 D StatusBar: DISABLE_EXPAND: yes
10-29 12:26:49.739  1235  1243 I InputManagerService: received close system dialog event
10-29 12:32:18.334  1235  1243 V DeviceStorageMonitorService: freeMemory=6643617792
10-29 12:32:18.334  1235  1243 V DeviceStorageMonitorService: Threshold Percentage=10
10-29 12:32:18.334  1235  1243 V DeviceStorageMonitorService: mTotalMemory = 70264913
10-29 12:32:18.334  1235  1243 I DeviceStorageMonitorService: Posting Message again
10-29 12:32:20.566  1235  1239 W InputManagerService: Starting input on non-focused client com.android.internal.view.IInputMethodClient$Stub$Proxy@45c970d0 (uid=10100 pid=2806)
10-29 12:32:20.613  1235  1347 W InputManagerService: Starting input on non-focused client com.android.internal.view.IInputMethodClient$Stub$Proxy@45c970d0 (uid=10100 pid=2806)
10-29 12:32:20.613  1235  1351 W InputManagerService: Starting input on non-focused client com.android.internal.view.IInputMethodClient$Stub$Proxy@45c970d0 (uid=10100 pid=2806)
10-29 12:32:20.628  1235  1243 D WifiService: ACTION_SCREEN_ON -- Checked by Moto
10-29 12:32:20.660  1235  1243 D WifiService: ACTION_SCREEN_ON
10-29 12:32:22.050  1235  1570 W InputManagerService: Window already focused, ignoring focus gain of: com.android.internal.view.IInputMethodClient$Stub$Proxy@45da8ba8
10-29 12:32:25.636  1235  1243 I ActivityManager: Starting activity: Intent { act=android.intent.action.PROVIDER_CHANGED cat=[wyantb@gmail.com] dat=content://gmail-ls/unread/^i flg=0x4000000 cmp=com.google.android.gm/.ConversationListActivity bnds=[0,152][854,248] (has extras) }
10-29 12:32:25.636  1235  1243 W ActivityManager: startActivity called from non-Activity context; forcing Intent.FLAG_ACTIVITY_NEW_TASK for: Intent { act=android.intent.action.PROVIDER_CHANGED cat=[wyantb@gmail.com] dat=content://gmail-ls/unread/^i flg=0x4000000 cmp=com.google.android.gm/.ConversationListActivity bnds=[0,152][854,248] (has extras) }
10-29 12:32:25.886  1235  2040 I ActivityManager: Starting activity: Intent { cmp=com.google.android.gm/.HtmlConversationActivity (has extras) }
10-29 12:32:26.542  1235  1240 W InputManagerService: Starting input on non-focused client com.android.internal.view.IInputMethodClient$Stub$Proxy@45c970d0 (uid=10100 pid=2806)
10-29 12:32:46.769  1235  1936 I ActivityManager: Starting activity: Intent { cmp=com.google.android.gm/.GviewActivity (has extras) }
10-29 12:32:58.636  1235  1235 I ActivityManager: Starting activity: Intent { dat=content://gmail-ls/messages/wyantb%40gmail.com/1048/attachments/0.2/SIMPLE/false cmp=com.google.android.gm/.ViewAttachmentActivity }
10-29 12:33:03.925  1235  1351 W InputManagerService: Window already focused, ignoring focus gain of: com.android.internal.view.IInputMethodClient$Stub$Proxy@459dd5e8
10-29 12:33:04.722  1235  1243 D StatusBarPolicy: handleBatteryUpdate
10-29 12:33:04.722  1235  1243 D WifiService: ACTION_BATTERY_CHANGED pluggedType: 0
10-29 12:33:07.566  1235  1380 W InputManagerService: Starting input on non-focused client com.android.internal.view.IInputMethodClient$Stub$Proxy@45c970d0 (uid=10100 pid=2806)
10-29 12:33:07.566  1235  1909 W InputManagerService: Starting input on non-focused client com.android.internal.view.IInputMethodClient$Stub$Proxy@45c970d0 (uid=10100 pid=2806)
10-29 12:33:07.628  1235  2040 W InputManagerService: Starting input on non-focused client com.android.internal.view.IInputMethodClient$Stub$Proxy@45883b10 (uid=10078 pid=1734)
10-29 12:33:09.511  1235  1392 I ActivityManager: Starting activity: Intent { act=android.intent.action.EDIT dat=content://com.akproduction.provider.AKNotepad/notes/22 cmp=com.akproduction.notepad/.activity.NoteEdit }
10-29 12:33:15.746  1235  1391 W InputManagerService: Window already focused, ignoring focus gain of: com.android.internal.view.IInputMethodClient$Stub$Proxy@45d0efc8
10-29 12:33:17.417  1235  1243 I InputManagerService: received close system dialog event
10-29 12:33:17.433  1235  1260 I ActivityManager: Starting activity: Intent { act=android.intent.action.MAIN cat=[android.intent.category.HOME] flg=0x10200000 cmp=com.motorola.blur.home/.HomeActivity }
10-29 12:33:17.667  1235  1392 W InputManagerService: Starting input on non-focused client com.android.internal.view.IInputMethodClient$Stub$Proxy@45c970d0 (uid=10100 pid=2806)
10-29 12:33:19.824  1235  1243 V DeviceStorageMonitorService: freeMemory=6643359744
10-29 12:33:19.824  1235  1243 V DeviceStorageMonitorService: Threshold Percentage=10
10-29 12:33:19.824  1235  1243 V DeviceStorageMonitorService: mTotalMemory = 70264913
10-29 12:33:19.824  1235  1243 I DeviceStorageMonitorService: Posting Message again
10-29 12:33:20.824  1235  1391 I ActivityManager: Starting activity: Intent { act=android.intent.action.MAIN cat=[android.intent.category.LAUNCHER] flg=0x10200000 cmp=com.google.android.gm/.ConversationListActivityGmail bnds=[219,368][348,478] }
10-29 12:33:20.925  1235  1936 I ActivityManager: Starting activity: Intent { act=android.intent.action.MAIN cat=[android.intent.category.LAUNCHER] flg=0x2000000 cmp=com.google.android.gm/.ConversationListActivity bnds=[219,368][348,478] }
10-29 12:33:22.761  1235  1936 I ActivityManager: Starting activity: Intent { cmp=com.google.android.gm/.HtmlConversationActivity (has extras) }
10-29 12:33:26.105  1235  1936 I ActivityManager: Starting activity: Intent { cmp=com.google.android.gm/.ComposeActivity (has extras) }
10-29 12:33:55.082  1235  1245 I ActivityManager: Start proc com.google.android.voicesearch for broadcast com.google.android.voicesearch/.logging.LoggingReceiver: pid=2936 uid=10060 gids={3003, 1015}
10-29 12:33:57.753  1235  1243 I InputManagerService: received close system dialog event
10-29 12:33:57.769  1235  1260 I ActivityManager: Starting activity: Intent { act=android.intent.action.MAIN cat=[android.intent.category.HOME] flg=0x10200000 cmp=com.motorola.blur.home/.HomeActivity }
10-29 12:33:57.808  1235  1909 W InputManagerService: Ignoring hideSoftInput of: com.android.internal.view.IInputMethodClient$Stub$Proxy@45dc4b10
10-29 12:33:57.886  1235  2040 W InputManagerService: Starting input on non-focused client com.android.internal.view.IInputMethodClient$Stub$Proxy@45883b10 (uid=10078 pid=1734)
10-29 12:33:58.644  1235  1381 I ActivityManager: Starting activity: Intent { act=android.intent.action.MAIN cat=[android.intent.category.LAUNCHER] flg=0x10200000 cmp=com.akproduction.notepad/.activity.NoteList bnds=[423,148][552,258] }
10-29 12:33:58.683  1235  1351 W InputManagerService: Starting input on non-focused client com.android.internal.view.IInputMethodClient$Stub$Proxy@45883b10 (uid=10078 pid=1734)
10-29 12:33:58.714  1235  1240 I ActivityManager: Starting activity: Intent { act=com.akproduction.intent.action.NOTE_LIST flg=0x10000000 cmp=com.akproduction.notepad/.activity.NoteListActivity }
10-29 12:33:58.847  1235  2033 W InputManagerService: Starting input on non-focused client com.android.internal.view.IInputMethodClient$Stub$Proxy@45c970d0 (uid=10100 pid=2806)
10-29 12:33:58.855  1235  1240 W InputManagerService: Starting input on non-focused client com.android.internal.view.IInputMethodClient$Stub$Proxy@45c970d0 (uid=10100 pid=2806)
10-29 12:34:19.831  1235  1243 V DeviceStorageMonitorService: freeMemory=6643351552
10-29 12:34:19.832  1235  1243 V DeviceStorageMonitorService: Threshold Percentage=10
10-29 12:34:19.832  1235  1243 V DeviceStorageMonitorService: mTotalMemory = 70264913
10-29 12:34:19.832  1235  1243 I DeviceStorageMonitorService: Posting Message again
10-29 12:35:19.832  1235  1243 V DeviceStorageMonitorService: freeMemory=6643355648
10-29 12:35:19.832  1235  1243 V DeviceStorageMonitorService: Threshold Percentage=10
10-29 12:35:19.832  1235  1243 V DeviceStorageMonitorService: mTotalMemory = 70264913
10-29 12:35:19.832  1235  1243 I DeviceStorageMonitorService: Posting Message again
10-29 12:36:06.069  1235  1245 I ActivityManager: Start proc com.motorola.blur.alarmclock for broadcast com.motorola.blur.alarmclock/.AlarmInitReceiver: pid=2964 uid=10014 gids={}
10-29 12:36:06.335  1235  1239 I ActivityManager: Start proc com.motorola.process.system for broadcast com.motorola.android.fota/.autoupdate.AutoUpdateReceiver: pid=2974 uid=1000 gids={3003, 3002, 3001, 1015, 2001}
10-29 12:36:19.387  1235  1243 V DeviceStorageMonitorService: freeMemory=6643355648
10-29 12:36:19.387  1235  1243 V DeviceStorageMonitorService: Threshold Percentage=10
10-29 12:36:19.387  1235  1243 V DeviceStorageMonitorService: mTotalMemory = 70264913
10-29 12:36:19.387  1235  1243 I DeviceStorageMonitorService: Posting Message again
10-29 12:37:03.343  1235  1243 D WifiService: ACTION_SCREEN_OFF
10-29 12:37:08.617  1235  1243 D StatusBar: DISABLE_EXPAND: yes
10-29 12:37:08.625  1235  1243 I InputManagerService: received close system dialog event
10-29 12:39:13.503  1235  1243 V DeviceStorageMonitorService: freeMemory=6643355648
10-29 12:39:13.503  1235  1243 V DeviceStorageMonitorService: Threshold Percentage=10
10-29 12:39:13.503  1235  1243 V DeviceStorageMonitorService: mTotalMemory = 70264913
10-29 12:39:13.503  1235  1243 I DeviceStorageMonitorService: Posting Message again
10-29 12:42:11.558  1235  1239 W InputManagerService: Starting input on non-focused client com.android.internal.view.IInputMethodClient$Stub$Proxy@45c970d0 (uid=10100 pid=2806)
10-29 12:42:11.620  1235  1243 D WifiService: ACTION_SCREEN_ON -- Checked by Moto
10-29 12:42:11.652  1235  1392 W InputManagerService: Starting input on non-focused client com.android.internal.view.IInputMethodClient$Stub$Proxy@45c970d0 (uid=10100 pid=2806)
10-29 12:42:11.652  1235  1570 W InputManagerService: Starting input on non-focused client com.android.internal.view.IInputMethodClient$Stub$Proxy@45c970d0 (uid=10100 pid=2806)
10-29 12:42:11.683  1235  1243 D WifiService: ACTION_SCREEN_ON
10-29 12:42:13.644  1235  1964 W InputManagerService: Window already focused, ignoring focus gain of: com.android.internal.view.IInputMethodClient$Stub$Proxy@45ddac40
10-29 12:42:54.120  1235  1243 V DeviceStorageMonitorService: freeMemory=6643355648
10-29 12:42:54.120  1235  1243 V DeviceStorageMonitorService: Threshold Percentage=10
10-29 12:42:54.120  1235  1243 V DeviceStorageMonitorService: mTotalMemory = 70264913
10-29 12:42:54.120  1235  1243 I DeviceStorageMonitorService: Posting Message again
10-29 12:43:54.089  1235  1243 I ActivityManager: Starting activity: Intent { act=android.intent.action.PROVIDER_CHANGED cat=[wyantb@gmail.com] dat=content://gmail-ls/unread/^i flg=0x4000000 cmp=com.google.android.gm/.ConversationListActivity bnds=[0,152][854,248] (has extras) }
10-29 12:43:54.089  1235  1243 W ActivityManager: startActivity called from non-Activity context; forcing Intent.FLAG_ACTIVITY_NEW_TASK for: Intent { act=android.intent.action.PROVIDER_CHANGED cat=[wyantb@gmail.com] dat=content://gmail-ls/unread/^i flg=0x4000000 cmp=com.google.android.gm/.ConversationListActivity bnds=[0,152][854,248] (has extras) }
10-29 12:43:54.175  1235  1243 V DeviceStorageMonitorService: freeMemory=6643589120
10-29 12:43:54.175  1235  1243 V DeviceStorageMonitorService: Threshold Percentage=10
10-29 12:43:54.175  1235  1243 V DeviceStorageMonitorService: mTotalMemory = 70264913
10-29 12:43:54.175  1235  1243 I DeviceStorageMonitorService: Posting Message again
10-29 12:43:54.277  1235  1235 I ActivityManager: Starting activity: Intent { cmp=com.google.android.gm/.HtmlConversationActivity (has extras) }
10-29 12:43:54.628  1235  1938 W InputManagerService: Starting input on non-focused client com.android.internal.view.IInputMethodClient$Stub$Proxy@45c970d0 (uid=10100 pid=2806)
10-29 12:44:09.964  1235  1351 I ActivityManager: Starting activity: Intent { cmp=com.google.android.gm/.ComposeActivity (has extras) }
10-29 12:44:10.472  1235  1245 W ActivityManager: Activity pause timeout for HistoryRecord{45b95160 com.google.android.gm/.HtmlConversationActivity}
10-29 12:44:39.097  1235  1243 D StatusBarPolicy: handleBatteryUpdate
10-29 12:44:39.097  1235  1243 D WifiService: ACTION_BATTERY_CHANGED pluggedType: 0
10-29 12:44:54.175  1235  1243 V DeviceStorageMonitorService: freeMemory=6643589120
10-29 12:44:54.175  1235  1243 V DeviceStorageMonitorService: Threshold Percentage=10
10-29 12:44:54.175  1235  1243 V DeviceStorageMonitorService: mTotalMemory = 70264913
10-29 12:44:54.175  1235  1243 I DeviceStorageMonitorService: Posting Message again
10-29 12:45:10.339  1235  1380 W InputManagerService: Starting input on non-focused client com.android.internal.view.IInputMethodClient$Stub$Proxy@45c970d0 (uid=10100 pid=2806)
10-29 12:45:10.339  1235  1964 W InputManagerService: Starting input on non-focused client com.android.internal.view.IInputMethodClient$Stub$Proxy@45c970d0 (uid=10100 pid=2806)
10-29 12:45:10.386  1235  1240 W InputManagerService: Starting input on non-focused client com.android.internal.view.IInputMethodClient$Stub$Proxy@45883b10 (uid=10078 pid=1734)
10-29 12:45:54.183  1235  1243 V DeviceStorageMonitorService: freeMemory=6643585024
10-29 12:45:54.183  1235  1243 V DeviceStorageMonitorService: Threshold Percentage=10
10-29 12:45:54.183  1235  1243 V DeviceStorageMonitorService: mTotalMemory = 70264913
10-29 12:45:54.183  1235  1243 I DeviceStorageMonitorService: Posting Message again
10-29 12:46:54.188  1235  1243 V DeviceStorageMonitorService: freeMemory=6643585024
10-29 12:46:54.188  1235  1243 V DeviceStorageMonitorService: Threshold Percentage=10
10-29 12:46:54.188  1235  1243 V DeviceStorageMonitorService: mTotalMemory = 70264913
10-29 12:46:54.188  1235  1243 I DeviceStorageMonitorService: Posting Message again
10-29 12:47:54.193  1235  1243 V DeviceStorageMonitorService: freeMemory=6643585024
10-29 12:47:54.193  1235  1243 V DeviceStorageMonitorService: Threshold Percentage=10
10-29 12:47:54.193  1235  1243 V DeviceStorageMonitorService: mTotalMemory = 70264913
10-29 12:47:54.193  1235  1243 I DeviceStorageMonitorService: Posting Message again
10-29 12:47:54.566  1235  1243 I ActivityManager: Starting activity: Intent { act=android.intent.action.PROVIDER_CHANGED cat=[wyantb@gmail.com] dat=content://gmail-ls/unread/^i flg=0x4000000 cmp=com.google.android.gm/.ConversationListActivity bnds=[0,152][854,248] (has extras) }
10-29 12:47:54.566  1235  1243 W ActivityManager: startActivity called from non-Activity context; forcing Intent.FLAG_ACTIVITY_NEW_TASK for: Intent { act=android.intent.action.PROVIDER_CHANGED cat=[wyantb@gmail.com] dat=content://gmail-ls/unread/^i flg=0x4000000 cmp=com.google.android.gm/.ConversationListActivity bnds=[0,152][854,248] (has extras) }
10-29 12:47:54.784  1235  1239 I ActivityManager: Starting activity: Intent { cmp=com.google.android.gm/.HtmlConversationActivity (has extras) }
10-29 12:47:55.292  1235  1239 W InputManagerService: Starting input on non-focused client com.android.internal.view.IInputMethodClient$Stub$Proxy@45c970d0 (uid=10100 pid=2806)
10-29 12:48:07.433  1235  1936 W InputManagerService: Starting input on non-focused client com.android.internal.view.IInputMethodClient$Stub$Proxy@45c970d0 (uid=10100 pid=2806)
10-29 12:48:07.441  1235  1964 W InputManagerService: Starting input on non-focused client com.android.internal.view.IInputMethodClient$Stub$Proxy@45c970d0 (uid=10100 pid=2806)
10-29 12:48:07.464  1235  1239 W InputManagerService: Starting input on non-focused client com.android.internal.view.IInputMethodClient$Stub$Proxy@45883b10 (uid=10078 pid=1734)
10-29 12:48:54.198  1235  1243 V DeviceStorageMonitorService: freeMemory=6643589120
10-29 12:48:54.198  1235  1243 V DeviceStorageMonitorService: Threshold Percentage=10
10-29 12:48:54.198  1235  1243 V DeviceStorageMonitorService: mTotalMemory = 70264913
10-29 12:48:54.198  1235  1243 I DeviceStorageMonitorService: Posting Message again
10-29 12:49:54.200  1235  1243 V DeviceStorageMonitorService: freeMemory=6643589120
10-29 12:49:54.200  1235  1243 V DeviceStorageMonitorService: Threshold Percentage=10
10-29 12:49:54.200  1235  1243 V DeviceStorageMonitorService: mTotalMemory = 70264913
10-29 12:49:54.200  1235  1243 I DeviceStorageMonitorService: Posting Message again
10-29 12:50:07.495  1235  1243 D WifiService: ACTION_SCREEN_OFF
10-29 12:50:08.777  1235  1243 D StatusBarPolicy: handleBatteryUpdate
10-29 12:50:08.777  1235  1243 D WifiService: ACTION_BATTERY_CHANGED pluggedType: 0
10-29 12:50:12.597  1235  1243 D StatusBar: DISABLE_EXPAND: yes
10-29 12:50:12.597  1235  1243 I InputManagerService: received close system dialog event
10-29 12:51:45.547  1235  1239 W InputManagerService: Starting input on non-focused client com.android.internal.view.IInputMethodClient$Stub$Proxy@45c970d0 (uid=10100 pid=2806)
10-29 12:51:45.578  1235  1243 D WifiService: ACTION_SCREEN_ON -- Checked by Moto
10-29 12:51:45.609  1235  1243 D WifiService: ACTION_SCREEN_ON
10-29 12:51:45.640  1235  1239 W InputManagerService: Starting input on non-focused client com.android.internal.view.IInputMethodClient$Stub$Proxy@45c970d0 (uid=10100 pid=2806)
10-29 12:51:45.648  1235  1240 W InputManagerService: Starting input on non-focused client com.android.internal.view.IInputMethodClient$Stub$Proxy@45c970d0 (uid=10100 pid=2806)
10-29 12:51:47.312  1235  1909 W InputManagerService: Window already focused, ignoring focus gain of: com.android.internal.view.IInputMethodClient$Stub$Proxy@45db4970
10-29 12:52:17.081  1235  1243 V DeviceStorageMonitorService: freeMemory=6643589120
10-29 12:52:17.081  1235  1243 V DeviceStorageMonitorService: Threshold Percentage=10
10-29 12:52:17.081  1235  1243 V DeviceStorageMonitorService: mTotalMemory = 70264913
10-29 12:52:17.081  1235  1243 I DeviceStorageMonitorService: Posting Message again
10-29 12:53:17.086  1235  1243 V DeviceStorageMonitorService: freeMemory=6643589120
10-29 12:53:17.086  1235  1243 V DeviceStorageMonitorService: Threshold Percentage=10
10-29 12:53:17.086  1235  1243 V DeviceStorageMonitorService: mTotalMemory = 70264913
10-29 12:53:17.086  1235  1243 I DeviceStorageMonitorService: Posting Message again
10-29 12:53:46.781  1235  1260 W WindowManager: No focus window, dropping: KeyEvent{action=1 code=4 repeat=0 meta=0 scancode=158 mFlags=8}
10-29 12:53:47.773  1235  1381 W InputManagerService: Starting input on non-focused client com.android.internal.view.IInputMethodClient$Stub$Proxy@45c970d0 (uid=10100 pid=2806)
10-29 12:53:52.109  1235  1239 I ActivityManager: Starting activity: Intent { act=android.intent.action.MAIN cat=[android.intent.category.LAUNCHER] flg=0x10200000 cmp=com.motorola.vvm/.ui.VvmMainActivity bnds=[627,368][756,478] }
10-29 12:53:52.250  1235  1570 I ActivityManager: Starting activity: Intent { cmp=com.motorola.vvm/.ui.VoicemailCountActivity }
10-29 12:54:11.453  1235  1258 I WindowManager: Setting rotation to 0, animFlags=1
10-29 12:54:11.453  1235  1258 I ActivityManager: Config changed: { scale=1.0 imsi=310/4 loc=en_US touch=3 keys=2/1/2 nav=2/1 orien=1 layout=34 uiMode=17 seq=14}
10-29 12:54:11.508  1235  1258 I UsageStats: Unexpected resume of com.motorola.blur.home while already resumed in com.motorola.blur.home
10-29 12:54:13.406  1235  1243 D WifiService: ACTION_SCREEN_OFF
10-29 12:54:13.539  1235  1243 D StatusBar: DISABLE_EXPAND: yes
10-29 12:54:13.539  1235  1243 I InputManagerService: received close system dialog event
10-29 12:54:13.648  1235  1245 W ActivityManager: Activity pause timeout for HistoryRecord{45bdde68 com.motorola.blur.home/.HomeActivity}
10-29 12:54:17.086  1235  1243 V DeviceStorageMonitorService: freeMemory=6643572736
10-29 12:54:17.086  1235  1243 V DeviceStorageMonitorService: Threshold Percentage=10
10-29 12:54:17.086  1235  1243 V DeviceStorageMonitorService: mTotalMemory = 70264913
10-29 12:54:17.086  1235  1243 I DeviceStorageMonitorService: Posting Message again
10-29 12:55:34.340  1235  1262 D ConnectivityService: ConnectivityChange for WIFI: CONNECTING/AUTHENTICATING
10-29 12:57:32.594  1235  1243 D WifiService: ACTION_SCREEN_ON -- Checked by Moto
10-29 12:57:32.633  1235  1243 D WifiService: ACTION_SCREEN_ON
10-29 12:57:38.957  1235  1243 V DeviceStorageMonitorService: freeMemory=6643576832
10-29 12:57:38.957  1235  1243 V DeviceStorageMonitorService: Threshold Percentage=10
10-29 12:57:38.957  1235  1243 V DeviceStorageMonitorService: mTotalMemory = 70264913
10-29 12:57:38.957  1235  1243 I DeviceStorageMonitorService: Posting Message again
10-29 12:57:42.875  1235  1243 D WifiService: ACTION_SCREEN_OFF
10-29 12:57:54.143  1235  1243 D WifiService: ACTION_SCREEN_ON -- Checked by Moto
10-29 12:57:54.190  1235  1243 D WifiService: ACTION_SCREEN_ON
10-29 12:57:56.347  1235  1944 W InputManagerService: Window already focused, ignoring focus gain of: com.android.internal.view.IInputMethodClient$Stub$Proxy@45d9bc90
10-29 12:57:58.300  1235  1243 D WifiService: ACTION_SCREEN_OFF
10-29 12:57:58.339  1235  1243 D StatusBar: DISABLE_EXPAND: yes
10-29 12:57:58.339  1235  1243 I InputManagerService: received close system dialog event
10-29 12:58:55.808  1235  1245 I ActivityManager: Start proc com.motorola.mediashare for broadcast com.motorola.mediashare/.HomeSyncReceiver: pid=3103 uid=10049 gids={3002, 3001}
10-29 12:58:55.816  1235  1262 D ConnectivityService: Dropping ConnectivityChange for WIFI: CONNECTING/OBTAINING_IPADDR
10-29 12:58:55.816  1235  1262 D ConnectivityService: Dropping ConnectivityChange for WIFI: CONNECTING/OBTAINING_IPADDR
10-29 12:58:56.160  1235  1351 W ActivityManager: finishReceiver called but none active
10-29 12:59:08.626  1235  1262 D ConnectivityService: ConnectivityChange for WIFI: CONNECTED/CONNECTED
10-29 12:59:08.626  1235  1262 D ConnectivityService: Handle CONNECT for WIFI
10-29 12:59:08.626  1235  1262 D ConnectivityService: connecting to a default network
10-29 12:59:08.626  1235  1262 D ConnectivityService: Sending CONNECT bcast for WIFI
10-29 12:59:08.649  1235  1243 D WifiWatchdogService: (android.server.ServerThread) ritwpa2 (00:22:90:93:01:b2) does not require the watchdog
10-29 12:59:08.665  1235  1262 D ConnectivityService: handleConnectivityChange
10-29 12:59:08.665  1235  1262 D ConnectivityService: handleDnsConfig Change
10-29 12:59:08.665  1235  1262 D ConnectivityService: connected: interface tiwlan0 runState=Running
10-29 12:59:08.665  1235  1262 D ConnectivityService: SSID: ritwpa2, BSSID: 00:22:90:93:01:b2, MAC: f8:7b:7a:31:ee:d3, Supplicant state: COMPLETED, RSSI: -86, Link speed: 65, Net ID: 0, Hidden SSID: false, Network mode: 0
10-29 12:59:08.665  1235  1262 D ConnectivityService: ipaddr 129.21.42.126 gateway 129.21.43.254 netmask 255.255.252.0 dns1 129.21.3.17 dns2 129.21.4.18 DHCP server 129.21.13.175 lease 1800 seconds
10-29 12:59:08.665  1235  1262 D ConnectivityService: haveIpAddress=true, obtainingIpAddress=false, scanModeActive=true
10-29 12:59:08.665  1235  1262 D ConnectivityService: lastSignalLevel=0, explicitlyDisabled=false
10-29 12:59:08.665  1235  1262 D ConnectivityService: adding dns 129.21.3.17 for WIFI
10-29 12:59:08.665  1235  1262 D ConnectivityService: adding dns 129.21.4.18 for WIFI
10-29 12:59:08.837  1235  1262 D ConnectivityService: sendStickyBroadcastExt, add feature=null
10-29 12:59:08.899  1235  1351 I ActivityManager: Start proc com.amazon.mp3 for broadcast com.amazon.mp3/.client.receiver.RetryDownloadsReceiver: pid=3140 uid=10035 gids={3003, 1015}
10-29 12:59:09.493  1235  2033 I ActivityManager: Start proc com.google.android.apps.uploader for broadcast com.google.android.apps.uploader/.ConnectivityBroadcastReceiver: pid=3147 uid=10077 gids={3003}
10-29 12:59:26.095  1235  1243 D WifiService: ACTION_SCREEN_ON -- Checked by Moto
10-29 12:59:26.134  1235  1243 D WifiService: ACTION_SCREEN_ON
10-29 12:59:27.517  1235  1235 W InputManagerService: Window already focused, ignoring focus gain of: com.android.internal.view.IInputMethodClient$Stub$Proxy@45dbfee0
10-29 12:59:29.251  1235  1245 I ActivityManager: Start proc org.dayup.gtask for broadcast org.dayup.gtask/.KeyInstalledReceiver: pid=3166 uid=10113 gids={3003, 1007}
10-29 12:59:30.134  1235  2033 I ActivityManager: Starting activity: Intent { act=android.intent.action.MAIN cat=[android.intent.category.LAUNCHER] flg=0x10200000 cmp=com.google.android.gm/.ConversationListActivityGmail bnds=[125,640][235,758] }
10-29 12:59:30.189  1235  1351 I ActivityManager: Starting activity: Intent { act=android.intent.action.MAIN cat=[android.intent.category.LAUNCHER] flg=0x2000000 cmp=com.google.android.gm/.ConversationListActivity bnds=[125,640][235,758] }
10-29 12:59:32.908  1235  1936 I ActivityManager: Starting activity: Intent { cmp=com.google.android.gm/.HtmlConversationActivity (has extras) }
10-29 12:59:39.400  1235  1380 I ActivityManager: Starting activity: Intent { cmp=com.google.android.gm/.ComposeActivity (has extras) }
10-29 12:59:39.416  1235  1243 V DeviceStorageMonitorService: freeMemory=6643576832
10-29 12:59:39.416  1235  1243 V DeviceStorageMonitorService: Threshold Percentage=10
10-29 12:59:39.416  1235  1243 V DeviceStorageMonitorService: mTotalMemory = 70264913
10-29 12:59:39.416  1235  1243 I DeviceStorageMonitorService: Posting Message again
10-29 12:59:40.548  1235  1258 I WindowManager: Setting rotation to 1, animFlags=1
10-29 12:59:40.548  1235  1258 I ActivityManager: Config changed: { scale=1.0 imsi=310/4 loc=en_US touch=3 keys=2/1/1 nav=2/1 orien=2 layout=34 uiMode=17 seq=15}
10-29 12:59:48.759  1235  1239 D WifiService: acquireWifiLockLocked: WifiLock{NetworkLocationProvider type=2 binder=android.os.Binder@45b89348}
10-29 12:59:53.775  1235  1434 D WifiService: releaseWifiLockLocked: WifiLock{NetworkLocationProvider type=2 binder=android.os.Binder@45b89348}
10-29 13:00:39.416  1235  1243 V DeviceStorageMonitorService: freeMemory=6643576832
10-29 13:00:39.416  1235  1243 V DeviceStorageMonitorService: Threshold Percentage=10
10-29 13:00:39.416  1235  1243 V DeviceStorageMonitorService: mTotalMemory = 70264913
10-29 13:00:39.416  1235  1243 I DeviceStorageMonitorService: Posting Message again
10-29 13:00:44.783  1235  1243 D StatusBarPolicy: handleBatteryUpdate
10-29 13:00:44.783  1235  1243 D WifiService: ACTION_BATTERY_CHANGED pluggedType: 0
10-29 13:01:13.384  1235  1262 D ConnectivityService: ConnectivityChange for WIFI: DISCONNECTED/DISCONNECTED
10-29 13:01:13.384  1235  1262 V ConnectivityService: Handle DISCONNECT for WIFI
10-29 13:01:13.384  1235  1262 W ConnectivityService: interface tiwlan0 is useless
10-29 13:01:13.384  1235  1262 D ConnectivityService: disconnecting a default network
10-29 13:01:13.384  1235  1262 D ConnectivityService: getMobileDataEnabled returning true
10-29 13:01:13.408  1235  1262 V ConnectivityService: Attempting to switch to mobile
10-29 13:01:13.408  1235  1262 D ConnectivityService: handleConnectivityChange
10-29 13:01:13.408  1235  1262 D ConnectivityService: handleDnsConfig Change
10-29 13:01:14.451  1235  1262 D ConnectivityService: sendStickyBroadcastExt, add feature=null
10-29 13:01:14.501  1235  1262 D ConnectivityService: ConnectivityChange for mobile: CONNECTING/CONNECTING
10-29 13:01:17.701  1235  1262 D ConnectivityService: ConnectivityChange for mobile: CONNECTED/CONNECTED
10-29 13:01:17.701  1235  1262 D ConnectivityService: Handle CONNECT for mobile
10-29 13:01:17.701  1235  1262 D ConnectivityService: connecting to a default network
10-29 13:01:17.701  1235  1262 D ConnectivityService: Sending CONNECT bcast for mobile
10-29 13:01:17.709  1235  1262 D ConnectivityService: handleConnectivityChange
10-29 13:01:17.709  1235  1262 D ConnectivityService: handleDnsConfig Change
10-29 13:01:17.709  1235  1262 D ConnectivityService: connected: Mobile data state: mobile, CONNECTED
10-29 13:01:17.709  1235  1262 D ConnectivityService: adding dns 66.174.95.44 for mobile
10-29 13:01:17.716  1235  1262 D ConnectivityService: adding dns 66.174.92.14 for mobile
10-29 13:01:18.726  1235  1262 D ConnectivityService: sendStickyBroadcastExt, add feature=null
10-29 13:01:18.779  1235  1262 D ConnectivityService: ConnectivityChange for WIFI: CONNECTING/CONNECTING
10-29 13:01:29.224  1235  1235 W BackupManagerService: dataChanged but no participant pkg='com.android.providers.settings' uid=10002
10-29 13:01:34.709  1235  1262 D ConnectivityService: ConnectivityChange for WIFI: DISCONNECTED/DISCONNECTED
10-29 13:01:34.709  1235  1262 V ConnectivityService: Handle DISCONNECT for WIFI
10-29 13:01:34.709  1235  1262 W ConnectivityService: DISCONNECT for unknown interface tiwlan0
10-29 13:01:34.709  1235  1262 D ConnectivityService: disconnecting a default network
10-29 13:01:34.709  1235  1262 D ConnectivityService: getMobileDataEnabled returning true
10-29 13:01:34.755  1235  1262 V ConnectivityService: Switching to already connected mobile
10-29 13:01:34.755  1235  1262 D ConnectivityService: handleConnectivityChange
10-29 13:01:34.755  1235  1262 D ConnectivityService: handleDnsConfig Change
10-29 13:01:34.755  1235  1262 D ConnectivityService: connected: Mobile data state: mobile, CONNECTED
10-29 13:01:34.755  1235  1262 D ConnectivityService: adding dns 66.174.95.44 for mobile
10-29 13:01:34.755  1235  1262 D ConnectivityService: adding dns 66.174.92.14 for mobile
10-29 13:01:35.755  1235  1262 D ConnectivityService: sendStickyBroadcastExt, add feature=null
10-29 13:01:35.779  1235  1262 D ConnectivityService: sendStickyBroadcastExt, add feature=null
10-29 13:01:38.216  1235  1258 I WindowManager: Setting rotation to 0, animFlags=1
10-29 13:01:38.216  1235  1258 I ActivityManager: Config changed: { scale=1.0 imsi=310/4 loc=en_US touch=3 keys=2/1/2 nav=2/1 orien=1 layout=34 uiMode=17 seq=16}
10-29 13:01:38.216  1235  1258 I UsageStats: Unexpected resume of com.motorola.blur.home while already resumed in com.motorola.blur.home
10-29 13:01:38.623  1235  1243 V DeviceStorageMonitorService: freeMemory=6643568640
10-29 13:01:38.623  1235  1243 V DeviceStorageMonitorService: Threshold Percentage=10
10-29 13:01:38.623  1235  1243 V DeviceStorageMonitorService: mTotalMemory = 70264913
10-29 13:01:38.623  1235  1243 I DeviceStorageMonitorService: Posting Message again
10-29 13:01:39.576  1235  1243 D WifiService: ACTION_SCREEN_OFF
10-29 13:01:39.724  1235  1243 D StatusBar: DISABLE_EXPAND: yes
10-29 13:01:39.732  1235  1243 I InputManagerService: received close system dialog event
10-29 13:01:42.373  1235  1262 D ConnectivityService: ConnectivityChange for WIFI: CONNECTING/OBTAINING_IPADDR
10-29 13:01:46.263  1235  2033 W BackupManagerService: dataChanged but no participant pkg='com.android.providers.settings' uid=10002
10-29 13:01:51.357  1235  1262 D ConnectivityService: ConnectivityChange for WIFI: DISCONNECTED/DISCONNECTED
10-29 13:01:51.357  1235  1262 V ConnectivityService: Handle DISCONNECT for WIFI
10-29 13:01:51.357  1235  1262 W ConnectivityService: DISCONNECT for unknown interface tiwlan0
10-29 13:01:51.357  1235  1262 D ConnectivityService: disconnecting a default network
10-29 13:01:51.357  1235  1262 D ConnectivityService: getMobileDataEnabled returning true
10-29 13:01:51.365  1235  1262 V ConnectivityService: Switching to already connected mobile
10-29 13:01:51.365  1235  1262 D ConnectivityService: handleConnectivityChange
10-29 13:01:51.365  1235  1262 D ConnectivityService: handleDnsConfig Change
10-29 13:01:51.365  1235  1262 D ConnectivityService: connected: Mobile data state: mobile, CONNECTED
10-29 13:01:51.373  1235  1262 D ConnectivityService: adding dns 66.174.95.44 for mobile
10-29 13:01:51.373  1235  1262 D ConnectivityService: adding dns 66.174.92.14 for mobile
10-29 13:01:52.388  1235  1262 D ConnectivityService: sendStickyBroadcastExt, add feature=null
10-29 13:01:52.435  1235  1262 D ConnectivityService: sendStickyBroadcastExt, add feature=null
10-29 13:02:00.608  1235  1262 D ConnectivityService: ConnectivityChange for WIFI: CONNECTING/OBTAINING_IPADDR
10-29 13:02:02.655  1235  1262 D ConnectivityService: ConnectivityChange for WIFI: CONNECTED/CONNECTED
10-29 13:02:02.655  1235  1262 D ConnectivityService: Handle CONNECT for WIFI
10-29 13:02:02.655  1235  1262 D ConnectivityService: connecting to a default network
10-29 13:02:02.655  1235  1262 V ConnectivityService: Policy requires mobile teardown
10-29 13:02:02.670  1235  1262 D ConnectivityService: Sending CONNECT bcast for WIFI
10-29 13:02:02.678  1235  1243 D WifiWatchdogService: (android.server.ServerThread) ritwpa2 (00:22:90:93:00:52) does not require the watchdog
10-29 13:02:02.694  1235  1262 D ConnectivityService: handleConnectivityChange
10-29 13:02:02.694  1235  1262 D ConnectivityService: handleDnsConfig Change
10-29 13:02:02.702  1235  1262 D ConnectivityService: connected: interface tiwlan0 runState=Running
10-29 13:02:02.702  1235  1262 D ConnectivityService: SSID: ritwpa2, BSSID: 00:22:90:93:00:52, MAC: f8:7b:7a:31:ee:d3, Supplicant state: COMPLETED, RSSI: -77, Link speed: 65, Net ID: 0, Hidden SSID: false, Network mode: 0
10-29 13:02:02.702  1235  1262 D ConnectivityService: ipaddr 129.21.42.126 gateway 129.21.43.254 netmask 255.255.252.0 dns1 129.21.3.17 dns2 129.21.4.18 DHCP server 129.21.13.174 lease 1800 seconds
10-29 13:02:02.702  1235  1262 D ConnectivityService: haveIpAddress=true, obtainingIpAddress=false, scanModeActive=true
10-29 13:02:02.702  1235  1262 D ConnectivityService: lastSignalLevel=1, explicitlyDisabled=false
10-29 13:02:02.702  1235  1262 D ConnectivityService: adding dns 129.21.3.17 for WIFI
10-29 13:02:02.702  1235  1262 D ConnectivityService: adding dns 129.21.4.18 for WIFI
10-29 13:02:02.709  1235  1262 D ConnectivityService: sendStickyBroadcastExt, add feature=null
10-29 13:02:02.858  1235  1243 E ConnectivityService: connected default network is not mActiveDefaultNetwork!
10-29 13:02:02.889  1235  2040 E ConnectivityService: connected default network is not mActiveDefaultNetwork!
10-29 13:02:02.889  1235  1235 E ConnectivityService: connected default network is not mActiveDefaultNetwork!
10-29 13:02:02.967  1235  2033 E ConnectivityService: connected default network is not mActiveDefaultNetwork!
10-29 13:02:03.108  1235  1570 E ConnectivityService: connected default network is not mActiveDefaultNetwork!
10-29 13:02:03.108  1235  1938 E ConnectivityService: connected default network is not mActiveDefaultNetwork!
10-29 13:02:03.811  1235  1262 D ConnectivityService: ConnectivityChange for mobile: DISCONNECTED/DISCONNECTED
10-29 13:02:03.811  1235  1262 V ConnectivityService: Handle DISCONNECT for mobile
10-29 13:02:03.811  1235  1262 W ConnectivityService: interface ppp0 is useless
10-29 13:02:03.811  1235  1262 D ConnectivityService: disconnecting a default network
10-29 13:02:03.811  1235  1262 D ConnectivityService: getMobileDataEnabled returning true
10-29 13:02:03.811  1235  1262 V ConnectivityService: Switching to already connected WIFI
10-29 13:02:03.811  1235  1262 D ConnectivityService: handleConnectivityChange
10-29 13:02:03.811  1235  1262 D ConnectivityService: handleDnsConfig Change
10-29 13:02:03.811  1235  1262 D ConnectivityService: connected: interface tiwlan0 runState=Running
10-29 13:02:03.811  1235  1262 D ConnectivityService: SSID: ritwpa2, BSSID: 00:22:90:93:00:52, MAC: f8:7b:7a:31:ee:d3, Supplicant state: COMPLETED, RSSI: -77, Link speed: 65, Net ID: 0, Hidden SSID: false, Network mode: 0
10-29 13:02:03.811  1235  1262 D ConnectivityService: ipaddr 129.21.42.126 gateway 129.21.43.254 netmask 255.255.252.0 dns1 129.21.3.17 dns2 129.21.4.18 DHCP server 129.21.13.174 lease 1800 seconds
