10-28 20:02:19.915  1512  1526 D GroupCache: Encountered source name, blur
10-28 20:02:19.915  1512  1526 D GroupCache: Encountered source name, null
10-28 20:02:19.915  1512  1526 D GroupCache: Encountered source name, facebook
10-28 20:02:19.915  1512  1526 D SourceCache: Returning stroed ICON FOR-com.motorola.blur.service.bsutils.MOTHER_USER_CREDS_TYPE:a0000022712d6a6532772297749992488@random.svcmot.com:facebook
10-28 20:02:19.923  1512  1526 D GroupCache: Encountered source name, facebook
10-28 20:02:19.923  1512  1526 D SourceCache: Returning stroed ICON FOR-com.motorola.blur.service.bsutils.MOTHER_USER_CREDS_TYPE:a0000022712d6a6532772297749992488@random.svcmot.com:facebook
10-28 20:02:19.923  1512  1526 D GroupCache: Notifying observers of the group cache that its state has changed
10-28 20:02:21.681  1316  1316 I AtCmdDelegate: handle message:1
10-28 20:02:21.704  1235  1347 D AlarmManagerService: Kernel timezone updated to 240 minutes west of GMT
10-28 20:02:27.353  1466  1466 D ChipWidgetProvider: a22417 debug in chipwidgetprovider function updatewidget the pendingUpdates is :android.util.SparseIntArray@459eb0e8
10-28 20:02:27.415  1317  1334 D BlurSNMessagingEngine: SNMessagingProvider::getDatabase called
10-28 20:02:27.431  1466  1489 D wubo    : a22417 in getContactName the address comin is :5704000104
10-28 20:02:27.431  1466  1489 D wubo    : a22417 in getContactName the TMConversationUtils.isMultiAddress(address) :false
10-28 20:02:27.431  1466  1489 D wubo    : case 1 a22417 in resolveSingleAddressToName the name  is :null
10-28 20:02:27.431  1466  1489 D wubo    : case 2 a22417 in resolveSingleAddressToName the name  is :null
10-28 20:02:27.493  1466  1489 D TextMsgTransport: case 1 wubo a22417 in getSender the name is :Jim Dudish
10-28 20:02:27.493  1466  1489 D TextMsgTransport: case 1 wubo a22417 in getSender the address is :5704000104
10-28 20:02:27.509  1466  1489 D TextMsgTransport: case 2 wubo a22417 in getSender the name is :Jim Dudish
10-28 20:02:27.509  1466  1489 V TextMsgTransport: DataId: 4488 ContactId: 649 DisplayName >Jim Dudish< when filtering for >5704000104<
10-28 20:02:27.533  1466  1489 D BlurContactsExtensions: ===== targetSize: width=125 height=150
10-28 20:02:27.658  1466  1489 D DateUtil: now.getTimeZone(): Eastern Standard Time
10-28 20:02:27.712  1340  1340 D dalvikvm: GC_EXPLICIT freed 335 objects / 12128 bytes in 36ms
10-28 20:02:32.993  1340  1340 W KeyCharacterMap: Can't open keycharmap file
10-28 20:02:32.993  1340  1340 W KeyCharacterMap: Error loading keycharmap file '/system/usr/keychars/qtouch-touchscreen.kcm.bin'. hw.keyboards.65538.devname='qtouch-touchscreen'
10-28 20:02:32.993  1340  1340 W KeyCharacterMap: Using default keymap: /system/usr/keychars/qwerty.kcm.bin
10-28 20:02:33.181  1235  1243 I InputManagerService: received close system dialog event
10-28 20:02:33.189  1235  2149 I ActivityManager: Starting activity: Intent { act=android.search.action.GLOBAL_SEARCH flg=0x10000000 cmp=com.google.android.googlequicksearchbox/.SearchActivity (has extras) }
10-28 20:02:33.228  1235  2149 I UsageStats: Deleting usage file : usage-20101023
10-28 20:02:33.236  1544  1544 D ComposeMsgActivity: Power Long Key Press - BroadcastReceiver - START
10-28 20:02:33.236  1544  1544 D ComposeMsgActivity: Power Long Key Press - BroadcastReceiver - END
10-28 20:02:33.243  1844  1844 W WidgetAidService: BroadcastReceiver onReceive called
10-28 20:02:33.283  1844  1844 D WidgetAidService: ACTION_HOME_SCREEN_CHANGED - -1
10-28 20:02:33.306  1544  1544 V MessageUtils: MSG-TABLE - query START, uri=content://sms, projection=(_id body priority ), selection=thread_id=14 AND type=3, args=
10-28 20:02:33.408  1844  1844 D WidgetAidService: HomeScreen has lost focus, store the previous state and move to pause
10-28 20:02:33.415  1844  1844 D WidgetAidService: Ignoring the HOME_SCREEN_CHANGED notification as the player is either in paused/playing state
10-28 20:02:33.533  1544  1544 V MessageUtils: MSG-TABLE - query END, counter=-23, cursor=android.content.ContentResolver$CursorWrapperInner@4599cd50, stack= <- log <- verbose <- query <- queryDraftSmsMessage <- deleteTemporarySmsMessage
10-28 20:02:33.751  1851  7392 D QSB.SuggestionProvider: chars=0;feeds=qs,ns,onebox,list,rp,yt;loc=true;auth=false
10-28 20:02:33.775  1544  1544 V MessageUtils: MSG-TABLE - close, counter=-24, cursor=android.content.ContentResolver$CursorWrapperInner@4599cd50, stack= <- log <- verbose <- closeCursor <- deleteTemporarySmsMessage <- access$4800
10-28 20:02:33.783  1544  7393 V MessageUtils: MSG-TABLE - query START, uri=content://mms-sms/draft, projection=(thread_id ), selection=null, args=
10-28 20:02:33.798  1544  7393 V MessageUtils: MSG-TABLE - query END, counter=-23, cursor=android.content.ContentResolver$CursorWrapperInner@458e31d0, stack= <- log <- verbose <- query <- rebuildCache <- access$000
10-28 20:02:33.806  1544  7393 V MessageUtils: MSG-TABLE - close, counter=-24, cursor=android.content.ContentResolver$CursorWrapperInner@458e31d0, stack= <- log <- verbose <- closeCursor <- rebuildCache <- access$000
10-28 20:02:34.189  1851  7392 D QSB.SuggestionProvider: suggestions=
10-28 20:02:38.759  1235  1407 D LocationMasfClient: getNetworkLocation(): Returning cache location with accuracy 3137.0
10-28 20:02:38.759  1235  1364 D libgps  : libgps_get_interface() : returning interface
10-28 20:02:38.767  1235  1364 D libgps  : GpsInterface_inject_location( 43.094912, -77.687331, 3137.000 )
10-28 20:02:45.970  3823  7394 I zomut.watchdog.monitor: init
10-28 20:02:45.970  3823  7394 I zomut.watchdog.monitor: begin
10-28 20:02:46.048  3823  7394 D dalvikvm: GC_FOR_MALLOC freed 4648 objects / 561120 bytes in 35ms
10-28 20:02:46.118  3823  7394 D dalvikvm: GC_FOR_MALLOC freed 3046 objects / 506992 bytes in 35ms
10-28 20:02:46.220  3823  7394 D dalvikvm: GC_FOR_MALLOC freed 4787 objects / 499120 bytes in 34ms
10-28 20:02:46.243  3823  7394 I zomut.watchdog.monitor: end
10-28 20:02:56.197  1424  1424 D ChipWidgetProvider: a22417 debug in chipwidgetprovider function updatewidget the pendingUpdates is :android.util.SparseIntArray@459efd78
10-28 20:02:56.212  1424  1448 D SocialWidgetProvider: doUpdateWidget id: 2 x: 4 y: 1
10-28 20:02:56.236  1424  1448 D SocialWidgetProvider: filterType: 0
10-28 20:02:56.243  1424  1448 D SocialWidgetProvider: filter: read_state=1 AND pub_date>1288224176242 AND owner=0
10-28 20:02:56.267  1424  1448 D SocialWidgetProvider: ===== getImageDimens: width=103 height=141
10-28 20:02:56.267  1424  1448 D BlurContactsExtensions: ===== targetSize: width=103 height=141
10-28 20:02:56.283  1424  1448 D BlurContactsExtensions: ===== imageStream: imageWidth=100 imageHeight=133
10-28 20:02:56.283  1424  1448 D BlurContactsExtensions: ===== Using default android decode api...
10-28 20:02:56.283  1424  1448 D BlurContactsExtensions: ===== Android image decode:  downSample=1 downScaleX=0 downScaleY=0
10-28 20:02:56.283  1424  1448 D BlurContactsExtensions: ===== Cropping img: cropWidth=97 cropHeight=133
10-28 20:02:56.306  1424  1448 D DateUtil: now.getTimeZone(): Eastern Standard Time
10-28 20:02:56.314  1424  1448 V SocialWidgetProvider: DisplayName: Jeremy M. Leavitt for RawContactId: 567
10-28 20:02:56.345  1424  1448 D SocialWidgetProvider: updated id 2:has a new profile picture
10-28 20:02:56.368  1340  1340 D dalvikvm: GC_EXPLICIT freed 426 objects / 17872 bytes in 39ms
10-28 20:03:00.017  1235  1243 D KeyguardUpdateMonitor: received broadcast android.intent.action.TIME_TICK
10-28 20:03:00.017  1235  1259 D KeyguardUpdateMonitor: handleTimeUpdate
10-28 20:03:09.767  6815  6815 D dalvikvm: GC_EXPLICIT freed 1845 objects / 132480 bytes in 79ms
10-28 20:03:13.344  1235  1243 V DeviceStorageMonitorService: freeMemory=6643625984
10-28 20:03:13.344  1235  1243 V DeviceStorageMonitorService: Threshold Percentage=10
10-28 20:03:13.345  1235  1243 V DeviceStorageMonitorService: mTotalMemory = 70264913
10-28 20:03:13.345  1235  1243 I DeviceStorageMonitorService: Posting Message again
10-28 20:03:20.962  1535  1535 D dalvikvm: GC_EXPLICIT freed 329 objects / 16552 bytes in 76ms
10-28 20:03:27.661  1466  1466 D ChipWidgetProvider: a22417 debug in chipwidgetprovider function updatewidget the pendingUpdates is :android.util.SparseIntArray@459eb0e8
10-28 20:03:27.743  1317  2022 D BlurSNMessagingEngine: SNMessagingProvider::getDatabase called
10-28 20:03:27.759  1466  1476 D wubo    : a22417 in getContactName the address comin is :5704000104
10-28 20:03:27.759  1466  1476 D wubo    : a22417 in getContactName the TMConversationUtils.isMultiAddress(address) :false
10-28 20:03:27.759  1466  1476 D wubo    : case 1 a22417 in resolveSingleAddressToName the name  is :null
10-28 20:03:27.759  1466  1476 D wubo    : case 2 a22417 in resolveSingleAddressToName the name  is :null
10-28 20:03:27.822  1466  1476 D TextMsgTransport: case 1 wubo a22417 in getSender the name is :Jim Dudish
10-28 20:03:27.822  1466  1476 D TextMsgTransport: case 1 wubo a22417 in getSender the address is :5704000104
10-28 20:03:27.837  1466  1476 D TextMsgTransport: case 2 wubo a22417 in getSender the name is :Jim Dudish
10-28 20:03:27.837  1466  1476 V TextMsgTransport: DataId: 4488 ContactId: 649 DisplayName >Jim Dudish< when filtering for >5704000104<
10-28 20:03:27.853  1466  1476 D BlurContactsExtensions: ===== targetSize: width=125 height=150
10-28 20:03:27.978  1466  1476 D DateUtil: now.getTimeZone(): Eastern Standard Time
10-28 20:03:28.033  1340  1340 D dalvikvm: GC_EXPLICIT freed 356 objects / 13120 bytes in 36ms
10-28 20:03:36.579  1316  1394 I global  : Default buffer size used in BufferedOutputStream constructor. It would be better to be explicit if an 8k buffer is required.
10-28 20:03:36.579  1316  1316 D SMSDispatcher: New SMS Message Received
10-28 20:03:36.665  1651  1651 V sms     : received SMS is not '//F1' sms!
10-28 20:03:36.673  1544  1544 V SmsReceiver: beginStartingService - START
10-28 20:03:36.673  1544  1544 V SmsReceiver: beginStartingService - synchronized
10-28 20:03:36.673  1544  1544 V SmsReceiver: beginStartingService - Power waked lock acquire request
10-28 20:03:36.673  1544  1544 V SmsReceiver: beginStartingService - Power waked lock acquire done
10-28 20:03:36.673  1544  1544 V MessageUtils: MSG-THREAD START - startService, intent=Intent { act=android.provider.Telephony.SMS_RECEIVED cmp=com.motorola.blur.conversations/.transaction.SmsReceiverService (has extras) }
10-28 20:03:36.673  1544  1544 V SmsReceiver: beginStartingService - END
10-28 20:03:36.712  1544  1544 V SmsReceiverService: onCreate() - START
10-28 20:03:36.712  1544  7395 V MessageUtils: MSG-THREAD END - startService
10-28 20:03:36.728  1235  2149 I ActivityManager: Starting activity: Intent { flg=0x30000000 cmp=com.snakefish.visms/.IncomingMessage (has extras) }
10-28 20:03:36.743  1544  1544 V SmsReceiverService: onCreate() - END
10-28 20:03:36.743  1544  1544 V SmsReceiverService: onStartCommand() - START, startId=1, intent=Intent { act=android.provider.Telephony.SMS_RECEIVED cmp=com.motorola.blur.conversations/.transaction.SmsReceiverService (has extras) }
10-28 20:03:36.743  1544  1544 V SmsReceiverService: onStartCommand() - END
10-28 20:03:36.814  6054  6054 V SmsDbAdapter: Entering value with threadId = 0
10-28 20:03:36.837  1544  7396 V SmsReceiverService: Handling incoming message - START: { what=0 when=64191768 arg1=1 obj=Intent { act=android.provider.Telephony.SMS_RECEIVED cmp=com.motorola.blur.conversations/.transaction.SmsReceiverService (has extras) } }
10-28 20:03:36.837  1544  7396 V SmsReceiverService: handleSmsReceived() - START
10-28 20:03:36.845  1544  7396 V MessageSettings: getAnonymousRecipientPrompt, result=50856042
10-28 20:03:36.845  1544  7396 V Telephony: getOrCreateThreadId uri: content://mms-sms/threadID?recipient=5704000104
10-28 20:03:36.868  6054  6054 I TTS received: : New message received
10-28 20:03:36.868  1437  1442 V TtsService: TTS service received New message received
10-28 20:03:36.868  1437  1442 I TtsService: Stopping
10-28 20:03:36.868  1437  1442 I TtsService: Stopped
10-28 20:03:36.868  1437  1442 V TtsService: TTS processing: New message received
10-28 20:03:36.884  1437  7397 V TtsService: TtsService.setLanguage(eng, USA, )
10-28 20:03:36.884  1437  7397 I SVOX Pico Engine: Language already loaded (en-US == en-US)
10-28 20:03:36.884  1437  7397 I SynthProxy: setting speech rate to 100
10-28 20:03:36.884  1437  7397 I SynthProxy: setting pitch to 100
10-28 20:03:36.986  1138  1232 D AudioHardwareMot: AudioStreamOut::wake: disabling SRC
10-28 20:03:36.994  1138  1232 D AudioHardwareMot: Output 0xb668 exiting standby
10-28 20:03:37.009  1235  1257 I ActivityManager: Displayed activity com.snakefish.visms/.IncomingMessage: 259 ms (total 63770 ms)
10-28 20:03:37.056  1138  1232 D AudioHardwareMot: AudioStreamOutMot::setParameters() fm_attenuate=0;fm_mute=0
10-28 20:03:37.079  1235  1235 W InputManagerService: Starting input on non-focused client com.android.internal.view.IInputMethodClient$Stub$Proxy@45e84bd0 (uid=10088 pid=1851)
10-28 20:03:37.118  1544  7396 V Telephony: getOrCreateThreadId cursor cnt: 1
10-28 20:03:37.275  1544  7396 V Recycler: deleteOldMessagesByThread this: com.motorola.blur.conversations.util.Recycler@458fb998 threadId: 9
10-28 20:03:37.283  1544  7396 V Recycler: deleteMessagesForThread
10-28 20:03:37.283  1544  7396 V MessageUtils: MSG-TABLE - query START, uri=content://mms-sms/sortedConversations/9, projection=(sort_index ), selection=null, args=
10-28 20:03:37.314  1544  7396 V MessageUtils: MSG-TABLE - query END, counter=-23, cursor=android.content.ContentResolver$CursorWrapperInner@4591e570, stack= <- log <- verbose <- query <- deleteMessagesForThread <- deleteOldMessagesByThread
10-28 20:03:37.314  1544  7396 V Recycler: deleteMessagesForThread keep: 200 count: 16 numberToDelete: -184
10-28 20:03:37.314  1544  7396 V MessageUtils: MSG-TABLE - close, counter=-24, cursor=android.content.ContentResolver$CursorWrapperInner@4591e570, stack= <- log <- verbose <- closeCursor <- deleteMessagesForThread <- deleteOldMessagesByThread
10-28 20:03:37.322  1544  7396 D SmsReceiverService: SMS-STATUS - SMS Received, messageUri: content://sms/91, errorCode: 0, address: 5704000104, body: I'm so sick of this testing bullshit.
10-28 20:03:37.329  1544  7396 V MessageUtils: MSG-TABLE - query START, uri=content://mms, projection=(thread_id date _id sub sub_cs ), selection=(msg_box=1 AND seen=0 AND (m_type=132)), args=
10-28 20:03:37.345  1544  7396 V MessageUtils: MSG-TABLE - query END, counter=-23, cursor=android.content.ContentResolver$CursorWrapperInner@458e1220, stack= <- log <- verbose <- query <- getMmsNewMessageNotificationInfo <- updateNewMessageIndicator
10-28 20:03:37.345  1544  7396 V MessageUtils: MSG-TABLE - close, counter=-24, cursor=android.content.ContentResolver$CursorWrapperInner@458e1220, stack= <- log <- verbose <- closeCursor <- getMmsNewMessageNotificationInfo <- updateNewMessageIndicator
10-28 20:03:37.353  1544  7396 V MessageUtils: MSG-TABLE - query START, uri=content://sms, projection=(thread_id date address subject body priority ), selection=(type = 1 AND seen = 0), args=
10-28 20:03:37.361  1544  7396 V MessageUtils: MSG-TABLE - query END, counter=-23, cursor=android.content.ContentResolver$CursorWrapperInner@45901048, stack= <- log <- verbose <- query <- getSmsNewMessageNotificationInfo <- updateNewMessageIndicator
10-28 20:03:37.368  1544  7396 D wubo    : a22417 in getContactName the address comin is :5704000104
10-28 20:03:37.368  1544  7396 D wubo    : a22417 in getContactName the TMConversationUtils.isMultiAddress(address) :false
10-28 20:03:37.368  1544  7396 D wubo    : case 1 a22417 in resolveSingleAddressToName the name  is :null
10-28 20:03:37.368  1544  7396 D wubo    : case 2 a22417 in resolveSingleAddressToName the name  is :null
10-28 20:03:37.447  1544  7396 D wubo    : a22417 in getContactName the address comin is :5704000104
10-28 20:03:37.447  1544  7396 D wubo    : a22417 in getContactName the TMConversationUtils.isMultiAddress(address) :false
10-28 20:03:37.447  1544  7396 D wubo    : case 1 a22417 in resolveSingleAddressToName the name  is :null
10-28 20:03:37.447  1544  7396 D wubo    : case 2 a22417 in resolveSingleAddressToName the name  is :null
10-28 20:03:37.509  1544  7396 V MessageUtils: MSG-TABLE - close, counter=-24, cursor=android.content.ContentResolver$CursorWrapperInner@45901048, stack= <- log <- verbose <- closeCursor <- getSmsNewMessageNotificationInfo <- updateNewMessageIndicator
10-28 20:03:37.572  1544  7396 V AccountStatusHelpers:  updateStatus() - updating account, account=-100 type=2 extra=13
10-28 20:03:37.728  1466  1466 D ChipWidgetProvider: Received intent Intent { act=com.motorola.blur.messaging.SMS_RECEIVED_ACTION dat=content://sms/91 cmp=com.motorola.blur.home.message/.MessageWidgetProvider (has extras) }
10-28 20:03:37.728  1466  1466 D ChipWidgetProvider: a22417 debug in chipwidgetprovider function updatewidget the pendingUpdates is :android.util.SparseIntArray@459eb0e8
10-28 20:03:37.783  1713  1713 D BlurNewMessageActionRec: received Intent { act=com.motorola.blur.messaging.SMS_RECEIVED_ACTION dat=content://sms/91 cmp=com.motorola.blur.contacts.data/.BlurNewMessageActionReceiver (has extras) }
10-28 20:03:37.798  1713  1713 D BlrMsgWatcherService: started with Intent { act=com.motorola.blur.MessageWatcher.ACTION_MESSAGES_AVAILABLE (has extras) }
10-28 20:03:37.798  1713  1713 D BlrMsgWatcherService: Going to sleep ...zzz
10-28 20:03:37.814  1544  7396 D wubo    : a22417 in getContactName the address comin is :5704000104
10-28 20:03:37.814  1544  7396 D wubo    : a22417 in getContactName the TMConversationUtils.isMultiAddress(address) :false
10-28 20:03:37.814  1544  7396 D wubo    : case 1 a22417 in resolveSingleAddressToName the name  is :null
10-28 20:03:37.822  1544  7396 D wubo    : case 2 a22417 in resolveSingleAddressToName the name  is :null
10-28 20:03:37.845  1466  7399 V ServiceThreadPool: beforeExecute():  active threads: 1, current pool size: 4, largest pool size: 8
10-28 20:03:37.868  1466  7399 V MessageWidgetProvider: initialized CharsetUtil in0ms
10-28 20:03:37.868  1317  1576 D BlurSNMessagingEngine: SNMessagingProvider::getDatabase called
10-28 20:03:37.915  1466  1489 D wubo    : a22417 in getContactName the address comin is :5704000104
10-28 20:03:37.915  1466  1489 D wubo    : a22417 in getContactName the TMConversationUtils.isMultiAddress(address) :false
10-28 20:03:37.915  1466  1489 D wubo    : case 1 a22417 in resolveSingleAddressToName the name  is :null
10-28 20:03:37.915  1466  1489 D wubo    : case 2 a22417 in resolveSingleAddressToName the name  is :null
10-28 20:03:38.025  1294  1422 D dalvikvm: GC_FOR_MALLOC freed 6354 objects / 457872 bytes in 86ms
10-28 20:03:38.118  1713  7400 D BlrMsgWatcherService: SmsObserver: lastUpdate=1288310304774
10-28 20:03:38.134  1466  1489 D TextMsgTransport: case 1 wubo a22417 in getSender the name is :Jim Dudish
10-28 20:03:38.134  1466  1489 D TextMsgTransport: case 1 wubo a22417 in getSender the address is :5704000104
10-28 20:03:38.158  1466  1489 D TextMsgTransport: case 2 wubo a22417 in getSender the name is :Jim Dudish
10-28 20:03:38.158  1466  1489 V TextMsgTransport: DataId: 4488 ContactId: 649 DisplayName >Jim Dudish< when filtering for >5704000104<
10-28 20:03:38.181  1466  1489 D BlurContactsExtensions: ===== targetSize: width=125 height=150
10-28 20:03:38.314  1713  7400 D BlrMsgWatcherService: 1 new items since 1288310304774 for SmsObserver
10-28 20:03:38.322  1713  7400 D BlrMsgWatcherService: findPerson query start, uri = content://com.motorola.blur.contacts.extensions/phone_lookup/5704000104?limit=1
10-28 20:03:38.322  1466  1489 D DateUtil: now.getTimeZone(): Eastern Standard Time
10-28 20:03:38.392  1340  1340 D dalvikvm: GC_EXPLICIT freed 339 objects / 12936 bytes in 40ms
10-28 20:03:38.400  1294  2056 D DEBUG   : Selection used is -null
10-28 20:03:38.408  1713  7400 D BlrMsgWatcherService: findPerson cursor count =1
10-28 20:03:38.447  1713  7400 V BlrMsgWatcherService: RawContactId: 647 Communication history: 10 [Limit: 10]
10-28 20:03:38.447  1713  7400 V BlrMsgWatcherService: Earliest time: 1288306413916 Data ID: 11899
10-28 20:03:38.454  1713  7400 V BlrMsgWatcherService: Updating oldest data row... content://com.android.contacts/data/11899
10-28 20:03:38.556  1512  1526 D GroupCache: Groups database table has changed. Refreshing the groups cache
10-28 20:03:38.556  1512  1526 V GroupCache: Queue group cache refresh request, delayed (ms): 3000
10-28 20:03:38.564  1713  7400 D BlrMsgWatcherService: lastUpdate now 1288310616850
10-28 20:03:38.579  1544  7396 D MessagingUtils HDMI: isHdmiOn status : false
10-28 20:03:38.579  1544  7396 D SmsReceiverService: HDMI handleHdmiSmsReceived from address : Jim Dudish
10-28 20:03:38.579  1544  7396 V SmsReceiverService: handleSmsReceived() - END
10-28 20:03:38.587  1544  7396 V SmsReceiver: finishStartingService - START
10-28 20:03:38.587  1544  7396 V SmsReceiver: finishStartingService - release
10-28 20:03:38.587  1544  1544 V SmsReceiverService: onDestroy()
10-28 20:03:38.595  1544  7396 V SmsReceiver: finishStartingService - END
10-28 20:03:38.595  1544  7396 V SmsReceiverService: Handling incoming message - END
10-28 20:03:39.251  1316  1316 I AtCmdDelegate: handle message:1
10-28 20:03:39.275  1235  1240 D AlarmManagerService: Kernel timezone updated to 240 minutes west of GMT
10-28 20:03:39.283  1316  1316 D SystemClock: Setting time of day to sec=1288310619
10-28 20:03:39.059  1235  1243 D KeyguardUpdateMonitor: received broadcast android.intent.action.TIME_SET
10-28 20:03:39.059  1235  1259 D KeyguardUpdateMonitor: handleTimeUpdate
10-28 20:03:39.121  1563  7402 D CalAppWidgetService: SERVICE RUN: widgetId: 9
10-28 20:03:39.121  1563  7402 D CalAppWidgetService: spanX: 4
10-28 20:03:39.121  1563  7402 D CalAppWidgetService: spanX: 1
10-28 20:03:39.160  1563  1563 D AlertReceiver: onReceive: a=android.intent.action.TIME_SET Intent { act=android.intent.action.TIME_SET flg=0x20000000 cmp=com.android.calendar/.AlertReceiver }
10-28 20:03:39.184  1563  7402 D CalAppWidgetService: Widget Calendar Selection string: Calendars.SELECTED=1
10-28 20:03:39.199  1561  1561 I FotaAutoUpdate: autoUpdateFeatureOn:falseautoUpdateAirtimeFree:falseautoUpdateInterval:1209600autoUpdateImplicitDeferInterval:86400autoUpdateAfterMDNChangeInterval:120
10-28 20:03:39.207  1561  1561 I FotaAutoUpdate: onStart Called:android.intent.action.TIME_SET
10-28 20:03:39.207  1561  1561 V FotaAutoUpdate: mServiceHandler is not null
10-28 20:03:39.215  1563  7403 D AlertService: 0 Action = android.intent.action.TIME_SET
10-28 20:03:39.231  1561  7404 I FotaAutoUpdate: handleMessage(android.intent.action.TIME_SET)
10-28 20:03:39.231  1563  7402 D CalAppWidgetService: WVGA device
10-28 20:03:39.231  1563  7402 D CalAppWidgetService: 4x1
10-28 20:03:39.238  1563  7402 D CalAppWidgetService: setHeader() - went into high density if
10-28 20:03:39.277  1563  7401 D Calendar: Schedule alarm at 1288389600000  Fri, Oct 29, 2010 06:00pm
10-28 20:03:39.277  1563  7401 D Calendar: Schedule alarm at 1288310619232  Thu, Oct 28, 2010 08:03pm
10-28 20:03:39.293  1563  1563 D AlertReceiver: onReceive: a=android.intent.action.EVENT_REMINDER Intent { act=android.intent.action.EVENT_REMINDER dat=content://com.android.calendar/1288310619232 flg=0x4 cmp=com.android.calendar/.AlertReceiver (has extras) }
10-28 20:03:39.457  1563  7402 D CalAppWidgetService: no requested update or expired wakelock, bailing
10-28 20:03:39.473  1340  1340 D dalvikvm: GC_EXPLICIT freed 4412 objects / 205928 bytes in 44ms
10-28 20:03:39.481  1563  7403 D Calendar: missed alarms found: 0
10-28 20:03:39.496  1563  7403 D AlertService: alert count:1
10-28 20:03:39.496  1563  7403 D AlertService: alarmTime:1288303200000 alertId:37 eventId:181 state: 1 minutes:120 declined:false beginTime:1288310400000 endTime:1288396800000
10-28 20:03:39.535  1563  7403 D AlertService: ###### creating new alarm notification, numReminders: 1 QUIET
10-28 20:03:39.606  1563  7403 D AlertService: 1288310619232 Action = android.intent.action.EVENT_REMINDER
10-28 20:03:39.652  1235  1235 I ActivityManager: Starting activity: Intent { cmp=com.snakefish.visms/.MainChatWindow (has extras) }
10-28 20:03:39.676  1563  7403 D AlertService: alert count:1
10-28 20:03:39.692  6054  6054 V MainChatWindow, populateConversationList: Thread ID: 0
10-28 20:03:39.699  6054  6054 I System.out: android.database.sqlite.SQLiteDatabase@45a1b758
10-28 20:03:39.707  6054  6054 I TTS received: : Conversation screen
10-28 20:03:39.707  1437  1441 V TtsService: TTS service received Conversation screen
10-28 20:03:39.707  1437  1441 I TtsService: Stopping
10-28 20:03:39.707  1437  1441 I TtsService: Stopped
10-28 20:03:39.707  1437  1441 V TtsService: TTS processing: Conversation screen
10-28 20:03:39.707  1437  7405 V TtsService: TtsService.setLanguage(eng, USA, )
10-28 20:03:39.715  1437  7405 I SVOX Pico Engine: Language already loaded (en-US == en-US)
10-28 20:03:39.715  1437  7405 I SynthProxy: setting speech rate to 100
10-28 20:03:39.715  1437  7405 I SynthProxy: setting pitch to 100
10-28 20:03:39.856  1563  7403 D AlertService: alarmTime:1288303200000 alertId:37 eventId:181 state: 1 minutes:120 declined:false beginTime:1288310400000 endTime:1288396800000
10-28 20:03:39.926  1138  1232 D AudioHardwareMot: AudioStreamOutMot::setParameters() fm_attenuate=0;fm_mute=0
10-28 20:03:40.051  1235  1487 D dalvikvm: GC_EXPLICIT freed 27537 objects / 1175608 bytes in 125ms
10-28 20:03:40.059  1235  1257 I ActivityManager: Displayed activity com.snakefish.visms/.MainChatWindow: 393 ms (total 393 ms)
10-28 20:03:40.098  1563  7403 D AlertService: ###### creating new alarm notification, numReminders: 1 QUIET
10-28 20:03:41.371  1294  1302 D DEBUG   : Selection used is -null
10-28 20:03:41.371  1512  1526 D GroupCache: Getting user-defined groups
10-28 20:03:41.371  1512  1526 D GroupCache: Encountered group title, Family
10-28 20:03:41.379  1512  1526 D GroupCache: Encountered group title, Imported Contacts
10-28 20:03:41.387  1512  1526 D GroupCache: Encountered group title, Usability
10-28 20:03:41.395  1512  1526 D GroupCache: Encountered source name, null
10-28 20:03:41.395  1512  1526 D SourceCache: Returning stroed ICON FOR-com.motorola.android.buacontactadapter:Phone:
10-28 20:03:41.395  1512  1526 D GroupCache: Encountered source name, blur
10-28 20:03:41.395  1512  1526 D GroupCache: Encountered source name, null
10-28 20:03:41.395  1512  1526 D GroupCache: Encountered source name, facebook
10-28 20:03:41.395  1512  1526 D SourceCache: Returning stroed ICON FOR-com.motorola.blur.service.bsutils.MOTHER_USER_CREDS_TYPE:a0000022712d6a6532772297749992488@random.svcmot.com:facebook
10-28 20:03:41.395  1512  1526 D GroupCache: Encountered source name, facebook
10-28 20:03:41.395  1512  1526 D SourceCache: Returning stroed ICON FOR-com.motorola.blur.service.bsutils.MOTHER_USER_CREDS_TYPE:a0000022712d6a6532772297749992488@random.svcmot.com:facebook
10-28 20:03:41.395  1512  1526 D GroupCache: Notifying observers of the group cache that its state has changed
10-28 20:03:44.224  1138  1232 D AudioHardwareMot: AudioStreamOutMot::standby called
10-28 20:03:44.224  1138  1232 D AudioHardwareMot: Output 0xb668 entering standby
10-28 20:03:44.232  1138  1232 D AudioHardwareMot: Closing Output device
10-28 20:03:46.059  3823  7407 I zomut.watchdog.monitor: init
10-28 20:03:46.059  3823  7407 I zomut.watchdog.monitor: begin
10-28 20:03:46.129  3823  7407 D dalvikvm: GC_FOR_MALLOC freed 5107 objects / 566520 bytes in 36ms
10-28 20:03:46.199  3823  7407 D dalvikvm: GC_FOR_MALLOC freed 3012 objects / 505288 bytes in 36ms
10-28 20:03:46.309  3823  7407 D dalvikvm: GC_FOR_MALLOC freed 4394 objects / 497792 bytes in 35ms
10-28 20:03:46.332  3823  7407 I zomut.watchdog.monitor: end
10-28 20:03:48.488  1316  1316 I AtCmdDelegate: handle message:1
10-28 20:03:48.543  1235  1488 D AlarmManagerService: Kernel timezone updated to 240 minutes west of GMT
10-28 20:03:52.660  6054  6054 V SMSDelegate: User pressed search.
10-28 20:03:52.660  1235  1243 I InputManagerService: received close system dialog event
10-28 20:03:52.668  1235  2149 I ActivityManager: Starting activity: Intent { act=android.speech.action.RECOGNIZE_SPEECH cmp=com.google.android.voicesearch/.IntentApiActivity (has extras) }
10-28 20:03:52.715  1544  1544 D ComposeMsgActivity: Power Long Key Press - BroadcastReceiver - START
10-28 20:03:52.731  1544  1544 D ComposeMsgActivity: Power Long Key Press - BroadcastReceiver - END
10-28 20:03:52.746  1544  1544 V MessageUtils: MSG-TABLE - query START, uri=content://sms, projection=(_id body priority ), selection=thread_id=14 AND type=3, args=
10-28 20:03:52.754  1138  1281 V PVPlayer: PVPlayer constructor
10-28 20:03:52.793  1384  1384 D GoogleLoginService: onBind: Intent { act=android.accounts.AccountAuthenticator cmp=com.google.android.gsf/.loginservice.GoogleLoginService }
10-28 20:03:52.793  3503  7410 I RecognitionController: startRecognition(#Intent;action=android.speech.action.RECOGNIZE_SPEECH;component=com.google.android.voicesearch/.IntentApiActivity;B.fullRecognitionResultsRequest=true;S.android.speech.extra.LANGUAGE_MODEL=free_form;S.android.speech.extra.PROMPT=State%20a%20voice%20command;S.calling_package=com.snakefish.visms;end)
10-28 20:03:52.793  3503  7410 I RecognitionController: State change: STARTING -> STARTING
10-28 20:03:52.801  1138  1233 D AudioHardwareMot: AudioHardwareMot::openInputStream enter
10-28 20:03:52.801  1138  1233 D AudioHardwareMot: AudioStreamInMot::set(0xafb0, 40000, 1, 10, 16000)
10-28 20:03:52.801  1138  1233 D AudioHardwareMot: Codec sampling rate already 16000
10-28 20:03:52.801  1138  1233 D AudioPostProcessor: Disabling beamformer due to unsupported sample rate
10-28 20:03:52.801  1138  1233 D AudioPostProcessor: Done updating beamformer library
10-28 20:03:52.801  1138  1233 D AudioHardwareMot: Input bufSize from kernel = 800
10-28 20:03:52.801  1138  1233 D AudioHardwareMot: Input 0x165b0 entering standby
10-28 20:03:52.832  1235  1491 I AudioService:  AudioFocus  requestAudioFocus() from android.media.AudioManager@459514f0
10-28 20:03:52.832  3503  7410 I RecognitionController: State change: STARTING -> RECOGNIZING
10-28 20:03:52.832  1138  7411 D AudioHardwareMot: AudioStreamInMot::setParameters() routing=262144;vr_mode=1
10-28 20:03:52.832  1138  7411 D AudioHardwareMot: set input routing 40000
10-28 20:03:52.832  1138  7411 D AudioHardwareMot: doRouting called
10-28 20:03:52.832  1138  7411 D AudioHardwareMot: Stereo output exists; using 0x2
10-28 20:03:52.832  1138  7411 D AudioHardwareMot: Routing to speaker
10-28 20:03:52.840  1138  7411 D AudioHardwareMot: Input path: DEVICE_IN_BUILTIN_MIC
10-28 20:03:52.840  1138  7411 D AudioHardwareMot: Input path: DEVICE_IN_BUILTIN_MIC single mic
10-28 20:03:52.840  1138  7411 D AudioHardwareMot: received vr_mode 1, which we don't care about yet
10-28 20:03:52.840  1138  7411 D AudioHardwareMot: Codec sampling rate already 16000
10-28 20:03:52.840  1138  7411 D AudioHardwareMot: Input 0x165b0 exiting standby
10-28 20:03:52.840  1138  7411 D AudioHardwareMot: doRouting called
10-28 20:03:52.840  1138  7411 D AudioHardwareMot: Stereo output exists; using 0x2
10-28 20:03:52.840  1138  7411 D AudioHardwareMot: Routing to speaker
10-28 20:03:52.840  1138  7411 D AudioHardwareMot: Input path: DEVICE_IN_BUILTIN_MIC
10-28 20:03:52.840  1138  7411 D AudioHardwareMot: Input path: DEVICE_IN_BUILTIN_MIC single mic
10-28 20:03:52.848  3503  7410 I ServerConnectorImpl: Starting TCP session, url=http://www.google.com/m/voice-search
10-28 20:03:52.902  1235  1257 I ActivityManager: Displayed activity com.google.android.voicesearch/.IntentApiActivity: 222 ms (total 222 ms)
10-28 20:03:52.934  1544  1544 V MessageUtils: MSG-TABLE - query END, counter=-23, cursor=android.content.ContentResolver$CursorWrapperInner@458e0878, stack= <- log <- verbose <- query <- queryDraftSmsMessage <- deleteTemporarySmsMessage
10-28 20:03:52.934  1544  1544 V MessageUtils: MSG-TABLE - close, counter=-24, cursor=android.content.ContentResolver$CursorWrapperInner@458e0878, stack= <- log <- verbose <- closeCursor <- deleteTemporarySmsMessage <- access$4800
10-28 20:03:52.949  1544  7414 V MessageUtils: MSG-TABLE - query START, uri=content://mms-sms/draft, projection=(thread_id ), selection=null, args=
10-28 20:03:52.965  1544  7414 V MessageUtils: MSG-TABLE - query END, counter=-23, cursor=android.content.ContentResolver$CursorWrapperInner@4591d340, stack= <- log <- verbose <- query <- rebuildCache <- access$000
10-28 20:03:52.965  1544  7414 V MessageUtils: MSG-TABLE - close, counter=-24, cursor=android.content.ContentResolver$CursorWrapperInner@4591d340, stack= <- log <- verbose <- closeCursor <- rebuildCache <- access$000
10-28 20:03:52.973  1138  1281 V PVPlayer: construct PlayerDriver
10-28 20:03:52.973  1138  1281 V PlayerDriver: constructor
10-28 20:03:52.973  1138  1281 V PlayerDriver: OpenCore hardware module loaded
10-28 20:03:52.973  1138  1281 V PlayerDriver: start player thread
10-28 20:03:52.973  1138  7415 V PlayerDriver: startPlayerThread
10-28 20:03:52.973  1138  7415 V PlayerDriver: InitializeForThread
10-28 20:03:52.973  1138  7415 V PlayerDriver: OMX_MasterInit
10-28 20:03:52.973  1138  7415 D omx_interface: TIOMXInterface: creating interface
10-28 20:03:52.973  1138  7415 D omx_interface: Calling DLOPEN on OMX_CORE_LIBRARY (libOMX_Core.so)
10-28 20:03:52.973  1138  7415 D omx_interface: DLOPEN SUCCEEDED (libOMX_Core.so)
10-28 20:03:52.973  1138  7415 D omx_interface: TIOMXInterface: library lookup success
10-28 20:03:52.981  1138  7415 D TIOMX_CORE: init count = 1
10-28 20:03:52.988  1138  7415 V PlayerDriver: OsclScheduler::Init
10-28 20:03:52.988  1138  7415 V PlayerDriver: CreatePlayer
10-28 20:03:52.996  1138  7415 D         : enter PVGetInterface
10-28 20:03:52.996  1138  7415 D         : enter Instance
10-28 20:03:52.996  1138  7415 D         : enter SharedLibraryLookup
10-28 20:03:52.996  1138  7415 D         : enter RegisterAllRecognizers
10-28 20:03:53.004  1138  7415 V PlayerDriver: AddToScheduler
10-28 20:03:53.004  1138  7415 V PlayerDriver: PendForExec
10-28 20:03:53.004  1138  7415 V PlayerDriver: OsclActiveScheduler::Current
10-28 20:03:53.004  1138  7415 V PlayerDriver: StartScheduler
10-28 20:03:53.004  1138  1281 V PVPlayer: send PLAYER_SETUP
10-28 20:03:53.004  1138  7415 V PlayerDriver: Send player code: 2
10-28 20:03:53.004  1138  7415 V PlayerDriver: CommandCompleted
10-28 20:03:53.004  1138  7415 V PlayerDriver: Completed command PLAYER_SETUP status=PVMFSuccess
10-28 20:03:53.004  1138  1281 V PVPlayer: send PLAYER_HELPER
10-28 20:03:53.012  1138  7415 V PlayerDriver: Send player code: 3
10-28 20:03:53.012  1138  7415 V PlayerDriver: CommandCompleted
10-28 20:03:53.012  1138  7415 V PlayerDriver: Completed command PLAYER_HELPER status=PVMFSuccess
10-28 20:03:53.012  1138  1281 V PVPlayer: setDataSource(25, 827356, 4560)
10-28 20:03:53.012  1138  5303 V PVPlayer: prepareAsync
10-28 20:03:53.012  1138  5303 V PVPlayer:   data source = sharedfd://32:827356:4560
10-28 20:03:53.012  1138  7415 V PlayerDriver: Send player code: 4
10-28 20:03:53.012  1138  7415 V PlayerDriver: handleSetDataSource
10-28 20:03:53.012  1138  7415 V PlayerDriver: handleSetDataSource- scanning for extension
10-28 20:03:53.012  1138  7415 D         : enter PVOMA1MOTRecognizerPlugin::Recognize
10-28 20:03:53.020  1138  7415 D         : PVOMA1MOTRecognizerPlugin:Recognize MOT_SVC_drm_openSession failed and session =-4
10-28 20:03:53.020  1138  7415 V PlayerDriver: CommandCompleted
10-28 20:03:53.020  1138  7415 V PlayerDriver: Completed command PLAYER_SET_DATA_SOURCE status=PVMFSuccess
10-28 20:03:53.020  1138  7415 V PVPlayer: run_init s=0, cancelled=0
10-28 20:03:53.020  1138  7415 V PlayerDriver: Send player code: 7
10-28 20:03:53.020  1138  7415 V PlayerDriver: release string is 2.2 len 3
10-28 20:03:53.020  1138  7415 V PlayerDriver: CommandCompleted
10-28 20:03:53.020  1138  7415 V PlayerDriver: Completed command PLAYER_INIT status=PVMFSuccess
10-28 20:03:53.020  1138  7415 V PVPlayer: run_set_video_surface s=0, cancelled=0
10-28 20:03:53.020  1138  7415 V PVPlayer: run_set_audio_output s=0, cancelled=0
10-28 20:03:53.020  1138  7415 V PlayerDriver: Send player code: 6
10-28 20:03:53.020  1138  7415 V PlayerDriver: Create realtime output
10-28 20:03:53.020  1138  7415 V PlayerDriver: canSetA2DPDirectMode() A2DP direct disabled
10-28 20:03:53.020  1138  7415 V PlayerDriver: CommandCompleted
10-28 20:03:53.020  1138  7415 V PlayerDriver: Completed command PLAYER_SET_AUDIO_SINK status=PVMFSuccess
10-28 20:03:53.020  1138  7415 V PVPlayer: run_prepare s=0, cancelled=0
10-28 20:03:53.020  1138  7415 V PlayerDriver: Send player code: 8
10-28 20:03:53.020  1138  7415 V PlayerDriver: disable natpkt - 0
10-28 20:03:53.020  1138  7415 V PlayerDriver: HandleInformationalEvent: UNKNOWN PVMFStatus
10-28 20:03:53.020  1138  7415 V PlayerDriver: HandleInformationalEvent: type=44 UNHANDLED
10-28 20:03:53.027  3503  3508 W MediaPlayer: info/warning (1, 44)
10-28 20:03:53.027  1138  7415 V PlayerDriver: CommandCompleted
10-28 20:03:53.035  1138  7415 V PlayerDriver: Completed command PLAYER_PREPARE status=PVMFSuccess
10-28 20:03:53.035  1138  7415 V PlayerDriver: PLAYER_PREPARE complete mDownloadContextData=0x0, mDataReadyReceived=0
10-28 20:03:53.067  1138  7415 V PVPlayer: check_for_live_streaming s=0, cancelled=0
10-28 20:03:53.074  3503  3503 I MediaPlayer: Info (1,44)
10-28 20:03:53.074  1138  7415 E ProfileVideoFrameDrops: PVMediaOutputNodePort :: Early 0 frames :: OnTime 0 frames :: Late 0 frames :: Total 2 frames
10-28 20:03:53.074  1138  7415 E ProfileVideoFrameDrops: PVMediaOutputNodePort :: Early 0.000000 % :: OnTime -0.000000 % :: Late -0.000000 % 
10-28 20:03:53.074  1138  1281 V PVPlayer: PVPlayer constructor
10-28 20:03:53.074  1138  1281 V PVPlayer: construct PlayerDriver
10-28 20:03:53.074  1138  1281 V PlayerDriver: constructor
10-28 20:03:53.074  1138  1281 V PlayerDriver: OpenCore hardware module loaded
10-28 20:03:53.074  1138  1281 V PlayerDriver: start player thread
10-28 20:03:53.074  1138  7417 V PlayerDriver: startPlayerThread
10-28 20:03:53.074  1138  7417 V PlayerDriver: InitializeForThread
10-28 20:03:53.074  1138  7417 V PlayerDriver: OMX_MasterInit
10-28 20:03:53.074  1138  7417 V PlayerDriver: OsclScheduler::Init
10-28 20:03:53.074  1138  7417 V PlayerDriver: CreatePlayer
10-28 20:03:53.074  1138  7417 D         : enter PVGetInterface
10-28 20:03:53.074  1138  7417 D         : enter Instance
10-28 20:03:53.074  1138  7417 D         : enter SharedLibraryLookup
10-28 20:03:53.074  1138  7417 D         : enter RegisterAllRecognizers
10-28 20:03:53.082  1138  7417 V PlayerDriver: AddToScheduler
10-28 20:03:53.082  1138  7417 V PlayerDriver: PendForExec
10-28 20:03:53.082  1138  7417 V PlayerDriver: OsclActiveScheduler::Current
10-28 20:03:53.082  1138  7417 V PlayerDriver: StartScheduler
10-28 20:03:53.082  1138  1281 V PVPlayer: send PLAYER_SETUP
10-28 20:03:53.082  1138  7417 V PlayerDriver: Send player code: 2
10-28 20:03:53.082  1138  7417 V PlayerDriver: CommandCompleted
10-28 20:03:53.082  1138  7417 V PlayerDriver: Completed command PLAYER_SETUP status=PVMFSuccess
10-28 20:03:53.082  1138  1281 V PVPlayer: send PLAYER_HELPER
10-28 20:03:53.082  1138  7417 V PlayerDriver: Send player code: 3
10-28 20:03:53.082  1138  7417 V PlayerDriver: CommandCompleted
10-28 20:03:53.082  1138  7417 V PlayerDriver: Completed command PLAYER_HELPER status=PVMFSuccess
10-28 20:03:53.082  1138  1281 V PVPlayer: setDataSource(33, 803876, 7002)
10-28 20:03:53.082  1138  5303 V PVPlayer: prepareAsync
10-28 20:03:53.082  1138  5303 V PVPlayer:   data source = sharedfd://34:803876:7002
10-28 20:03:53.082  1138  7417 V PlayerDriver: Send player code: 4
10-28 20:03:53.082  1138  7417 V PlayerDriver: handleSetDataSource
10-28 20:03:53.082  1138  7417 V PlayerDriver: handleSetDataSource- scanning for extension
10-28 20:03:53.082  1138  7417 D         : enter PVOMA1MOTRecognizerPlugin::Recognize
10-28 20:03:53.082  1138  7417 D         : PVOMA1MOTRecognizerPlugin:Recognize MOT_SVC_drm_openSession failed and session =-4
10-28 20:03:53.090  1138  7417 V PlayerDriver: CommandCompleted
10-28 20:03:53.090  1138  7417 V PlayerDriver: Completed command PLAYER_SET_DATA_SOURCE status=PVMFSuccess
10-28 20:03:53.090  1138  7417 V PVPlayer: run_init s=0, cancelled=0
10-28 20:03:53.090  1138  7417 V PlayerDriver: Send player code: 7
10-28 20:03:53.090  1138  7417 V PlayerDriver: release string is 2.2 len 3
10-28 20:03:53.090  1138  7417 V PlayerDriver: CommandCompleted
10-28 20:03:53.090  1138  7417 V PlayerDriver: Completed command PLAYER_INIT status=PVMFSuccess
10-28 20:03:53.090  1138  7417 V PVPlayer: run_set_video_surface s=0, cancelled=0
10-28 20:03:53.090  1138  7417 V PVPlayer: run_set_audio_output s=0, cancelled=0
10-28 20:03:53.090  1138  7417 V PlayerDriver: Send player code: 6
10-28 20:03:53.090  1138  7417 V PlayerDriver: Create realtime output
10-28 20:03:53.090  1138  7417 V PlayerDriver: canSetA2DPDirectMode() A2DP direct disabled
10-28 20:03:53.090  1138  7417 V PlayerDriver: CommandCompleted
10-28 20:03:53.090  1138  7417 V PlayerDriver: Completed command PLAYER_SET_AUDIO_SINK status=PVMFSuccess
10-28 20:03:53.090  1138  7417 V PVPlayer: run_prepare s=0, cancelled=0
10-28 20:03:53.090  1138  7417 V PlayerDriver: Send player code: 8
10-28 20:03:53.090  1138  7417 V PlayerDriver: disable natpkt - 0
10-28 20:03:53.090  1138  7417 V PlayerDriver: HandleInformationalEvent: UNKNOWN PVMFStatus
10-28 20:03:53.090  1138  7417 V PlayerDriver: HandleInformationalEvent: type=44 UNHANDLED
10-28 20:03:53.090  3503  6230 W MediaPlayer: info/warning (1, 44)
10-28 20:03:53.098  3503  3503 I MediaPlayer: Info (1,44)
10-28 20:03:53.098  1138  7417 V PlayerDriver: CommandCompleted
10-28 20:03:53.098  1138  7417 V PlayerDriver: Completed command PLAYER_PREPARE status=PVMFSuccess
10-28 20:03:53.098  1138  7417 V PlayerDriver: PLAYER_PREPARE complete mDownloadContextData=0x0, mDataReadyReceived=0
10-28 20:03:53.098  1138  7417 V PVPlayer: check_for_live_streaming s=0, cancelled=0
10-28 20:03:53.098  1138  7417 E ProfileVideoFrameDrops: PVMediaOutputNodePort :: Early 0 frames :: OnTime 0 frames :: Late 0 frames :: Total 4 frames
10-28 20:03:53.098  1138  7417 E ProfileVideoFrameDrops: PVMediaOutputNodePort :: Early 0.000000 % :: OnTime -0.000000 % :: Late -0.000000 % 
10-28 20:03:53.098  1138  1281 V PVPlayer: PVPlayer constructor
10-28 20:03:53.098  1138  1281 V PVPlayer: construct PlayerDriver
10-28 20:03:53.098  3503  7412 I RecognitionController: onReadyForSpeech, noise level:34.70588, snr:-2.9817948
10-28 20:03:53.106  3503  3503 I RecognitionActivity: Start-up latency 395 ms
10-28 20:03:53.121  1138  1281 V PlayerDriver: constructor
10-28 20:03:53.121  1138  1281 V PlayerDriver: OpenCore hardware module loaded
10-28 20:03:53.121  1138  1281 V PlayerDriver: start player thread
10-28 20:03:53.238  1138  7419 V PlayerDriver: startPlayerThread
10-28 20:03:53.238  1138  7419 V PlayerDriver: InitializeForThread
10-28 20:03:53.238  1138  7419 V PlayerDriver: OMX_MasterInit
10-28 20:03:53.238  1138  7419 V PlayerDriver: OsclScheduler::Init
10-28 20:03:53.238  1138  7419 V PlayerDriver: CreatePlayer
10-28 20:03:53.246  1138  7419 D         : enter PVGetInterface
10-28 20:03:53.246  1138  7419 D         : enter Instance
10-28 20:03:53.246  1138  7419 D         : enter SharedLibraryLookup
10-28 20:03:53.246  1138  7419 D         : enter RegisterAllRecognizers
10-28 20:03:53.246  1138  7419 V PlayerDriver: AddToScheduler
10-28 20:03:53.246  1138  7419 V PlayerDriver: PendForExec
10-28 20:03:53.246  1138  7419 V PlayerDriver: OsclActiveScheduler::Current
10-28 20:03:53.246  1138  7419 V PlayerDriver: StartScheduler
10-28 20:03:53.246  1138  1281 V PVPlayer: send PLAYER_SETUP
10-28 20:03:53.246  1138  7419 V PlayerDriver: Send player code: 2
10-28 20:03:53.246  1138  7419 V PlayerDriver: CommandCompleted
10-28 20:03:53.246  1138  7419 V PlayerDriver: Completed command PLAYER_SETUP status=PVMFSuccess
10-28 20:03:53.246  1138  1281 V PVPlayer: send PLAYER_HELPER
10-28 20:03:53.246  1138  7419 V PlayerDriver: Send player code: 3
10-28 20:03:53.246  1138  7419 V PlayerDriver: CommandCompleted
10-28 20:03:53.246  1138  7419 V PlayerDriver: Completed command PLAYER_HELPER status=PVMFSuccess
10-28 20:03:53.246  1138  1281 V PVPlayer: setDataSource(33, 794068, 9758)
10-28 20:03:53.246  1138  5303 V PVPlayer: prepareAsync
10-28 20:03:53.246  1138  5303 V PVPlayer:   data source = sharedfd://35:794068:9758
10-28 20:03:53.246  1138  7419 V PlayerDriver: Send player code: 4
10-28 20:03:53.246  1138  7419 V PlayerDriver: handleSetDataSource
10-28 20:03:53.246  1138  7419 V PlayerDriver: handleSetDataSource- scanning for extension
10-28 20:03:53.254  1138  7419 D         : enter PVOMA1MOTRecognizerPlugin::Recognize
10-28 20:03:53.254  1138  7419 D         : PVOMA1MOTRecognizerPlugin:Recognize MOT_SVC_drm_openSession failed and session =-4
10-28 20:03:53.254  1138  7419 V PlayerDriver: CommandCompleted
10-28 20:03:53.254  1138  7419 V PlayerDriver: Completed command PLAYER_SET_DATA_SOURCE status=PVMFSuccess
10-28 20:03:53.254  1138  7419 V PVPlayer: run_init s=0, cancelled=0
10-28 20:03:53.254  1138  7419 V PlayerDriver: Send player code: 7
10-28 20:03:53.254  1138  7419 V PlayerDriver: release string is 2.2 len 3
10-28 20:03:53.254  1138  7419 V PlayerDriver: CommandCompleted
10-28 20:03:53.254  1138  7419 V PlayerDriver: Completed command PLAYER_INIT status=PVMFSuccess
10-28 20:03:53.254  1138  7419 V PVPlayer: run_set_video_surface s=0, cancelled=0
10-28 20:03:53.254  1138  7419 V PVPlayer: run_set_audio_output s=0, cancelled=0
10-28 20:03:53.254  1138  7419 V PlayerDriver: Send player code: 6
10-28 20:03:53.254  1138  7419 V PlayerDriver: Create realtime output
10-28 20:03:53.254  1138  7419 V PlayerDriver: canSetA2DPDirectMode() A2DP direct disabled
10-28 20:03:53.254  1138  7419 V PlayerDriver: CommandCompleted
10-28 20:03:53.254  1138  7419 V PlayerDriver: Completed command PLAYER_SET_AUDIO_SINK status=PVMFSuccess
10-28 20:03:53.254  1138  7419 V PVPlayer: run_prepare s=0, cancelled=0
10-28 20:03:53.254  1138  7419 V PlayerDriver: Send player code: 8
10-28 20:03:53.254  1138  7419 V PlayerDriver: disable natpkt - 0
10-28 20:03:53.262  1138  7419 V PlayerDriver: HandleInformationalEvent: UNKNOWN PVMFStatus
10-28 20:03:53.262  1138  7419 V PlayerDriver: HandleInformationalEvent: type=44 UNHANDLED
10-28 20:03:53.262  3503  6230 W MediaPlayer: info/warning (1, 44)
10-28 20:03:53.262  3503  3503 I MediaPlayer: Info (1,44)
10-28 20:03:53.262  1138  7419 V PlayerDriver: CommandCompleted
10-28 20:03:53.262  1138  7419 V PlayerDriver: Completed command PLAYER_PREPARE status=PVMFSuccess
10-28 20:03:53.262  1138  7419 V PlayerDriver: PLAYER_PREPARE complete mDownloadContextData=0x0, mDataReadyReceived=0
10-28 20:03:53.262  1138  7419 V PVPlayer: check_for_live_streaming s=0, cancelled=0
10-28 20:03:53.262  1138  7419 E ProfileVideoFrameDrops: PVMediaOutputNodePort :: Early 0 frames :: OnTime 0 frames :: Late 0 frames :: Total 6 frames
10-28 20:03:53.262  1138  7419 E ProfileVideoFrameDrops: PVMediaOutputNodePort :: Early 0.000000 % :: OnTime -0.000000 % :: Late -0.000000 % 
10-28 20:03:53.262  1138  1281 V PVPlayer: PVPlayer constructor
10-28 20:03:53.262  1138  1281 V PVPlayer: construct PlayerDriver
10-28 20:03:53.262  1138  1281 V PlayerDriver: constructor
10-28 20:03:53.262  1138  1281 V PlayerDriver: OpenCore hardware module loaded
10-28 20:03:53.262  1138  1281 V PlayerDriver: start player thread
10-28 20:03:53.262  1138  7421 V PlayerDriver: startPlayerThread
10-28 20:03:53.262  1138  7421 V PlayerDriver: InitializeForThread
10-28 20:03:53.262  1138  7421 V PlayerDriver: OMX_MasterInit
10-28 20:03:53.262  1138  7421 V PlayerDriver: OsclScheduler::Init
10-28 20:03:53.262  1138  7421 V PlayerDriver: CreatePlayer
10-28 20:03:53.270  1138  7421 D         : enter PVGetInterface
10-28 20:03:53.270  1138  7421 D         : enter Instance
10-28 20:03:53.270  1138  7421 D         : enter SharedLibraryLookup
10-28 20:03:53.270  1138  7421 D         : enter RegisterAllRecognizers
10-28 20:03:53.270  1138  7421 V PlayerDriver: AddToScheduler
10-28 20:03:53.270  1138  7421 V PlayerDriver: PendForExec
10-28 20:03:53.270  1138  7421 V PlayerDriver: OsclActiveScheduler::Current
10-28 20:03:53.270  1138  7421 V PlayerDriver: StartScheduler
10-28 20:03:53.270  1138  1281 V PVPlayer: send PLAYER_SETUP
10-28 20:03:53.270  1138  7421 V PlayerDriver: Send player code: 2
10-28 20:03:53.277  1138  7421 V PlayerDriver: CommandCompleted
10-28 20:03:53.277  1138  7421 V PlayerDriver: Completed command PLAYER_SETUP status=PVMFSuccess
10-28 20:03:53.277  1138  1281 V PVPlayer: send PLAYER_HELPER
10-28 20:03:53.277  1138  7421 V PlayerDriver: Send player code: 3
10-28 20:03:53.277  1138  7421 V PlayerDriver: CommandCompleted
10-28 20:03:53.277  1138  7421 V PlayerDriver: Completed command PLAYER_HELPER status=PVMFSuccess
10-28 20:03:53.277  1138  1281 V PVPlayer: setDataSource(33, 814976, 4198)
10-28 20:03:53.277  1138  5303 V PVPlayer: prepareAsync
10-28 20:03:53.277  1138  5303 V PVPlayer:   data source = sharedfd://36:814976:4198
10-28 20:03:53.277  1138  7421 V PlayerDriver: Send player code: 4
10-28 20:03:53.277  1138  7421 V PlayerDriver: handleSetDataSource
10-28 20:03:53.277  1138  7421 V PlayerDriver: handleSetDataSource- scanning for extension
10-28 20:03:53.285  1138  7421 D         : enter PVOMA1MOTRecognizerPlugin::Recognize
