10-28 20:00:13.336  1235  1243 V DeviceStorageMonitorService: Threshold Percentage=10
10-28 20:00:13.337  1235  1243 V DeviceStorageMonitorService: mTotalMemory = 70264913
10-28 20:00:13.337  1235  1243 I DeviceStorageMonitorService: Posting Message again
10-28 20:01:13.339  1235  1243 V DeviceStorageMonitorService: freeMemory=6643621888
10-28 20:01:13.339  1235  1243 V DeviceStorageMonitorService: Threshold Percentage=10
10-28 20:01:13.339  1235  1243 V DeviceStorageMonitorService: mTotalMemory = 70264913
10-28 20:01:13.339  1235  1243 I DeviceStorageMonitorService: Posting Message again
10-28 20:02:13.342  1235  1243 V DeviceStorageMonitorService: freeMemory=6643621888
10-28 20:02:13.342  1235  1243 V DeviceStorageMonitorService: Threshold Percentage=10
10-28 20:02:13.342  1235  1243 V DeviceStorageMonitorService: mTotalMemory = 70264913
10-28 20:02:13.342  1235  1243 I DeviceStorageMonitorService: Posting Message again
10-28 20:02:33.181  1235  1243 I InputManagerService: received close system dialog event
10-28 20:02:33.189  1235  2149 I ActivityManager: Starting activity: Intent { act=android.search.action.GLOBAL_SEARCH flg=0x10000000 cmp=com.google.android.googlequicksearchbox/.SearchActivity (has extras) }
10-28 20:02:33.228  1235  2149 I UsageStats: Deleting usage file : usage-20101023
10-28 20:03:13.344  1235  1243 V DeviceStorageMonitorService: freeMemory=6643625984
10-28 20:03:13.344  1235  1243 V DeviceStorageMonitorService: Threshold Percentage=10
10-28 20:03:13.345  1235  1243 V DeviceStorageMonitorService: mTotalMemory = 70264913
10-28 20:03:13.345  1235  1243 I DeviceStorageMonitorService: Posting Message again
10-28 20:03:36.728  1235  2149 I ActivityManager: Starting activity: Intent { flg=0x30000000 cmp=com.snakefish.visms/.IncomingMessage (has extras) }
10-28 20:03:37.079  1235  1235 W InputManagerService: Starting input on non-focused client com.android.internal.view.IInputMethodClient$Stub$Proxy@45e84bd0 (uid=10088 pid=1851)
10-28 20:03:39.652  1235  1235 I ActivityManager: Starting activity: Intent { cmp=com.snakefish.visms/.MainChatWindow (has extras) }
10-28 20:03:52.660  1235  1243 I InputManagerService: received close system dialog event
10-28 20:03:52.668  1235  2149 I ActivityManager: Starting activity: Intent { act=android.speech.action.RECOGNIZE_SPEECH cmp=com.google.android.voicesearch/.IntentApiActivity (has extras) }
10-28 20:03:56.488  1235  2149 W InputManagerService: Starting input on non-focused client com.android.internal.view.IInputMethodClient$Stub$Proxy@45b873e8 (uid=10060 pid=3503)
10-28 20:04:11.465  1235  1346 I ActivityManager: Starting activity: Intent { cmp=com.snakefish.visms/.MainChatWindow (has extras) }
10-28 20:04:13.106  1235  1243 V DeviceStorageMonitorService: freeMemory=6643625984
10-28 20:04:13.106  1235  1243 V DeviceStorageMonitorService: Threshold Percentage=10
10-28 20:04:13.106  1235  1243 V DeviceStorageMonitorService: mTotalMemory = 70264913
10-28 20:04:13.106  1235  1243 I DeviceStorageMonitorService: Posting Message again
10-28 20:04:14.184  1235  1243 I InputManagerService: received close system dialog event
10-28 20:04:14.191  1235  1240 I ActivityManager: Starting activity: Intent { act=android.speech.action.RECOGNIZE_SPEECH cmp=com.google.android.voicesearch/.IntentApiActivity (has extras) }
10-28 20:04:28.527  1235  1243 I InputManagerService: received close system dialog event
10-28 20:04:28.535  1235  1346 I ActivityManager: Starting activity: Intent { act=android.speech.action.RECOGNIZE_SPEECH cmp=com.google.android.voicesearch/.IntentApiActivity (has extras) }
10-28 20:04:33.309  1235  1239 W InputManagerService: Starting input on non-focused client com.android.internal.view.IInputMethodClient$Stub$Proxy@45b873e8 (uid=10060 pid=3503)
10-28 20:04:44.551  1235  1344 I ActivityManager: Starting activity: Intent { cmp=com.snakefish.visms/.MainChatWindow (has extras) }
10-28 20:04:58.504  1235  1243 I InputManagerService: received close system dialog event
10-28 20:04:58.512  1235  1239 I ActivityManager: Starting activity: Intent { act=android.speech.action.RECOGNIZE_SPEECH cmp=com.google.android.voicesearch/.IntentApiActivity (has extras) }
10-28 20:04:58.762  1235  2089 W InputManagerService: Starting input on non-focused client com.android.internal.view.IInputMethodClient$Stub$Proxy@45d1e930 (uid=10114 pid=6054)
10-28 20:05:05.106  1235  1344 W InputManagerService: Starting input on non-focused client com.android.internal.view.IInputMethodClient$Stub$Proxy@45b873e8 (uid=10060 pid=3503)
10-28 20:05:13.106  1235  1243 V DeviceStorageMonitorService: freeMemory=6643625984
10-28 20:05:13.106  1235  1243 V DeviceStorageMonitorService: Threshold Percentage=10
10-28 20:05:13.106  1235  1243 V DeviceStorageMonitorService: mTotalMemory = 70264913
10-28 20:05:13.106  1235  1243 I DeviceStorageMonitorService: Posting Message again
10-28 20:05:18.262  1235  1243 I InputManagerService: received close system dialog event
10-28 20:05:18.332  1235  1239 I ActivityManager: Starting activity: Intent { act=android.speech.action.RECOGNIZE_SPEECH cmp=com.google.android.voicesearch/.IntentApiActivity (has extras) }
10-28 20:05:18.707  1235  1239 W InputManagerService: Starting input on non-focused client com.android.internal.view.IInputMethodClient$Stub$Proxy@45d1e930 (uid=10114 pid=6054)
10-28 20:05:22.504  1235  1490 I ActivityManager: Starting activity: Intent { cmp=com.snakefish.visms/.TextActivity (has extras) }
10-28 20:05:22.527  1235  2089 W InputManagerService: Starting input on non-focused client com.android.internal.view.IInputMethodClient$Stub$Proxy@45b873e8 (uid=10060 pid=3503)
10-28 20:05:29.715  1235  1243 I InputManagerService: received close system dialog event
10-28 20:05:29.723  1235  2149 I ActivityManager: Starting activity: Intent { act=android.speech.action.RECOGNIZE_SPEECH cmp=com.google.android.voicesearch/.IntentApiActivity (has extras) }
10-28 20:05:29.895  1235  1492 W InputManagerService: Starting input on non-focused client com.android.internal.view.IInputMethodClient$Stub$Proxy@45d1e930 (uid=10114 pid=6054)
10-28 20:05:35.363  1235  1890 W InputManagerService: Starting input on non-focused client com.android.internal.view.IInputMethodClient$Stub$Proxy@45b873e8 (uid=10060 pid=3503)
10-28 20:05:55.567  1235  1243 I InputManagerService: received close system dialog event
10-28 20:05:55.574  1235  2033 I ActivityManager: Starting activity: Intent { act=android.speech.action.RECOGNIZE_SPEECH cmp=com.google.android.voicesearch/.IntentApiActivity (has extras) }
10-28 20:05:55.715  1235  2149 W InputManagerService: Starting input on non-focused client com.android.internal.view.IInputMethodClient$Stub$Proxy@45d1e930 (uid=10114 pid=6054)
10-28 20:05:58.707  1235  1344 W InputManagerService: Starting input on non-focused client com.android.internal.view.IInputMethodClient$Stub$Proxy@45b873e8 (uid=10060 pid=3503)
10-28 20:06:13.110  1235  1243 V DeviceStorageMonitorService: freeMemory=6643613696
10-28 20:06:13.110  1235  1243 V DeviceStorageMonitorService: Threshold Percentage=10
10-28 20:06:13.110  1235  1243 V DeviceStorageMonitorService: mTotalMemory = 70264913
10-28 20:06:13.110  1235  1243 I DeviceStorageMonitorService: Posting Message again
10-28 20:06:55.465  1235  1243 I WindowManager: Setting rotation to 1, animFlags=0
10-28 20:06:55.481  1235  1243 I ActivityManager: Config changed: { scale=1.0 imsi=310/4 loc=en_US touch=3 keys=2/1/2 nav=2/1 orien=2 layout=34 uiMode=17 seq=44}
10-28 20:06:55.574  1235  1243 I UsageStats: Unexpected resume of com.snakefish.visms while already resumed in com.snakefish.visms
10-28 20:06:56.176  1235  1240 W InputManagerService: Starting input on non-focused client com.android.internal.view.IInputMethodClient$Stub$Proxy@45d20d90 (uid=10089 pid=1865)
10-28 20:06:56.184  1235  1889 W InputManagerService: Starting input on non-focused client com.android.internal.view.IInputMethodClient$Stub$Proxy@45d20d90 (uid=10089 pid=1865)
10-28 20:06:56.192  1235  1487 W InputManagerService: Starting input on non-focused client com.android.internal.view.IInputMethodClient$Stub$Proxy@45d20d90 (uid=10089 pid=1865)
10-28 20:06:57.387  1235  1243 I WindowManager: Setting rotation to 0, animFlags=0
10-28 20:06:57.402  1235  1243 I ActivityManager: Config changed: { scale=1.0 imsi=310/4 loc=en_US touch=3 keys=2/1/2 nav=2/1 orien=1 layout=34 uiMode=17 seq=45}
10-28 20:06:57.465  1235  1243 I UsageStats: Unexpected resume of com.snakefish.visms while already resumed in com.snakefish.visms
10-28 20:06:57.762  1235  2149 W InputManagerService: Starting input on non-focused client com.android.internal.view.IInputMethodClient$Stub$Proxy@45d20d90 (uid=10089 pid=1865)
10-28 20:06:57.762  1235  1347 W InputManagerService: Starting input on non-focused client com.android.internal.view.IInputMethodClient$Stub$Proxy@45d20d90 (uid=10089 pid=1865)
10-28 20:07:09.848  1235  1243 I InputManagerService: received close system dialog event
10-28 20:07:09.856  1235  1240 I ActivityManager: Starting activity: Intent { act=android.speech.action.RECOGNIZE_SPEECH cmp=com.google.android.voicesearch/.IntentApiActivity (has extras) }
10-28 20:07:10.020  1235  2149 W InputManagerService: Starting input on non-focused client com.android.internal.view.IInputMethodClient$Stub$Proxy@45d1e930 (uid=10114 pid=6054)
10-28 20:07:13.106  1235  1243 V DeviceStorageMonitorService: freeMemory=6643613696
10-28 20:07:13.106  1235  1243 V DeviceStorageMonitorService: Threshold Percentage=10
10-28 20:07:13.106  1235  1243 V DeviceStorageMonitorService: mTotalMemory = 70264913
10-28 20:07:13.106  1235  1243 I DeviceStorageMonitorService: Posting Message again
10-28 20:07:14.504  1235  1239 W InputManagerService: Starting input on non-focused client com.android.internal.view.IInputMethodClient$Stub$Proxy@45b873e8 (uid=10060 pid=3503)
10-28 20:07:48.652  1235  2089 I ActivityManager: Starting activity: Intent { cmp=com.snakefish.visms/.OptionsList }
10-28 20:08:13.113  1235  1243 V DeviceStorageMonitorService: freeMemory=6643613696
10-28 20:08:13.113  1235  1243 V DeviceStorageMonitorService: Threshold Percentage=10
10-28 20:08:13.113  1235  1243 V DeviceStorageMonitorService: mTotalMemory = 70264913
10-28 20:08:13.113  1235  1243 I DeviceStorageMonitorService: Posting Message again
10-28 20:08:13.192  1235  2033 I ActivityManager: Starting activity: Intent { flg=0x30000000 cmp=com.snakefish.visms/.IncomingMessage (has extras) }
10-28 20:08:13.465  1235  1240 W InputManagerService: Starting input on non-focused client com.android.internal.view.IInputMethodClient$Stub$Proxy@45e84bd0 (uid=10088 pid=1851)
10-28 20:08:37.527  1235  1347 W InputManagerService: Starting input on non-focused client com.android.internal.view.IInputMethodClient$Stub$Proxy@45e84bd0 (uid=10088 pid=1851)
10-28 20:08:37.559  1235  1487 W InputManagerService: Starting input on non-focused client com.android.internal.view.IInputMethodClient$Stub$Proxy@45e84bd0 (uid=10088 pid=1851)
10-28 20:09:13.113  1235  1243 V DeviceStorageMonitorService: freeMemory=6643613696
10-28 20:09:13.113  1235  1243 V DeviceStorageMonitorService: Threshold Percentage=10
10-28 20:09:13.113  1235  1243 V DeviceStorageMonitorService: mTotalMemory = 70264913
10-28 20:09:13.113  1235  1243 I DeviceStorageMonitorService: Posting Message again
10-28 20:09:13.277  1235  1346 I ActivityManager: Starting activity: Intent { act=android.intent.action.MAIN cat=[android.intent.category.LAUNCHER] flg=0x10200000 cmp=com.snakefish.visms/.IncomingMessage }
10-28 20:09:13.629  1235  1239 W InputManagerService: Starting input on non-focused client com.android.internal.view.IInputMethodClient$Stub$Proxy@45bac1d0 (uid=10005 pid=1340)
10-28 20:09:22.676  1235  1239 I ActivityManager: Starting activity: Intent { act=android.intent.action.MAIN cat=[android.intent.category.LAUNCHER] flg=0x10200000 cmp=com.motorola.Camera/.Camera }
10-28 20:09:22.793  1235  1490 I ActivityManager: Start proc com.motorola.Camera for activity com.motorola.Camera/.Camera: pid=7606 uid=10019 gids={1006, 1015}
10-28 20:09:22.863  1235  1488 I WindowManager: Setting rotation to 1, animFlags=1
10-28 20:09:22.879  1235  1488 I ActivityManager: Config changed: { scale=1.0 imsi=310/4 loc=en_US touch=3 keys=2/1/2 nav=2/1 orien=2 layout=34 uiMode=17 seq=46}
10-28 20:09:23.106  1235  1346 W InputManagerService: Starting input on non-focused client com.android.internal.view.IInputMethodClient$Stub$Proxy@45d20d90 (uid=10089 pid=1865)
10-28 20:09:23.106  1235  1239 W InputManagerService: Starting input on non-focused client com.android.internal.view.IInputMethodClient$Stub$Proxy@45d20d90 (uid=10089 pid=1865)
10-28 20:09:23.113  1235  1487 W InputManagerService: Starting input on non-focused client com.android.internal.view.IInputMethodClient$Stub$Proxy@45d20d90 (uid=10089 pid=1865)
10-28 20:09:23.332  1235  1260 W WindowManager: No window to dispatch pointer action 0
10-28 20:09:23.535  1235  1260 W WindowManager: No window to dispatch pointer action 1
10-28 20:09:24.629  1235  2089 I ActivityManager: Process android.process.media (pid 1415) has died.
10-28 20:09:24.660  1235  1260 W WindowManager: No window to dispatch pointer action 0
10-28 20:09:24.832  1235  1260 W WindowManager: No window to dispatch pointer action 1
10-28 20:09:25.176  1235  2089 I ActivityManager: Start proc android.process.media for content provider com.android.providers.media/.MediaProvider: pid=7637 uid=10022 gids={1015, 9003, 9007, 9008, 2001, 3003}
10-28 20:09:25.317  1235  2149 W InputManagerService: Starting input on non-focused client com.android.internal.view.IInputMethodClient$Stub$Proxy@45bac1d0 (uid=10005 pid=1340)
10-28 20:09:25.395  1235  1492 I ActivityManager: Process com.skype.android.verizon (pid 1799) has died.
10-28 20:09:25.395  1235  1492 W ActivityManager: Scheduling restart of crashed service com.skype.android.verizon/.service.SkypeService in 5000ms
10-28 20:09:25.809  1235  1890 I ActivityManager: Process com.amazon.mp3 (pid 1616) has died.
10-28 20:09:27.168  1235  1346 I WindowManager: Setting rotation to 0, animFlags=1
10-28 20:09:27.184  1235  1346 I ActivityManager: Config changed: { scale=1.0 imsi=310/4 loc=en_US touch=3 keys=2/1/2 nav=2/1 orien=1 layout=34 uiMode=17 seq=47}
10-28 20:09:27.481  1235  1245 W ActivityManager: Activity pause timeout for HistoryRecord{45a98368 com.motorola.Camera/.Camera}
10-28 20:09:27.918  1235  1890 W InputManagerService: Starting input on non-focused client com.android.internal.view.IInputMethodClient$Stub$Proxy@45d20d90 (uid=10089 pid=1865)
10-28 20:09:27.918  1235  1488 W InputManagerService: Starting input on non-focused client com.android.internal.view.IInputMethodClient$Stub$Proxy@45d20d90 (uid=10089 pid=1865)
10-28 20:09:30.418  1235  1245 I ActivityManager: Start proc com.skype.android.verizon for service com.skype.android.verizon/.service.SkypeService: pid=7653 uid=10046 gids={3003}
10-28 20:09:31.840  1235  1487 I ActivityManager: Starting activity: Intent { act=android.intent.action.MAIN cat=[android.intent.category.LAUNCHER] flg=0x10200000 cmp=com.snakefish.visms/.ConversationsActivity }
10-28 20:09:32.207  1235  2089 W InputManagerService: Starting input on non-focused client com.android.internal.view.IInputMethodClient$Stub$Proxy@45bac1d0 (uid=10005 pid=1340)
10-28 20:09:44.348  1235  1239 I ActivityManager: Starting activity: Intent { cmp=com.snakefish.visms/.MainChatWindow (has extras) }
10-28 20:09:48.793  1235  1490 I ActivityManager: Starting activity: Intent { act=android.intent.action.PICK dat=content://com.android.contacts/contacts cmp=com.motorola.blur.contacts/.picker.PickIdentityActivity }
10-28 20:09:52.895  1235  1454 W InputManagerService: Starting input on non-focused client com.android.internal.view.IInputMethodClient$Stub$Proxy@45bcc318 (uid=10005 pid=1512)
10-28 20:10:05.192  1235  1889 I ActivityManager: Starting activity: Intent { cmp=com.snakefish.visms/.TextActivity (has extras) }
10-28 20:10:13.114  1235  1243 V DeviceStorageMonitorService: freeMemory=6643613696
10-28 20:10:13.114  1235  1243 V DeviceStorageMonitorService: Threshold Percentage=10
10-28 20:10:13.114  1235  1243 V DeviceStorageMonitorService: mTotalMemory = 70264913
10-28 20:10:13.114  1235  1243 I DeviceStorageMonitorService: Posting Message again
10-28 20:10:17.022  1235  1258 I WindowManager: Setting rotation to 1, animFlags=1
10-28 20:10:17.022  1235  1258 I ActivityManager: Config changed: { scale=1.0 imsi=310/4 loc=en_US touch=3 keys=2/1/1 nav=2/1 orien=2 layout=34 uiMode=17 seq=48}
10-28 20:10:17.113  1235  1258 I UsageStats: Unexpected resume of com.snakefish.visms while already resumed in com.snakefish.visms
10-28 20:10:17.660  1235  1889 W InputManagerService: Starting input on non-focused client com.android.internal.view.IInputMethodClient$Stub$Proxy@45d20d90 (uid=10089 pid=1865)
10-28 20:10:17.668  1235  1890 W InputManagerService: Starting input on non-focused client com.android.internal.view.IInputMethodClient$Stub$Proxy@45d20d90 (uid=10089 pid=1865)
10-28 20:10:17.668  1235  1344 W InputManagerService: Starting input on non-focused client com.android.internal.view.IInputMethodClient$Stub$Proxy@45d20d90 (uid=10089 pid=1865)
10-28 20:10:47.505  1235  1258 I WindowManager: Setting rotation to 0, animFlags=1
10-28 20:10:47.505  1235  1258 I ActivityManager: Config changed: { scale=1.0 imsi=310/4 loc=en_US touch=3 keys=2/1/2 nav=2/1 orien=1 layout=34 uiMode=17 seq=49}
10-28 20:10:47.590  1235  1258 I UsageStats: Unexpected resume of com.snakefish.visms while already resumed in com.snakefish.visms
10-28 20:10:47.856  1235  1491 W InputManagerService: Starting input on non-focused client com.android.internal.view.IInputMethodClient$Stub$Proxy@45d20d90 (uid=10089 pid=1865)
10-28 20:10:47.863  1235  1492 W InputManagerService: Starting input on non-focused client com.android.internal.view.IInputMethodClient$Stub$Proxy@45d20d90 (uid=10089 pid=1865)
10-28 20:11:11.926  1235  1889 W InputManagerService: Starting input on non-focused client com.android.internal.view.IInputMethodClient$Stub$Proxy@45d1e930 (uid=10114 pid=6054)
10-28 20:11:13.116  1235  1243 V DeviceStorageMonitorService: freeMemory=6643613696
10-28 20:11:13.116  1235  1243 V DeviceStorageMonitorService: Threshold Percentage=10
10-28 20:11:13.116  1235  1243 V DeviceStorageMonitorService: mTotalMemory = 70264913
10-28 20:11:13.116  1235  1243 I DeviceStorageMonitorService: Posting Message again
10-28 20:12:13.114  1235  1243 V DeviceStorageMonitorService: freeMemory=6643613696
10-28 20:12:13.114  1235  1243 V DeviceStorageMonitorService: Threshold Percentage=10
10-28 20:12:13.114  1235  1243 V DeviceStorageMonitorService: mTotalMemory = 70264913
10-28 20:12:13.114  1235  1243 I DeviceStorageMonitorService: Posting Message again
--------- beginning of /dev/log/main
10-28 20:12:38.520  6054  6055 E Database: close() was never explicitly called on database '/data/data/com.snakefish.visms/databases/snakefish_sms' 
10-28 20:12:38.520  6054  6055 E Database: android.database.sqlite.DatabaseObjectNotClosedException: Application did not close the cursor or database object that was opened here
10-28 20:12:38.520  6054  6055 E Database: 	at android.database.sqlite.SQLiteDatabase.<init>(SQLiteDatabase.java:1882)
10-28 20:12:38.520  6054  6055 E Database: 	at android.database.sqlite.SQLiteDatabase.openDatabase(SQLiteDatabase.java:889)
10-28 20:12:38.520  6054  6055 E Database: 	at android.database.sqlite.SQLiteDatabase.openOrCreateDatabase(SQLiteDatabase.java:923)
10-28 20:12:38.520  6054  6055 E Database: 	at android.database.sqlite.SQLiteDatabase.openOrCreateDatabase(SQLiteDatabase.java:916)
10-28 20:12:38.520  6054  6055 E Database: 	at android.app.ContextImpl.openOrCreateDatabase(ContextImpl.java:585)
10-28 20:12:38.520  6054  6055 E Database: 	at android.content.ContextWrapper.openOrCreateDatabase(ContextWrapper.java:203)
10-28 20:12:38.520  6054  6055 E Database: 	at android.database.sqlite.SQLiteOpenHelper.getWritableDatabase(SQLiteOpenHelper.java:98)
10-28 20:12:38.520  6054  6055 E Database: 	at com.snakefish.visms.SmsDbAdapter.open(SmsDbAdapter.java:108)
10-28 20:12:38.520  6054  6055 E Database: 	at com.snakefish.visms.TextActivity.sendMessage(TextActivity.java:179)
10-28 20:12:38.520  6054  6055 E Database: 	at com.snakefish.visms.TextActivity$RightButtonClickListener.doWork(TextActivity.java:273)
10-28 20:12:38.520  6054  6055 E Database: 	at com.snakefish.visms.TextActivity$RightButtonClickListener.onClick(TextActivity.java:269)
10-28 20:12:38.520  6054  6055 E Database: 	at android.view.View.performClick(View.java:2408)
10-28 20:12:38.520  6054  6055 E Database: 	at android.view.View$PerformClick.run(View.java:8818)
10-28 20:12:38.520  6054  6055 E Database: 	at android.os.Handler.handleCallback(Handler.java:587)
10-28 20:12:38.520  6054  6055 E Database: 	at android.os.Handler.dispatchMessage(Handler.java:92)
10-28 20:12:38.520  6054  6055 E Database: 	at android.os.Looper.loop(Looper.java:143)
10-28 20:12:38.520  6054  6055 E Database: 	at android.app.ActivityThread.main(ActivityThread.java:4701)
10-28 20:12:38.520  6054  6055 E Database: 	at java.lang.reflect.Method.invokeNative(Native Method)
10-28 20:12:38.520  6054  6055 E Database: 	at java.lang.reflect.Method.invoke(Method.java:521)
10-28 20:12:38.520  6054  6055 E Database: 	at com.android.internal.os.ZygoteInit$MethodAndArgsCaller.run(ZygoteInit.java:868)
10-28 20:12:38.520  6054  6055 E Database: 	at com.android.internal.os.ZygoteInit.main(ZygoteInit.java:626)
10-28 20:12:38.520  6054  6055 E Database: 	at dalvik.system.NativeStart.main(Native Method)
10-28 20:12:38.527  6054  6055 E Database: close() was never explicitly called on database '/data/data/com.snakefish.visms/databases/snakefish_sms' 
10-28 20:12:38.527  6054  6055 E Database: android.database.sqlite.DatabaseObjectNotClosedException: Application did not close the cursor or database object that was opened here
10-28 20:12:38.527  6054  6055 E Database: 	at android.database.sqlite.SQLiteDatabase.<init>(SQLiteDatabase.java:1882)
10-28 20:12:38.527  6054  6055 E Database: 	at android.database.sqlite.SQLiteDatabase.openDatabase(SQLiteDatabase.java:889)
10-28 20:12:38.527  6054  6055 E Database: 	at android.database.sqlite.SQLiteDatabase.openOrCreateDatabase(SQLiteDatabase.java:923)
10-28 20:12:38.527  6054  6055 E Database: 	at android.database.sqlite.SQLiteDatabase.openOrCreateDatabase(SQLiteDatabase.java:916)
10-28 20:12:38.527  6054  6055 E Database: 	at android.app.ContextImpl.openOrCreateDatabase(ContextImpl.java:585)
10-28 20:12:38.527  6054  6055 E Database: 	at android.content.ContextWrapper.openOrCreateDatabase(ContextWrapper.java:203)
10-28 20:12:38.527  6054  6055 E Database: 	at android.database.sqlite.SQLiteOpenHelper.getWritableDatabase(SQLiteOpenHelper.java:98)
10-28 20:12:38.527  6054  6055 E Database: 	at com.snakefish.visms.SmsDbAdapter.open(SmsDbAdapter.java:108)
10-28 20:12:38.527  6054  6055 E Database: 	at com.snakefish.visms.MainChatWindow.onCreate(MainChatWindow.java:76)
10-28 20:12:38.527  6054  6055 E Database: 	at android.app.Instrumentation.callActivityOnCreate(Instrumentation.java:1047)
10-28 20:12:38.527  6054  6055 E Database: 	at android.app.ActivityThread.performLaunchActivity(ActivityThread.java:2701)
10-28 20:12:38.527  6054  6055 E Database: 	at android.app.ActivityThread.handleLaunchActivity(ActivityThread.java:2753)
10-28 20:12:38.527  6054  6055 E Database: 	at android.app.ActivityThread.access$2500(ActivityThread.java:129)
10-28 20:12:38.527  6054  6055 E Database: 	at android.app.ActivityThread$H.handleMessage(ActivityThread.java:2107)
10-28 20:12:38.527  6054  6055 E Database: 	at android.os.Handler.dispatchMessage(Handler.java:99)
10-28 20:12:38.527  6054  6055 E Database: 	at android.os.Looper.loop(Looper.java:143)
10-28 20:12:38.527  6054  6055 E Database: 	at android.app.ActivityThread.main(ActivityThread.java:4701)
10-28 20:12:38.527  6054  6055 E Database: 	at java.lang.reflect.Method.invokeNative(Native Method)
10-28 20:12:38.527  6054  6055 E Database: 	at java.lang.reflect.Method.invoke(Method.java:521)
10-28 20:12:38.527  6054  6055 E Database: 	at com.android.internal.os.ZygoteInit$MethodAndArgsCaller.run(ZygoteInit.java:868)
10-28 20:12:38.527  6054  6055 E Database: 	at com.android.internal.os.ZygoteInit.main(ZygoteInit.java:626)
10-28 20:12:38.527  6054  6055 E Database: 	at dalvik.system.NativeStart.main(Native Method)
10-28 20:12:49.262  3823  7677 I zomut.watchdog.monitor: init
10-28 20:12:49.270  3823  7677 I zomut.watchdog.monitor: begin
10-28 20:12:49.332  3823  7677 D dalvikvm: GC_FOR_MALLOC freed 6858 objects / 550872 bytes in 35ms
10-28 20:12:49.402  3823  7677 D dalvikvm: GC_FOR_MALLOC freed 2995 objects / 505520 bytes in 34ms
10-28 20:12:49.473  3823  7677 D dalvikvm: GC_FOR_MALLOC freed 3048 objects / 514392 bytes in 34ms
10-28 20:12:49.543  3823  7677 I zomut.watchdog.monitor: end
10-28 20:13:00.012  1235  1243 D KeyguardUpdateMonitor: received broadcast android.intent.action.TIME_TICK
10-28 20:13:00.012  1235  1259 D KeyguardUpdateMonitor: handleTimeUpdate
10-28 20:13:12.137  1851  1851 D dalvikvm: GC_EXPLICIT freed 5706 objects / 344800 bytes in 97ms
10-28 20:13:13.119  1235  1243 V DeviceStorageMonitorService: freeMemory=6643613696
10-28 20:13:13.119  1235  1243 V DeviceStorageMonitorService: Threshold Percentage=10
10-28 20:13:13.119  1235  1243 V DeviceStorageMonitorService: mTotalMemory = 70264913
10-28 20:13:13.119  1235  1243 I DeviceStorageMonitorService: Posting Message again
10-28 20:13:16.429  1466  1466 D ChipWidgetProvider: a22417 debug in chipwidgetprovider function updatewidget the pendingUpdates is :android.util.SparseIntArray@459eb0e8
10-28 20:13:16.504  1317  1501 D BlurSNMessagingEngine: SNMessagingProvider::getDatabase called
10-28 20:13:16.520  1466  1489 D wubo    : a22417 in getContactName the address comin is :5704000104
10-28 20:13:16.520  1466  1489 D wubo    : a22417 in getContactName the TMConversationUtils.isMultiAddress(address) :false
10-28 20:13:16.520  1466  1489 D wubo    : case 1 a22417 in resolveSingleAddressToName the name  is :null
10-28 20:13:16.520  1466  1489 D wubo    : case 2 a22417 in resolveSingleAddressToName the name  is :null
10-28 20:13:16.567  1466  1489 D dalvikvm: GC_EXPLICIT freed 10701 objects / 479272 bytes in 39ms
10-28 20:13:16.629  1466  1489 D TextMsgTransport: case 1 wubo a22417 in getSender the name is :Jim Dudish
10-28 20:13:16.629  1466  1489 D TextMsgTransport: case 1 wubo a22417 in getSender the address is :5704000104
10-28 20:13:16.645  1466  1489 D TextMsgTransport: case 2 wubo a22417 in getSender the name is :Jim Dudish
10-28 20:13:16.645  1466  1489 V TextMsgTransport: DataId: 4488 ContactId: 649 DisplayName >Jim Dudish< when filtering for >5704000104<
10-28 20:13:16.668  1466  1489 D BlurContactsExtensions: ===== targetSize: width=125 height=150
10-28 20:13:16.793  1466  1489 D DateUtil: now.getTimeZone(): Eastern Standard Time
10-28 20:13:16.848  1340  1340 D dalvikvm: GC_EXPLICIT freed 353 objects / 13160 bytes in 36ms
10-28 20:13:30.051  2607  2607 D dalvikvm: GC_EXPLICIT freed 1184 objects / 54616 bytes in 98ms
10-28 20:13:49.613  3823  7678 I zomut.watchdog.monitor: init
10-28 20:13:49.629  3823  7678 I zomut.watchdog.monitor: begin
10-28 20:13:49.684  3823  7678 D dalvikvm: GC_FOR_MALLOC freed 6858 objects / 549904 bytes in 35ms
10-28 20:13:49.754  3823  7678 D dalvikvm: GC_FOR_MALLOC freed 2997 objects / 505744 bytes in 35ms
10-28 20:13:49.817  3823  7678 D dalvikvm: GC_FOR_MALLOC freed 3047 objects / 514400 bytes in 34ms
10-28 20:13:49.895  3823  7678 I zomut.watchdog.monitor: end
10-28 20:14:00.020  1235  1243 D KeyguardUpdateMonitor: received broadcast android.intent.action.TIME_TICK
10-28 20:14:00.020  1235  1259 D KeyguardUpdateMonitor: handleTimeUpdate
10-28 20:14:13.121  1235  1243 V DeviceStorageMonitorService: freeMemory=6643613696
10-28 20:14:13.121  1235  1243 V DeviceStorageMonitorService: Threshold Percentage=10
10-28 20:14:13.121  1235  1243 V DeviceStorageMonitorService: mTotalMemory = 70264913
10-28 20:14:13.121  1235  1243 I DeviceStorageMonitorService: Posting Message again
10-28 20:14:16.794  1466  1466 D ChipWidgetProvider: a22417 debug in chipwidgetprovider function updatewidget the pendingUpdates is :android.util.SparseIntArray@459eb0e8
10-28 20:14:16.856  1317  1576 D BlurSNMessagingEngine: SNMessagingProvider::getDatabase called
10-28 20:14:16.871  1466  1476 D wubo    : a22417 in getContactName the address comin is :5704000104
10-28 20:14:16.871  1466  1476 D wubo    : a22417 in getContactName the TMConversationUtils.isMultiAddress(address) :false
10-28 20:14:16.879  1466  1476 D wubo    : case 1 a22417 in resolveSingleAddressToName the name  is :null
10-28 20:14:16.879  1466  1476 D wubo    : case 2 a22417 in resolveSingleAddressToName the name  is :null
10-28 20:14:16.934  1466  1476 D TextMsgTransport: case 1 wubo a22417 in getSender the name is :Jim Dudish
10-28 20:14:16.934  1466  1476 D TextMsgTransport: case 1 wubo a22417 in getSender the address is :5704000104
10-28 20:14:16.949  1466  1476 D TextMsgTransport: case 2 wubo a22417 in getSender the name is :Jim Dudish
10-28 20:14:16.949  1466  1476 V TextMsgTransport: DataId: 4488 ContactId: 649 DisplayName >Jim Dudish< when filtering for >5704000104<
10-28 20:14:16.973  1466  1476 D BlurContactsExtensions: ===== targetSize: width=125 height=150
10-28 20:14:17.090  1466  1476 D DateUtil: now.getTimeZone(): Eastern Standard Time
10-28 20:14:17.145  1340  1340 D dalvikvm: GC_EXPLICIT freed 335 objects / 12320 bytes in 37ms
10-28 20:14:45.059  1235  1364 D libgps  : libgps_get_interface() : returning interface
10-28 20:14:45.059  1235  1364 D libgps  : GpsInterface_inject_location( 43.062362, -77.667750, 2567.000 )
10-28 20:14:48.082  1317  1924 V BlurEmailEngine: Work Queue Table Delete - Selection=((status <= 2) AND (control <= 2))SelectionArgs=null
10-28 20:14:48.082  1317  1924 V BlurEmailEngine: Work Queue Table Delete - Selection=((command IN (1,3,4,8,11,12,13)) AND (status==3) AND (control <= 2))SelectionArgs=null
10-28 20:14:48.090  1317  1924 V BlurEmailEngine: Work Queue Table Delete - Selection=((status==3) AND (control <= 2) AND (error >= 20000))SelectionArgs=null
10-28 20:14:48.090  1317  1924 V BlurEmailEngine: Work Queue Cleaner removed: 0 completed, 0 error, 0 permanent error.
10-28 20:14:48.723  1512  1526 D GroupCache: Groups database table has changed. Refreshing the groups cache
10-28 20:14:48.723  1512  1526 V GroupCache: Queue group cache refresh request, delayed (ms): 3000
10-28 20:14:49.957  3823  7679 I zomut.watchdog.monitor: init
10-28 20:14:49.965  3823  7679 I zomut.watchdog.monitor: begin
10-28 20:14:50.012  3823  7679 D dalvikvm: GC_FOR_MALLOC freed 6857 objects / 549168 bytes in 35ms
10-28 20:14:50.113  3823  7679 D dalvikvm: GC_FOR_MALLOC freed 2998 objects / 506128 bytes in 62ms
10-28 20:14:50.176  3823  7679 D dalvikvm: GC_FOR_MALLOC freed 3047 objects / 514320 bytes in 34ms
10-28 20:14:50.254  3823  7679 I zomut.watchdog.monitor: end
10-28 20:14:50.348  1325  1325 D PollingManager: wake lock acquired
10-28 20:14:50.348  1325  1325 D PollingManager: decideWhoNeedsPolling(): polling EmailEngine
10-28 20:14:50.363  1325  1325 D PollingManager: wake lock released
10-28 20:14:50.363  1317  1924 V BlurEmailEngine: Acquired wake lock; count=1
10-28 20:14:50.379  1317  1924 V BlurEmailEngine: Total number of outstanding POLL requests: 0
10-28 20:14:50.379  1317  1924 V BlurEmailEngine: Released wake lock; count=0
10-28 20:14:51.770  1294  1409 D DEBUG   : Selection used is -null
10-28 20:14:51.777  1512  1526 D GroupCache: Getting user-defined groups
10-28 20:14:51.777  1512  1526 D GroupCache: Encountered group title, Family
10-28 20:14:51.785  1512  1526 D GroupCache: Encountered group title, Imported Contacts
10-28 20:14:51.785  1512  1526 D GroupCache: Encountered group title, Usability
10-28 20:14:51.793  1512  1526 D GroupCache: Encountered source name, null
10-28 20:14:51.793  1512  1526 D SourceCache: Returning stroed ICON FOR-com.motorola.android.buacontactadapter:Phone:
10-28 20:14:51.793  1512  1526 D GroupCache: Encountered source name, blur
10-28 20:14:51.793  1512  1526 D GroupCache: Encountered source name, null
10-28 20:14:51.793  1512  1526 D GroupCache: Encountered source name, facebook
10-28 20:14:51.793  1512  1526 D SourceCache: Returning stroed ICON FOR-com.motorola.blur.service.bsutils.MOTHER_USER_CREDS_TYPE:a0000022712d6a6532772297749992488@random.svcmot.com:facebook
10-28 20:14:51.793  1512  1526 D GroupCache: Encountered source name, facebook
10-28 20:14:51.793  1512  1526 D SourceCache: Returning stroed ICON FOR-com.motorola.blur.service.bsutils.MOTHER_USER_CREDS_TYPE:a0000022712d6a6532772297749992488@random.svcmot.com:facebook
10-28 20:14:51.793  1512  1526 D GroupCache: Notifying observers of the group cache that its state has changed
10-28 20:15:00.004  1235  1243 D KeyguardUpdateMonitor: received broadcast android.intent.action.TIME_TICK
10-28 20:15:00.012  1235  1259 D KeyguardUpdateMonitor: handleTimeUpdate
10-28 20:15:13.121  1235  1243 V DeviceStorageMonitorService: freeMemory=6643613696
10-28 20:15:13.121  1235  1243 V DeviceStorageMonitorService: Threshold Percentage=10
10-28 20:15:13.121  1235  1243 V DeviceStorageMonitorService: mTotalMemory = 70264913
10-28 20:15:13.121  1235  1243 I DeviceStorageMonitorService: Posting Message again
10-28 20:15:17.096  1466  1466 D ChipWidgetProvider: a22417 debug in chipwidgetprovider function updatewidget the pendingUpdates is :android.util.SparseIntArray@459eb0e8
10-28 20:15:17.160  1317  1501 D BlurSNMessagingEngine: SNMessagingProvider::getDatabase called
10-28 20:15:17.176  1466  1489 D wubo    : a22417 in getContactName the address comin is :5704000104
10-28 20:15:17.176  1466  1489 D wubo    : a22417 in getContactName the TMConversationUtils.isMultiAddress(address) :false
10-28 20:15:17.176  1466  1489 D wubo    : case 1 a22417 in resolveSingleAddressToName the name  is :null
10-28 20:15:17.176  1466  1489 D wubo    : case 2 a22417 in resolveSingleAddressToName the name  is :null
10-28 20:15:17.238  1466  1489 D TextMsgTransport: case 1 wubo a22417 in getSender the name is :Jim Dudish
10-28 20:15:17.238  1466  1489 D TextMsgTransport: case 1 wubo a22417 in getSender the address is :5704000104
10-28 20:15:17.254  1466  1489 D TextMsgTransport: case 2 wubo a22417 in getSender the name is :Jim Dudish
10-28 20:15:17.254  1466  1489 V TextMsgTransport: DataId: 4488 ContactId: 649 DisplayName >Jim Dudish< when filtering for >5704000104<
10-28 20:15:17.270  1466  1489 D BlurContactsExtensions: ===== targetSize: width=125 height=150
10-28 20:15:17.402  1466  1489 D DateUtil: now.getTimeZone(): Eastern Standard Time
10-28 20:15:17.457  1340  1340 D dalvikvm: GC_EXPLICIT freed 335 objects / 12336 bytes in 37ms
10-28 20:15:50.317  3823  7680 I zomut.watchdog.monitor: init
10-28 20:15:50.324  3823  7680 I zomut.watchdog.monitor: begin
10-28 20:15:50.387  3823  7680 D dalvikvm: GC_FOR_MALLOC freed 6863 objects / 549136 bytes in 35ms
10-28 20:15:50.457  3823  7680 D dalvikvm: GC_FOR_MALLOC freed 2999 objects / 506536 bytes in 35ms
10-28 20:15:50.527  3823  7680 D dalvikvm: GC_FOR_MALLOC freed 3047 objects / 514320 bytes in 39ms
10-28 20:15:50.606  3823  7680 I zomut.watchdog.monitor: end
10-28 20:16:00.012  1235  1243 D KeyguardUpdateMonitor: received broadcast android.intent.action.TIME_TICK
10-28 20:16:00.012  1235  1259 D KeyguardUpdateMonitor: handleTimeUpdate
10-28 20:16:13.121  1235  1243 V DeviceStorageMonitorService: freeMemory=6643613696
10-28 20:16:13.121  1235  1243 V DeviceStorageMonitorService: Threshold Percentage=10
10-28 20:16:13.121  1235  1243 V DeviceStorageMonitorService: mTotalMemory = 70264913
10-28 20:16:13.121  1235  1243 I DeviceStorageMonitorService: Posting Message again
10-28 20:16:17.404  1466  1466 D ChipWidgetProvider: a22417 debug in chipwidgetprovider function updatewidget the pendingUpdates is :android.util.SparseIntArray@459eb0e8
10-28 20:16:17.496  1317  2022 D BlurSNMessagingEngine: SNMessagingProvider::getDatabase called
10-28 20:16:17.512  1466  1476 D wubo    : a22417 in getContactName the address comin is :5704000104
10-28 20:16:17.512  1466  1476 D wubo    : a22417 in getContactName the TMConversationUtils.isMultiAddress(address) :false
10-28 20:16:17.512  1466  1476 D wubo    : case 1 a22417 in resolveSingleAddressToName the name  is :null
10-28 20:16:17.512  1466  1476 D wubo    : case 2 a22417 in resolveSingleAddressToName the name  is :null
10-28 20:16:17.574  1466  1476 D TextMsgTransport: case 1 wubo a22417 in getSender the name is :Jim Dudish
10-28 20:16:17.574  1466  1476 D TextMsgTransport: case 1 wubo a22417 in getSender the address is :5704000104
10-28 20:16:17.621  1294  1302 D dalvikvm: GC_FOR_MALLOC freed 6558 objects / 441920 bytes in 42ms
10-28 20:16:17.629  1466  1476 D TextMsgTransport: case 2 wubo a22417 in getSender the name is :Jim Dudish
10-28 20:16:17.629  1466  1476 V TextMsgTransport: DataId: 4488 ContactId: 649 DisplayName >Jim Dudish< when filtering for >5704000104<
10-28 20:16:17.652  1466  1476 D BlurContactsExtensions: ===== targetSize: width=125 height=150
10-28 20:16:17.770  1466  1476 D DateUtil: now.getTimeZone(): Eastern Standard Time
10-28 20:16:17.832  1340  1340 D dalvikvm: GC_EXPLICIT freed 335 objects / 12320 bytes in 36ms
10-28 20:16:38.223  3503  3503 D dalvikvm: GC_EXPLICIT freed 3990 objects / 399848 bytes in 90ms
10-28 20:16:50.668  3823  7681 I zomut.watchdog.monitor: init
10-28 20:16:50.668  3823  7681 I zomut.watchdog.monitor: begin
10-28 20:16:50.723  3823  7681 D dalvikvm: GC_FOR_MALLOC freed 6848 objects / 547816 bytes in 35ms
10-28 20:16:50.793  3823  7681 D dalvikvm: GC_FOR_MALLOC freed 3000 objects / 506944 bytes in 34ms
10-28 20:16:50.863  3823  7681 D dalvikvm: GC_FOR_MALLOC freed 3047 objects / 514328 bytes in 34ms
10-28 20:16:50.942  3823  7681 I zomut.watchdog.monitor: end
10-28 20:17:00.020  1235  1243 D KeyguardUpdateMonitor: received broadcast android.intent.action.TIME_TICK
10-28 20:17:00.020  1235  1259 D KeyguardUpdateMonitor: handleTimeUpdate
10-28 20:17:13.121  1235  1243 V DeviceStorageMonitorService: freeMemory=6643613696
10-28 20:17:13.121  1235  1243 V DeviceStorageMonitorService: Threshold Percentage=10
10-28 20:17:13.121  1235  1243 V DeviceStorageMonitorService: mTotalMemory = 70264913
10-28 20:17:13.121  1235  1243 I DeviceStorageMonitorService: Posting Message again
10-28 20:17:17.778  1466  1466 D ChipWidgetProvider: a22417 debug in chipwidgetprovider function updatewidget the pendingUpdates is :android.util.SparseIntArray@459eb0e8
10-28 20:17:17.949  1235  1890 D dalvikvm: GC_EXPLICIT freed 38383 objects / 1664360 bytes in 108ms
10-28 20:17:17.973  1317  1999 D BlurSNMessagingEngine: SNMessagingProvider::getDatabase called
10-28 20:17:17.988  1466  1489 D wubo    : a22417 in getContactName the address comin is :5704000104
10-28 20:17:17.988  1466  1489 D wubo    : a22417 in getContactName the TMConversationUtils.isMultiAddress(address) :false
10-28 20:17:17.988  1466  1489 D wubo    : case 1 a22417 in resolveSingleAddressToName the name  is :null
10-28 20:17:17.988  1466  1489 D wubo    : case 2 a22417 in resolveSingleAddressToName the name  is :null
10-28 20:17:18.043  1466  1489 D TextMsgTransport: case 1 wubo a22417 in getSender the name is :Jim Dudish
10-28 20:17:18.043  1466  1489 D TextMsgTransport: case 1 wubo a22417 in getSender the address is :5704000104
10-28 20:17:18.059  1466  1489 D TextMsgTransport: case 2 wubo a22417 in getSender the name is :Jim Dudish
10-28 20:17:18.059  1466  1489 V TextMsgTransport: DataId: 4488 ContactId: 649 DisplayName >Jim Dudish< when filtering for >5704000104<
10-28 20:17:18.106  1466  1489 D dalvikvm: GC_EXPLICIT freed 11337 objects / 502280 bytes in 38ms
10-28 20:17:18.121  1466  1489 D BlurContactsExtensions: ===== targetSize: width=125 height=150
10-28 20:17:18.246  1466  1489 D DateUtil: now.getTimeZone(): Eastern Standard Time
10-28 20:17:18.309  1340  1340 D dalvikvm: GC_EXPLICIT freed 335 objects / 12336 bytes in 36ms
10-28 20:17:29.738  1512  1512 D dalvikvm: GC_EXPLICIT freed 3847 objects / 228024 bytes in 84ms
10-28 20:17:34.942  1424  1424 D ChipWidgetProvider: a22417 debug in chipwidgetprovider function updatewidget the pendingUpdates is :android.util.SparseIntArray@459efd78
10-28 20:17:34.957  1424  1481 D SocialWidgetProvider: doUpdateWidget id: 2 x: 4 y: 1
10-28 20:17:34.981  1424  1481 D SocialWidgetProvider: filterType: 0
10-28 20:17:34.981  1424  1481 D SocialWidgetProvider: filter: read_state=1 AND pub_date>1288225054986 AND owner=0
10-28 20:17:34.996  1424  1481 D SocialWidgetProvider: ===== getImageDimens: width=103 height=141
10-28 20:17:34.996  1424  1481 D BlurContactsExtensions: ===== targetSize: width=103 height=141
10-28 20:17:35.012  1424  1481 D BlurContactsExtensions: ===== imageStream: imageWidth=100 imageHeight=87
10-28 20:17:35.012  1424  1481 D BlurContactsExtensions: ===== Using default android decode api...
10-28 20:17:35.012  1424  1481 D BlurContactsExtensions: ===== Android image decode:  downSample=1 downScaleX=0 downScaleY=0
10-28 20:17:35.012  1424  1481 D BlurContactsExtensions: ===== Cropping img: cropWidth=63 cropHeight=87
10-28 20:17:35.027  1424  1481 D DateUtil: now.getTimeZone(): Eastern Standard Time
10-28 20:17:35.043  1424  1481 V SocialWidgetProvider: DisplayName: Robbie Stark for RawContactId: 633
10-28 20:17:35.067  1424  1481 D SocialWidgetProvider: updated id 2:I don't look a thing like jesus, but I talk like a gentleman.
10-28 20:17:35.090  1340  1340 D dalvikvm: GC_EXPLICIT freed 306 objects / 11768 bytes in 36ms
10-28 20:17:51.020  3823  7682 I zomut.watchdog.monitor: init
10-28 20:17:51.020  3823  7682 I zomut.watchdog.monitor: begin
10-28 20:17:51.067  3823  7682 D dalvikvm: GC_FOR_MALLOC freed 6847 objects / 547584 bytes in 36ms
10-28 20:17:51.137  3823  7682 D dalvikvm: GC_FOR_MALLOC freed 3007 objects / 507520 bytes in 35ms
10-28 20:17:51.207  3823  7682 D dalvikvm: GC_FOR_MALLOC freed 3047 objects / 514448 bytes in 35ms
10-28 20:17:51.293  3823  7682 I zomut.watchdog.monitor: end
10-28 20:18:00.012  1235  1243 D KeyguardUpdateMonitor: received broadcast android.intent.action.TIME_TICK
10-28 20:18:00.012  1235  1259 D KeyguardUpdateMonitor: handleTimeUpdate
10-28 20:18:13.127  1235  1243 V DeviceStorageMonitorService: freeMemory=6643613696
10-28 20:18:13.127  1235  1243 V DeviceStorageMonitorService: Threshold Percentage=10
10-28 20:18:13.127  1235  1243 V DeviceStorageMonitorService: mTotalMemory = 70264913
10-28 20:18:13.127  1235  1243 I DeviceStorageMonitorService: Posting Message again
10-28 20:18:18.254  1466  1466 D ChipWidgetProvider: a22417 debug in chipwidgetprovider function updatewidget the pendingUpdates is :android.util.SparseIntArray@459eb0e8
10-28 20:18:18.317  1317  1427 D BlurSNMessagingEngine: SNMessagingProvider::getDatabase called
10-28 20:18:18.332  1466  1476 D wubo    : a22417 in getContactName the address comin is :5704000104
10-28 20:18:18.332  1466  1476 D wubo    : a22417 in getContactName the TMConversationUtils.isMultiAddress(address) :false
10-28 20:18:18.332  1466  1476 D wubo    : case 1 a22417 in resolveSingleAddressToName the name  is :null
10-28 20:18:18.332  1466  1476 D wubo    : case 2 a22417 in resolveSingleAddressToName the name  is :null
10-28 20:18:18.387  1466  1476 D TextMsgTransport: case 1 wubo a22417 in getSender the name is :Jim Dudish
10-28 20:18:18.387  1466  1476 D TextMsgTransport: case 1 wubo a22417 in getSender the address is :5704000104
10-28 20:18:18.402  1466  1476 D TextMsgTransport: case 2 wubo a22417 in getSender the name is :Jim Dudish
10-28 20:18:18.402  1466  1476 V TextMsgTransport: DataId: 4488 ContactId: 649 DisplayName >Jim Dudish< when filtering for >5704000104<
10-28 20:18:18.449  1466  1476 D BlurContactsExtensions: ===== targetSize: width=125 height=150
10-28 20:18:18.574  1466  1476 D DateUtil: now.getTimeZone(): Eastern Standard Time
10-28 20:18:18.629  1340  1340 D dalvikvm: GC_EXPLICIT freed 353 objects / 13104 bytes in 36ms
10-28 20:18:34.684  1447  1447 D dalvikvm: GC_EXPLICIT freed 2087 objects / 99440 bytes in 69ms
10-28 20:18:45.887  3823  3823 D dalvikvm: GC_EXPLICIT freed 6311 objects / 464072 bytes in 72ms
10-28 20:18:51.356  3823  7683 I zomut.watchdog.monitor: init
10-28 20:18:51.356  3823  7683 I zomut.watchdog.monitor: begin
10-28 20:18:51.426  3823  7683 D dalvikvm: GC_FOR_MALLOC freed 2887 objects / 478408 bytes in 34ms
10-28 20:18:51.496  3823  7683 D dalvikvm: GC_FOR_MALLOC freed 3045 objects / 514656 bytes in 34ms
10-28 20:18:51.621  3823  7683 D dalvikvm: GC_FOR_MALLOC freed 5425 objects / 494656 bytes in 35ms
10-28 20:18:51.637  3823  7683 I zomut.watchdog.monitor: end
10-28 20:18:57.106  1677  1677 D dalvikvm: GC_EXPLICIT freed 882 objects / 41520 bytes in 87ms
10-28 20:19:00.012  1235  1243 D KeyguardUpdateMonitor: received broadcast android.intent.action.TIME_TICK
10-28 20:19:00.012  1235  1259 D KeyguardUpdateMonitor: handleTimeUpdate
10-28 20:19:05.145  1424  1424 D dalvikvm: GC_EXPLICIT freed 6999 objects / 549520 bytes in 84ms
10-28 20:19:13.129  1235  1243 V DeviceStorageMonitorService: freeMemory=6643613696
10-28 20:19:13.129  1235  1243 V DeviceStorageMonitorService: Threshold Percentage=10
10-28 20:19:13.129  1235  1243 V DeviceStorageMonitorService: mTotalMemory = 70264913
10-28 20:19:13.129  1235  1243 I DeviceStorageMonitorService: Posting Message again
10-28 20:19:15.575  1235  1258 I WindowManager: Setting rotation to 1, animFlags=1
10-28 20:19:15.599  1235  1258 I ActivityManager: Config changed: { scale=1.0 imsi=310/4 loc=en_US touch=3 keys=2/1/1 nav=2/1 orien=2 layout=34 uiMode=17 seq=50}
10-28 20:19:15.684  1235  1258 I UsageStats: Unexpected resume of com.motorola.blur.home while already resumed in com.motorola.blur.home
10-28 20:19:15.699  1544  1544 V Mms     : onConfigurationChanged
10-28 20:19:15.918  1235  1243 D dalvikvm: GC_EXTERNAL_ALLOC freed 14572 objects / 646392 bytes in 104ms
10-28 20:19:16.082  1844  1844 W WidgetAidService: BroadcastReceiver onReceive called
10-28 20:19:16.082  1844  1844 D WidgetAidService: ACTION_HOME_SCREEN_CHANGED - -1
10-28 20:19:16.090  1340  1340 W Launcher: HAO - Locked=0, Current=2, is landscape?=true
10-28 20:19:16.098  1844  1844 D WidgetAidService: HomeScreen has lost focus, store the previous state and move to pause
10-28 20:19:16.106  1844  1844 D WidgetAidService: Ignoring the HOME_SCREEN_CHANGED notification as the player is either in paused/playing state
10-28 20:19:16.176  1317  2022 D DSCP    : Broadcasting home_orientation
10-28 20:19:16.207  1844  1844 W WidgetAidService: BroadcastReceiver onReceive called
10-28 20:19:16.207  1844  1844 D WidgetAidService: ACTION_HOME_SCREEN_CHANGED - 3
10-28 20:19:16.231  1844  1844 D WidgetAidService: HomeScreen gained focus/panned
10-28 20:19:16.277  1844  1844 D WidgetAidService: widgetScreenIndex - 5
10-28 20:19:16.285  1235  1488 W InputManagerService: Starting input on non-focused client com.android.internal.view.IInputMethodClient$Stub$Proxy@45d20d90 (uid=10089 pid=1865)
10-28 20:19:16.293  1235  1239 W InputManagerService: Starting input on non-focused client com.android.internal.view.IInputMethodClient$Stub$Proxy@45d20d90 (uid=10089 pid=1865)
10-28 20:19:16.293  1235  1235 W InputManagerService: Starting input on non-focused client com.android.internal.view.IInputMethodClient$Stub$Proxy@45d20d90 (uid=10089 pid=1865)
10-28 20:19:16.317  1325  1611 I SyncActivityLog: not:Local change notification received for clientsettings/blur
10-28 20:19:16.324  1325  1611 V SncNtfctnRcvr: Enqueueing sync task for BlurSetupSyncHandler
10-28 20:19:16.387  1325  1611 I SyncActivityLog: not:Received notification for BlurSetupSyncHandler.  Delay of 5000 ms with signature 65131586.
10-28 20:19:16.434  1836  1836 I WifiToggle: OnReceive
10-28 20:19:16.441  1836  1836 I WifiToggle: getServiceState.DISABLED_STATE
10-28 20:19:16.441  1836  1836 I WifiToggle: UpdateWidget - currentState=DISABLED_STATE
10-28 20:19:16.441  1836  1836 I WifiToggle: updateButtons
10-28 20:19:16.527  1447  1447 D ChipWidgetProvider: Received intent Intent { act=com.motorola.blur.home.ACTION_SET_WIDGET_SIZE cmp=com.motorola.blur.home.status/.StatusWidgetProvider (has extras) }
10-28 20:19:16.527  1447  1447 D ChipWidgetProvider: a22417 debug in chipwidgetprovider function updatewidget the pendingUpdates is :android.util.SparseIntArray@45a2e268
10-28 20:19:16.535  1447  1837 D StatusWidgetProvider: doUpdateWidget x: 4 y: 1
10-28 20:19:16.551  1447  1447 D ChipWidgetProvider: Received intent Intent { act=com.motorola.blur.home.ACTION_WIDGET_ADDED cmp=com.motorola.blur.home.status/.StatusWidgetProvider (has extras) }
10-28 20:19:16.567  1447  1837 D DateUtil: now.getTimeZone(): Eastern Standard Time
10-28 20:19:16.574  1447  1837 D DateUtil: now.getTimeZone(): Eastern Standard Time
10-28 20:19:16.613  1424  1424 D ChipWidgetProvider: Received intent Intent { act=com.motorola.blur.home.ACTION_SET_WIDGET_SIZE cmp=com.motorola.blur.friendfeed/.widget.SocialWidgetProvider (has extras) }
10-28 20:19:16.613  1424  1424 D ChipWidgetProvider: a22417 debug in chipwidgetprovider function updatewidget the pendingUpdates is :android.util.SparseIntArray@459efd78
10-28 20:19:16.629  1424  1448 D SocialWidgetProvider: doUpdateWidget id: 2 x: 4 y: 1
10-28 20:19:16.629  1424  1424 D ChipWidgetProvider: Received intent Intent { act=com.motorola.blur.home.ACTION_WIDGET_ADDED cmp=com.motorola.blur.friendfeed/.widget.SocialWidgetProvider (has extras) }
10-28 20:19:16.637  1424  1448 D SocialWidgetProvider: filterType: 0
10-28 20:19:16.637  1424  1448 D SocialWidgetProvider: filter: read_state=1 AND pub_date>1288225156641 AND owner=0
10-28 20:19:16.676  1836  1836 I WifiToggle: OnReceive
