10-28 18:39:09.279  3823  6153 I zomut.watchdog.monitor: init
10-28 18:39:09.303  3823  6153 I zomut.watchdog.monitor: begin
10-28 18:39:09.373  3823  6153 D dalvikvm: GC_FOR_MALLOC freed 4462 objects / 561328 bytes in 35ms
10-28 18:39:09.443  3823  6153 D dalvikvm: GC_FOR_MALLOC freed 3081 objects / 517160 bytes in 35ms
10-28 18:39:09.537  3823  6153 D dalvikvm: GC_FOR_MALLOC freed 3973 objects / 507232 bytes in 35ms
10-28 18:39:09.584  3823  6153 I zomut.watchdog.monitor: end
10-28 18:39:13.350  1235  1243 V DeviceStorageMonitorService: freeMemory=6643806208
10-28 18:39:13.350  1235  1243 V DeviceStorageMonitorService: Threshold Percentage=10
10-28 18:39:13.350  1235  1243 V DeviceStorageMonitorService: mTotalMemory = 70264913
10-28 18:39:13.350  1235  1243 I DeviceStorageMonitorService: Posting Message again
10-28 18:39:24.826  1512  1526 D GroupCache: Groups database table has changed. Refreshing the groups cache
10-28 18:39:24.826  1512  1526 V GroupCache: Queue group cache refresh request, delayed (ms): 3000
10-28 18:39:24.982  1316  1316 I AtCmdDelegate: handle message:1
10-28 18:39:25.021  1235  1487 D AlarmManagerService: Kernel timezone updated to 240 minutes west of GMT
10-28 18:39:27.896  1294  2046 D DEBUG   : Selection used is -null
10-28 18:39:27.896  1512  1526 D GroupCache: Getting user-defined groups
10-28 18:39:27.896  1512  1526 D GroupCache: Encountered group title, Family
10-28 18:39:27.904  1512  1526 D GroupCache: Encountered group title, Imported Contacts
10-28 18:39:27.912  1512  1526 D GroupCache: Encountered group title, Usability
10-28 18:39:27.920  1512  1526 D GroupCache: Encountered source name, null
10-28 18:39:27.920  1512  1526 D SourceCache: Returning stroed ICON FOR-com.motorola.android.buacontactadapter:Phone:
10-28 18:39:27.920  1512  1526 D GroupCache: Encountered source name, blur
10-28 18:39:27.920  1512  1526 D GroupCache: Encountered source name, null
10-28 18:39:27.928  1512  1526 D GroupCache: Encountered source name, facebook
10-28 18:39:27.928  1512  1526 D SourceCache: Returning stroed ICON FOR-com.motorola.blur.service.bsutils.MOTHER_USER_CREDS_TYPE:a0000022712d6a6532772297749992488@random.svcmot.com:facebook
10-28 18:39:27.928  1512  1526 D GroupCache: Encountered source name, facebook
10-28 18:39:27.928  1512  1526 D SourceCache: Returning stroed ICON FOR-com.motorola.blur.service.bsutils.MOTHER_USER_CREDS_TYPE:a0000022712d6a6532772297749992488@random.svcmot.com:facebook
10-28 18:39:27.928  1512  1526 D GroupCache: Notifying observers of the group cache that its state has changed
10-28 18:39:30.990  1316  1316 I AtCmdDelegate: handle message:1
10-28 18:39:31.021  1235  1490 D AlarmManagerService: Kernel timezone updated to 240 minutes west of GMT
10-28 18:39:36.201  1535  1535 D dalvikvm: GC_EXPLICIT freed 248 objects / 13048 bytes in 77ms
10-28 18:40:00.029  1235  1243 D KeyguardUpdateMonitor: received broadcast android.intent.action.TIME_TICK
10-28 18:40:00.029  1235  1259 D KeyguardUpdateMonitor: handleTimeUpdate
10-28 18:40:09.646  3823  6154 I zomut.watchdog.monitor: init
10-28 18:40:09.646  3823  6154 I zomut.watchdog.monitor: begin
10-28 18:40:09.709  3823  6154 D dalvikvm: GC_FOR_MALLOC freed 6115 objects / 550528 bytes in 35ms
10-28 18:40:09.787  3823  6154 D dalvikvm: GC_FOR_MALLOC freed 3036 objects / 507384 bytes in 34ms
10-28 18:40:09.857  3823  6154 D dalvikvm: GC_FOR_MALLOC freed 3047 objects / 514336 bytes in 35ms
10-28 18:40:09.928  3823  6154 I zomut.watchdog.monitor: end
10-28 18:40:13.350  1235  1243 V DeviceStorageMonitorService: freeMemory=6643806208
10-28 18:40:13.350  1235  1243 V DeviceStorageMonitorService: Threshold Percentage=10
10-28 18:40:13.350  1235  1243 V DeviceStorageMonitorService: mTotalMemory = 70264913
10-28 18:40:13.350  1235  1243 I DeviceStorageMonitorService: Posting Message again
10-28 18:40:24.115  1235  1254 D BatteryTempPolicy: updateBatteryTemp temperature = 280, Threshhold = 3
10-28 18:40:24.139  1235  1243 D KeyguardUpdateMonitor: received broadcast android.intent.action.BATTERY_CHANGED
10-28 18:40:24.139  1235  1259 D KeyguardUpdateMonitor: handleBatteryUpdate
10-28 18:40:24.154  1235  1243 D StatusBarPolicy: handleBatteryUpdate
10-28 18:40:24.178  5509  5509 E GlobalUnplugService: plugged = true,mBatteryPlugged=true
10-28 18:40:34.467  1424  1424 D ChipWidgetProvider: a22417 debug in chipwidgetprovider function updatewidget the pendingUpdates is :android.util.SparseIntArray@459efd78
10-28 18:40:34.482  1424  1481 D SocialWidgetProvider: doUpdateWidget id: 2 x: 4 y: 1
10-28 18:40:34.514  1424  1481 D SocialWidgetProvider: filterType: 0
10-28 18:40:34.521  1424  1481 D SocialWidgetProvider: filter: read_state=1 AND pub_date>1288219234517 AND owner=0
10-28 18:40:34.529  1424  1481 D SocialWidgetProvider: ===== getImageDimens: width=171 height=99
10-28 18:40:34.529  1424  1481 D BlurContactsExtensions: ===== targetSize: width=171 height=99
10-28 18:40:34.545  1424  1481 D BlurContactsExtensions: ===== imageStream: imageWidth=196 imageHeight=438
10-28 18:40:34.545  1424  1481 D BlurContactsExtensions: ===== Using default android decode api...
10-28 18:40:34.545  1424  1481 D BlurContactsExtensions: ===== Android image decode:  downSample=1 downScaleX=1 downScaleY=4
10-28 18:40:34.592  1424  1481 D dalvikvm: GC_EXTERNAL_ALLOC freed 2787 objects / 330184 bytes in 41ms
10-28 18:40:34.599  1424  1481 D BlurContactsExtensions: ===== Cropping img: cropWidth=196 cropHeight=113
10-28 18:40:34.623  1424  1481 D DateUtil: now.getTimeZone(): Eastern Standard Time
10-28 18:40:34.639  1424  1481 V SocialWidgetProvider: DisplayName: Ryan Sweitzer for RawContactId: 531
10-28 18:40:34.654  1424  1481 D SocialWidgetProvider: updated id 2:READY TO RAGE
10-28 18:40:34.693  1340  1340 D dalvikvm: GC_EXPLICIT freed 450 objects / 16552 bytes in 38ms
10-28 18:40:38.928  1561  1561 D dalvikvm: GC_EXPLICIT freed 322 objects / 18736 bytes in 74ms
10-28 18:40:43.912  5759  5759 D dalvikvm: GC_EXPLICIT freed 4639 objects / 257896 bytes in 62ms
10-28 18:40:46.732  1512  1526 D GroupCache: Groups database table has changed. Refreshing the groups cache
10-28 18:40:46.732  1512  1526 V GroupCache: Queue group cache refresh request, delayed (ms): 3000
10-28 18:40:49.787  1294  2077 D DEBUG   : Selection used is -null
10-28 18:40:49.787  1512  1526 D GroupCache: Getting user-defined groups
10-28 18:40:49.787  1512  1526 D GroupCache: Encountered group title, Family
10-28 18:40:49.795  1512  1526 D GroupCache: Encountered group title, Imported Contacts
10-28 18:40:49.803  1512  1526 D GroupCache: Encountered group title, Usability
10-28 18:40:49.810  1512  1526 D GroupCache: Encountered source name, null
10-28 18:40:49.810  1512  1526 D SourceCache: Returning stroed ICON FOR-com.motorola.android.buacontactadapter:Phone:
10-28 18:40:49.810  1512  1526 D GroupCache: Encountered source name, blur
10-28 18:40:49.810  1512  1526 D GroupCache: Encountered source name, null
10-28 18:40:49.810  1512  1526 D GroupCache: Encountered source name, facebook
10-28 18:40:49.810  1512  1526 D SourceCache: Returning stroed ICON FOR-com.motorola.blur.service.bsutils.MOTHER_USER_CREDS_TYPE:a0000022712d6a6532772297749992488@random.svcmot.com:facebook
10-28 18:40:49.810  1512  1526 D GroupCache: Encountered source name, facebook
10-28 18:40:49.810  1512  1526 D SourceCache: Returning stroed ICON FOR-com.motorola.blur.service.bsutils.MOTHER_USER_CREDS_TYPE:a0000022712d6a6532772297749992488@random.svcmot.com:facebook
10-28 18:40:49.818  1512  1526 D GroupCache: Notifying observers of the group cache that its state has changed
10-28 18:41:00.014  1235  1243 D KeyguardUpdateMonitor: received broadcast android.intent.action.TIME_TICK
10-28 18:41:00.014  1235  1259 D KeyguardUpdateMonitor: handleTimeUpdate
10-28 18:41:09.990  3823  6156 I zomut.watchdog.monitor: init
10-28 18:41:09.990  3823  6156 I zomut.watchdog.monitor: begin
10-28 18:41:10.053  3823  6156 D dalvikvm: GC_FOR_MALLOC freed 7103 objects / 554824 bytes in 35ms
10-28 18:41:10.123  3823  6156 D dalvikvm: GC_FOR_MALLOC freed 3010 objects / 515016 bytes in 35ms
10-28 18:41:10.193  3823  6156 D dalvikvm: GC_FOR_MALLOC freed 3031 objects / 505256 bytes in 35ms
10-28 18:41:10.279  3823  6156 I zomut.watchdog.monitor: end
10-28 18:41:13.352  1235  1243 V DeviceStorageMonitorService: freeMemory=6643806208
10-28 18:41:13.352  1235  1243 V DeviceStorageMonitorService: Threshold Percentage=10
10-28 18:41:13.352  1235  1243 V DeviceStorageMonitorService: mTotalMemory = 70264913
10-28 18:41:13.352  1235  1243 I DeviceStorageMonitorService: Posting Message again
10-28 18:41:14.240  1316  1316 D dalvikvm: GC_FOR_MALLOC freed 11034 objects / 506408 bytes in 69ms
10-28 18:42:00.014  1235  1243 D KeyguardUpdateMonitor: received broadcast android.intent.action.TIME_TICK
10-28 18:42:00.014  1235  1259 D KeyguardUpdateMonitor: handleTimeUpdate
10-28 18:42:10.334  3823  6157 I zomut.watchdog.monitor: init
10-28 18:42:10.334  3823  6157 I zomut.watchdog.monitor: begin
10-28 18:42:10.381  3823  6157 D dalvikvm: GC_FOR_MALLOC freed 7048 objects / 541840 bytes in 35ms
10-28 18:42:10.451  3823  6157 D dalvikvm: GC_FOR_MALLOC freed 3004 objects / 516192 bytes in 34ms
10-28 18:42:10.521  3823  6157 D dalvikvm: GC_FOR_MALLOC freed 3030 objects / 505616 bytes in 34ms
10-28 18:42:10.639  3823  6157 D dalvikvm: GC_FOR_MALLOC freed 5559 objects / 493424 bytes in 34ms
10-28 18:42:10.654  3823  6157 I zomut.watchdog.monitor: end
10-28 18:42:13.357  1235  1243 V DeviceStorageMonitorService: freeMemory=6643806208
10-28 18:42:13.357  1235  1243 V DeviceStorageMonitorService: Threshold Percentage=10
10-28 18:42:13.357  1235  1243 V DeviceStorageMonitorService: mTotalMemory = 70264913
10-28 18:42:13.357  1235  1243 I DeviceStorageMonitorService: Posting Message again
10-28 18:42:30.935  1563  1563 D dalvikvm: GC_EXPLICIT freed 5749 objects / 308984 bytes in 75ms
10-28 18:43:00.014  1235  1243 D KeyguardUpdateMonitor: received broadcast android.intent.action.TIME_TICK
10-28 18:43:00.014  1235  1259 D KeyguardUpdateMonitor: handleTimeUpdate
10-28 18:43:10.732  3823  6158 I zomut.watchdog.monitor: init
10-28 18:43:10.740  3823  6158 I zomut.watchdog.monitor: begin
10-28 18:43:10.818  3823  6158 D dalvikvm: GC_FOR_MALLOC freed 4462 objects / 561272 bytes in 36ms
10-28 18:43:10.889  3823  6158 D dalvikvm: GC_FOR_MALLOC freed 3081 objects / 517072 bytes in 34ms
10-28 18:43:10.974  3823  6158 D dalvikvm: GC_FOR_MALLOC freed 3966 objects / 507240 bytes in 34ms
10-28 18:43:11.029  3823  6158 I zomut.watchdog.monitor: end
10-28 18:43:13.358  1235  1243 V DeviceStorageMonitorService: freeMemory=6643806208
10-28 18:43:13.358  1235  1243 V DeviceStorageMonitorService: Threshold Percentage=10
10-28 18:43:13.358  1235  1243 V DeviceStorageMonitorService: mTotalMemory = 70264913
10-28 18:43:13.358  1235  1243 I DeviceStorageMonitorService: Posting Message again
10-28 18:43:15.928  1512  1526 D GroupCache: Groups database table has changed. Refreshing the groups cache
10-28 18:43:15.928  1512  1526 V GroupCache: Queue group cache refresh request, delayed (ms): 3000
10-28 18:43:16.256  1316  1316 I AtCmdDelegate: handle message:1
10-28 18:43:16.279  1235  1890 D AlarmManagerService: Kernel timezone updated to 240 minutes west of GMT
10-28 18:43:16.287  1316  1316 D SystemClock: Setting time of day to sec=1288305796
10-28 18:43:16.067  1235  1243 D KeyguardUpdateMonitor: received broadcast android.intent.action.TIME_SET
10-28 18:43:16.075  1235  1259 D KeyguardUpdateMonitor: handleTimeUpdate
10-28 18:43:16.200  1563  6160 D CalAppWidgetService: SERVICE RUN: widgetId: 9
10-28 18:43:16.208  1563  6160 D CalAppWidgetService: spanX: 4
10-28 18:43:16.208  1563  6160 D CalAppWidgetService: spanX: 1
10-28 18:43:16.208  1563  1563 D AlertReceiver: onReceive: a=android.intent.action.TIME_SET Intent { act=android.intent.action.TIME_SET flg=0x20000000 cmp=com.android.calendar/.AlertReceiver }
10-28 18:43:16.231  1563  6160 D CalAppWidgetService: Widget Calendar Selection string: Calendars.SELECTED=1
10-28 18:43:16.247  1561  1561 I FotaAutoUpdate: autoUpdateFeatureOn:falseautoUpdateAirtimeFree:falseautoUpdateInterval:1209600autoUpdateImplicitDeferInterval:86400autoUpdateAfterMDNChangeInterval:120
10-28 18:43:16.254  1561  1561 I FotaAutoUpdate: onStart Called:android.intent.action.TIME_SET
10-28 18:43:16.254  1561  1561 V FotaAutoUpdate: mServiceHandler is not null
10-28 18:43:16.254  1563  6161 D AlertService: 0 Action = android.intent.action.TIME_SET
10-28 18:43:16.278  1561  6162 I FotaAutoUpdate: handleMessage(android.intent.action.TIME_SET)
10-28 18:43:16.293  1563  6160 D CalAppWidgetService: WVGA device
10-28 18:43:16.293  1563  6160 D CalAppWidgetService: 4x1
10-28 18:43:16.317  1384  1874 D dalvikvm: GC_FOR_MALLOC freed 5365 objects / 416088 bytes in 57ms
10-28 18:43:16.325  1563  6160 D CalAppWidgetService: setHeader() - went into high density if
10-28 18:43:16.379  1563  6160 D CalAppWidgetService: no requested update or expired wakelock, bailing
10-28 18:43:16.403  1340  1340 D dalvikvm: GC_EXPLICIT freed 655 objects / 24048 bytes in 51ms
10-28 18:43:16.418  1563  6161 D Calendar: missed alarms found: 0
10-28 18:43:16.426  1563  6161 D AlertService: alert count:1
10-28 18:43:16.426  1563  6161 D AlertService: alarmTime:1288303200000 alertId:37 eventId:181 state: 1 minutes:120 declined:false beginTime:1288310400000 endTime:1288396800000
10-28 18:43:16.504  1563  6161 D AlertService: ###### creating new alarm notification, numReminders: 1 QUIET
10-28 18:43:18.747  1294  2082 D DEBUG   : Selection used is -null
10-28 18:43:18.747  1512  1526 D GroupCache: Getting user-defined groups
10-28 18:43:18.747  1512  1526 D GroupCache: Encountered group title, Family
10-28 18:43:18.754  1512  1526 D GroupCache: Encountered group title, Imported Contacts
10-28 18:43:18.762  1512  1526 D GroupCache: Encountered group title, Usability
10-28 18:43:18.770  1512  1526 D GroupCache: Encountered source name, null
10-28 18:43:18.770  1512  1526 D SourceCache: Returning stroed ICON FOR-com.motorola.android.buacontactadapter:Phone:
10-28 18:43:18.770  1512  1526 D GroupCache: Encountered source name, blur
10-28 18:43:18.770  1512  1526 D GroupCache: Encountered source name, null
10-28 18:43:18.770  1512  1526 D GroupCache: Encountered source name, facebook
10-28 18:43:18.770  1512  1526 D SourceCache: Returning stroed ICON FOR-com.motorola.blur.service.bsutils.MOTHER_USER_CREDS_TYPE:a0000022712d6a6532772297749992488@random.svcmot.com:facebook
10-28 18:43:18.770  1512  1526 D GroupCache: Encountered source name, facebook
10-28 18:43:18.770  1512  1526 D SourceCache: Returning stroed ICON FOR-com.motorola.blur.service.bsutils.MOTHER_USER_CREDS_TYPE:a0000022712d6a6532772297749992488@random.svcmot.com:facebook
10-28 18:43:18.770  1512  1526 D GroupCache: Notifying observers of the group cache that its state has changed
10-28 18:43:20.317  1316  1316 I AtCmdDelegate: handle message:1
10-28 18:43:20.340  1235  1239 D AlarmManagerService: Kernel timezone updated to 240 minutes west of GMT
10-28 18:43:29.473  1235  1254 D BatteryTempPolicy: updateBatteryTemp temperature = 280, Threshhold = 3
10-28 18:43:29.481  1235  1243 D KeyguardUpdateMonitor: received broadcast android.intent.action.BATTERY_CHANGED
10-28 18:43:29.489  1235  1259 D KeyguardUpdateMonitor: handleBatteryUpdate
10-28 18:43:29.504  1235  1243 D StatusBarPolicy: handleBatteryUpdate
10-28 18:43:29.512  5509  5509 E GlobalUnplugService: plugged = true,mBatteryPlugged=true
10-28 18:43:42.387  6054  6054 D dalvikvm: GC_EXPLICIT freed 4284 objects / 184760 bytes in 85ms
10-28 18:43:42.418  6054  6055 E Database: close() was never explicitly called on database '/data/data/com.snakefish.visms/databases/snakefish_sms' 
10-28 18:43:42.418  6054  6055 E Database: android.database.sqlite.DatabaseObjectNotClosedException: Application did not close the cursor or database object that was opened here
10-28 18:43:42.418  6054  6055 E Database: 	at android.database.sqlite.SQLiteDatabase.<init>(SQLiteDatabase.java:1882)
10-28 18:43:42.418  6054  6055 E Database: 	at android.database.sqlite.SQLiteDatabase.openDatabase(SQLiteDatabase.java:889)
10-28 18:43:42.418  6054  6055 E Database: 	at android.database.sqlite.SQLiteDatabase.openOrCreateDatabase(SQLiteDatabase.java:923)
10-28 18:43:42.418  6054  6055 E Database: 	at android.database.sqlite.SQLiteDatabase.openOrCreateDatabase(SQLiteDatabase.java:916)
10-28 18:43:42.418  6054  6055 E Database: 	at android.app.ContextImpl.openOrCreateDatabase(ContextImpl.java:585)
10-28 18:43:42.418  6054  6055 E Database: 	at android.content.ContextWrapper.openOrCreateDatabase(ContextWrapper.java:203)
10-28 18:43:42.418  6054  6055 E Database: 	at android.database.sqlite.SQLiteOpenHelper.getWritableDatabase(SQLiteOpenHelper.java:98)
10-28 18:43:42.418  6054  6055 E Database: 	at com.snakefish.visms.SmsDbAdapter.open(SmsDbAdapter.java:108)
10-28 18:43:42.418  6054  6055 E Database: 	at com.snakefish.visms.MainChatWindow.onCreate(MainChatWindow.java:76)
10-28 18:43:42.418  6054  6055 E Database: 	at android.app.Instrumentation.callActivityOnCreate(Instrumentation.java:1047)
10-28 18:43:42.418  6054  6055 E Database: 	at android.app.ActivityThread.performLaunchActivity(ActivityThread.java:2701)
10-28 18:43:42.418  6054  6055 E Database: 	at android.app.ActivityThread.handleLaunchActivity(ActivityThread.java:2753)
10-28 18:43:42.418  6054  6055 E Database: 	at android.app.ActivityThread.access$2500(ActivityThread.java:129)
10-28 18:43:42.418  6054  6055 E Database: 	at android.app.ActivityThread$H.handleMessage(ActivityThread.java:2107)
10-28 18:43:42.418  6054  6055 E Database: 	at android.os.Handler.dispatchMessage(Handler.java:99)
10-28 18:43:42.418  6054  6055 E Database: 	at android.os.Looper.loop(Looper.java:143)
10-28 18:43:42.418  6054  6055 E Database: 	at android.app.ActivityThread.main(ActivityThread.java:4701)
10-28 18:43:42.418  6054  6055 E Database: 	at java.lang.reflect.Method.invokeNative(Native Method)
10-28 18:43:42.418  6054  6055 E Database: 	at java.lang.reflect.Method.invoke(Method.java:521)
10-28 18:43:42.418  6054  6055 E Database: 	at com.android.internal.os.ZygoteInit$MethodAndArgsCaller.run(ZygoteInit.java:868)
10-28 18:43:42.418  6054  6055 E Database: 	at com.android.internal.os.ZygoteInit.main(ZygoteInit.java:626)
10-28 18:43:42.418  6054  6055 E Database: 	at dalvik.system.NativeStart.main(Native Method)
10-28 18:43:42.434  6054  6055 W SQLiteCompiledSql: Releasing statement in a finalizer. Please ensure that you explicitly call close() on your cursor: SELECT _id, thread_id, address, person, date FROM inbox GROUP BY thread_id HAVING MAX(date) ORDER BY
10-28 18:43:42.434  6054  6055 W SQLiteCompiledSql: android.database.sqlite.DatabaseObjectNotClosedException: Application did not close the cursor or database object that was opened here
10-28 18:43:42.434  6054  6055 W SQLiteCompiledSql: 	at android.database.sqlite.SQLiteCompiledSql.<init>(SQLiteCompiledSql.java:62)
10-28 18:43:42.434  6054  6055 W SQLiteCompiledSql: 	at android.database.sqlite.SQLiteProgram.<init>(SQLiteProgram.java:80)
10-28 18:43:42.434  6054  6055 W SQLiteCompiledSql: 	at android.database.sqlite.SQLiteQuery.<init>(SQLiteQuery.java:46)
10-28 18:43:42.434  6054  6055 W SQLiteCompiledSql: 	at android.database.sqlite.SQLiteDirectCursorDriver.query(SQLiteDirectCursorDriver.java:42)
10-28 18:43:42.434  6054  6055 W SQLiteCompiledSql: 	at android.database.sqlite.SQLiteDatabase.rawQueryWithFactory(SQLiteDatabase.java:1417)
10-28 18:43:42.434  6054  6055 W SQLiteCompiledSql: 	at android.database.sqlite.SQLiteDatabase.queryWithFactory(SQLiteDatabase.java:1301)
10-28 18:43:42.434  6054  6055 W SQLiteCompiledSql: 	at android.database.sqlite.SQLiteDatabase.query(SQLiteDatabase.java:1256)
10-28 18:43:42.434  6054  6055 W SQLiteCompiledSql: 	at android.database.sqlite.SQLiteDatabase.query(SQLiteDatabase.java:1336)
10-28 18:43:42.434  6054  6055 W SQLiteCompiledSql: 	at com.snakefish.visms.SmsDbAdapter.fetchAllThreads(SmsDbAdapter.java:197)
10-28 18:43:42.434  6054  6055 W SQLiteCompiledSql: 	at com.snakefish.visms.ConversationsActivity.fillInbox(ConversationsActivity.java:145)
10-28 18:43:42.434  6054  6055 W SQLiteCompiledSql: 	at com.snakefish.visms.ConversationsActivity.onCreate(ConversationsActivity.java:79)
10-28 18:43:42.434  6054  6055 W SQLiteCompiledSql: 	at android.app.Instrumentation.callActivityOnCreate(Instrumentation.java:1047)
10-28 18:43:42.434  6054  6055 W SQLiteCompiledSql: 	at android.app.ActivityThread.performLaunchActivity(ActivityThread.java:2701)
10-28 18:43:42.434  6054  6055 W SQLiteCompiledSql: 	at android.app.ActivityThread.handleLaunchActivity(ActivityThread.java:2753)
10-28 18:43:42.434  6054  6055 W SQLiteCompiledSql: 	at android.app.ActivityThread.access$2500(ActivityThread.java:129)
10-28 18:43:42.434  6054  6055 W SQLiteCompiledSql: 	at android.app.ActivityThread$H.handleMessage(ActivityThread.java:2107)
10-28 18:43:42.434  6054  6055 W SQLiteCompiledSql: 	at android.os.Handler.dispatchMessage(Handler.java:99)
10-28 18:43:42.434  6054  6055 W SQLiteCompiledSql: 	at android.os.Looper.loop(Looper.java:143)
10-28 18:43:42.434  6054  6055 W SQLiteCompiledSql: 	at android.app.ActivityThread.main(ActivityThread.java:4701)
10-28 18:43:42.434  6054  6055 W SQLiteCompiledSql: 	at java.lang.reflect.Method.invokeNative(Native Method)
10-28 18:43:42.434  6054  6055 W SQLiteCompiledSql: 	at java.lang.reflect.Method.invoke(Method.java:521)
10-28 18:43:42.434  6054  6055 W SQLiteCompiledSql: 	at com.android.internal.os.ZygoteInit$MethodAndArgsCaller.run(ZygoteInit.java:868)
10-28 18:43:42.434  6054  6055 W SQLiteCompiledSql: 	at com.android.internal.os.ZygoteInit.main(ZygoteInit.java:626)
10-28 18:43:42.434  6054  6055 W SQLiteCompiledSql: 	at dalvik.system.NativeStart.main(Native Method)
10-28 18:43:42.442  6054  6055 E Database: close() was never explicitly called on database '/data/data/com.snakefish.visms/databases/snakefish_sms' 
10-28 18:43:42.442  6054  6055 E Database: android.database.sqlite.DatabaseObjectNotClosedException: Application did not close the cursor or database object that was opened here
10-28 18:43:42.442  6054  6055 E Database: 	at android.database.sqlite.SQLiteDatabase.<init>(SQLiteDatabase.java:1882)
10-28 18:43:42.442  6054  6055 E Database: 	at android.database.sqlite.SQLiteDatabase.openDatabase(SQLiteDatabase.java:889)
10-28 18:43:42.442  6054  6055 E Database: 	at android.database.sqlite.SQLiteDatabase.openOrCreateDatabase(SQLiteDatabase.java:923)
10-28 18:43:42.442  6054  6055 E Database: 	at android.database.sqlite.SQLiteDatabase.openOrCreateDatabase(SQLiteDatabase.java:916)
10-28 18:43:42.442  6054  6055 E Database: 	at android.app.ContextImpl.openOrCreateDatabase(ContextImpl.java:585)
10-28 18:43:42.442  6054  6055 E Database: 	at android.content.ContextWrapper.openOrCreateDatabase(ContextWrapper.java:203)
10-28 18:43:42.442  6054  6055 E Database: 	at android.database.sqlite.SQLiteOpenHelper.getWritableDatabase(SQLiteOpenHelper.java:98)
10-28 18:43:42.442  6054  6055 E Database: 	at com.snakefish.visms.SmsDbAdapter.open(SmsDbAdapter.java:108)
10-28 18:43:42.442  6054  6055 E Database: 	at com.snakefish.visms.ConversationsActivity.onCreate(ConversationsActivity.java:61)
10-28 18:43:42.442  6054  6055 E Database: 	at android.app.Instrumentation.callActivityOnCreate(Instrumentation.java:1047)
10-28 18:43:42.442  6054  6055 E Database: 	at android.app.ActivityThread.performLaunchActivity(ActivityThread.java:2701)
10-28 18:43:42.442  6054  6055 E Database: 	at android.app.ActivityThread.handleLaunchActivity(ActivityThread.java:2753)
10-28 18:43:42.442  6054  6055 E Database: 	at android.app.ActivityThread.access$2500(ActivityThread.java:129)
10-28 18:43:42.442  6054  6055 E Database: 	at android.app.ActivityThread$H.handleMessage(ActivityThread.java:2107)
10-28 18:43:42.442  6054  6055 E Database: 	at android.os.Handler.dispatchMessage(Handler.java:99)
10-28 18:43:42.442  6054  6055 E Database: 	at android.os.Looper.loop(Looper.java:143)
10-28 18:43:42.442  6054  6055 E Database: 	at android.app.ActivityThread.main(ActivityThread.java:4701)
10-28 18:43:42.442  6054  6055 E Database: 	at java.lang.reflect.Method.invokeNative(Native Method)
10-28 18:43:42.442  6054  6055 E Database: 	at java.lang.reflect.Method.invoke(Method.java:521)
10-28 18:43:42.442  6054  6055 E Database: 	at com.android.internal.os.ZygoteInit$MethodAndArgsCaller.run(ZygoteInit.java:868)
10-28 18:43:42.442  6054  6055 E Database: 	at com.android.internal.os.ZygoteInit.main(ZygoteInit.java:626)
10-28 18:43:42.442  6054  6055 E Database: 	at dalvik.system.NativeStart.main(Native Method)
10-28 18:43:42.450  6054  6055 E Database: close() was never explicitly called on database '/data/data/com.snakefish.visms/databases/snakefish_sms' 
10-28 18:43:42.450  6054  6055 E Database: android.database.sqlite.DatabaseObjectNotClosedException: Application did not close the cursor or database object that was opened here
10-28 18:43:42.450  6054  6055 E Database: 	at android.database.sqlite.SQLiteDatabase.<init>(SQLiteDatabase.java:1882)
10-28 18:43:42.450  6054  6055 E Database: 	at android.database.sqlite.SQLiteDatabase.openDatabase(SQLiteDatabase.java:889)
10-28 18:43:42.450  6054  6055 E Database: 	at android.database.sqlite.SQLiteDatabase.openOrCreateDatabase(SQLiteDatabase.java:923)
10-28 18:43:42.450  6054  6055 E Database: 	at android.database.sqlite.SQLiteDatabase.openOrCreateDatabase(SQLiteDatabase.java:916)
10-28 18:43:42.450  6054  6055 E Database: 	at android.app.ContextImpl.openOrCreateDatabase(ContextImpl.java:585)
10-28 18:43:42.450  6054  6055 E Database: 	at android.content.ContextWrapper.openOrCreateDatabase(ContextWrapper.java:203)
10-28 18:43:42.450  6054  6055 E Database: 	at android.database.sqlite.SQLiteOpenHelper.getWritableDatabase(SQLiteOpenHelper.java:98)
10-28 18:43:42.450  6054  6055 E Database: 	at com.snakefish.visms.SmsDbAdapter.open(SmsDbAdapter.java:108)
10-28 18:43:42.450  6054  6055 E Database: 	at com.snakefish.visms.MainChatWindow.onCreate(MainChatWindow.java:76)
10-28 18:43:42.450  6054  6055 E Database: 	at android.app.Instrumentation.callActivityOnCreate(Instrumentation.java:1047)
10-28 18:43:42.450  6054  6055 E Database: 	at android.app.ActivityThread.performLaunchActivity(ActivityThread.java:2701)
10-28 18:43:42.450  6054  6055 E Database: 	at android.app.ActivityThread.handleLaunchActivity(ActivityThread.java:2753)
10-28 18:43:42.450  6054  6055 E Database: 	at android.app.ActivityThread.access$2500(ActivityThread.java:129)
10-28 18:43:42.450  6054  6055 E Database: 	at android.app.ActivityThread$H.handleMessage(ActivityThread.java:2107)
10-28 18:43:42.450  6054  6055 E Database: 	at android.os.Handler.dispatchMessage(Handler.java:99)
10-28 18:43:42.450  6054  6055 E Database: 	at android.os.Looper.loop(Looper.java:143)
10-28 18:43:42.450  6054  6055 E Database: 	at android.app.ActivityThread.main(ActivityThread.java:4701)
10-28 18:43:42.450  6054  6055 E Database: 	at java.lang.reflect.Method.invokeNative(Native Method)
10-28 18:43:42.450  6054  6055 E Database: 	at java.lang.reflect.Method.invoke(Method.java:521)
10-28 18:43:42.450  6054  6055 E Database: 	at com.android.internal.os.ZygoteInit$MethodAndArgsCaller.run(ZygoteInit.java:868)
10-28 18:43:42.450  6054  6055 E Database: 	at com.android.internal.os.ZygoteInit.main(ZygoteInit.java:626)
10-28 18:43:42.450  6054  6055 E Database: 	at dalvik.system.NativeStart.main(Native Method)
10-28 18:44:00.020  1235  1243 D KeyguardUpdateMonitor: received broadcast android.intent.action.TIME_TICK
10-28 18:44:00.020  1235  1259 D KeyguardUpdateMonitor: handleTimeUpdate
10-28 18:44:04.317  1235  1347 D dalvikvm: GC_FOR_MALLOC freed 44352 objects / 1977344 bytes in 138ms
10-28 18:44:08.053  1235  1258 I WindowManager: Setting rotation to 0, animFlags=1
10-28 18:44:08.059  1235  1258 I ActivityManager: Config changed: { scale=1.0 imsi=310/4 loc=en_US touch=3 keys=2/1/2 nav=2/1 orien=1 layout=34 uiMode=17 seq=26}
10-28 18:44:08.129  1235  1258 I UsageStats: Unexpected resume of com.motorola.blur.home while already resumed in com.motorola.blur.home
10-28 18:44:08.207  1340  1340 W Launcher: HAO - Locked=0, Current=1, is landscape?=false
10-28 18:44:08.387  1317  1501 D DSCP    : Broadcasting home_orientation
10-28 18:44:08.481  1544  1544 V Mms     : onConfigurationChanged
10-28 18:44:08.528  1844  1844 W WidgetAidService: BroadcastReceiver onReceive called
10-28 18:44:08.536  1844  1844 D WidgetAidService: ACTION_HOME_SCREEN_CHANGED - -1
10-28 18:44:08.543  1844  1844 D WidgetAidService: HomeScreen has lost focus, store the previous state and move to pause
10-28 18:44:08.543  1844  1844 D WidgetAidService: Ignoring the HOME_SCREEN_CHANGED notification as the player is either in paused/playing state
10-28 18:44:08.543  1844  1844 W WidgetAidService: BroadcastReceiver onReceive called
10-28 18:44:08.543  1844  1844 D WidgetAidService: ACTION_HOME_SCREEN_CHANGED - 3
10-28 18:44:08.543  1844  1844 D WidgetAidService: HomeScreen gained focus/panned
10-28 18:44:08.551  1844  1844 D WidgetAidService: widgetScreenIndex - 5
10-28 18:44:08.567  1235  1239 W InputManagerService: Starting input on non-focused client com.android.internal.view.IInputMethodClient$Stub$Proxy@45d20d90 (uid=10089 pid=1865)
10-28 18:44:08.575  1235  2033 W InputManagerService: Starting input on non-focused client com.android.internal.view.IInputMethodClient$Stub$Proxy@45d20d90 (uid=10089 pid=1865)
10-28 18:44:08.614  1325  1611 I SyncActivityLog: not:Local change notification received for clientsettings/blur
10-28 18:44:08.614  1325  1611 V SncNtfctnRcvr: Enqueueing sync task for BlurSetupSyncHandler
10-28 18:44:08.700  1325  1611 I SyncActivityLog: not:Received notification for BlurSetupSyncHandler.  Delay of 5000 ms with signature 59423681.
10-28 18:44:08.747  1836  1836 I WifiToggle: OnReceive
10-28 18:44:08.747  1836  1836 I WifiToggle: getServiceState.DISABLED_STATE
10-28 18:44:08.747  1836  1836 I WifiToggle: UpdateWidget - currentState=DISABLED_STATE
10-28 18:44:08.747  1836  1836 I WifiToggle: updateButtons
10-28 18:44:08.825  1447  1447 D ChipWidgetProvider: Received intent Intent { act=com.motorola.blur.home.ACTION_SET_WIDGET_SIZE cmp=com.motorola.blur.home.status/.StatusWidgetProvider (has extras) }
10-28 18:44:08.825  1447  1447 D ChipWidgetProvider: a22417 debug in chipwidgetprovider function updatewidget the pendingUpdates is :android.util.SparseIntArray@45a2e268
10-28 18:44:08.832  1447  1986 D StatusWidgetProvider: doUpdateWidget x: 4 y: 1
10-28 18:44:08.848  1447  1447 D ChipWidgetProvider: Received intent Intent { act=com.motorola.blur.home.ACTION_WIDGET_ADDED cmp=com.motorola.blur.home.status/.StatusWidgetProvider (has extras) }
10-28 18:44:08.895  1424  1424 D ChipWidgetProvider: Received intent Intent { act=com.motorola.blur.home.ACTION_SET_WIDGET_SIZE cmp=com.motorola.blur.friendfeed/.widget.SocialWidgetProvider (has extras) }
10-28 18:44:08.903  1424  1424 D ChipWidgetProvider: a22417 debug in chipwidgetprovider function updatewidget the pendingUpdates is :android.util.SparseIntArray@459efd78
10-28 18:44:08.918  1424  1448 D SocialWidgetProvider: doUpdateWidget id: 2 x: 4 y: 1
10-28 18:44:08.918  1424  1424 D ChipWidgetProvider: Received intent Intent { act=com.motorola.blur.home.ACTION_WIDGET_ADDED cmp=com.motorola.blur.friendfeed/.widget.SocialWidgetProvider (has extras) }
10-28 18:44:08.926  1424  1448 D SocialWidgetProvider: filterType: 0
10-28 18:44:08.926  1424  1448 D SocialWidgetProvider: filter: read_state=1 AND pub_date>1288219448933 AND owner=0
10-28 18:44:08.965  1836  1836 I WifiToggle: OnReceive
10-28 18:44:08.965  1836  1836 I WifiToggle: getServiceState.DISABLED_STATE
10-28 18:44:08.965  1836  1836 I WifiToggle: UpdateWidget - currentState=DISABLED_STATE
10-28 18:44:08.973  1836  1836 I WifiToggle: updateButtons
10-28 18:44:08.997  1836  1836 I BluetoothToggle: OnReceive
10-28 18:44:08.997  1836  1836 I BluetoothToggle: getServiceState
10-28 18:44:08.997  1836  1836 I BluetoothToggle: getServiceState.DISABLED_STATE
10-28 18:44:08.997  1836  1836 I BluetoothToggle: UpdateWidget - currentState=DISABLED_STATE
10-28 18:44:08.997  1836  1836 I BluetoothToggle: updateButtons
10-28 18:44:08.997  1447  1986 D DateUtil: now.getTimeZone(): Eastern Standard Time
10-28 18:44:09.020  1836  1836 I GpsToggle: OnReceive
10-28 18:44:09.020  1836  1836 I GpsToggle: getServiceState.DISABLED_STATE
10-28 18:44:09.020  1836  1836 I GpsToggle: UpdateWidget - currentState=DISABLED_STATE
10-28 18:44:09.028  1836  1836 I GpsToggle: updateButtons
10-28 18:44:09.051  1836  1836 I AirplaneModeToggle: OnReceive
10-28 18:44:09.051  1836  1836 I AirplaneModeToggle: getServiceState.DISABLED_STATE
10-28 18:44:09.051  1836  1836 I AirplaneModeToggle: UpdateWidget - currentState=DISABLED_STATE
10-28 18:44:09.051  1836  1836 I AirplaneModeToggle: updateButtons
10-28 18:44:09.075  1447  1986 D DateUtil: now.getTimeZone(): Eastern Standard Time
10-28 18:44:09.129  1408  1408 D ChipWidgetProvider: Received intent Intent { act=com.motorola.blur.home.ACTION_SET_WIDGET_SIZE cmp=com.motorola.blur.weather/.WeatherWidgetProvider (has extras) }
10-28 18:44:09.129  1408  1408 D ChipWidgetProvider: a22417 debug in chipwidgetprovider function updatewidget the pendingUpdates is :android.util.SparseIntArray@459d30a0
10-28 18:44:09.145  1408  1428 I WeatherWidgetProvider: doUpdateWidget 7 x:4 y:1
10-28 18:44:09.145  1408  1408 D ChipWidgetProvider: Received intent Intent { act=com.motorola.blur.home.ACTION_WIDGET_ADDED cmp=com.motorola.blur.weather/.WeatherWidgetProvider (has extras) }
10-28 18:44:09.145  1408  1408 D WeatherWidgetProvider: WeatherLoop, onAdded new=false
10-28 18:44:09.153  1408  1428 I WeatherWidgetProvider: ****** settings {"displayName":"Weather","location_codes":[],"temperature_unit":"Fahrenheit"}
10-28 18:44:09.168  1408  1428 I WeatherWidgetProvider: isPortrait is true
10-28 18:44:09.176  1408  1428 I WeatherWidgetProvider: ******* temp1
10-28 18:44:09.176  1408  1428 I WeatherWidgetProvider: ******* temp2
10-28 18:44:09.184  1408  1408 D WeatherWidgetProvider: Weather onAdded - settings={"displayName":"Weather","location_codes":[],"temperature_unit":"Fahrenheit"}
10-28 18:44:09.184  1408  1408 D WeatherUtil: **** checkIfCurrentLocationForecastExists current location exists in forecasts table
10-28 18:44:09.192  1408  1408 D WeatherUtil: Current location already present in Forecasts table
10-28 18:44:09.223  1424  1448 D SocialWidgetProvider: ===== getImageDimens: width=103 height=141
10-28 18:44:09.223  1424  1448 D BlurContactsExtensions: ===== targetSize: width=103 height=141
10-28 18:44:09.286  1408  1428 I WeatherWidgetProvider: ******* temp3
10-28 18:44:09.301  1424  1448 D BlurContactsExtensions: ===== imageStream: imageWidth=100 imageHeight=154
10-28 18:44:09.333  1424  1448 D BlurContactsExtensions: ===== Using default android decode api...
10-28 18:44:09.340  1424  1448 D BlurContactsExtensions: ===== Android image decode:  downSample=1 downScaleX=0 downScaleY=1
10-28 18:44:09.372  1340  1340 D dalvikvm: GC_EXTERNAL_ALLOC freed 5384 objects / 331576 bytes in 81ms
10-28 18:44:09.403  1563  1563 D ChipWidgetProvider: Received intent Intent { act=com.motorola.blur.home.ACTION_SET_WIDGET_SIZE cmp=com.android.providers.calendar/.CalendarWidgetProvider (has extras) }
10-28 18:44:09.403  1563  1563 D ChipWidgetProvider: a22417 debug in chipwidgetprovider function updatewidget the pendingUpdates is :android.util.SparseIntArray@4592c4a0
10-28 18:44:09.418  1563  1563 D ChipWidgetProvider: Received intent Intent { act=com.motorola.blur.home.ACTION_WIDGET_ADDED cmp=com.android.providers.calendar/.CalendarWidgetProvider (has extras) }
10-28 18:44:09.481  1424  1448 D BlurContactsExtensions: ===== Cropping img: cropWidth=100 cropHeight=136
10-28 18:44:09.504  1466  1466 D ChipWidgetProvider: Received intent Intent { act=com.motorola.blur.home.ACTION_SET_WIDGET_SIZE cmp=com.motorola.blur.home.message/.MessageWidgetProvider (has extras) }
10-28 18:44:09.512  1466  1466 D ChipWidgetProvider: a22417 debug in chipwidgetprovider function updatewidget the pendingUpdates is :android.util.SparseIntArray@459eb0e8
10-28 18:44:09.551  1466  1466 D ChipWidgetProvider: Received intent Intent { act=com.motorola.blur.home.ACTION_WIDGET_ADDED cmp=com.motorola.blur.home.message/.MessageWidgetProvider (has extras) }
10-28 18:44:09.559  1563  6166 D CalAppWidgetService: SERVICE RUN: widgetId: 9
10-28 18:44:09.559  1563  6166 D CalAppWidgetService: spanX: 4
10-28 18:44:09.559  1563  6166 D CalAppWidgetService: spanX: 1
10-28 18:44:09.559  1466  6167 V ServiceThreadPool: beforeExecute():  active threads: 1, current pool size: 5, largest pool size: 8
10-28 18:44:09.559  1466  6167 V MessageWidgetProvider: initialized CharsetUtil in0ms
10-28 18:44:09.567  1408  1408 D WeatherService: TEMPLOG: got intent in PollingManagerCallback, intent=Intent { act=com.motorola.blur.weather.UPDATE_STALE_FORECASTS }
10-28 18:44:09.606  1563  6166 D CalAppWidgetService: Widget Calendar Selection string: Calendars.SELECTED=1
10-28 18:44:09.629  1844  1844 D ChipWidgetProvider: Received intent Intent { act=com.motorola.blur.home.ACTION_WIDGET_ADDED cmp=com.motorola.photowidget/.PhotoWidgetAppProvider (has extras) }
10-28 18:44:09.629  1844  1844 V PhotoWidgetAppProvider: onAdded called appWidgetId- 17 New Widget flag- false
10-28 18:44:09.661  1447  1447 D ChipWidgetProvider: Received intent Intent { act=com.motorola.blur.home.ACTION_SET_WIDGET_SIZE cmp=com.motorola.blur.news/.widget.NewsWidgetProvider (has extras) }
10-28 18:44:09.661  1447  1447 D ChipWidgetProvider: a22417 debug in chipwidgetprovider function updatewidget the pendingUpdates is :android.util.SparseIntArray@459d00c0
10-28 18:44:09.676  1447  1447 D ChipWidgetProvider: Received intent Intent { act=com.motorola.blur.home.ACTION_WIDGET_ADDED cmp=com.motorola.blur.news/.widget.NewsWidgetProvider (has extras) }
10-28 18:44:09.731  1447  1467 D DateUtil: now.getTimeZone(): Eastern Standard Time
10-28 18:44:09.762  1447  1447 D ChipWidgetProvider: Received intent Intent { act=com.motorola.blur.home.ACTION_SET_WIDGET_SIZE cmp=com.motorola.blur.news/.widget.NewsWidgetProvider (has extras) }
10-28 18:44:09.762  1447  1447 D ChipWidgetProvider: a22417 debug in chipwidgetprovider function updatewidget the pendingUpdates is :android.util.SparseIntArray@459d00c0
10-28 18:44:09.778  1447  1447 D ChipWidgetProvider: Received intent Intent { act=com.motorola.blur.home.ACTION_WIDGET_ADDED cmp=com.motorola.blur.news/.widget.NewsWidgetProvider (has extras) }
10-28 18:44:09.895  1408  1408 D WeatherService: TEMPLOG: got ACTION_UPDATE_STALE_FORECASTS intent
10-28 18:44:09.903  1424  1448 D DateUtil: now.getTimeZone(): Eastern Standard Time
10-28 18:44:09.950  1408  1408 I WeatherService: Received a request to update all stale forecasts
10-28 18:44:09.950  1340  1340 D dalvikvm: GC_EXPLICIT freed 6130 objects / 328608 bytes in 43ms
10-28 18:44:09.965  1408  1819 D WeatherService: TEMPLOG: loop_id from intent-1
10-28 18:44:09.965  1408  1819 D TEMP    : updateStaleForecasts loopID=-1
10-28 18:44:09.997  1408  1819 I WeatherService: ***updateStale
10-28 18:44:10.043  1340  1340 D dalvikvm: GC_EXPLICIT freed 4974 objects / 236712 bytes in 52ms
10-28 18:44:10.098  1340  1340 D dalvikvm: GC_EXPLICIT freed 2451 objects / 119728 bytes in 42ms
10-28 18:44:10.145  1340  1340 D dalvikvm: GC_EXPLICIT freed 120 objects / 4384 bytes in 41ms
10-28 18:44:10.176  1408  1819 D WeatherService: TEMPLOG: updateCurrentLocationForecast, loopID=-1
10-28 18:44:10.192  1340  1340 D dalvikvm: GC_EXPLICIT freed 111 objects / 4008 bytes in 44ms
10-28 18:44:10.239  1340  1340 D dalvikvm: GC_EXPLICIT freed 111 objects / 4000 bytes in 43ms
10-28 18:44:10.286  1424  1448 V SocialWidgetProvider: DisplayName: Ryan Sweitzer for RawContactId: 531
10-28 18:44:10.309  1340  1340 D dalvikvm: GC_EXPLICIT freed 2227 objects / 105392 bytes in 48ms
10-28 18:44:10.364  1340  1340 D dalvikvm: GC_EXPLICIT freed 1804 objects / 83984 bytes in 46ms
10-28 18:44:10.426  1340  1340 D dalvikvm: GC_EXPLICIT freed 2517 objects / 116560 bytes in 45ms
10-28 18:44:10.536  1340  1340 D dalvikvm: GC_EXPLICIT freed 118 objects / 4528 bytes in 100ms
10-28 18:44:10.590  1424  1448 D SocialWidgetProvider: updated id 2:READY TO RAGE
10-28 18:44:10.614  1235  1257 D dalvikvm: GC_EXPLICIT freed 17860 objects / 778992 bytes in 134ms
10-28 18:44:10.645  1340  1340 D dalvikvm: GC_EXPLICIT freed 168 objects / 6224 bytes in 106ms
10-28 18:44:10.661  1317  1334 D BlurSNMessagingEngine: SNMessagingProvider::getDatabase called
10-28 18:44:10.700  1340  1340 D dalvikvm: GC_EXPLICIT freed 193 objects / 7128 bytes in 56ms
10-28 18:44:10.770  1466  6168 V ServiceThreadPool: beforeExecute():  active threads: 1, current pool size: 5, largest pool size: 8
10-28 18:44:10.770  1563  6166 D CalAppWidgetService: WVGA device
10-28 18:44:10.786  1340  1340 D dalvikvm: GC_EXPLICIT freed 6412 objects / 455096 bytes in 46ms
10-28 18:44:10.848  1563  6166 D CalAppWidgetService: 4x1
10-28 18:44:10.872  1340  1340 D dalvikvm: GC_EXPLICIT freed 739 objects / 44608 bytes in 55ms
10-28 18:44:10.911  1340  1340 D dalvikvm: GC_EXPLICIT freed 203 objects / 7840 bytes in 43ms
10-28 18:44:10.958  1466  6168 V MessageWidgetProvider: initialized CharsetUtil in0ms
10-28 18:44:10.965  1563  6166 D CalAppWidgetService: setHeader() - went into high density if
10-28 18:44:10.965  1340  1340 D dalvikvm: GC_EXPLICIT freed 464 objects / 17248 bytes in 44ms
10-28 18:44:11.028  1340  1340 D dalvikvm: GC_EXPLICIT freed 605 objects / 23616 bytes in 40ms
10-28 18:44:11.075  1340  1340 D dalvikvm: GC_EXPLICIT freed 91 objects / 3424 bytes in 41ms
10-28 18:44:11.122  1563  6166 D CalAppWidgetService: no requested update or expired wakelock, bailing
10-28 18:44:11.122  1340  1340 D dalvikvm: GC_EXPLICIT freed 53 objects / 2640 bytes in 42ms
10-28 18:44:11.161  1408  1819 D AWClient: TEMPLOG: getWeatherHelper locationCode=null latitude=43.094913482666016 longitude=-77.68733215332031
10-28 18:44:11.184  1340  1340 D dalvikvm: GC_EXPLICIT freed 599 objects / 21992 bytes in 50ms
10-28 18:44:11.200  3823  6169 I zomut.watchdog.monitor: init
10-28 18:44:11.200  3823  6169 I zomut.watchdog.monitor: begin
10-28 18:44:11.270  3823  6169 D dalvikvm: GC_FOR_MALLOC freed 6140 objects / 551712 bytes in 35ms
10-28 18:44:11.340  3823  6169 D dalvikvm: GC_FOR_MALLOC freed 3042 objects / 507368 bytes in 35ms
10-28 18:44:11.418  3823  6169 D dalvikvm: GC_FOR_MALLOC freed 3047 objects / 514368 bytes in 36ms
10-28 18:44:11.497  1408  1819 I AWClient: **** HTTP URI is http://motox.accu-weather.com/widget/motox/forecast-feed.asp?lat=43.094913482666016&lon=-77.68733215332031&metric=1&langId=eng
10-28 18:44:11.497  3823  6169 I zomut.watchdog.monitor: end
10-28 18:44:11.497  1408  1819 D AWClient: requesting weather forecast using uri: http://motox.accu-weather.com/widget/motox/forecast-feed.asp?lat=43.094913482666016&lon=-77.68733215332031&metric=1&langId=eng
10-28 18:44:11.895  1408  1819 D dalvikvm: GC_FOR_MALLOC freed 8700 objects / 996200 bytes in 33ms
10-28 18:44:12.067  1408  1819 D AWClient: http client execute done
10-28 18:44:12.333  1316  1316 I AtCmdDelegate: handle message:1
10-28 18:44:12.364  1235  1235 D AlarmManagerService: Kernel timezone updated to 240 minutes west of GMT
10-28 18:44:12.387  1408  1819 I WeatherService: ** updateForecastForCurrentLocation
10-28 18:44:12.395  1408  1408 D ChipWidgetProvider: Received intent Intent { act=com.motorola.blur.weather.ACTION_FORECAST_UPDATE cmp=com.motorola.blur.weather/.WeatherWidgetProvider }
10-28 18:44:12.395  1408  1408 D ChipWidgetProvider: a22417 debug in chipwidgetprovider function updatewidget the pendingUpdates is :android.util.SparseIntArray@459d30a0
10-28 18:44:12.403  1408  1820 I WeatherWidgetProvider: doUpdateWidget 7 x:4 y:1
10-28 18:44:12.418  1408  1820 I WeatherWidgetProvider: ****** settings {"displayName":"Weather","location_codes":[],"temperature_unit":"Fahrenheit"}
10-28 18:44:12.473  1408  1820 I WeatherWidgetProvider: isPortrait is true
10-28 18:44:12.473  1408  1820 I WeatherWidgetProvider: ******* temp1
10-28 18:44:12.473  1408  1820 I WeatherWidgetProvider: ******* temp2
10-28 18:44:12.481  1408  1819 V WeatherService: No locations that meet the criteria, forecast._id >= 0 
10-28 18:44:12.489  1408  1820 I WeatherWidgetProvider: ******* temp3
10-28 18:44:12.559  1340  1340 D dalvikvm: GC_EXPLICIT freed 482 objects / 18112 bytes in 46ms
10-28 18:44:12.575  1408  1820 W ChipWidgetProvider: Widget span not found for id=27
10-28 18:44:12.575  1408  1820 I WeatherWidgetProvider: doUpdateWidget 27 x:2 y:1
10-28 18:44:12.590  1408  1819 D WeatherService: There are no stale locations found in database
10-28 18:44:12.590  1408  1820 I WeatherWidgetProvider: isPortrait is true
10-28 18:44:12.590  1408  1820 I WeatherWidgetProvider: ******* temp1
10-28 18:44:12.590  1408  1820 I WeatherWidgetProvider: ******* temp2
10-28 18:44:12.606  1408  1820 I WeatherWidgetProvider: ******* temp4
10-28 18:44:13.124  1235  1243 V DeviceStorageMonitorService: freeMemory=6643802112
10-28 18:44:13.124  1235  1243 V DeviceStorageMonitorService: Threshold Percentage=10
10-28 18:44:13.124  1235  1243 V DeviceStorageMonitorService: mTotalMemory = 70264913
10-28 18:44:13.124  1235  1243 I DeviceStorageMonitorService: Posting Message again
10-28 18:44:13.702  1325  1611 V SyncActivityLog: not:Stored signature 59423681 for BlurSetupSyncHandler matches 59423681.  Enqueueing.
10-28 18:44:13.702  1325  1611 V SyncEngineController: Enqueuing BlurSetupSyncHandler.  Previous task is done.
10-28 18:44:13.786  1325  1611 I SyncActivityLog: not:Creating new sync task for handler name BlurSetupSyncHandler.  Queue size 0.  Forced false
10-28 18:44:14.145  1325  1984 I SyncActivityLog: ctlr:Starting sync task for BlurSetupSyncHandler
10-28 18:44:14.184  1325  1984 I SyncActivityLog: ctlr:Still enqueued: BlurSetupSyncHandler; 
10-28 18:44:14.192  1325  1984 V ServiceBinder: bind() 0, Intent { act=com.motorola.blur.setup.SetupSyncHandler }
10-28 18:44:14.223  1317  1317 V BlurSyncProtocolHandler: {com.motorola.blur.sync.app.SharedPrefs.PROHIBIT_BATCHING_5=false}
10-28 18:44:14.223  1317  1317 V BlurSyncProtocolHandler: com.motorola.blur.sync.app.SharedPrefs.PROHIBIT_BATCHING_5:false
10-28 18:44:14.231  1317  1317 D BlurSSHS: onBind()
10-28 18:44:14.231  1325  1325 V ServiceBinder: onServiceConnected() ComponentInfo{com.motorola.blur.setupprovider/com.motorola.blur.setupprovider.SetupSyncHandlerService}
10-28 18:44:14.239  1325  1984 V SyncActivityLog: ctlr:Executing sync protocol for BlurSetupSyncHandler. Sync is not forced.
10-28 18:44:14.239  1317  2523 V BlurSyncProtocolHandler: executeSync: handlerName: BlurSetupSyncHandler, isForced: false
10-28 18:44:14.247  1317  6170 V BlurSyncProtocolHandler: Beginning sync of Setup Sync Handler.  Forced: false. Batching prohibited: false. Timeout of 600 seconds for completion.
10-28 18:44:14.301  1325  2181 I SyncActivityLog: prot:Setup Sync Handler: Starting sync
10-28 18:44:14.356  1325  2967 I SyncActivityLog: prot:Setup Sync Handler: Checking adapter for client changes since sync is unforced
10-28 18:44:14.418  1317  6170 V 2WySncPrtclMdtr: Client has changes, so executing sync.
10-28 18:44:14.473  1325  1358 I SyncActivityLog: prot:Setup Sync Handler: Getting the client's last anchor
10-28 18:44:14.528  1317  6170 I SetupSyncAdapter: getLastClientAnchor: 659
10-28 18:44:14.536  1317  6170 V 2WySncPrtclMdtr: Client is at anchor 659
10-28 18:44:14.536  1317  6170 V ServiceBinder: bind() 0, Intent { act=com.motorola.blur.service.blur.Actions.BIND_SYNC_WSPROXY_SVC }
10-28 18:44:14.536  1317  1317 V ServiceBinder: onServiceConnected() ComponentInfo{com.motorola.blur.service.blur/com.motorola.blur.service.blur.sync.ws.impl.BlurSyncWSClient2}
10-28 18:44:14.606  1325  1909 I SyncActivityLog: prot:Setup Sync Handler: Calling Blur ws update through proxy.  Attempt 1
10-28 18:44:14.676  1325  1800 V SyncActivityLog: prot:Cache miss for sync app id 5. Must make batching call to cloud.
10-28 18:44:14.770  1325  1800 V SyncUpdateManager: Batching app ids: [20, 60, 50, 40, 70, 31, 80, 2, 5]; is secure: false
10-28 18:44:14.793  1325  1630 D WSBase  : processing request: sync/1/updates
10-28 18:44:15.168  1325  1630 I WSBase  : doRequest(): url: http://ws-cloud216-blur.svcmot.com:80/blur-services-1.0/ws/sync/1/updates/0000019A50D8/4503599654260952?k=android&l=100000019a50d8&f=pb&p=163&h=6s4hi.cHDmQ8qot6ESjbyp0n/mf&of=0&ssl=0
10-28 18:44:15.473  1325  1630 D dalvikvm: GC_FOR_MALLOC freed 9465 objects / 744208 bytes in 154ms
10-28 18:44:15.801  1325  1800 V SyncActivityLog: prot:Client sync app id 20 is already up-to-date.
10-28 18:44:15.817  1325  1630 D WSBase  : doRequest(): sync/1/updates resp length: 1018
10-28 18:44:15.848  1325  1800 V SyncActivityLog: prot:Client sync app id 60 is already up-to-date.
10-28 18:44:15.864  1325  1800 V SyncActivityLog: prot:Client sync app id 50 is already up-to-date.
10-28 18:44:15.903  1325  1800 V SyncActivityLog: prot:Caching update for sync app id 40 from anchor 78859031233430501 to 78859031233430513 and is_more false
10-28 18:44:15.981  1325  1800 I SyncActivityLog: not:Forcing sync now of sync app id 40
10-28 18:44:16.051  1325  1800 I SyncActivityLog: not:Received notification for BlurSNFriendsSyncHandler.  Delay of 0 ms with signature 59431044.
10-28 18:44:16.059  1325  1611 V SyncActivityLog: not:Stored signature 59431044 for BlurSNFriendsSyncHandler matches 59431044.  Enqueueing.
10-28 18:44:16.059  1325  1611 V SyncEngineController: Enqueuing BlurSNFriendsSyncHandler.  Previous task is done.
10-28 18:44:16.059  1325  1800 V SyncActivityLog: prot:Client sync app id 70 is already up-to-date.
