10-28 20:19:16.676  1836  1836 I WifiToggle: getServiceState.DISABLED_STATE
10-28 20:19:16.676  1836  1836 I WifiToggle: UpdateWidget - currentState=DISABLED_STATE
10-28 20:19:16.676  1836  1836 I WifiToggle: updateButtons
10-28 20:19:16.707  1836  1836 I BluetoothToggle: OnReceive
10-28 20:19:16.707  1836  1836 I BluetoothToggle: getServiceState
10-28 20:19:16.715  1836  1836 I BluetoothToggle: getServiceState.DISABLED_STATE
10-28 20:19:16.715  1836  1836 I BluetoothToggle: UpdateWidget - currentState=DISABLED_STATE
10-28 20:19:16.715  1836  1836 I BluetoothToggle: updateButtons
10-28 20:19:16.723  1836  1836 I GpsToggle: OnReceive
10-28 20:19:16.723  1836  1836 I GpsToggle: getServiceState.DISABLED_STATE
10-28 20:19:16.723  1836  1836 I GpsToggle: UpdateWidget - currentState=DISABLED_STATE
10-28 20:19:16.731  1836  1836 I GpsToggle: updateButtons
10-28 20:19:16.746  1836  1836 I AirplaneModeToggle: OnReceive
10-28 20:19:16.746  1836  1836 I AirplaneModeToggle: getServiceState.DISABLED_STATE
10-28 20:19:16.746  1836  1836 I AirplaneModeToggle: UpdateWidget - currentState=DISABLED_STATE
10-28 20:19:16.746  1836  1836 I AirplaneModeToggle: updateButtons
10-28 20:19:16.762  1424  1448 D SocialWidgetProvider: ===== getImageDimens: width=171 height=99
10-28 20:19:16.762  1424  1448 D BlurContactsExtensions: ===== targetSize: width=171 height=99
10-28 20:19:16.809  1424  1448 D BlurContactsExtensions: ===== imageStream: imageWidth=200 imageHeight=240
10-28 20:19:16.809  1424  1448 D BlurContactsExtensions: ===== Using default android decode api...
10-28 20:19:16.809  1424  1448 D BlurContactsExtensions: ===== Android image decode:  downSample=1 downScaleX=1 downScaleY=2
10-28 20:19:16.809  1424  1448 D BlurContactsExtensions: ===== Cropping img: cropWidth=200 cropHeight=115
10-28 20:19:16.871  1408  1408 D ChipWidgetProvider: Received intent Intent { act=com.motorola.blur.home.ACTION_SET_WIDGET_SIZE cmp=com.motorola.blur.weather/.WeatherWidgetProvider (has extras) }
10-28 20:19:16.871  1408  1408 D ChipWidgetProvider: a22417 debug in chipwidgetprovider function updatewidget the pendingUpdates is :android.util.SparseIntArray@459d30a0
10-28 20:19:16.879  1408  1820 I WeatherWidgetProvider: doUpdateWidget 7 x:4 y:1
10-28 20:19:16.887  1408  1408 D ChipWidgetProvider: Received intent Intent { act=com.motorola.blur.home.ACTION_WIDGET_ADDED cmp=com.motorola.blur.weather/.WeatherWidgetProvider (has extras) }
10-28 20:19:16.887  1408  1408 D WeatherWidgetProvider: WeatherLoop, onAdded new=false
10-28 20:19:16.895  1408  1820 I WeatherWidgetProvider: ****** settings {"displayName":"Weather","location_codes":[],"temperature_unit":"Fahrenheit"}
10-28 20:19:16.902  1408  1820 I WeatherWidgetProvider: isPortrait is false
10-28 20:19:16.902  1408  1820 I WeatherWidgetProvider: ******* temp1
10-28 20:19:16.902  1408  1820 I WeatherWidgetProvider: ******* temp2
10-28 20:19:17.012  1235  1258 D dalvikvm: GC_EXPLICIT freed 7229 objects / 304752 bytes in 100ms
10-28 20:19:17.020  1408  1408 D WeatherWidgetProvider: Weather onAdded - settings={"displayName":"Weather","location_codes":[],"temperature_unit":"Fahrenheit"}
10-28 20:19:17.020  1408  1408 D WeatherUtil: **** checkIfCurrentLocationForecastExists current location exists in forecasts table
10-28 20:19:17.020  1408  1408 D WeatherUtil: Current location already present in Forecasts table
10-28 20:19:17.027  1408  1820 I WeatherWidgetProvider: ******* temp3
10-28 20:19:17.043  1235  1258 I WindowManager: Setting rotation to 0, animFlags=1
10-28 20:19:17.059  1235  1258 I ActivityManager: Config changed: { scale=1.0 imsi=310/4 loc=en_US touch=3 keys=2/1/2 nav=2/1 orien=1 layout=34 uiMode=17 seq=51}
10-28 20:19:17.059  1235  1258 I UsageStats: Unexpected resume of com.motorola.blur.home while already resumed in com.motorola.blur.home
10-28 20:19:17.106  1544  1544 V Mms     : onConfigurationChanged
10-28 20:19:17.192  1340  1340 W Launcher: HAO - Locked=0, Current=1, is landscape?=false
10-28 20:19:17.348  1844  1844 W WidgetAidService: BroadcastReceiver onReceive called
10-28 20:19:17.348  1844  1844 D WidgetAidService: ACTION_HOME_SCREEN_CHANGED - -1
10-28 20:19:17.356  1844  1844 D WidgetAidService: HomeScreen has lost focus, store the previous state and move to pause
10-28 20:19:17.379  1317  1331 D DSCP    : Broadcasting home_orientation
10-28 20:19:17.387  1844  1844 D WidgetAidService: Ignoring the HOME_SCREEN_CHANGED notification as the player is either in paused/playing state
10-28 20:19:17.387  1844  1844 W WidgetAidService: BroadcastReceiver onReceive called
10-28 20:19:17.387  1844  1844 D WidgetAidService: ACTION_HOME_SCREEN_CHANGED - 3
10-28 20:19:17.395  1844  1844 D WidgetAidService: HomeScreen gained focus/panned
10-28 20:19:17.402  1235  1347 W InputManagerService: Starting input on non-focused client com.android.internal.view.IInputMethodClient$Stub$Proxy@45d20d90 (uid=10089 pid=1865)
10-28 20:19:17.465  1844  1844 D WidgetAidService: widgetScreenIndex - 5
10-28 20:19:17.481  1325  1611 I SyncActivityLog: not:Local change notification received for clientsettings/blur
10-28 20:19:17.481  1325  1611 V SncNtfctnRcvr: Enqueueing sync task for BlurSetupSyncHandler
10-28 20:19:17.481  1424  1448 D DateUtil: now.getTimeZone(): Eastern Standard Time
10-28 20:19:17.488  1235  1344 W InputManagerService: Starting input on non-focused client com.android.internal.view.IInputMethodClient$Stub$Proxy@45d20d90 (uid=10089 pid=1865)
10-28 20:19:17.504  1424  1448 V SocialWidgetProvider: DisplayName: Robbie Stark for RawContactId: 633
10-28 20:19:17.512  1424  1448 D SocialWidgetProvider: updated id 2:I don't look a thing like jesus, but I talk like a gentleman.
10-28 20:19:17.520  1408  1408 D WeatherService: TEMPLOG: got intent in PollingManagerCallback, intent=Intent { act=com.motorola.blur.weather.UPDATE_STALE_FORECASTS }
10-28 20:19:17.527  1408  1408 D WeatherService: TEMPLOG: got ACTION_UPDATE_STALE_FORECASTS intent
10-28 20:19:17.527  1408  1408 I WeatherService: Received a request to update all stale forecasts
10-28 20:19:17.527  1408  1819 D WeatherService: TEMPLOG: loop_id from intent-1
10-28 20:19:17.527  1408  1819 D TEMP    : updateStaleForecasts loopID=-1
10-28 20:19:17.527  1408  1819 I WeatherService: ***updateStale
10-28 20:19:17.527  1408  1819 D WeatherService: TEMPLOG: updateCurrentLocationForecast, loopID=-1
10-28 20:19:17.527  1408  1819 D AWClient: TEMPLOG: getWeatherHelper locationCode=null latitude=43.094913482666016 longitude=-77.68733215332031
10-28 20:19:17.567  1325  1611 I SyncActivityLog: not:Received notification for BlurSetupSyncHandler.  Delay of 5000 ms with signature 65132745.
10-28 20:19:17.660  1836  1836 I WifiToggle: OnReceive
10-28 20:19:17.660  1836  1836 I WifiToggle: getServiceState.DISABLED_STATE
10-28 20:19:17.660  1836  1836 I WifiToggle: UpdateWidget - currentState=DISABLED_STATE
10-28 20:19:17.660  1836  1836 I WifiToggle: updateButtons
10-28 20:19:17.746  1447  1447 D ChipWidgetProvider: Received intent Intent { act=com.motorola.blur.home.ACTION_SET_WIDGET_SIZE cmp=com.motorola.blur.home.status/.StatusWidgetProvider (has extras) }
10-28 20:19:17.746  1447  1447 D ChipWidgetProvider: a22417 debug in chipwidgetprovider function updatewidget the pendingUpdates is :android.util.SparseIntArray@45a2e268
10-28 20:19:17.754  1447  1986 D StatusWidgetProvider: doUpdateWidget x: 4 y: 1
10-28 20:19:17.770  1447  1447 D ChipWidgetProvider: Received intent Intent { act=com.motorola.blur.home.ACTION_WIDGET_ADDED cmp=com.motorola.blur.home.status/.StatusWidgetProvider (has extras) }
10-28 20:19:17.777  1408  1819 I AWClient: **** HTTP URI is http://motox.accu-weather.com/widget/motox/forecast-feed.asp?lat=43.094913482666016&lon=-77.68733215332031&metric=1&langId=eng
10-28 20:19:17.777  1408  1819 D AWClient: requesting weather forecast using uri: http://motox.accu-weather.com/widget/motox/forecast-feed.asp?lat=43.094913482666016&lon=-77.68733215332031&metric=1&langId=eng
10-28 20:19:17.817  1424  1424 D ChipWidgetProvider: Received intent Intent { act=com.motorola.blur.home.ACTION_SET_WIDGET_SIZE cmp=com.motorola.blur.friendfeed/.widget.SocialWidgetProvider (has extras) }
10-28 20:19:17.817  1424  1424 D ChipWidgetProvider: a22417 debug in chipwidgetprovider function updatewidget the pendingUpdates is :android.util.SparseIntArray@459efd78
10-28 20:19:17.832  1424  1424 D ChipWidgetProvider: Received intent Intent { act=com.motorola.blur.home.ACTION_WIDGET_ADDED cmp=com.motorola.blur.friendfeed/.widget.SocialWidgetProvider (has extras) }
10-28 20:19:17.832  1424  1481 D SocialWidgetProvider: doUpdateWidget id: 2 x: 4 y: 1
10-28 20:19:17.863  1836  1836 I WifiToggle: OnReceive
10-28 20:19:17.871  1836  1836 I WifiToggle: getServiceState.DISABLED_STATE
10-28 20:19:17.871  1836  1836 I WifiToggle: UpdateWidget - currentState=DISABLED_STATE
10-28 20:19:17.871  1836  1836 I WifiToggle: updateButtons
10-28 20:19:17.887  1836  1836 I BluetoothToggle: OnReceive
10-28 20:19:17.887  1836  1836 I BluetoothToggle: getServiceState
10-28 20:19:17.887  1836  1836 I BluetoothToggle: getServiceState.DISABLED_STATE
10-28 20:19:17.887  1836  1836 I BluetoothToggle: UpdateWidget - currentState=DISABLED_STATE
10-28 20:19:17.895  1836  1836 I BluetoothToggle: updateButtons
10-28 20:19:17.918  1836  1836 I GpsToggle: OnReceive
10-28 20:19:17.918  1836  1836 I GpsToggle: getServiceState.DISABLED_STATE
10-28 20:19:17.918  1836  1836 I GpsToggle: UpdateWidget - currentState=DISABLED_STATE
10-28 20:19:17.918  1836  1836 I GpsToggle: updateButtons
10-28 20:19:17.949  1836  1836 I AirplaneModeToggle: OnReceive
10-28 20:19:17.949  1836  1836 I AirplaneModeToggle: getServiceState.DISABLED_STATE
10-28 20:19:17.949  1836  1836 I AirplaneModeToggle: UpdateWidget - currentState=DISABLED_STATE
10-28 20:19:17.949  1836  1836 I AirplaneModeToggle: updateButtons
10-28 20:19:17.973  1447  1986 D DateUtil: now.getTimeZone(): Eastern Standard Time
10-28 20:19:18.012  1408  1408 D ChipWidgetProvider: Received intent Intent { act=com.motorola.blur.home.ACTION_SET_WIDGET_SIZE cmp=com.motorola.blur.weather/.WeatherWidgetProvider (has extras) }
10-28 20:19:18.012  1408  1408 D ChipWidgetProvider: a22417 debug in chipwidgetprovider function updatewidget the pendingUpdates is :android.util.SparseIntArray@459d30a0
10-28 20:19:18.027  1408  1428 I WeatherWidgetProvider: doUpdateWidget 7 x:4 y:1
10-28 20:19:18.027  1408  1408 D ChipWidgetProvider: Received intent Intent { act=com.motorola.blur.home.ACTION_WIDGET_ADDED cmp=com.motorola.blur.weather/.WeatherWidgetProvider (has extras) }
10-28 20:19:18.027  1408  1408 D WeatherWidgetProvider: WeatherLoop, onAdded new=false
10-28 20:19:18.043  1408  1428 I WeatherWidgetProvider: ****** settings {"displayName":"Weather","location_codes":[],"temperature_unit":"Fahrenheit"}
10-28 20:19:18.051  1408  1428 I WeatherWidgetProvider: isPortrait is true
10-28 20:19:18.051  1408  1428 I WeatherWidgetProvider: ******* temp1
10-28 20:19:18.051  1408  1428 I WeatherWidgetProvider: ******* temp2
10-28 20:19:18.059  1408  1408 D WeatherWidgetProvider: Weather onAdded - settings={"displayName":"Weather","location_codes":[],"temperature_unit":"Fahrenheit"}
10-28 20:19:18.059  1408  1408 D WeatherUtil: **** checkIfCurrentLocationForecastExists current location exists in forecasts table
10-28 20:19:18.059  1408  1408 D WeatherUtil: Current location already present in Forecasts table
10-28 20:19:18.160  1424  1481 D SocialWidgetProvider: filterType: 0
10-28 20:19:18.160  1424  1481 D SocialWidgetProvider: filter: read_state=1 AND pub_date>1288225158161 AND owner=0
10-28 20:19:18.184  1563  1563 D ChipWidgetProvider: Received intent Intent { act=com.motorola.blur.home.ACTION_SET_WIDGET_SIZE cmp=com.android.providers.calendar/.CalendarWidgetProvider (has extras) }
10-28 20:19:18.184  1563  1563 D ChipWidgetProvider: a22417 debug in chipwidgetprovider function updatewidget the pendingUpdates is :android.util.SparseIntArray@4592c4a0
10-28 20:19:18.199  1563  1563 D ChipWidgetProvider: Received intent Intent { act=com.motorola.blur.home.ACTION_WIDGET_ADDED cmp=com.android.providers.calendar/.CalendarWidgetProvider (has extras) }
10-28 20:19:18.207  1447  1986 D DateUtil: now.getTimeZone(): Eastern Standard Time
10-28 20:19:18.254  1424  1481 D SocialWidgetProvider: ===== getImageDimens: width=103 height=141
10-28 20:19:18.254  1424  1481 D BlurContactsExtensions: ===== targetSize: width=103 height=141
10-28 20:19:18.254  1408  1408 D WeatherService: TEMPLOG: got intent in PollingManagerCallback, intent=Intent { act=com.motorola.blur.weather.UPDATE_STALE_FORECASTS }
10-28 20:19:18.270  1408  1428 I WeatherWidgetProvider: ******* temp3
10-28 20:19:18.270  1466  1466 D ChipWidgetProvider: Received intent Intent { act=com.motorola.blur.home.ACTION_SET_WIDGET_SIZE cmp=com.motorola.blur.home.message/.MessageWidgetProvider (has extras) }
10-28 20:19:18.277  1466  1466 D ChipWidgetProvider: a22417 debug in chipwidgetprovider function updatewidget the pendingUpdates is :android.util.SparseIntArray@459eb0e8
10-28 20:19:18.317  1466  1466 D ChipWidgetProvider: Received intent Intent { act=com.motorola.blur.home.ACTION_WIDGET_ADDED cmp=com.motorola.blur.home.message/.MessageWidgetProvider (has extras) }
10-28 20:19:18.324  1563  7687 D CalAppWidgetService: SERVICE RUN: widgetId: 9
10-28 20:19:18.324  1563  7687 D CalAppWidgetService: spanX: 4
10-28 20:19:18.324  1563  7687 D CalAppWidgetService: spanX: 1
10-28 20:19:18.324  1466  7688 V ServiceThreadPool: beforeExecute():  active threads: 1, current pool size: 5, largest pool size: 8
10-28 20:19:18.324  1466  7688 V MessageWidgetProvider: initialized CharsetUtil in0ms
10-28 20:19:18.410  1340  1340 D dalvikvm: GC_EXTERNAL_ALLOC freed 16030 objects / 908232 bytes in 62ms
10-28 20:19:18.504  1424  1481 D BlurContactsExtensions: ===== imageStream: imageWidth=100 imageHeight=87
10-28 20:19:18.504  1424  1481 D BlurContactsExtensions: ===== Using default android decode api...
10-28 20:19:18.504  1424  1481 D BlurContactsExtensions: ===== Android image decode:  downSample=1 downScaleX=0 downScaleY=0
10-28 20:19:18.504  1424  1481 D BlurContactsExtensions: ===== Cropping img: cropWidth=63 cropHeight=87
10-28 20:19:18.512  1844  1844 D ChipWidgetProvider: Received intent Intent { act=com.motorola.blur.home.ACTION_WIDGET_ADDED cmp=com.motorola.photowidget/.PhotoWidgetAppProvider (has extras) }
10-28 20:19:18.512  1844  1844 V PhotoWidgetAppProvider: onAdded called appWidgetId- 17 New Widget flag- false
10-28 20:19:18.543  1447  1447 D ChipWidgetProvider: Received intent Intent { act=com.motorola.blur.home.ACTION_SET_WIDGET_SIZE cmp=com.motorola.blur.news/.widget.NewsWidgetProvider (has extras) }
10-28 20:19:18.543  1447  1447 D ChipWidgetProvider: a22417 debug in chipwidgetprovider function updatewidget the pendingUpdates is :android.util.SparseIntArray@459d00c0
10-28 20:19:18.559  1447  1447 D ChipWidgetProvider: Received intent Intent { act=com.motorola.blur.home.ACTION_WIDGET_ADDED cmp=com.motorola.blur.news/.widget.NewsWidgetProvider (has extras) }
10-28 20:19:18.613  1447  1825 D DateUtil: now.getTimeZone(): Eastern Standard Time
10-28 20:19:18.629  1447  1447 D ChipWidgetProvider: Received intent Intent { act=com.motorola.blur.home.ACTION_SET_WIDGET_SIZE cmp=com.motorola.blur.news/.widget.NewsWidgetProvider (has extras) }
10-28 20:19:18.637  1447  1447 D ChipWidgetProvider: a22417 debug in chipwidgetprovider function updatewidget the pendingUpdates is :android.util.SparseIntArray@459d00c0
10-28 20:19:18.645  1447  1447 D ChipWidgetProvider: Received intent Intent { act=com.motorola.blur.home.ACTION_WIDGET_ADDED cmp=com.motorola.blur.news/.widget.NewsWidgetProvider (has extras) }
10-28 20:19:18.840  1563  7687 D CalAppWidgetService: Widget Calendar Selection string: Calendars.SELECTED=1
10-28 20:19:18.856  1340  1340 D dalvikvm: GC_EXPLICIT freed 15923 objects / 961344 bytes in 56ms
10-28 20:19:18.910  1340  1340 D dalvikvm: GC_EXPLICIT freed 2567 objects / 124744 bytes in 39ms
10-28 20:19:18.949  1340  1340 D dalvikvm: GC_EXPLICIT freed 111 objects / 4016 bytes in 37ms
10-28 20:19:19.004  1424  1481 D DateUtil: now.getTimeZone(): Eastern Standard Time
10-28 20:19:19.043  1340  1340 D dalvikvm: GC_EXPLICIT freed 108 objects / 3920 bytes in 90ms
10-28 20:19:19.043  1316  1316 D dalvikvm: GC_FOR_MALLOC freed 12644 objects / 538232 bytes in 88ms
10-28 20:19:19.082  1340  1340 D dalvikvm: GC_EXPLICIT freed 260 objects / 10496 bytes in 38ms
10-28 20:19:19.137  1340  1340 D dalvikvm: GC_EXPLICIT freed 108 objects / 3920 bytes in 49ms
10-28 20:19:19.199  1340  1340 D dalvikvm: GC_EXPLICIT freed 2309 objects / 109920 bytes in 41ms
10-28 20:19:19.254  1340  1340 D dalvikvm: GC_EXPLICIT freed 301 objects / 11448 bytes in 53ms
10-28 20:19:19.301  1340  1340 D dalvikvm: GC_EXPLICIT freed 635 objects / 23552 bytes in 36ms
10-28 20:19:19.340  1340  1340 D dalvikvm: GC_EXPLICIT freed 346 objects / 12976 bytes in 37ms
10-28 20:19:19.348  1424  1481 V SocialWidgetProvider: DisplayName: Robbie Stark for RawContactId: 633
10-28 20:19:19.395  1340  1340 D dalvikvm: GC_EXPLICIT freed 172 objects / 6232 bytes in 46ms
10-28 20:19:19.473  1340  1340 D dalvikvm: GC_EXPLICIT freed 193 objects / 6904 bytes in 75ms
10-28 20:19:19.567  1235  1257 D dalvikvm: GC_EXPLICIT freed 14050 objects / 580400 bytes in 136ms
10-28 20:19:19.567  1466  7689 V ServiceThreadPool: beforeExecute():  active threads: 1, current pool size: 5, largest pool size: 8
10-28 20:19:19.567  1466  7689 V MessageWidgetProvider: initialized CharsetUtil in0ms
10-28 20:19:19.590  1340  1340 D dalvikvm: GC_EXPLICIT freed 416 objects / 16936 bytes in 115ms
10-28 20:19:19.660  1424  1481 D SocialWidgetProvider: updated id 2:I don't look a thing like jesus, but I talk like a gentleman.
10-28 20:19:19.676  1317  1576 D dalvikvm: GC_EXPLICIT freed 4783 objects / 285088 bytes in 101ms
10-28 20:19:19.692  1317  1576 D BlurSNMessagingEngine: SNMessagingProvider::getDatabase called
10-28 20:19:19.699  1340  1340 D dalvikvm: GC_EXPLICIT freed 325 objects / 12816 bytes in 101ms
10-28 20:19:19.746  1340  1340 D dalvikvm: GC_EXPLICIT freed 129 objects / 4640 bytes in 42ms
10-28 20:19:19.817  1340  1340 D dalvikvm: GC_EXPLICIT freed 2355 objects / 110152 bytes in 42ms
10-28 20:19:19.848  1466  1489 D wubo    : a22417 in getContactName the address comin is :5704000104
10-28 20:19:19.848  1466  1489 D wubo    : a22417 in getContactName the TMConversationUtils.isMultiAddress(address) :false
10-28 20:19:19.848  1466  1489 D wubo    : case 1 a22417 in resolveSingleAddressToName the name  is :null
10-28 20:19:19.848  1466  1489 D wubo    : case 2 a22417 in resolveSingleAddressToName the name  is :null
10-28 20:19:19.887  1340  1340 D dalvikvm: GC_EXPLICIT freed 607 objects / 22288 bytes in 39ms
10-28 20:19:19.957  1340  1340 D dalvikvm: GC_EXPLICIT freed 59 objects / 3096 bytes in 55ms
10-28 20:19:19.973  1563  7687 D CalAppWidgetService: WVGA device
10-28 20:19:19.973  1563  7687 D CalAppWidgetService: 4x1
10-28 20:19:19.981  1563  7687 D CalAppWidgetService: setHeader() - went into high density if
10-28 20:19:20.059  1340  1340 D dalvikvm: GC_EXPLICIT freed 604 objects / 22424 bytes in 39ms
10-28 20:19:20.066  1563  7687 D CalAppWidgetService: no requested update or expired wakelock, bailing
10-28 20:19:20.090  1408  1408 D WeatherService: TEMPLOG: got ACTION_UPDATE_STALE_FORECASTS intent
10-28 20:19:20.090  1408  1408 I WeatherService: Received a request to update all stale forecasts
10-28 20:19:20.137  1408  1819 D dalvikvm: GC_FOR_MALLOC freed 7322 objects / 946432 bytes in 42ms
10-28 20:19:20.168  5759  5759 D dalvikvm: GC_FOR_MALLOC freed 9723 objects / 518512 bytes in 80ms
10-28 20:19:20.176  1466  1489 D TextMsgTransport: case 1 wubo a22417 in getSender the name is :Jim Dudish
10-28 20:19:20.176  1466  1489 D TextMsgTransport: case 1 wubo a22417 in getSender the address is :5704000104
10-28 20:19:20.199  1466  1489 D TextMsgTransport: case 2 wubo a22417 in getSender the name is :Jim Dudish
10-28 20:19:20.199  1466  1489 V TextMsgTransport: DataId: 4488 ContactId: 649 DisplayName >Jim Dudish< when filtering for >5704000104<
10-28 20:19:20.223  1466  1489 D BlurContactsExtensions: ===== targetSize: width=125 height=150
10-28 20:19:20.402  1340  1340 D dalvikvm: GC_EXPLICIT freed 421 objects / 15400 bytes in 39ms
10-28 20:19:20.402  1466  1489 D DateUtil: now.getTimeZone(): Eastern Standard Time
10-28 20:19:20.473  1340  1340 D dalvikvm: GC_EXPLICIT freed 441 objects / 17288 bytes in 40ms
10-28 20:19:20.676  1408  1819 D AWClient: http client execute done
10-28 20:19:20.809  1408  1819 I WeatherService: ** updateForecastForCurrentLocation
10-28 20:19:20.832  1408  1408 D ChipWidgetProvider: Received intent Intent { act=com.motorola.blur.weather.ACTION_FORECAST_UPDATE cmp=com.motorola.blur.weather/.WeatherWidgetProvider }
10-28 20:19:20.848  1408  1408 D ChipWidgetProvider: a22417 debug in chipwidgetprovider function updatewidget the pendingUpdates is :android.util.SparseIntArray@459d30a0
10-28 20:19:20.848  1408  1820 I WeatherWidgetProvider: doUpdateWidget 7 x:4 y:1
10-28 20:19:20.887  1408  1820 I WeatherWidgetProvider: ****** settings {"displayName":"Weather","location_codes":[],"temperature_unit":"Fahrenheit"}
10-28 20:19:21.207  1408  1820 I WeatherWidgetProvider: isPortrait is true
10-28 20:19:21.207  1408  1820 I WeatherWidgetProvider: ******* temp1
10-28 20:19:21.207  1408  1820 I WeatherWidgetProvider: ******* temp2
10-28 20:19:21.215  1408  1819 V WeatherService: No locations that meet the criteria, forecast._id >= 0 
10-28 20:19:21.215  1408  1819 D WeatherService: There are no stale locations found in database
10-28 20:19:21.215  1408  1819 D WeatherService: TEMPLOG: loop_id from intent-1
10-28 20:19:21.215  1408  1819 D TEMP    : updateStaleForecasts loopID=-1
10-28 20:19:21.215  1408  1819 I WeatherService: ***updateStale
10-28 20:19:21.215  1408  1819 D WeatherService: TEMPLOG: updateCurrentLocationForecast, loopID=-1
10-28 20:19:21.238  1408  1820 I WeatherWidgetProvider: ******* temp3
10-28 20:19:21.309  1408  1819 D WeatherService: Too soon to update current location forecast
10-28 20:19:21.317  1340  1340 D dalvikvm: GC_EXPLICIT freed 700 objects / 29448 bytes in 42ms
10-28 20:19:21.324  1408  1820 W ChipWidgetProvider: Widget span not found for id=27
10-28 20:19:21.324  1408  1820 I WeatherWidgetProvider: doUpdateWidget 27 x:2 y:1
10-28 20:19:21.340  1408  1820 I WeatherWidgetProvider: isPortrait is true
10-28 20:19:21.340  1408  1820 I WeatherWidgetProvider: ******* temp1
10-28 20:19:21.340  1408  1820 I WeatherWidgetProvider: ******* temp2
10-28 20:19:21.340  1408  1819 V WeatherService: No locations that meet the criteria, forecast._id >= 0 
10-28 20:19:21.340  1408  1819 D WeatherService: There are no stale locations found in database
10-28 20:19:21.356  1408  1820 I WeatherWidgetProvider: ******* temp4
10-28 20:19:21.392  1325  1611 V SyncActivityLog: not:Stored signature 65132745 for BlurSetupSyncHandler doesn't match 65131586.  Ignoring.
10-28 20:19:22.577  1325  1611 V SyncActivityLog: not:Stored signature 65132745 for BlurSetupSyncHandler matches 65132745.  Enqueueing.
10-28 20:19:22.577  1325  1611 V SyncEngineController: Enqueuing BlurSetupSyncHandler.  Previous task is done.
10-28 20:19:22.645  1325  1611 I SyncActivityLog: not:Creating new sync task for handler name BlurSetupSyncHandler.  Queue size 0.  Forced false
10-28 20:19:22.707  1325  1984 I SyncActivityLog: ctlr:Starting sync task for BlurSetupSyncHandler
10-28 20:19:22.754  1325  1984 I SyncActivityLog: ctlr:Still enqueued: BlurSetupSyncHandler; 
10-28 20:19:22.762  1325  1984 V ServiceBinder: bind() 0, Intent { act=com.motorola.blur.setup.SetupSyncHandler }
10-28 20:19:22.817  1317  1317 V BlurSyncProtocolHandler: {com.motorola.blur.sync.app.SharedPrefs.PROHIBIT_BATCHING_5=false}
10-28 20:19:22.817  1317  1317 V BlurSyncProtocolHandler: com.motorola.blur.sync.app.SharedPrefs.PROHIBIT_BATCHING_5:false
10-28 20:19:22.817  1317  1317 D BlurSSHS: onBind()
10-28 20:19:22.824  1325  1325 V ServiceBinder: onServiceConnected() ComponentInfo{com.motorola.blur.setupprovider/com.motorola.blur.setupprovider.SetupSyncHandlerService}
10-28 20:19:22.824  1325  1984 V SyncActivityLog: ctlr:Executing sync protocol for BlurSetupSyncHandler. Sync is not forced.
10-28 20:19:22.824  1317  2523 V BlurSyncProtocolHandler: executeSync: handlerName: BlurSetupSyncHandler, isForced: false
10-28 20:19:22.824  1317  7690 V BlurSyncProtocolHandler: Beginning sync of Setup Sync Handler.  Forced: false. Batching prohibited: false. Timeout of 600 seconds for completion.
10-28 20:19:22.879  1325  2967 I SyncActivityLog: prot:Setup Sync Handler: Starting sync
10-28 20:19:22.934  1325  2181 I SyncActivityLog: prot:Setup Sync Handler: Checking adapter for client changes since sync is unforced
10-28 20:19:22.981  1317  7690 V 2WySncPrtclMdtr: Client has changes, so executing sync.
10-28 20:19:23.067  1325  1923 I SyncActivityLog: prot:Setup Sync Handler: Getting the client's last anchor
10-28 20:19:23.152  1317  7690 I SetupSyncAdapter: getLastClientAnchor: 660
10-28 20:19:23.152  1317  7690 V 2WySncPrtclMdtr: Client is at anchor 660
10-28 20:19:23.152  1317  7690 V ServiceBinder: bind() 0, Intent { act=com.motorola.blur.service.blur.Actions.BIND_SYNC_WSPROXY_SVC }
10-28 20:19:23.192  1317  1317 V ServiceBinder: onServiceConnected() ComponentInfo{com.motorola.blur.service.blur/com.motorola.blur.service.blur.sync.ws.impl.BlurSyncWSClient2}
10-28 20:19:23.543  1325  1358 I SyncActivityLog: prot:Setup Sync Handler: Calling Blur ws update through proxy.  Attempt 1
10-28 20:19:23.645  1325  1909 V SyncActivityLog: prot:Cache miss for sync app id 5. Must make batching call to cloud.
10-28 20:19:23.988  1325  1909 V SyncUpdateManager: Batching app ids: [20, 60, 50, 40, 70, 31, 80, 2, 5]; is secure: false
10-28 20:19:24.027  1325  1626 D WSBase  : processing request: sync/1/updates
10-28 20:19:24.129  1325  1626 I WSBase  : doRequest(): url: http://ws-cloud216-blur.svcmot.com:80/blur-services-1.0/ws/sync/1/updates/0000019A50D8/4503599654260952?k=android&l=100000019a50d8&f=pb&p=163&h=6Sfx2AysZkY8D4eA7WLEqov5KUO&of=0&ssl=0
10-28 20:19:24.699  1325  1626 D dalvikvm: GC_FOR_MALLOC freed 11640 objects / 793592 bytes in 72ms
10-28 20:19:24.731  1325  1909 V SyncActivityLog: prot:Client sync app id 20 is already up-to-date.
10-28 20:19:24.738  1325  1626 D WSBase  : doRequest(): sync/1/updates resp length: 478
10-28 20:19:24.770  1325  1909 V SyncActivityLog: prot:Client sync app id 60 is already up-to-date.
10-28 20:19:24.817  1325  1909 V SyncActivityLog: prot:Client sync app id 50 is already up-to-date.
10-28 20:19:24.840  1325  1909 V SyncActivityLog: prot:Client sync app id 40 is already up-to-date.
10-28 20:19:24.871  1325  1909 V SyncActivityLog: prot:Client sync app id 70 is already up-to-date.
10-28 20:19:24.895  1325  1909 V SyncActivityLog: prot:Client sync app id 31 is already up-to-date.
10-28 20:19:24.942  1325  1909 V SyncActivityLog: prot:Client sync app id 80 is already up-to-date.
10-28 20:19:24.965  1325  1909 V SyncActivityLog: prot:Client sync app id 2 is already up-to-date.
10-28 20:19:25.004  1317  7690 V GtUpdtFrmWSColl: No further changes on server for app id 5
10-28 20:19:25.067  1325  1352 I SyncActivityLog: prot:Setup Sync Handler: Updating adapter with server changes.  Attempt 1
10-28 20:19:25.277  1317  7690 I SetupSyncAdapter: getLastClientAnchor: 660
10-28 20:19:25.363  1325  1800 I SyncActivityLog: prot:Setup Sync Handler: Acking change in the client's anchor
10-28 20:19:25.449  1317  7690 V 2WySncPrtclMdtr: Acknowledged that client anchor is 660
10-28 20:19:25.520  1325  2181 I SyncActivityLog: prot:Setup Sync Handler: Checking for local changes
10-28 20:19:25.567  1317  7690 V 2WySncPrtclMdtr: Client has changes.
10-28 20:19:25.637  1325  1923 I SyncActivityLog: prot:Setup Sync Handler: Getting client changes from the adapter.  Attempt 1
10-28 20:19:25.652  1317  7690 D SetupSyncAdapter: No tombstones
10-28 20:19:25.746  1325  1358 I SyncActivityLog: prot:Setup Sync Handler: Calling Blur ws commit through proxy.  Attempt 1
10-28 20:19:25.770  1325  1926 V BlurSyncWSClient2: postClientCommit() with sync app id 5, last client anchor 660, format gpb, is full recovery false, data bytes 63, is secure false
10-28 20:19:25.770  1325  1630 D WSBase  : processing request: sync/2/commit
10-28 20:19:25.871  1325  1630 I WSBase  : doRequest(): url: http://ws-cloud216-blur.svcmot.com:80/blur-services-1.0/ws/sync/2/commit/0000019A50D8/4503599654260952?k=android&l=100000019a50d8&f=pb&p=69&h=Fue6ylmr1SHSB6g7AZEag9ExvF4&of=0&sync_app_id=5&sync_anchor=660&sync_data_format=gpb&ssl=0
10-28 20:19:26.301  1325  1630 D WSBase  : doRequest(): sync/2/commit resp length: 22
10-28 20:19:26.301  1325  1926 V BlurSyncWSClient2: commit response: message_version: 2
10-28 20:19:26.301  1325  1926 V BlurSyncWSClient2: status: OK
10-28 20:19:26.301  1325  1926 V BlurSyncWSClient2: extended_status: ""
10-28 20:19:26.301  1325  1926 V BlurSyncWSClient2: last_client_anchor: "660"
10-28 20:19:26.301  1325  1926 V BlurSyncWSClient2: new_server_anchor: "661"
10-28 20:19:26.301  1325  1926 V BlurSyncWSClient2: data_format: "gpb"
10-28 20:19:26.458  1325  1352 I SyncActivityLog: prot:Setup Sync Handler: Committing to adapter.
10-28 20:19:26.512  1317  7690 I SetupSyncAdapter: Commit server anchor: 661
10-28 20:19:26.832  1317  7690 I SetupSyncAdapter: setLastClientAnchor: 661
10-28 20:19:26.879  1317  7690 V 2WySncPrtclMdtr: Commit to adapter successful
10-28 20:19:26.926  1325  2967 I SyncActivityLog: prot:Setup Sync Handler: Acking change in the client's anchor
10-28 20:19:27.035  1317  7690 V 2WySncPrtclMdtr: Acknowledged that client anchor is 661
10-28 20:19:27.106  1325  1923 I SyncActivityLog: prot:Setup Sync Handler: Checking for local changes
10-28 20:19:27.145  1317  7690 V 2WySncPrtclMdtr: No client changes.
10-28 20:19:27.215  1325  1358 I SyncActivityLog: prot:Setup Sync Handler: Success.
10-28 20:19:27.223  1317  7690 V ServiceBinder: unbind(): 1, Intent { act=com.motorola.blur.service.blur.Actions.BIND_SYNC_WSPROXY_SVC }
10-28 20:19:27.270  1325  1984 I SyncActivityLog: ctlr:Sync protocol for BlurSetupSyncHandler completed with status Ok.  Extended status: Success.
10-28 20:19:27.270  1325  1984 V SyncEngineController: Broadcasting sync completed intent with data type clientsettings/blur
10-28 20:19:27.293  1325  1984 V SyncEngineController: Resetting backoff level for BlurSetupSyncHandler
10-28 20:19:27.293  1325  1984 V ServiceBinder: unbind(): 1, Intent { act=com.motorola.blur.setup.SetupSyncHandler }
10-28 20:19:27.317  1317  1317 D BlurSSR : onReceive(): Receiving call to register with sync engine
10-28 20:19:27.348  1317  1317 V BlurSyncProtocolHandler: Waiting for executor to shutdown.
10-28 20:19:27.348  1317  1317 V BlurSyncProtocolHandler: Executor should be shutdown now.
10-28 20:19:27.356  1317  1317 V BlurSyncProtocolHandler: {com.motorola.blur.sync.app.SharedPrefs.PROHIBIT_BATCHING_5=false}
10-28 20:19:27.356  1317  1317 V BlurSyncProtocolHandler: com.motorola.blur.sync.app.SharedPrefs.PROHIBIT_BATCHING_5:false
10-28 20:19:27.356  1317  1317 D BlurSSHS: onStart()
10-28 20:19:27.363  1317  7691 V ServiceThreadPool: beforeExecute():  active threads: 1, current pool size: 4, largest pool size: 4
10-28 20:19:27.363  1317  7691 V BlurSSHS: Setup sync has completed.  Allow future syncs to be batched.
10-28 20:19:27.371  1317  7691 V BlurSyncProtocolHandler: Sync app id 5 allowing batched updates
10-28 20:19:27.371  1317  1317 V BlurSyncProtocolHandler: Waiting for executor to shutdown.
10-28 20:19:27.371  1317  1317 V BlurSyncProtocolHandler: Executor should be shutdown now.
10-28 20:19:35.168  1836  1836 D dalvikvm: GC_EXPLICIT freed 1351 objects / 58568 bytes in 73ms
10-28 20:19:50.090  1235  1364 D libgps  : libgps_get_interface() : returning interface
10-28 20:19:50.090  1235  1364 D libgps  : GpsInterface_inject_location( 43.062362, -77.667750, 2567.000 )
10-28 20:19:51.699  3823  7693 I zomut.watchdog.monitor: init
10-28 20:19:51.715  3823  7693 I zomut.watchdog.monitor: begin
10-28 20:19:51.793  3823  7693 D dalvikvm: GC_FOR_MALLOC freed 4412 objects / 558040 bytes in 36ms
10-28 20:19:51.863  3823  7693 D dalvikvm: GC_FOR_MALLOC freed 3065 objects / 508496 bytes in 34ms
10-28 20:19:51.973  3823  7693 D dalvikvm: GC_FOR_MALLOC freed 4973 objects / 498736 bytes in 35ms
10-28 20:19:51.988  3823  7693 I zomut.watchdog.monitor: end
10-28 20:20:00.012  1235  1243 D KeyguardUpdateMonitor: received broadcast android.intent.action.TIME_TICK
10-28 20:20:00.012  1235  1259 D KeyguardUpdateMonitor: handleTimeUpdate
10-28 20:20:13.129  1235  1243 V DeviceStorageMonitorService: freeMemory=6643609600
10-28 20:20:13.129  1235  1243 V DeviceStorageMonitorService: Threshold Percentage=10
10-28 20:20:13.129  1235  1243 V DeviceStorageMonitorService: mTotalMemory = 70264913
10-28 20:20:13.129  1235  1243 I DeviceStorageMonitorService: Posting Message again
10-28 20:20:15.496  1844  1844 D dalvikvm: GC_EXPLICIT freed 3123 objects / 150200 bytes in 69ms
10-28 20:20:19.957  1836  1836 I WifiToggle: OnReceive
10-28 20:20:19.957  1836  1836 I WifiToggle: getServiceState.DISABLED_STATE
10-28 20:20:19.957  1836  1836 I WifiToggle: UpdateWidget - currentState=DISABLED_STATE
10-28 20:20:19.957  1836  1836 I WifiToggle: updateButtons
10-28 20:20:20.035  1447  1447 D ChipWidgetProvider: Received intent Intent { act=com.motorola.blur.home.ACTION_SET_WIDGET_SIZE cmp=com.motorola.blur.home.status/.StatusWidgetProvider (has extras) }
10-28 20:20:20.035  1447  1447 D ChipWidgetProvider: a22417 debug in chipwidgetprovider function updatewidget the pendingUpdates is :android.util.SparseIntArray@45a2e268
10-28 20:20:20.043  1447  1837 D StatusWidgetProvider: doUpdateWidget x: 4 y: 1
10-28 20:20:20.059  1447  1447 D ChipWidgetProvider: Received intent Intent { act=com.motorola.blur.home.ACTION_WIDGET_ADDED cmp=com.motorola.blur.home.status/.StatusWidgetProvider (has extras) }
10-28 20:20:20.098  1340  1340 D dalvikvm: GC_EXPLICIT freed 2412 objects / 176648 bytes in 76ms
10-28 20:20:20.121  1447  1837 D DateUtil: now.getTimeZone(): Eastern Standard Time
10-28 20:20:20.145  1340  1340 D dalvikvm: GC_EXPLICIT freed 1657 objects / 72936 bytes in 39ms
10-28 20:20:20.176  1447  1837 D DateUtil: now.getTimeZone(): Eastern Standard Time
10-28 20:20:20.192  1424  1424 D ChipWidgetProvider: Received intent Intent { act=com.motorola.blur.home.ACTION_SET_WIDGET_SIZE cmp=com.motorola.blur.friendfeed/.widget.SocialWidgetProvider (has extras) }
10-28 20:20:20.192  1424  1424 D ChipWidgetProvider: a22417 debug in chipwidgetprovider function updatewidget the pendingUpdates is :android.util.SparseIntArray@459efd78
10-28 20:20:20.207  1424  1448 D SocialWidgetProvider: doUpdateWidget id: 2 x: 4 y: 1
10-28 20:20:20.215  1424  1448 D SocialWidgetProvider: filterType: 0
10-28 20:20:20.215  1424  1448 D SocialWidgetProvider: filter: read_state=1 AND pub_date>1288225220218 AND owner=0
10-28 20:20:20.223  1424  1424 D ChipWidgetProvider: Received intent Intent { act=com.motorola.blur.home.ACTION_WIDGET_ADDED cmp=com.motorola.blur.friendfeed/.widget.SocialWidgetProvider (has extras) }
10-28 20:20:20.246  1836  1836 I WifiToggle: OnReceive
10-28 20:20:20.246  1836  1836 I WifiToggle: getServiceState.DISABLED_STATE
10-28 20:20:20.246  1836  1836 I WifiToggle: UpdateWidget - currentState=DISABLED_STATE
10-28 20:20:20.246  1836  1836 I WifiToggle: updateButtons
10-28 20:20:20.277  1836  1836 I BluetoothToggle: OnReceive
10-28 20:20:20.277  1836  1836 I BluetoothToggle: getServiceState
10-28 20:20:20.277  1836  1836 I BluetoothToggle: getServiceState.DISABLED_STATE
10-28 20:20:20.277  1836  1836 I BluetoothToggle: UpdateWidget - currentState=DISABLED_STATE
10-28 20:20:20.277  1836  1836 I BluetoothToggle: updateButtons
10-28 20:20:20.317  1340  1340 D dalvikvm: GC_EXPLICIT freed 1558 objects / 112680 bytes in 48ms
10-28 20:20:20.356  1340  1340 D dalvikvm: GC_EXPLICIT freed 240 objects / 9984 bytes in 37ms
10-28 20:20:20.387  1836  1836 I GpsToggle: OnReceive
10-28 20:20:20.387  1836  1836 I GpsToggle: getServiceState.DISABLED_STATE
10-28 20:20:20.387  1836  1836 I GpsToggle: UpdateWidget - currentState=DISABLED_STATE
10-28 20:20:20.387  1836  1836 I GpsToggle: updateButtons
10-28 20:20:20.426  1340  1340 D dalvikvm: GC_EXPLICIT freed 421 objects / 18344 bytes in 43ms
10-28 20:20:20.449  1836  1836 I AirplaneModeToggle: OnReceive
10-28 20:20:20.449  1836  1836 I AirplaneModeToggle: getServiceState.DISABLED_STATE
10-28 20:20:20.449  1836  1836 I AirplaneModeToggle: UpdateWidget - currentState=DISABLED_STATE
10-28 20:20:20.481  1836  1836 I AirplaneModeToggle: updateButtons
10-28 20:20:20.496  1340  1340 D dalvikvm: GC_EXPLICIT freed 456 objects / 20064 bytes in 50ms
10-28 20:20:20.567  1408  1408 D ChipWidgetProvider: Received intent Intent { act=com.motorola.blur.home.ACTION_SET_WIDGET_SIZE cmp=com.motorola.blur.weather/.WeatherWidgetProvider (has extras) }
10-28 20:20:20.567  1408  1408 D ChipWidgetProvider: a22417 debug in chipwidgetprovider function updatewidget the pendingUpdates is :android.util.SparseIntArray@459d30a0
10-28 20:20:20.582  1408  1428 I WeatherWidgetProvider: doUpdateWidget 7 x:4 y:1
10-28 20:20:20.582  1408  1408 D ChipWidgetProvider: Received intent Intent { act=com.motorola.blur.home.ACTION_WIDGET_ADDED cmp=com.motorola.blur.weather/.WeatherWidgetProvider (has extras) }
10-28 20:20:20.582  1408  1408 D WeatherWidgetProvider: WeatherLoop, onAdded new=false
10-28 20:20:20.621  1340  1340 D dalvikvm: GC_EXPLICIT freed 1118 objects / 59528 bytes in 52ms
10-28 20:20:20.629  1408  1408 D WeatherWidgetProvider: Weather onAdded - settings={"displayName":"Weather","location_codes":[],"temperature_unit":"Fahrenheit"}
10-28 20:20:20.629  1408  1408 D WeatherUtil: **** checkIfCurrentLocationForecastExists current location exists in forecasts table
10-28 20:20:20.629  1408  1408 D WeatherUtil: Current location already present in Forecasts table
10-28 20:20:20.637  1408  1428 I WeatherWidgetProvider: ****** settings {"displayName":"Weather","location_codes":[],"temperature_unit":"Fahrenheit"}
10-28 20:20:20.684  1340  1340 D dalvikvm: GC_EXPLICIT freed 264 objects / 12088 bytes in 36ms
10-28 20:20:20.715  1424  1448 D SocialWidgetProvider: ===== getImageDimens: width=103 height=141
10-28 20:20:20.715  1424  1448 D BlurContactsExtensions: ===== targetSize: width=103 height=141
10-28 20:20:20.777  1563  1563 D ChipWidgetProvider: Received intent Intent { act=com.motorola.blur.home.ACTION_SET_WIDGET_SIZE cmp=com.android.providers.calendar/.CalendarWidgetProvider (has extras) }
10-28 20:20:20.777  1563  1563 D ChipWidgetProvider: a22417 debug in chipwidgetprovider function updatewidget the pendingUpdates is :android.util.SparseIntArray@4592c4a0
10-28 20:20:20.785  1563  1563 D ChipWidgetProvider: Received intent Intent { act=com.motorola.blur.home.ACTION_WIDGET_ADDED cmp=com.android.providers.calendar/.CalendarWidgetProvider (has extras) }
10-28 20:20:20.863  1424  1448 D BlurContactsExtensions: ===== imageStream: imageWidth=100 imageHeight=87
10-28 20:20:20.863  1424  1448 D BlurContactsExtensions: ===== Using default android decode api...
10-28 20:20:20.863  1424  1448 D BlurContactsExtensions: ===== Android image decode:  downSample=1 downScaleX=0 downScaleY=0
10-28 20:20:20.879  1466  1466 D ChipWidgetProvider: Received intent Intent { act=com.motorola.blur.home.ACTION_SET_WIDGET_SIZE cmp=com.motorola.blur.home.message/.MessageWidgetProvider (has extras) }
10-28 20:20:20.879  1466  1466 D ChipWidgetProvider: a22417 debug in chipwidgetprovider function updatewidget the pendingUpdates is :android.util.SparseIntArray@459eb0e8
10-28 20:20:20.910  1466  1466 D ChipWidgetProvider: Received intent Intent { act=com.motorola.blur.home.ACTION_WIDGET_ADDED cmp=com.motorola.blur.home.message/.MessageWidgetProvider (has extras) }
10-28 20:20:20.942  1424  1448 D BlurContactsExtensions: ===== Cropping img: cropWidth=63 cropHeight=87
10-28 20:20:20.965  1844  1844 D ChipWidgetProvider: Received intent Intent { act=com.motorola.blur.home.ACTION_WIDGET_ADDED cmp=com.motorola.photowidget/.PhotoWidgetAppProvider (has extras) }
10-28 20:20:20.965  1844  1844 V PhotoWidgetAppProvider: onAdded called appWidgetId- 17 New Widget flag- false
10-28 20:20:20.988  1447  1447 D ChipWidgetProvider: Received intent Intent { act=com.motorola.blur.home.ACTION_SET_WIDGET_SIZE cmp=com.motorola.blur.news/.widget.NewsWidgetProvider (has extras) }
10-28 20:20:20.988  1447  1447 D ChipWidgetProvider: a22417 debug in chipwidgetprovider function updatewidget the pendingUpdates is :android.util.SparseIntArray@459d00c0
10-28 20:20:21.004  1408  1428 I WeatherWidgetProvider: isPortrait is true
10-28 20:20:21.004  1408  1428 I WeatherWidgetProvider: ******* temp1
10-28 20:20:21.004  1408  1428 I WeatherWidgetProvider: ******* temp2
10-28 20:20:21.012  1447  1447 D ChipWidgetProvider: Received intent Intent { act=com.motorola.blur.home.ACTION_WIDGET_ADDED cmp=com.motorola.blur.news/.widget.NewsWidgetProvider (has extras) }
10-28 20:20:21.067  1447  1825 D DateUtil: now.getTimeZone(): Eastern Standard Time
10-28 20:20:21.082  1447  1447 D ChipWidgetProvider: Received intent Intent { act=com.motorola.blur.home.ACTION_SET_WIDGET_SIZE cmp=com.motorola.blur.news/.widget.NewsWidgetProvider (has extras) }
10-28 20:20:21.082  1447  1447 D ChipWidgetProvider: a22417 debug in chipwidgetprovider function updatewidget the pendingUpdates is :android.util.SparseIntArray@459d00c0
10-28 20:20:21.113  1447  1447 D ChipWidgetProvider: Received intent Intent { act=com.motorola.blur.home.ACTION_WIDGET_ADDED cmp=com.motorola.blur.news/.widget.NewsWidgetProvider (has extras) }
10-28 20:20:21.121  1408  1408 D WeatherService: TEMPLOG: got intent in PollingManagerCallback, intent=Intent { act=com.motorola.blur.weather.UPDATE_STALE_FORECASTS }
10-28 20:20:21.246  1340  1340 D dalvikvm: GC_EXPLICIT freed 7292 objects / 412376 bytes in 43ms
10-28 20:20:21.262  1424  1448 D DateUtil: now.getTimeZone(): Eastern Standard Time
10-28 20:20:21.285  1340  1340 D dalvikvm: GC_EXPLICIT freed 692 objects / 32168 bytes in 38ms
10-28 20:20:21.363  1340  1340 D dalvikvm: GC_EXPLICIT freed 786 objects / 33888 bytes in 40ms
10-28 20:20:21.410  1408  1408 D WeatherService: TEMPLOG: got ACTION_UPDATE_STALE_FORECASTS intent
10-28 20:20:21.410  1408  1408 I WeatherService: Received a request to update all stale forecasts
10-28 20:20:21.418  1340  1340 D dalvikvm: GC_EXPLICIT freed 281 objects / 10856 bytes in 52ms
10-28 20:20:21.434  1408  1819 D WeatherService: TEMPLOG: loop_id from intent-1
10-28 20:20:21.434  1408  1819 D TEMP    : updateStaleForecasts loopID=-1
10-28 20:20:21.434  1408  1819 I WeatherService: ***updateStale
10-28 20:20:21.434  1408  1819 D WeatherService: TEMPLOG: updateCurrentLocationForecast, loopID=-1
10-28 20:20:21.457  1340  1340 D dalvikvm: GC_EXPLICIT freed 153 objects / 5864 bytes in 38ms
10-28 20:20:21.488  1424  1448 V SocialWidgetProvider: DisplayName: Robbie Stark for RawContactId: 633
10-28 20:20:21.504  1340  1340 D dalvikvm: GC_EXPLICIT freed 110 objects / 4008 bytes in 42ms
10-28 20:20:21.551  1340  1340 D dalvikvm: GC_EXPLICIT freed 125 objects / 4808 bytes in 40ms
10-28 20:20:21.590  1340  1340 D dalvikvm: GC_EXPLICIT freed 112 objects / 4064 bytes in 40ms
10-28 20:20:21.606  1424  1448 D SocialWidgetProvider: updated id 2:I don't look a thing like jesus, but I talk like a gentleman.
10-28 20:20:21.637  1340  1340 D dalvikvm: GC_EXPLICIT freed 323 objects / 12152 bytes in 41ms
10-28 20:20:21.645  1408  1428 I WeatherWidgetProvider: ******* temp3
10-28 20:20:21.676  1340  1340 D dalvikvm: GC_EXPLICIT freed 307 objects / 11944 bytes in 39ms
10-28 20:20:21.707  1563  7695 D CalAppWidgetService: SERVICE RUN: widgetId: 9
10-28 20:20:21.707  1563  7695 D CalAppWidgetService: spanX: 4
10-28 20:20:21.707  1563  7695 D CalAppWidgetService: spanX: 1
10-28 20:20:21.723  1340  1340 D dalvikvm: GC_EXPLICIT freed 610 objects / 22440 bytes in 39ms
10-28 20:20:21.770  1563  7695 D CalAppWidgetService: Widget Calendar Selection string: Calendars.SELECTED=1
10-28 20:20:21.777  1340  1340 D dalvikvm: GC_EXPLICIT freed 379 objects / 14392 bytes in 47ms
10-28 20:20:21.816  1340  1340 D dalvikvm: GC_EXPLICIT freed 187 objects / 7048 bytes in 36ms
10-28 20:20:21.856  1340  1340 D dalvikvm: GC_EXPLICIT freed 194 objects / 6944 bytes in 36ms
10-28 20:20:21.902  1340  1340 D dalvikvm: GC_EXPLICIT freed 423 objects / 17344 bytes in 37ms
10-28 20:20:21.934  1408  1819 D WeatherService: Too soon to update current location forecast
10-28 20:20:21.941  1340  1340 D dalvikvm: GC_EXPLICIT freed 284 objects / 11136 bytes in 38ms
10-28 20:20:21.965  1563  7695 D CalAppWidgetService: WVGA device
10-28 20:20:21.965  1563  7695 D CalAppWidgetService: 4x1
10-28 20:20:21.988  1340  1340 D dalvikvm: GC_EXPLICIT freed 112 objects / 4088 bytes in 44ms
10-28 20:20:22.027  1340  1340 D dalvikvm: GC_EXPLICIT freed 470 objects / 17528 bytes in 36ms
10-28 20:20:22.121  1340  1340 D dalvikvm: GC_EXPLICIT freed 1850 objects / 165608 bytes in 38ms
10-28 20:20:22.176  1340  1340 D dalvikvm: GC_EXPLICIT freed 95 objects / 4152 bytes in 40ms
10-28 20:20:22.223  1340  1340 D dalvikvm: GC_EXPLICIT freed 319 objects / 11928 bytes in 42ms
10-28 20:20:22.223  1563  7695 D CalAppWidgetService: setHeader() - went into high density if
10-28 20:20:22.231  1466  7696 V ServiceThreadPool: beforeExecute():  active threads: 1, current pool size: 5, largest pool size: 8
10-28 20:20:22.231  1466  7696 V MessageWidgetProvider: initialized CharsetUtil in0ms
10-28 20:20:22.277  1563  7695 D CalAppWidgetService: no requested update or expired wakelock, bailing
10-28 20:20:22.285  1340  1340 D dalvikvm: GC_EXPLICIT freed 613 objects / 22616 bytes in 41ms
10-28 20:20:22.285  1466  7697 V ServiceThreadPool: beforeExecute():  active threads: 1, current pool size: 5, largest pool size: 8
10-28 20:20:22.285  1466  7697 V MessageWidgetProvider: initialized CharsetUtil in0ms
10-28 20:20:22.332  1317  2523 D BlurSNMessagingEngine: SNMessagingProvider::getDatabase called
10-28 20:20:22.348  1408  1819 V WeatherService: No locations that meet the criteria, forecast._id >= 0 
10-28 20:20:22.348  1408  1819 D WeatherService: There are no stale locations found in database
10-28 20:20:22.348  1466  1476 D wubo    : a22417 in getContactName the address comin is :5704000104
10-28 20:20:22.348  1466  1476 D wubo    : a22417 in getContactName the TMConversationUtils.isMultiAddress(address) :false
10-28 20:20:22.348  1466  1476 D wubo    : case 1 a22417 in resolveSingleAddressToName the name  is :null
10-28 20:20:22.348  1466  1476 D wubo    : case 2 a22417 in resolveSingleAddressToName the name  is :null
10-28 20:20:22.402  1466  1476 D TextMsgTransport: case 1 wubo a22417 in getSender the name is :Jim Dudish
10-28 20:20:22.402  1466  1476 D TextMsgTransport: case 1 wubo a22417 in getSender the address is :5704000104
10-28 20:20:22.418  1466  1476 D TextMsgTransport: case 2 wubo a22417 in getSender the name is :Jim Dudish
10-28 20:20:22.418  1466  1476 V TextMsgTransport: DataId: 4488 ContactId: 649 DisplayName >Jim Dudish< when filtering for >5704000104<
10-28 20:20:22.442  1466  1476 D BlurContactsExtensions: ===== targetSize: width=125 height=150
10-28 20:20:22.559  1466  1476 D DateUtil: now.getTimeZone(): Eastern Standard Time
10-28 20:20:22.613  1340  1340 D dalvikvm: GC_EXPLICIT freed 411 objects / 14728 bytes in 37ms
10-28 20:20:44.613  1376  1376 D dalvikvm: GC_EXPLICIT freed 570 objects / 21256 bytes in 72ms
10-28 20:20:52.043  3823  7699 I zomut.watchdog.monitor: init
10-28 20:20:52.051  3823  7699 I zomut.watchdog.monitor: begin
10-28 20:20:52.121  3823  7699 D dalvikvm: GC_FOR_MALLOC freed 4899 objects / 564384 bytes in 35ms
10-28 20:20:52.192  3823  7699 D dalvikvm: GC_FOR_MALLOC freed 3032 objects / 506888 bytes in 34ms
10-28 20:20:52.293  3823  7699 D dalvikvm: GC_FOR_MALLOC freed 4584 objects / 497768 bytes in 34ms
10-28 20:20:52.324  3823  7699 I zomut.watchdog.monitor: end
10-28 20:21:00.004  1235  1243 D KeyguardUpdateMonitor: received broadcast android.intent.action.TIME_TICK
10-28 20:21:00.012  1235  1259 D KeyguardUpdateMonitor: handleTimeUpdate
10-28 20:21:13.129  1235  1243 V DeviceStorageMonitorService: freeMemory=6643609600
10-28 20:21:13.129  1235  1243 V DeviceStorageMonitorService: Threshold Percentage=10
10-28 20:21:13.129  1235  1243 V DeviceStorageMonitorService: mTotalMemory = 70264913
10-28 20:21:13.129  1235  1243 I DeviceStorageMonitorService: Posting Message again
10-28 20:21:22.699  1824  1824 D dalvikvm: GC_EXPLICIT freed 363 objects / 15080 bytes in 73ms
10-28 20:21:26.582  1316  1394 I global  : Default buffer size used in BufferedOutputStream constructor. It would be better to be explicit if an 8k buffer is required.
10-28 20:21:26.582  1316  1316 D SMSDispatcher: New SMS Message Received
10-28 20:21:26.668  1651  1651 V sms     : received SMS is not '//F1' sms!
10-28 20:21:26.676  1544  1544 V SmsReceiver: beginStartingService - START
10-28 20:21:26.676  1544  1544 V SmsReceiver: beginStartingService - synchronized
10-28 20:21:26.676  1544  1544 V SmsReceiver: beginStartingService - Power waked lock acquire request
10-28 20:21:26.676  1544  1544 V SmsReceiver: beginStartingService - Power waked lock acquire done
10-28 20:21:26.676  1544  1544 V MessageUtils: MSG-THREAD START - startService, intent=Intent { act=android.provider.Telephony.SMS_RECEIVED cmp=com.motorola.blur.conversations/.transaction.SmsReceiverService (has extras) }
10-28 20:21:26.684  1544  1544 V SmsReceiver: beginStartingService - END
10-28 20:21:26.699  1544  1544 V SmsReceiverService: onCreate() - START
