--------- beginning of /dev/log/system
10-28 19:16:13.303  1235  1243 I DeviceStorageMonitorService: Posting Message again
10-28 19:17:13.305  1235  1243 V DeviceStorageMonitorService: freeMemory=6643642368
10-28 19:17:13.305  1235  1243 V DeviceStorageMonitorService: Threshold Percentage=10
10-28 19:17:13.305  1235  1243 V DeviceStorageMonitorService: mTotalMemory = 70264913
10-28 19:17:13.305  1235  1243 I DeviceStorageMonitorService: Posting Message again
10-28 19:18:13.308  1235  1243 V DeviceStorageMonitorService: freeMemory=6643642368
10-28 19:18:13.308  1235  1243 V DeviceStorageMonitorService: Threshold Percentage=10
10-28 19:18:13.309  1235  1243 V DeviceStorageMonitorService: mTotalMemory = 70264913
10-28 19:18:13.309  1235  1243 I DeviceStorageMonitorService: Posting Message again
10-28 19:19:13.310  1235  1243 V DeviceStorageMonitorService: freeMemory=6643634176
10-28 19:19:13.310  1235  1243 V DeviceStorageMonitorService: Threshold Percentage=10
10-28 19:19:13.310  1235  1243 V DeviceStorageMonitorService: mTotalMemory = 70264913
10-28 19:19:13.310  1235  1243 I DeviceStorageMonitorService: Posting Message again
10-28 19:19:15.339  1235  2149 I ActivityManager: Starting activity: Intent { flg=0x30000000 cmp=com.snakefish.visms/.IncomingMessage (has extras) }
10-28 19:19:48.644  1235  1243 D StatusBarPolicy: handleBatteryUpdate
10-28 19:19:51.183  1235  1243 I InputManagerService: received close system dialog event
10-28 19:19:51.191  1235  1239 I ActivityManager: Starting activity: Intent { act=android.speech.action.RECOGNIZE_SPEECH cmp=com.google.android.voicesearch/.IntentApiActivity (has extras) }
10-28 19:19:56.933  1235  1454 W InputManagerService: Starting input on non-focused client com.android.internal.view.IInputMethodClient$Stub$Proxy@45b873e8 (uid=10060 pid=3503)
10-28 19:20:11.636  1235  1243 I InputManagerService: received close system dialog event
10-28 19:20:11.644  1235  1488 I ActivityManager: Starting activity: Intent { act=android.speech.action.RECOGNIZE_SPEECH cmp=com.google.android.voicesearch/.IntentApiActivity (has extras) }
10-28 19:20:13.917  1235  1243 V DeviceStorageMonitorService: freeMemory=6643630080
10-28 19:20:13.917  1235  1243 V DeviceStorageMonitorService: Threshold Percentage=10
10-28 19:20:13.917  1235  1243 V DeviceStorageMonitorService: mTotalMemory = 70264913
10-28 19:20:13.917  1235  1243 I DeviceStorageMonitorService: Posting Message again
10-28 19:20:15.230  1235  1491 W InputManagerService: Starting input on non-focused client com.android.internal.view.IInputMethodClient$Stub$Proxy@45b873e8 (uid=10060 pid=3503)
10-28 19:21:04.808  1235  1243 I InputManagerService: received close system dialog event
10-28 19:21:04.808  1235  1889 I ActivityManager: Starting activity: Intent { act=android.speech.action.RECOGNIZE_SPEECH cmp=com.google.android.voicesearch/.IntentApiActivity (has extras) }
10-28 19:21:08.238  1235  1490 I ActivityManager: Starting activity: Intent { cmp=com.snakefish.visms/.TextActivity (has extras) }
10-28 19:21:08.269  1235  2089 W InputManagerService: Starting input on non-focused client com.android.internal.view.IInputMethodClient$Stub$Proxy@45b873e8 (uid=10060 pid=3503)
10-28 19:21:13.922  1235  1243 V DeviceStorageMonitorService: freeMemory=6643630080
10-28 19:21:13.922  1235  1243 V DeviceStorageMonitorService: Threshold Percentage=10
10-28 19:21:13.922  1235  1243 V DeviceStorageMonitorService: mTotalMemory = 70264913
10-28 19:21:13.922  1235  1243 I DeviceStorageMonitorService: Posting Message again
10-28 19:21:31.730  1235  1243 I InputManagerService: received close system dialog event
10-28 19:21:31.738  1235  1492 I ActivityManager: Starting activity: Intent { act=android.speech.action.RECOGNIZE_SPEECH cmp=com.google.android.voicesearch/.IntentApiActivity (has extras) }
10-28 19:21:31.933  1235  1889 W InputManagerService: Starting input on non-focused client com.android.internal.view.IInputMethodClient$Stub$Proxy@45d1e930 (uid=10114 pid=6054)
10-28 19:21:35.042  1235  1235 W InputManagerService: Starting input on non-focused client com.android.internal.view.IInputMethodClient$Stub$Proxy@45b873e8 (uid=10060 pid=3503)
10-28 19:21:38.292  1235  1243 I InputManagerService: received close system dialog event
10-28 19:21:38.300  1235  2089 I ActivityManager: Starting activity: Intent { act=android.speech.action.RECOGNIZE_SPEECH cmp=com.google.android.voicesearch/.IntentApiActivity (has extras) }
10-28 19:21:38.503  1235  1487 W InputManagerService: Starting input on non-focused client com.android.internal.view.IInputMethodClient$Stub$Proxy@45d1e930 (uid=10114 pid=6054)
10-28 19:21:42.706  1235  2089 W InputManagerService: Starting input on non-focused client com.android.internal.view.IInputMethodClient$Stub$Proxy@45b873e8 (uid=10060 pid=3503)
10-28 19:21:59.730  1235  1243 I InputManagerService: received close system dialog event
10-28 19:21:59.738  1235  1492 I ActivityManager: Starting activity: Intent { act=android.speech.action.RECOGNIZE_SPEECH cmp=com.google.android.voicesearch/.IntentApiActivity (has extras) }
10-28 19:21:59.925  1235  1487 W InputManagerService: Starting input on non-focused client com.android.internal.view.IInputMethodClient$Stub$Proxy@45d1e930 (uid=10114 pid=6054)
10-28 19:22:03.402  1235  1239 W InputManagerService: Starting input on non-focused client com.android.internal.view.IInputMethodClient$Stub$Proxy@45d1e930 (uid=10114 pid=6054)
10-28 19:22:03.409  1235  1240 W InputManagerService: Client not active, ignoring focus gain of: com.android.internal.view.IInputMethodClient$Stub$Proxy@45d04660
10-28 19:22:03.441  1235  2149 W InputManagerService: Starting input on non-focused client com.android.internal.view.IInputMethodClient$Stub$Proxy@45d1e930 (uid=10114 pid=6054)
10-28 19:22:03.464  1235  2033 W InputManagerService: Starting input on non-focused client com.android.internal.view.IInputMethodClient$Stub$Proxy@45b873e8 (uid=10060 pid=3503)
10-28 19:22:13.917  1235  1243 V DeviceStorageMonitorService: freeMemory=6643630080
10-28 19:22:13.925  1235  1243 V DeviceStorageMonitorService: Threshold Percentage=10
10-28 19:22:13.925  1235  1243 V DeviceStorageMonitorService: mTotalMemory = 70264913
10-28 19:22:13.925  1235  1243 I DeviceStorageMonitorService: Posting Message again
10-28 19:22:21.019  1235  1890 I ActivityManager: Starting activity: Intent { act=android.intent.action.MAIN cat=[android.intent.category.LAUNCHER] flg=0x10200000 cmp=com.snakefish.visms/.ConversationsActivity }
10-28 19:22:21.378  1235  1454 W InputManagerService: Starting input on non-focused client com.android.internal.view.IInputMethodClient$Stub$Proxy@45bac1d0 (uid=10005 pid=1340)
10-28 19:22:23.495  1235  1243 I WindowManager: Setting rotation to 3, animFlags=0
10-28 19:22:23.495  1235  1243 I ActivityManager: Config changed: { scale=1.0 imsi=310/4 loc=en_US touch=3 keys=2/1/2 nav=2/1 orien=2 layout=34 uiMode=17 seq=34}
10-28 19:22:23.534  1235  1243 I UsageStats: Unexpected resume of com.snakefish.visms while already resumed in com.snakefish.visms
10-28 19:22:24.003  1235  2149 W InputManagerService: Starting input on non-focused client com.android.internal.view.IInputMethodClient$Stub$Proxy@45d20d90 (uid=10089 pid=1865)
10-28 19:22:24.011  1235  2089 W InputManagerService: Starting input on non-focused client com.android.internal.view.IInputMethodClient$Stub$Proxy@45d20d90 (uid=10089 pid=1865)
10-28 19:22:24.011  1235  1890 W InputManagerService: Starting input on non-focused client com.android.internal.view.IInputMethodClient$Stub$Proxy@45d20d90 (uid=10089 pid=1865)
10-28 19:23:12.441  1235  1243 I InputManagerService: received close system dialog event
10-28 19:23:12.449  1235  1491 I ActivityManager: Starting activity: Intent { act=android.speech.action.RECOGNIZE_SPEECH cmp=com.google.android.voicesearch/.IntentApiActivity (has extras) }
10-28 19:23:12.722  1235  1890 W InputManagerService: Starting input on non-focused client com.android.internal.view.IInputMethodClient$Stub$Proxy@45d1e930 (uid=10114 pid=6054)
10-28 19:23:13.925  1235  1243 V DeviceStorageMonitorService: freeMemory=6643630080
10-28 19:23:13.925  1235  1243 V DeviceStorageMonitorService: Threshold Percentage=10
10-28 19:23:13.925  1235  1243 V DeviceStorageMonitorService: mTotalMemory = 70264913
10-28 19:23:13.925  1235  1243 I DeviceStorageMonitorService: Posting Message again
10-28 19:23:17.527  1235  1889 W InputManagerService: Starting input on non-focused client com.android.internal.view.IInputMethodClient$Stub$Proxy@45b873e8 (uid=10060 pid=3503)
10-28 19:23:45.925  1235  1235 I WindowManager: Setting rotation to 0, animFlags=1
10-28 19:23:45.941  1235  1889 I ActivityManager: Config changed: { scale=1.0 imsi=310/4 loc=en_US touch=3 keys=2/1/2 nav=2/1 orien=1 layout=34 uiMode=17 seq=35}
10-28 19:23:46.449  1235  1490 W InputManagerService: Starting input on non-focused client com.android.internal.view.IInputMethodClient$Stub$Proxy@45d20d90 (uid=10089 pid=1865)
10-28 19:23:46.456  1235  1344 W InputManagerService: Starting input on non-focused client com.android.internal.view.IInputMethodClient$Stub$Proxy@45d20d90 (uid=10089 pid=1865)
10-28 19:24:13.925  1235  1243 V DeviceStorageMonitorService: freeMemory=6643630080
10-28 19:24:13.925  1235  1243 V DeviceStorageMonitorService: Threshold Percentage=10
10-28 19:24:13.925  1235  1243 V DeviceStorageMonitorService: mTotalMemory = 70264913
10-28 19:24:13.925  1235  1243 I DeviceStorageMonitorService: Posting Message again
10-28 19:24:22.191  1235  1889 I ActivityManager: Starting activity: Intent { flg=0x30000000 cmp=com.snakefish.visms/.IncomingMessage (has extras) }
10-28 19:24:22.230  1235  1454 I WindowManager: Setting rotation to 3, animFlags=1
10-28 19:24:22.245  1235  1454 I ActivityManager: Config changed: { scale=1.0 imsi=310/4 loc=en_US touch=3 keys=2/1/2 nav=2/1 orien=2 layout=34 uiMode=17 seq=36}
10-28 19:24:22.769  1235  1492 W InputManagerService: Starting input on non-focused client com.android.internal.view.IInputMethodClient$Stub$Proxy@45d20d90 (uid=10089 pid=1865)
10-28 19:24:22.777  1235  1491 W InputManagerService: Starting input on non-focused client com.android.internal.view.IInputMethodClient$Stub$Proxy@45d20d90 (uid=10089 pid=1865)
10-28 19:24:22.784  1235  1487 W InputManagerService: Starting input on non-focused client com.android.internal.view.IInputMethodClient$Stub$Proxy@45d20d90 (uid=10089 pid=1865)
10-28 19:24:45.980  1235  1243 I InputManagerService: received close system dialog event
10-28 19:24:45.988  1235  1235 I ActivityManager: Starting activity: Intent { act=android.speech.action.RECOGNIZE_SPEECH cmp=com.google.android.voicesearch/.IntentApiActivity (has extras) }
10-28 19:24:51.238  1235  2149 W InputManagerService: Starting input on non-focused client com.android.internal.view.IInputMethodClient$Stub$Proxy@45d1e930 (uid=10114 pid=6054)
10-28 19:24:51.238  1235  1346 W InputManagerService: Client not active, ignoring focus gain of: com.android.internal.view.IInputMethodClient$Stub$Proxy@45b9d890
10-28 19:24:51.253  1235  1890 I WindowManager: Setting rotation to 0, animFlags=1
10-28 19:24:51.277  1235  1454 I ActivityManager: Config changed: { scale=1.0 imsi=310/4 loc=en_US touch=3 keys=2/1/2 nav=2/1 orien=1 layout=34 uiMode=17 seq=37}
10-28 19:24:51.386  1235  1344 W InputManagerService: Starting input on non-focused client com.android.internal.view.IInputMethodClient$Stub$Proxy@45d1e930 (uid=10114 pid=6054)
10-28 19:24:51.394  1235  2033 W InputManagerService: Starting input on non-focused client com.android.internal.view.IInputMethodClient$Stub$Proxy@45b873e8 (uid=10060 pid=3503)
10-28 19:24:51.722  1235  2033 W InputManagerService: Starting input on non-focused client com.android.internal.view.IInputMethodClient$Stub$Proxy@45d20d90 (uid=10089 pid=1865)
10-28 19:24:51.722  1235  1491 W InputManagerService: Starting input on non-focused client com.android.internal.view.IInputMethodClient$Stub$Proxy@45d20d90 (uid=10089 pid=1865)
10-28 19:25:13.930  1235  1243 V DeviceStorageMonitorService: freeMemory=6643630080
10-28 19:25:13.930  1235  1243 V DeviceStorageMonitorService: Threshold Percentage=10
10-28 19:25:13.930  1235  1243 V DeviceStorageMonitorService: mTotalMemory = 70264913
10-28 19:25:13.930  1235  1243 I DeviceStorageMonitorService: Posting Message again
10-28 19:25:28.699  1235  2033 I ActivityManager: Starting activity: Intent { flg=0x30000000 cmp=com.snakefish.visms/.IncomingMessage (has extras) }
10-28 19:25:28.730  1235  2089 I WindowManager: Setting rotation to 3, animFlags=1
10-28 19:25:28.738  1235  2089 I ActivityManager: Config changed: { scale=1.0 imsi=310/4 loc=en_US touch=3 keys=2/1/2 nav=2/1 orien=2 layout=34 uiMode=17 seq=38}
10-28 19:25:29.425  1235  1235 W InputManagerService: Starting input on non-focused client com.android.internal.view.IInputMethodClient$Stub$Proxy@45d20d90 (uid=10089 pid=1865)
10-28 19:25:29.433  1235  2033 W InputManagerService: Starting input on non-focused client com.android.internal.view.IInputMethodClient$Stub$Proxy@45d20d90 (uid=10089 pid=1865)
10-28 19:25:29.441  1235  1346 W InputManagerService: Starting input on non-focused client com.android.internal.view.IInputMethodClient$Stub$Proxy@45d20d90 (uid=10089 pid=1865)
10-28 19:25:34.425  1235  1890 I WindowManager: Setting rotation to 0, animFlags=1
10-28 19:25:34.441  1235  1491 I ActivityManager: Config changed: { scale=1.0 imsi=310/4 loc=en_US touch=3 keys=2/1/2 nav=2/1 orien=1 layout=34 uiMode=17 seq=39}
10-28 19:25:34.769  1235  1889 W InputManagerService: Starting input on non-focused client com.android.internal.view.IInputMethodClient$Stub$Proxy@45d20d90 (uid=10089 pid=1865)
10-28 19:25:34.855  1235  1890 W InputManagerService: Starting input on non-focused client com.android.internal.view.IInputMethodClient$Stub$Proxy@45d20d90 (uid=10089 pid=1865)
10-28 19:26:13.925  1235  1243 V DeviceStorageMonitorService: freeMemory=6643630080
10-28 19:26:13.925  1235  1243 V DeviceStorageMonitorService: Threshold Percentage=10
10-28 19:26:13.925  1235  1243 V DeviceStorageMonitorService: mTotalMemory = 70264913
10-28 19:26:13.925  1235  1243 I DeviceStorageMonitorService: Posting Message again
10-28 19:26:33.761  1235  1889 I ActivityManager: Starting activity: Intent { act=android.intent.action.MAIN cat=[android.intent.category.LAUNCHER] flg=0x10200000 cmp=com.snakefish.visms/.ConversationsActivity }
10-28 19:26:34.253  1235  2149 W InputManagerService: Starting input on non-focused client com.android.internal.view.IInputMethodClient$Stub$Proxy@45bac1d0 (uid=10005 pid=1340)
10-28 19:26:34.480  1235  2089 I ActivityManager: Process com.motorola.bluetoothdun (pid 3808) has died.
10-28 19:26:36.621  1235  1243 I WindowManager: Setting rotation to 3, animFlags=0
10-28 19:26:36.636  1235  1243 I ActivityManager: Config changed: { scale=1.0 imsi=310/4 loc=en_US touch=3 keys=2/1/2 nav=2/1 orien=2 layout=34 uiMode=17 seq=40}
10-28 19:26:36.738  1235  1243 I UsageStats: Unexpected resume of com.snakefish.visms while already resumed in com.snakefish.visms
10-28 19:26:37.144  1235  1492 W InputManagerService: Starting input on non-focused client com.android.internal.view.IInputMethodClient$Stub$Proxy@45d20d90 (uid=10089 pid=1865)
10-28 19:26:37.152  1235  2089 W InputManagerService: Starting input on non-focused client com.android.internal.view.IInputMethodClient$Stub$Proxy@45d20d90 (uid=10089 pid=1865)
10-28 19:26:37.152  1235  1454 W InputManagerService: Starting input on non-focused client com.android.internal.view.IInputMethodClient$Stub$Proxy@45d20d90 (uid=10089 pid=1865)
10-28 19:27:13.933  1235  1243 V DeviceStorageMonitorService: freeMemory=6643630080
10-28 19:27:13.933  1235  1243 V DeviceStorageMonitorService: Threshold Percentage=10
10-28 19:27:13.933  1235  1243 V DeviceStorageMonitorService: mTotalMemory = 70264913
10-28 19:27:13.933  1235  1243 I DeviceStorageMonitorService: Posting Message again
10-28 19:27:32.949  1235  1487 I ActivityManager: Starting activity: Intent { cmp=com.snakefish.visms/.OptionsList }
10-28 19:28:13.935  1235  1243 V DeviceStorageMonitorService: freeMemory=6643630080
10-28 19:28:13.935  1235  1243 V DeviceStorageMonitorService: Threshold Percentage=10
10-28 19:28:13.935  1235  1243 V DeviceStorageMonitorService: mTotalMemory = 70264913
10-28 19:28:13.935  1235  1243 I DeviceStorageMonitorService: Posting Message again
10-28 19:28:14.534  1235  1487 I ActivityManager: Starting activity: Intent { cmp=com.snakefish.visms/.MainChatWindow (has extras) }
10-28 19:28:19.675  1235  1890 I ActivityManager: Starting activity: Intent { act=android.intent.action.PICK dat=content://com.android.contacts/contacts cmp=com.motorola.blur.contacts/.picker.PickIdentityActivity }
10-28 19:28:33.058  1235  1487 W InputManagerService: Starting input on non-focused client com.android.internal.view.IInputMethodClient$Stub$Proxy@45bcc318 (uid=10005 pid=1512)
10-28 19:28:45.370  1235  1239 I ActivityManager: Starting activity: Intent { cmp=com.snakefish.visms/.TextActivity (has extras) }
10-28 19:29:05.589  1235  1488 I ActivityManager: Process com.motorola.android.syncml.service (pid 1694) has died.
10-28 19:29:05.589  1235  1488 W ActivityManager: Scheduling restart of crashed service com.motorola.android.syncml.service/.SyncEngineService in 5000ms
10-28 19:29:10.613  1235  1245 I ActivityManager: Start proc com.motorola.android.syncml.service for service com.motorola.android.syncml.service/.SyncEngineService: pid=6815 uid=10072 gids={3003}
10-28 19:29:10.894  1235  1346 I ActivityManager: Process com.motorola.blur.datamanager.app (pid 1623) has died.
10-28 19:29:13.933  1235  1243 V DeviceStorageMonitorService: freeMemory=6643630080
10-28 19:29:13.933  1235  1243 V DeviceStorageMonitorService: Threshold Percentage=10
10-28 19:29:13.933  1235  1243 V DeviceStorageMonitorService: mTotalMemory = 70264913
10-28 19:29:13.933  1235  1243 I DeviceStorageMonitorService: Posting Message again
10-28 19:29:46.425  1235  1347 I WindowManager: Setting rotation to 0, animFlags=1
10-28 19:29:46.441  1235  1492 I ActivityManager: Config changed: { scale=1.0 imsi=310/4 loc=en_US touch=3 keys=2/1/2 nav=2/1 orien=1 layout=34 uiMode=17 seq=41}
10-28 19:29:46.933  1235  1346 I ActivityManager: Process com.qo.android.moto (pid 1608) has died.
10-28 19:29:46.949  1235  1889 W InputManagerService: Starting input on non-focused client com.android.internal.view.IInputMethodClient$Stub$Proxy@45d20d90 (uid=10089 pid=1865)
10-28 19:29:46.949  1235  1890 W InputManagerService: Starting input on non-focused client com.android.internal.view.IInputMethodClient$Stub$Proxy@45d20d90 (uid=10089 pid=1865)
10-28 19:30:13.941  1235  1243 V DeviceStorageMonitorService: freeMemory=6643630080
10-28 19:30:13.941  1235  1243 V DeviceStorageMonitorService: Threshold Percentage=10
10-28 19:30:13.941  1235  1243 V DeviceStorageMonitorService: mTotalMemory = 70264913
10-28 19:30:13.941  1235  1243 I DeviceStorageMonitorService: Posting Message again
10-28 19:31:13.942  1235  1243 V DeviceStorageMonitorService: freeMemory=6643630080
10-28 19:31:13.942  1235  1243 V DeviceStorageMonitorService: Threshold Percentage=10
10-28 19:31:13.942  1235  1243 V DeviceStorageMonitorService: mTotalMemory = 70264913
10-28 19:31:13.942  1235  1243 I DeviceStorageMonitorService: Posting Message again
10-28 19:32:13.943  1235  1243 V DeviceStorageMonitorService: freeMemory=6643625984
10-28 19:32:13.943  1235  1243 V DeviceStorageMonitorService: Threshold Percentage=10
10-28 19:32:13.943  1235  1243 V DeviceStorageMonitorService: mTotalMemory = 70264913
10-28 19:32:13.943  1235  1243 I DeviceStorageMonitorService: Posting Message again
10-28 19:33:13.944  1235  1243 V DeviceStorageMonitorService: freeMemory=6643625984
10-28 19:33:13.944  1235  1243 V DeviceStorageMonitorService: Threshold Percentage=10
10-28 19:33:13.944  1235  1243 V DeviceStorageMonitorService: mTotalMemory = 70264913
10-28 19:33:13.944  1235  1243 I DeviceStorageMonitorService: Posting Message again
10-28 19:34:13.943  1235  1243 V DeviceStorageMonitorService: freeMemory=6643625984
10-28 19:34:13.943  1235  1243 V DeviceStorageMonitorService: Threshold Percentage=10
10-28 19:34:13.943  1235  1243 V DeviceStorageMonitorService: mTotalMemory = 70264913
10-28 19:34:13.943  1235  1243 I DeviceStorageMonitorService: Posting Message again
10-28 19:34:32.982  1235  1243 I InputManagerService: received close system dialog event
10-28 19:34:33.029  1235  2149 I ActivityManager: Starting activity: Intent { act=android.search.action.GLOBAL_SEARCH flg=0x10000000 cmp=com.google.android.googlequicksearchbox/.SearchActivity (has extras) }
10-28 19:34:33.100  1235  2089 I WindowManager: Setting rotation to 3, animFlags=1
10-28 19:34:33.100  1235  2089 I ActivityManager: Config changed: { scale=1.0 imsi=310/4 loc=en_US touch=3 keys=2/1/2 nav=2/1 orien=2 layout=34 uiMode=17 seq=42}
10-28 19:34:33.795  1235  1344 W InputManagerService: Starting input on non-focused client com.android.internal.view.IInputMethodClient$Stub$Proxy@45d20d90 (uid=10089 pid=1865)
10-28 19:34:33.912  1235  1492 W InputManagerService: Starting input on non-focused client com.android.internal.view.IInputMethodClient$Stub$Proxy@45d20d90 (uid=10089 pid=1865)
10-28 19:34:33.951  1235  1487 W InputManagerService: Starting input on non-focused client com.android.internal.view.IInputMethodClient$Stub$Proxy@45d20d90 (uid=10089 pid=1865)
10-28 19:34:37.404  1235  1454 I WindowManager: Setting rotation to 0, animFlags=1
10-28 19:34:37.436  1235  1240 I ActivityManager: Config changed: { scale=1.0 imsi=310/4 loc=en_US touch=3 keys=2/1/2 nav=2/1 orien=1 layout=34 uiMode=17 seq=43}
10-28 19:34:37.834  1235  2149 W InputManagerService: Starting input on non-focused client com.android.internal.view.IInputMethodClient$Stub$Proxy@45d20d90 (uid=10089 pid=1865)
10-28 19:34:37.834  1235  1239 W InputManagerService: Starting input on non-focused client com.android.internal.view.IInputMethodClient$Stub$Proxy@45d20d90 (uid=10089 pid=1865)
10-28 19:35:13.178  1235  1243 V DeviceStorageMonitorService: freeMemory=6643621888
10-28 19:35:13.178  1235  1243 V DeviceStorageMonitorService: Threshold Percentage=10
10-28 19:35:13.178  1235  1243 V DeviceStorageMonitorService: mTotalMemory = 70264913
10-28 19:35:13.178  1235  1243 I DeviceStorageMonitorService: Posting Message again
10-28 19:36:13.178  1235  1243 V DeviceStorageMonitorService: freeMemory=6643621888
10-28 19:36:13.178  1235  1243 V DeviceStorageMonitorService: Threshold Percentage=10
10-28 19:36:13.178  1235  1243 V DeviceStorageMonitorService: mTotalMemory = 70264913
10-28 19:36:13.178  1235  1243 I DeviceStorageMonitorService: Posting Message again
10-28 19:36:23.482  1235  1235 I ActivityManager: Starting activity: Intent { flg=0x30000000 cmp=com.snakefish.visms/.IncomingMessage (has extras) }
10-28 19:36:33.842  1235  1280 V BackupManagerService: Backup requested but nothing pending
10-28 19:36:50.850  1235  1243 I InputManagerService: received close system dialog event
10-28 19:36:50.850  1235  1454 I ActivityManager: Starting activity: Intent { act=android.speech.action.RECOGNIZE_SPEECH cmp=com.google.android.voicesearch/.IntentApiActivity (has extras) }
10-28 19:36:55.248  1235  1488 W InputManagerService: Starting input on non-focused client com.android.internal.view.IInputMethodClient$Stub$Proxy@45b873e8 (uid=10060 pid=3503)
10-28 19:37:07.787  1235  1243 I InputManagerService: received close system dialog event
10-28 19:37:07.795  1235  1890 I ActivityManager: Starting activity: Intent { act=android.speech.action.RECOGNIZE_SPEECH cmp=com.google.android.voicesearch/.IntentApiActivity (has extras) }
10-28 19:37:12.185  1235  1492 W InputManagerService: Starting input on non-focused client com.android.internal.view.IInputMethodClient$Stub$Proxy@45b873e8 (uid=10060 pid=3503)
10-28 19:37:13.209  1235  1243 V DeviceStorageMonitorService: freeMemory=6643621888
10-28 19:37:13.209  1235  1243 V DeviceStorageMonitorService: Threshold Percentage=10
10-28 19:37:13.209  1235  1243 V DeviceStorageMonitorService: mTotalMemory = 70264913
10-28 19:37:13.209  1235  1243 I DeviceStorageMonitorService: Posting Message again
10-28 19:37:38.545  1235  2033 I ActivityManager: Starting activity: Intent { cmp=com.snakefish.visms/.MainChatWindow (has extras) }
10-28 19:38:13.214  1235  1243 V DeviceStorageMonitorService: freeMemory=6643621888
10-28 19:38:13.214  1235  1243 V DeviceStorageMonitorService: Threshold Percentage=10
10-28 19:38:13.214  1235  1243 V DeviceStorageMonitorService: mTotalMemory = 70264913
10-28 19:38:13.214  1235  1243 I DeviceStorageMonitorService: Posting Message again
10-28 19:38:29.756  1235  1243 I InputManagerService: received close system dialog event
10-28 19:38:29.764  1235  1239 I ActivityManager: Starting activity: Intent { act=android.speech.action.RECOGNIZE_SPEECH cmp=com.google.android.voicesearch/.IntentApiActivity (has extras) }
10-28 19:38:29.951  1235  1889 W InputManagerService: Starting input on non-focused client com.android.internal.view.IInputMethodClient$Stub$Proxy@45d1e930 (uid=10114 pid=6054)
10-28 19:38:35.115  1235  2149 W InputManagerService: Starting input on non-focused client com.android.internal.view.IInputMethodClient$Stub$Proxy@45b873e8 (uid=10060 pid=3503)
10-28 19:39:13.209  1235  1243 V DeviceStorageMonitorService: freeMemory=6643621888
10-28 19:39:13.209  1235  1243 V DeviceStorageMonitorService: Threshold Percentage=10
10-28 19:39:13.209  1235  1243 V DeviceStorageMonitorService: mTotalMemory = 70264913
10-28 19:39:13.209  1235  1243 I DeviceStorageMonitorService: Posting Message again
10-28 19:39:30.154  1235  1243 I InputManagerService: received close system dialog event
10-28 19:39:30.162  1235  2089 I ActivityManager: Starting activity: Intent { act=android.speech.action.RECOGNIZE_SPEECH cmp=com.google.android.voicesearch/.IntentApiActivity (has extras) }
10-28 19:39:30.334  1235  1889 W InputManagerService: Starting input on non-focused client com.android.internal.view.IInputMethodClient$Stub$Proxy@45d1e930 (uid=10114 pid=6054)
10-28 19:39:33.826  1235  1235 I ActivityManager: Starting activity: Intent { cmp=com.snakefish.visms/.TextActivity (has extras) }
10-28 19:39:33.850  1235  1890 W InputManagerService: Starting input on non-focused client com.android.internal.view.IInputMethodClient$Stub$Proxy@45b873e8 (uid=10060 pid=3503)
10-28 19:39:43.365  1235  1243 I InputManagerService: received close system dialog event
10-28 19:39:43.381  1235  1490 I ActivityManager: Starting activity: Intent { act=android.speech.action.RECOGNIZE_SPEECH cmp=com.google.android.voicesearch/.IntentApiActivity (has extras) }
10-28 19:39:43.607  1235  1454 W InputManagerService: Starting input on non-focused client com.android.internal.view.IInputMethodClient$Stub$Proxy@45d1e930 (uid=10114 pid=6054)
10-28 19:39:46.498  1235  1490 W InputManagerService: Starting input on non-focused client com.android.internal.view.IInputMethodClient$Stub$Proxy@45b873e8 (uid=10060 pid=3503)
10-28 19:40:04.498  1235  1243 I InputManagerService: received close system dialog event
10-28 19:40:04.506  1235  1487 I ActivityManager: Starting activity: Intent { act=android.speech.action.RECOGNIZE_SPEECH cmp=com.google.android.voicesearch/.IntentApiActivity (has extras) }
10-28 19:40:04.662  1235  1488 W InputManagerService: Starting input on non-focused client com.android.internal.view.IInputMethodClient$Stub$Proxy@45d1e930 (uid=10114 pid=6054)
10-28 19:40:07.857  1235  1491 W InputManagerService: Starting input on non-focused client com.android.internal.view.IInputMethodClient$Stub$Proxy@45b873e8 (uid=10060 pid=3503)
10-28 19:40:13.217  1235  1243 V DeviceStorageMonitorService: freeMemory=6643621888
10-28 19:40:13.217  1235  1243 V DeviceStorageMonitorService: Threshold Percentage=10
10-28 19:40:13.217  1235  1243 V DeviceStorageMonitorService: mTotalMemory = 70264913
10-28 19:40:13.217  1235  1243 I DeviceStorageMonitorService: Posting Message again
10-28 19:40:22.842  1235  1243 I InputManagerService: received close system dialog event
10-28 19:40:22.850  1235  1344 I ActivityManager: Starting activity: Intent { act=android.speech.action.RECOGNIZE_SPEECH cmp=com.google.android.voicesearch/.IntentApiActivity (has extras) }
10-28 19:40:23.045  1235  1491 W InputManagerService: Starting input on non-focused client com.android.internal.view.IInputMethodClient$Stub$Proxy@45d1e930 (uid=10114 pid=6054)
10-28 19:40:26.810  1235  1488 W InputManagerService: Starting input on non-focused client com.android.internal.view.IInputMethodClient$Stub$Proxy@45b873e8 (uid=10060 pid=3503)
10-28 19:40:28.803  1235  1243 D StatusBarPolicy: handleBatteryUpdate
10-28 19:40:34.006  1235  1243 I InputManagerService: received close system dialog event
10-28 19:40:34.014  1235  1344 I ActivityManager: Starting activity: Intent { act=android.speech.action.RECOGNIZE_SPEECH cmp=com.google.android.voicesearch/.IntentApiActivity (has extras) }
10-28 19:40:34.185  1235  2089 W InputManagerService: Starting input on non-focused client com.android.internal.view.IInputMethodClient$Stub$Proxy@45d1e930 (uid=10114 pid=6054)
10-28 19:40:38.201  1235  1239 W InputManagerService: Starting input on non-focused client com.android.internal.view.IInputMethodClient$Stub$Proxy@45d1e930 (uid=10114 pid=6054)
10-28 19:40:38.209  1235  2033 W InputManagerService: Client not active, ignoring focus gain of: com.android.internal.view.IInputMethodClient$Stub$Proxy@45e6fc18
10-28 19:40:38.279  1235  1487 W InputManagerService: Starting input on non-focused client com.android.internal.view.IInputMethodClient$Stub$Proxy@45d1e930 (uid=10114 pid=6054)
10-28 19:40:38.326  1235  1488 W InputManagerService: Starting input on non-focused client com.android.internal.view.IInputMethodClient$Stub$Proxy@45b873e8 (uid=10060 pid=3503)
10-28 19:41:13.219  1235  1243 V DeviceStorageMonitorService: freeMemory=6643621888
10-28 19:41:13.219  1235  1243 V DeviceStorageMonitorService: Threshold Percentage=10
10-28 19:41:13.219  1235  1243 V DeviceStorageMonitorService: mTotalMemory = 70264913
10-28 19:41:13.219  1235  1243 I DeviceStorageMonitorService: Posting Message again
10-28 19:41:23.326  1235  1243 I InputManagerService: received close system dialog event
10-28 19:41:23.334  1235  1890 I ActivityManager: Starting activity: Intent { act=android.speech.action.RECOGNIZE_SPEECH cmp=com.google.android.voicesearch/.IntentApiActivity (has extras) }
10-28 19:41:23.482  1235  1492 W InputManagerService: Starting input on non-focused client com.android.internal.view.IInputMethodClient$Stub$Proxy@45d1e930 (uid=10114 pid=6054)
10-28 19:41:26.412  1235  1235 W InputManagerService: Starting input on non-focused client com.android.internal.view.IInputMethodClient$Stub$Proxy@45b873e8 (uid=10060 pid=3503)
10-28 19:42:01.506  1235  1344 I ActivityManager: Starting activity: Intent { flg=0x30000000 cmp=com.snakefish.visms/.IncomingMessage (has extras) }
10-28 19:42:06.459  1235  1243 I InputManagerService: received close system dialog event
10-28 19:42:06.467  1235  2149 I ActivityManager: Starting activity: Intent { act=android.speech.action.RECOGNIZE_SPEECH cmp=com.google.android.voicesearch/.IntentApiActivity (has extras) }
10-28 19:42:09.990  1235  1491 W InputManagerService: Starting input on non-focused client com.android.internal.view.IInputMethodClient$Stub$Proxy@45d1e930 (uid=10114 pid=6054)
10-28 19:42:09.990  1235  1235 W InputManagerService: Client not active, ignoring focus gain of: com.android.internal.view.IInputMethodClient$Stub$Proxy@45edb7a0
10-28 19:42:10.076  1235  1488 W InputManagerService: Starting input on non-focused client com.android.internal.view.IInputMethodClient$Stub$Proxy@45b873e8 (uid=10060 pid=3503)
10-28 19:42:10.092  1235  1344 W InputManagerService: Starting input on non-focused client com.android.internal.view.IInputMethodClient$Stub$Proxy@45d1e930 (uid=10114 pid=6054)
10-28 19:42:13.221  1235  1243 V DeviceStorageMonitorService: freeMemory=6643621888
10-28 19:42:13.221  1235  1243 V DeviceStorageMonitorService: Threshold Percentage=10
10-28 19:42:13.221  1235  1243 V DeviceStorageMonitorService: mTotalMemory = 70264913
10-28 19:42:13.221  1235  1243 I DeviceStorageMonitorService: Posting Message again
10-28 19:42:37.357  1235  2033 I ActivityManager: Starting activity: Intent { flg=0x30000000 cmp=com.snakefish.visms/.IncomingMessage (has extras) }
10-28 19:42:43.851  1235  1890 I ActivityManager: Starting activity: Intent { cmp=com.snakefish.visms/.MainChatWindow (has extras) }
10-28 19:43:13.217  1235  1243 V DeviceStorageMonitorService: freeMemory=6643621888
10-28 19:43:13.217  1235  1243 V DeviceStorageMonitorService: Threshold Percentage=10
10-28 19:43:13.217  1235  1243 V DeviceStorageMonitorService: mTotalMemory = 70264913
10-28 19:43:13.217  1235  1243 I DeviceStorageMonitorService: Posting Message again
10-28 19:43:55.240  1235  1344 I ActivityManager: Starting activity: Intent { act=android.intent.action.MAIN cat=[android.intent.category.LAUNCHER] flg=0x10200000 cmp=com.stumbleupon.android.app/.activities.WelcomeActivity }
10-28 19:43:55.350  1235  1235 I ActivityManager: Start proc com.stumbleupon.android.app for activity com.stumbleupon.android.app/.activities.WelcomeActivity: pid=7090 uid=10109 gids={3003, 1015}
10-28 19:43:55.803  1235  2089 I ActivityManager: Start proc com.stumbleupon.android.app:remote for service com.stumbleupon.android.app/.services.SURemoteService: pid=7098 uid=10109 gids={3003, 1015}
10-28 19:43:56.045  1235  1239 W InputManagerService: Starting input on non-focused client com.android.internal.view.IInputMethodClient$Stub$Proxy@45bac1d0 (uid=10005 pid=1340)
10-28 19:43:58.217  1235  2089 I ActivityManager: Process com.qo.android.moto:remote (pid 1989) has died.
10-28 19:44:04.850  1235  1347 I ActivityManager: Starting activity: Intent { act=android.intent.action.MAIN cat=[android.intent.category.LAUNCHER] flg=0x10200000 cmp=com.snakefish.visms/.ConversationsActivity }
10-28 19:44:05.178  1235  1347 W InputManagerService: Starting input on non-focused client com.android.internal.view.IInputMethodClient$Stub$Proxy@45bac1d0 (uid=10005 pid=1340)
10-28 19:44:13.226  1235  1243 V DeviceStorageMonitorService: freeMemory=6643621888
10-28 19:44:13.226  1235  1243 V DeviceStorageMonitorService: Threshold Percentage=10
10-28 19:44:13.226  1235  1243 V DeviceStorageMonitorService: mTotalMemory = 70264913
10-28 19:44:13.226  1235  1243 I DeviceStorageMonitorService: Posting Message again
10-28 19:44:27.014  1235  1243 I InputManagerService: received close system dialog event
10-28 19:44:27.029  1235  1487 I ActivityManager: Starting activity: Intent { act=android.speech.action.RECOGNIZE_SPEECH cmp=com.google.android.voicesearch/.IntentApiActivity (has extras) }
10-28 19:44:27.217  1235  1347 W InputManagerService: Starting input on non-focused client com.android.internal.view.IInputMethodClient$Stub$Proxy@45d1e930 (uid=10114 pid=6054)
10-28 19:44:29.154  1235  2089 W InputManagerService: Starting input on non-focused client com.android.internal.view.IInputMethodClient$Stub$Proxy@45b873e8 (uid=10060 pid=3503)
10-28 19:44:39.490  1235  1492 I ActivityManager: Starting activity: Intent { cmp=com.snakefish.visms/.OptionsList }
10-28 19:44:54.701  1235  1240 I ActivityManager: Starting activity: Intent { cmp=com.snakefish.visms/.MainChatWindow (has extras) }
10-28 19:44:58.732  1235  1890 I ActivityManager: Starting activity: Intent { act=android.intent.action.PICK dat=content://com.android.contacts/contacts cmp=com.motorola.blur.contacts/.picker.PickIdentityActivity }
10-28 19:45:02.904  1235  1239 W InputManagerService: Starting input on non-focused client com.android.internal.view.IInputMethodClient$Stub$Proxy@45bcc318 (uid=10005 pid=1512)
10-28 19:45:08.506  1235  1346 I ActivityManager: Starting activity: Intent { cmp=com.snakefish.visms/.TextActivity (has extras) }
10-28 19:45:13.227  1235  1243 V DeviceStorageMonitorService: freeMemory=6643621888
10-28 19:45:13.227  1235  1243 V DeviceStorageMonitorService: Threshold Percentage=10
10-28 19:45:13.227  1235  1243 V DeviceStorageMonitorService: mTotalMemory = 70264913
10-28 19:45:13.227  1235  1243 I DeviceStorageMonitorService: Posting Message again
10-28 19:46:13.228  1235  1243 V DeviceStorageMonitorService: freeMemory=6643621888
10-28 19:46:13.228  1235  1243 V DeviceStorageMonitorService: Threshold Percentage=10
10-28 19:46:13.228  1235  1243 V DeviceStorageMonitorService: mTotalMemory = 70264913
10-28 19:46:13.228  1235  1243 I DeviceStorageMonitorService: Posting Message again
10-28 19:47:13.228  1235  1243 V DeviceStorageMonitorService: freeMemory=6643621888
10-28 19:47:13.228  1235  1243 V DeviceStorageMonitorService: Threshold Percentage=10
10-28 19:47:13.228  1235  1243 V DeviceStorageMonitorService: mTotalMemory = 70264913
10-28 19:47:13.228  1235  1243 I DeviceStorageMonitorService: Posting Message again
10-28 19:48:13.233  1235  1243 V DeviceStorageMonitorService: freeMemory=6643621888
10-28 19:48:13.233  1235  1243 V DeviceStorageMonitorService: Threshold Percentage=10
10-28 19:48:13.233  1235  1243 V DeviceStorageMonitorService: mTotalMemory = 70264913
10-28 19:48:13.233  1235  1243 I DeviceStorageMonitorService: Posting Message again
10-28 19:49:13.234  1235  1243 V DeviceStorageMonitorService: freeMemory=6643621888
10-28 19:49:13.234  1235  1243 V DeviceStorageMonitorService: Threshold Percentage=10
10-28 19:49:13.234  1235  1243 V DeviceStorageMonitorService: mTotalMemory = 70264913
10-28 19:49:13.234  1235  1243 I DeviceStorageMonitorService: Posting Message again
10-28 19:49:36.318  1235  1235 W InputManagerService: Starting input on non-focused client com.android.internal.view.IInputMethodClient$Stub$Proxy@45d1e930 (uid=10114 pid=6054)
10-28 19:50:13.236  1235  1243 V DeviceStorageMonitorService: freeMemory=6643621888
10-28 19:50:13.236  1235  1243 V DeviceStorageMonitorService: Threshold Percentage=10
10-28 19:50:13.236  1235  1243 V DeviceStorageMonitorService: mTotalMemory = 70264913
10-28 19:50:13.236  1235  1243 I DeviceStorageMonitorService: Posting Message again
10-28 19:51:13.238  1235  1243 V DeviceStorageMonitorService: freeMemory=6643621888
10-28 19:51:13.238  1235  1243 V DeviceStorageMonitorService: Threshold Percentage=10
10-28 19:51:13.238  1235  1243 V DeviceStorageMonitorService: mTotalMemory = 70264913
10-28 19:51:13.238  1235  1243 I DeviceStorageMonitorService: Posting Message again
10-28 19:52:13.232  1235  1243 V DeviceStorageMonitorService: freeMemory=6643617792
10-28 19:52:13.232  1235  1243 V DeviceStorageMonitorService: Threshold Percentage=10
10-28 19:52:13.232  1235  1243 V DeviceStorageMonitorService: mTotalMemory = 70264913
10-28 19:52:13.232  1235  1243 I DeviceStorageMonitorService: Posting Message again
10-28 19:53:13.322  1235  1243 V DeviceStorageMonitorService: freeMemory=6643617792
10-28 19:53:13.322  1235  1243 V DeviceStorageMonitorService: Threshold Percentage=10
10-28 19:53:13.322  1235  1243 V DeviceStorageMonitorService: mTotalMemory = 70264913
10-28 19:53:13.322  1235  1243 I DeviceStorageMonitorService: Posting Message again
10-28 19:53:32.915  1235  2089 I ActivityManager: Starting activity: Intent { flg=0x30000000 cmp=com.snakefish.visms/.IncomingMessage (has extras) }
10-28 19:53:46.822  1235  1243 I InputManagerService: received close system dialog event
10-28 19:53:46.829  1235  2149 I ActivityManager: Starting activity: Intent { act=android.speech.action.RECOGNIZE_SPEECH cmp=com.google.android.voicesearch/.IntentApiActivity (has extras) }
10-28 19:53:47.361  1235  1346 I ActivityManager: Process com.dropbox.android (pid 5324) has died.
10-28 19:53:50.923  1235  2149 W InputManagerService: Starting input on non-focused client com.android.internal.view.IInputMethodClient$Stub$Proxy@45b873e8 (uid=10060 pid=3503)
10-28 19:54:11.947  1235  1243 I InputManagerService: received close system dialog event
10-28 19:54:11.954  1235  1491 I ActivityManager: Starting activity: Intent { act=android.speech.action.RECOGNIZE_SPEECH cmp=com.google.android.voicesearch/.IntentApiActivity (has extras) }
10-28 19:54:13.322  1235  1243 V DeviceStorageMonitorService: freeMemory=6643621888
10-28 19:54:13.322  1235  1243 V DeviceStorageMonitorService: Threshold Percentage=10
10-28 19:54:13.322  1235  1243 V DeviceStorageMonitorService: mTotalMemory = 70264913
10-28 19:54:13.322  1235  1243 I DeviceStorageMonitorService: Posting Message again
10-28 19:54:15.337  1235  1235 I ActivityManager: Starting activity: Intent { cmp=com.snakefish.visms/.TextActivity (has extras) }
10-28 19:54:15.361  1235  2089 W InputManagerService: Starting input on non-focused client com.android.internal.view.IInputMethodClient$Stub$Proxy@45b873e8 (uid=10060 pid=3503)
10-28 19:54:25.462  1235  1243 I InputManagerService: received close system dialog event
10-28 19:54:25.470  1235  1235 I ActivityManager: Starting activity: Intent { act=android.speech.action.RECOGNIZE_SPEECH cmp=com.google.android.voicesearch/.IntentApiActivity (has extras) }
10-28 19:54:25.673  1235  1239 W InputManagerService: Starting input on non-focused client com.android.internal.view.IInputMethodClient$Stub$Proxy@45d1e930 (uid=10114 pid=6054)
10-28 19:54:28.822  1235  1492 W InputManagerService: Starting input on non-focused client com.android.internal.view.IInputMethodClient$Stub$Proxy@45b873e8 (uid=10060 pid=3503)
10-28 19:54:33.954  1235  1243 I InputManagerService: received close system dialog event
10-28 19:54:33.962  1235  1889 I ActivityManager: Starting activity: Intent { act=android.speech.action.RECOGNIZE_SPEECH cmp=com.google.android.voicesearch/.IntentApiActivity (has extras) }
10-28 19:54:34.173  1235  1487 W InputManagerService: Starting input on non-focused client com.android.internal.view.IInputMethodClient$Stub$Proxy@45d1e930 (uid=10114 pid=6054)
10-28 19:54:36.743  1235  1488 W InputManagerService: Starting input on non-focused client com.android.internal.view.IInputMethodClient$Stub$Proxy@45b873e8 (uid=10060 pid=3503)
10-28 19:54:42.079  1235  1243 I InputManagerService: received close system dialog event
10-28 19:54:42.087  1235  1346 I ActivityManager: Starting activity: Intent { act=android.speech.action.RECOGNIZE_SPEECH cmp=com.google.android.voicesearch/.IntentApiActivity (has extras) }
10-28 19:54:42.439  1235  1890 W InputManagerService: Starting input on non-focused client com.android.internal.view.IInputMethodClient$Stub$Proxy@45d1e930 (uid=10114 pid=6054)
10-28 19:54:44.478  1235  1239 W InputManagerService: Starting input on non-focused client com.android.internal.view.IInputMethodClient$Stub$Proxy@45b873e8 (uid=10060 pid=3503)
10-28 19:54:45.423  1235  1243 I InputManagerService: received close system dialog event
10-28 19:54:45.431  1235  1491 I ActivityManager: Starting activity: Intent { act=android.speech.action.RECOGNIZE_SPEECH cmp=com.google.android.voicesearch/.IntentApiActivity (has extras) }
10-28 19:54:45.611  1235  1344 W InputManagerService: Starting input on non-focused client com.android.internal.view.IInputMethodClient$Stub$Proxy@45d1e930 (uid=10114 pid=6054)
10-28 19:54:49.533  1235  1889 W InputManagerService: Starting input on non-focused client com.android.internal.view.IInputMethodClient$Stub$Proxy@45d1e930 (uid=10114 pid=6054)
10-28 19:54:49.533  1235  1487 W InputManagerService: Client not active, ignoring focus gain of: com.android.internal.view.IInputMethodClient$Stub$Proxy@45c37e60
10-28 19:54:49.556  1235  1492 W InputManagerService: Starting input on non-focused client com.android.internal.view.IInputMethodClient$Stub$Proxy@45d1e930 (uid=10114 pid=6054)
10-28 19:54:49.595  1235  1239 W InputManagerService: Starting input on non-focused client com.android.internal.view.IInputMethodClient$Stub$Proxy@45b873e8 (uid=10060 pid=3503)
10-28 19:55:13.322  1235  1243 V DeviceStorageMonitorService: freeMemory=6643601408
10-28 19:55:13.322  1235  1243 V DeviceStorageMonitorService: Threshold Percentage=10
10-28 19:55:13.322  1235  1243 V DeviceStorageMonitorService: mTotalMemory = 70264913
10-28 19:55:13.322  1235  1243 I DeviceStorageMonitorService: Posting Message again
10-28 19:55:34.767  1235  1243 I InputManagerService: received close system dialog event
10-28 19:55:34.775  1235  1490 I ActivityManager: Starting activity: Intent { act=android.speech.action.RECOGNIZE_SPEECH cmp=com.google.android.voicesearch/.IntentApiActivity (has extras) }
10-28 19:55:38.837  1235  1889 W InputManagerService: Starting input on non-focused client com.android.internal.view.IInputMethodClient$Stub$Proxy@45b873e8 (uid=10060 pid=3503)
10-28 19:56:01.150  1235  1235 I ActivityManager: Starting activity: Intent { flg=0x30000000 cmp=com.snakefish.visms/.IncomingMessage (has extras) }
10-28 19:56:04.673  1235  1243 I InputManagerService: received close system dialog event
10-28 19:56:04.681  1235  2033 I ActivityManager: Starting activity: Intent { act=android.speech.action.RECOGNIZE_SPEECH cmp=com.google.android.voicesearch/.IntentApiActivity (has extras) }
10-28 19:56:09.056  1235  1492 W InputManagerService: Starting input on non-focused client com.android.internal.view.IInputMethodClient$Stub$Proxy@45b873e8 (uid=10060 pid=3503)
10-28 19:56:13.327  1235  1243 V DeviceStorageMonitorService: freeMemory=6643625984
10-28 19:56:13.327  1235  1243 V DeviceStorageMonitorService: Threshold Percentage=10
10-28 19:56:13.327  1235  1243 V DeviceStorageMonitorService: mTotalMemory = 70264913
10-28 19:56:13.327  1235  1243 I DeviceStorageMonitorService: Posting Message again
10-28 19:56:21.493  1235  1243 I InputManagerService: received close system dialog event
10-28 19:56:21.501  1235  1490 I ActivityManager: Starting activity: Intent { act=android.speech.action.RECOGNIZE_SPEECH cmp=com.google.android.voicesearch/.IntentApiActivity (has extras) }
10-28 19:56:25.244  1235  1235 W InputManagerService: Starting input on non-focused client com.android.internal.view.IInputMethodClient$Stub$Proxy@45d1e930 (uid=10114 pid=6054)
10-28 19:56:25.244  1235  1346 W InputManagerService: Client not active, ignoring focus gain of: com.android.internal.view.IInputMethodClient$Stub$Proxy@45cd2ea8
10-28 19:56:25.314  1235  2033 W InputManagerService: Starting input on non-focused client com.android.internal.view.IInputMethodClient$Stub$Proxy@45b873e8 (uid=10060 pid=3503)
10-28 19:56:25.314  1235  1492 W InputManagerService: Starting input on non-focused client com.android.internal.view.IInputMethodClient$Stub$Proxy@45d1e930 (uid=10114 pid=6054)
10-28 19:56:42.806  1235  1454 I ActivityManager: Starting activity: Intent { act=android.intent.action.MAIN cat=[android.intent.category.LAUNCHER] flg=0x10200000 cmp=com.snakefish.visms/.ConversationsActivity }
10-28 19:56:43.251  1235  1487 W InputManagerService: Starting input on non-focused client com.android.internal.view.IInputMethodClient$Stub$Proxy@45bac1d0 (uid=10005 pid=1340)
10-28 19:57:07.540  1235  2089 I ActivityManager: Starting activity: Intent { cmp=com.snakefish.visms/.OptionsList }
10-28 19:57:13.322  1235  1243 V DeviceStorageMonitorService: freeMemory=6643625984
10-28 19:57:13.329  1235  1243 V DeviceStorageMonitorService: Threshold Percentage=10
10-28 19:57:13.329  1235  1243 V DeviceStorageMonitorService: mTotalMemory = 70264913
10-28 19:57:13.329  1235  1243 I DeviceStorageMonitorService: Posting Message again
10-28 19:57:35.049  1235  1347 I ActivityManager: Starting activity: Intent { cmp=com.snakefish.visms/.MainChatWindow (has extras) }
10-28 19:57:37.978  1235  1346 I ActivityManager: Starting activity: Intent { act=android.intent.action.PICK dat=content://com.android.contacts/contacts cmp=com.motorola.blur.contacts/.picker.PickIdentityActivity }
10-28 19:57:44.892  1235  1490 W InputManagerService: Starting input on non-focused client com.android.internal.view.IInputMethodClient$Stub$Proxy@45bcc318 (uid=10005 pid=1512)
10-28 19:57:47.978  1235  1889 I ActivityManager: Starting activity: Intent { cmp=com.snakefish.visms/.TextActivity (has extras) }
10-28 19:58:11.611  1235  1243 I InputManagerService: received close system dialog event
10-28 19:58:11.642  1235  1260 I ActivityManager: Starting activity: Intent { act=android.intent.action.MAIN cat=[android.intent.category.HOME] flg=0x10200000 cmp=com.motorola.blur.home/.HomeActivity }
10-28 19:58:11.681  1235  1890 W InputManagerService: Starting input on non-focused client com.android.internal.view.IInputMethodClient$Stub$Proxy@45bac1d0 (uid=10005 pid=1340)
10-28 19:58:11.681  1235  1454 W InputManagerService: Ignoring hideSoftInput of: com.android.internal.view.IInputMethodClient$Stub$Proxy@45f23518
10-28 19:58:11.712  1235  1889 W InputManagerService: Starting input on non-focused client com.android.internal.view.IInputMethodClient$Stub$Proxy@45d1e930 (uid=10114 pid=6054)
10-28 19:58:13.330  1235  1243 V DeviceStorageMonitorService: freeMemory=6643625984
10-28 19:58:13.330  1235  1243 V DeviceStorageMonitorService: Threshold Percentage=10
10-28 19:58:13.330  1235  1243 V DeviceStorageMonitorService: mTotalMemory = 70264913
10-28 19:58:13.330  1235  1243 I DeviceStorageMonitorService: Posting Message again
10-28 19:58:24.579  1235  1347 I ActivityManager: Starting activity: Intent { flg=0x30000000 cmp=com.snakefish.visms/.IncomingMessage (has extras) }
10-28 19:58:42.548  1235  1454 W InputManagerService: Starting input on non-focused client com.android.internal.view.IInputMethodClient$Stub$Proxy@45d1e930 (uid=10114 pid=6054)
10-28 19:59:13.334  1235  1243 V DeviceStorageMonitorService: freeMemory=6643621888
10-28 19:59:13.334  1235  1243 V DeviceStorageMonitorService: Threshold Percentage=10
10-28 19:59:13.334  1235  1243 V DeviceStorageMonitorService: mTotalMemory = 70264913
10-28 19:59:13.334  1235  1243 I DeviceStorageMonitorService: Posting Message again
10-28 20:00:13.336  1235  1243 V DeviceStorageMonitorService: freeMemory=6643621888
